# B5 ablation: sequence trits MASKED. SKIP_TO_15, label-free.
# Build: MASK_PATTERN_ID=1 MASK_PATTERN_ID_INPUT=1 MASK_SEQUENCE_INPUT=1
# Board A rx=C6#3 B4:3A:45:8A:C8:24 /dev/ttyACM0 | Board B tx=C6#2 B4:3A:45:8A:C7:D4 /dev/ttyACM2
# Firmware: audit-remediated tree @ 05c821b, same session as b5_seq_on.log
# Captured 2026-09-02 19:02:16
W (206) spi_flash: Detected size(4096k) larger than the size in the binary image header(2048k). Using the size in the binary image header.

============================================================
  FREE-RUNNING SUB-CPU NEURAL NETWORK
  + LP CORE GEOMETRIC PROCESSOR
  GIE (441 Hz HW) → LP core (100 Hz, 16MHz RISC-V, ~30uA)
  Three-layer hierarchy: peripheral → geometric → CPU
============================================================

[INIT] GPIO 4-7...
[INIT] ETM clock...
[INIT] PARLIO TX (2-bit, 20MHz, loopback)...
[INIT] PCNT (2 units)...
[INIT] Timer...
[INIT] GDMA channel detection...
[GDMA] PARLIO owns CH0
[INIT] GDMA ISR (free-running mode)...
[GDMA ISR] OK — CH0 (source=69), LEVEL3
[INIT] LP core binary (16320 bytes)...
[INIT] LP core weights (after binary load)...
[INIT] LP seed: 0xCAFE1234
[LP] Geometric processor running (100 Hz, 16 MHz RISC-V)
[INIT] ESP-NOW receiver...
W (8378) wifi:ACK_TAB0   :0x   90a0b, QAM16:0x9 (24Mbps), QPSK:0xa (12Mbps), BPSK:0xb (6Mbps)
W (8378) wifi:CTS_TAB0   :0x   90a0b, QAM16:0x9 (24Mbps), QPSK:0xa (12Mbps), BPSK:0xb (6Mbps)
W (8379) wifi:(agc)0x600a7128:0xd2087800, min.avgNF:0xce->0xd2(dB), RCalCount:0x87, min.RRssi:0x800(-128.00)
W (8379) wifi:(TB)WDEV_PWR_TB_MCS0:19
W (8379) wifi:(TB)WDEV_PWR_TB_MCS1:19
W (8380) wifi:(TB)WDEV_PWR_TB_MCS2:19
W (8380) wifi:(TB)WDEV_PWR_TB_MCS3:19
W (8380) wifi:(TB)WDEV_PWR_TB_MCS4:19
W (8380) wifi:(TB)WDEV_PWR_TB_MCS5:19
W (8380) wifi:(TB)WDEV_PWR_TB_MCS6:18
W (8380) wifi:(TB)WDEV_PWR_TB_MCS7:18
W (8380) wifi:(TB)WDEV_PWR_TB_MCS8:17
W (8380) wifi:(TB)WDEV_PWR_TB_MCS9:15
W (8381) wifi:(TB)WDEV_PWR_TB_MCS10:15
W (8381) wifi:(TB)WDEV_PWR_TB_MCS11:15
[ESPNOW] Listening on channel 1 (no AP connection)
[INIT] Done.

[PRIME] Warming pipeline...
[PRIME] Done.

[SWEEP] SKIP_TO_15: running Test 11 (enrollment) + Test 15 only

-- TEST 11: Pattern Classification (Stream CfC) --
[DIAG] 500us: agree=256 disagree=294 out_sel4=47 out_sel5=48 in101=0x84 in103=0x86 gpio_in=0x6603a348 cpu_agree=21 loop=0
[DIAG] gdma: raw=0x1 st=0x0 ena=0x2 conf0=0x0 link=0x27448(park=0) peri=9
[DIAG] gdma2: fifo=0x61 state=0x2e7628(dscr_st=3 out_st=2) eof_addr=0x40827604
[DIAG] parlio: cfg=0x1a089b40(tx_start=1 bytelen=9936) st=0x80000000(tx_ready=1) int_raw=0x1(eof=0 rempty=1)
  Phase 0a: Observing input signatures (30s)...
  Observed: 234 packets, 233 encoded, 12872 GIE loops
  Per-pattern counts: P0=99 P1=24 P2=10 P3=100
  Phase 0b: Computing TriX signatures...
  sig[0]: [++++++++++------00000000--------...] nz=96/128 (from 99 samples, seq trits masked)
  sig[1]: [++++++++++------00000000++++++++...] nz=96/128 (from 24 samples, seq trits masked)
  sig[2]: [++++++++++------00000000+-+-+-+-...] nz=92/128 (from 10 samples, seq trits masked)
  sig[3]: [++++++++++------00000000+++++++-...] nz=93/128 (from 100 samples, seq trits masked)
  Signature pattern-ID trits [16..23]:
    sig[0][16..23]: 00000000
    sig[1][16..23]: 00000000
    sig[2][16..23]: 00000000
    sig[3][16..23]: 00000000
  Signature cross-dots:
    sig[0] vs: s0=96 s1=68 s2=22 s3=39 
    sig[1] vs: s0=68 s1=96 s2=28 s3=39 
    sig[2] vs: s0=22 s1=28 s2=92 s3=27 
    sig[3] vs: s0=39 s1=39 s2=27 s3=93 
  Ring drops: 0

  Phase 0c: Installing signatures as W_f gate weights...
  W_f weights set from signatures (8 neurons/pattern)
  Gate threshold: 2147483647 (Phase 3: blend DISABLED, all neurons HOLD)
  Neurons 0-7 → pattern 0
  Neurons 8-15 → pattern 1
  Neurons 16-23 → pattern 2
  Neurons 24-31 → pattern 3
  Gate selectivity: 0 fires / 64 steps = 0%

  GDMA offset calibration...
  GDMA offset mapping: G0→P0 G1→P1 G2→P2 G3→P3
  ISR groups:  [93, 71, 23, 36]
  CPU patterns: [93, 71, 23, 36]

  Phase 0d: TriX Cube face observation (15s)...
  TriX Cube face signatures:
    +x:recent: 81 samples [P0=2 P1=24 P2=11 P3=44]
    -x:prior: 79 samples [P0=13 P1=6 P2=43 P3=17]
    +y:stable: 28 samples [P0=0 P1=4 P2=3 P3=21]
    -y:transient: 17 samples [P0=2 P1=5 P2=3 P3=7]
    +z:confident: 0 samples [P0=0 P1=0 P2=0 P3=0]
    -z:uncertain: 44 samples [P0=0 P1=0 P2=0 P3=44]
  Face divergence from core (avg Hamming across patterns):
    +x:recent: 4 avg (4 patterns with data)
    -x:prior: 29 avg (4 patterns with data)
    +y:stable: 10 avg (3 patterns with data)
    -y:transient: 7 avg (4 patterns with data)
    +z:confident: 0 avg (0 patterns with data)
    -z:uncertain: 10 avg (1 patterns with data)
  Ring drops: 0

  Phase 1: TriX Cube ensemble (up to 32 samples, 60s)...
    s01: truth=0 core=0 isr=0 | cv=[10,0,0,0] iv=[10,0,0,0] xor=[2,14,96,2,-,96]
    s02: truth=0 core=0 isr=0 | cv=[10,1,0,0] iv=[10,1,0,0] xor=[1,14,87,2,-,96]
    s03: truth=0 core=0 isr=0 | cv=[10,0,0,0] iv=[10,0,0,0] xor=[2,0,96,2,-,96]
    s04: truth=0 core=0 isr=0 | cv=[10,0,0,0] iv=[10,0,0,0] xor=[0,0,19,0,-,19]
    s05: truth=0 core=0 isr=0 | cv=[10,0,0,0] iv=[10,0,0,0] xor=[0,0,0,0,-,0]
    s06: truth=1 core=1 isr=1 | cv=[1,6,0,0] iv=[1,6,0,0] xor=[0,28,0,6,-,80]
    s07: truth=1 core=1 isr=1 | cv=[0,4,0,0] iv=[0,4,0,0] xor=[0,33,1,7,-,96]
    s08: truth=1 core=1 isr=1 | cv=[0,6,0,0] iv=[0,6,0,0] xor=[1,33,1,7,-,96]
    s09: truth=1 core=1 isr=1 | cv=[0,3,0,0] iv=[0,3,0,0] xor=[1,33,1,7,-,96]
    s10: truth=1 core=1 isr=1 | cv=[0,6,0,0] iv=[0,6,0,0] xor=[1,33,1,7,-,96]
    s11: truth=2 core=2 isr=2 | cv=[0,0,2,0] iv=[0,0,2,0] xor=[4,39,5,5,-,-]
    s12: truth=2 core=2 isr=2 | cv=[0,1,2,0] iv=[0,1,2,0] xor=[3,26,3,5,-,93]
    s13: truth=2 core=2 isr=2 | cv=[0,0,2,0] iv=[0,0,2,0] xor=[3,39,5,4,-,92]
    s14: truth=2 core=2 isr=2 | cv=[0,0,2,0] iv=[0,0,2,0] xor=[3,39,6,4,-,93]
    s15: truth=2 core=2 isr=2 | cv=[0,0,1,0] iv=[0,0,1,0] xor=[3,39,6,4,-,93]
    s16: truth=3 core=0 isr=0 | cv=[5,1,0,0] iv=[6,3,0,1] xor=[0,0,0,0,-,16]
    s17: truth=0 core=0 isr=0 | cv=[10,1,0,0] iv=[10,1,0,0] xor=[0,0,0,0,-,8]
    s18: truth=0 core=0 isr=0 | cv=[10,0,0,0] iv=[10,0,0,0] xor=[0,0,0,0,-,0]
    s19: truth=0 core=0 isr=0 | cv=[10,0,0,0] iv=[10,0,0,0] xor=[0,0,0,0,-,0]
    s20: truth=0 core=0 isr=0 | cv=[10,0,0,0] iv=[10,0,0,0] xor=[0,0,0,0,-,0]
    s21: truth=0 core=0 isr=0 | cv=[9,1,0,0] iv=[9,1,0,0] xor=[0,0,0,0,-,9]
    s22: truth=1 core=1 isr=1 | cv=[0,6,0,0] iv=[0,6,0,0] xor=[1,0,0,0,-,32]
    s23: truth=1 core=1 isr=1 | cv=[0,5,0,0] iv=[0,5,0,0] xor=[0,0,0,0,-,0]
    s24: truth=1 core=1 isr=1 | cv=[0,4,0,0] iv=[0,4,0,0] xor=[0,0,0,0,-,0]
    s25: truth=1 core=1 isr=1 | cv=[0,6,0,0] iv=[0,6,0,0] xor=[0,0,0,0,-,0]
    s26: truth=1 core=1 isr=1 | cv=[0,3,0,0] iv=[0,3,0,0] xor=[0,0,0,0,-,0]
    s27: truth=2 core=2 isr=2 | cv=[0,1,2,0] iv=[0,1,2,0] xor=[2,26,4,2,-,62]
    s28: truth=2 core=2 isr=2 | cv=[0,0,2,0] iv=[0,0,2,0] xor=[3,39,6,4,-,93]
    s29: truth=2 core=2 isr=2 | cv=[0,0,2,0] iv=[0,0,2,0] xor=[3,39,6,4,-,93]
    s30: truth=2 core=2 isr=2 | cv=[0,0,2,0] iv=[0,0,2,0] xor=[3,39,6,4,-,93]
    s31: truth=0 core=0 isr=0 | cv=[11,0,0,0] iv=[11,0,0,0] xor=[0,0,0,0,-,0]
    s32: truth=0 core=0 isr=0 | cv=[10,0,0,0] iv=[10,0,0,0] xor=[0,0,0,0,-,0]

  ═══ CLASSIFICATION RESULTS (TriX Cube) ═══
  Window: 45191 ms
  GIE loops in window: 22188 (490 Hz) — classification mode,
    CfC blend disabled (gate_threshold = INT32_MAX)
  TriX classifications in window: 22188 (490 Hz, 100% of loops clean)
  Total GIE loops since start_freerun: 42518 (spans Phase 0a-0c too;
    not a rate denominator)
  Test samples: 32
  Ring drops: 0
  Core (CPU per-pkt vote):   31/32 = 96%
  ISR  (HW 430 Hz TriX):     31/32 = 96% (all samples)
  ISR  (windows w/ data):    31/32 = 96% (312 pkts clean, 0 pkts timeout)
  TriX channel signals:      29619 (seq=29619)
  Baseline (packet-rate):    28/32 = 87%

  ── Novelty Detection ──
  Novel packets: 104 / 312 (33%)
  Novel windows: 12

  ── Online Maintenance ──
  Core re-signs: 13
  Core drift (Hamming):
    sig[0]: 0/128 trits
    sig[1]: 0/128 trits
    sig[2]: 1/128 trits
    sig[3]: 0/128 trits

  ── XOR Masks (temporal displacement per face) ──
    Face              avg  | rssi patid payload timing
    +x:recent            0/128 |  0/16  0/8   0/64    0/40
    -x:prior             9/128 |  0/16  0/8   7/64    1/40
    +y:stable           15/128 |  2/16  0/8   9/64    2/40
    -y:transient         1/128 |  0/16  0/8   0/64    1/40
    +z:confident         -     | (no data)
    -z:uncertain        37/128 |  6/16  0/8  25/64    6/40
    ── Signal distribution ──
    RSSI:    13% of mask weight
    PatID:   0% of mask weight
    Payload: 66% of mask weight
    Timing:  19% of mask weight

  ── TriX Cube Geometry ──
    +x:recent: 289 samples, 3 avg hamming from core
    -x:prior: 287 samples, 17 avg hamming from core
    +y:stable: 236 samples, 8 avg hamming from core
    -y:transient: 225 samples, 5 avg hamming from core
    +z:confident: 0 samples, 0 avg hamming from core
    -z:uncertain: 252 samples, 25 avg hamming from core
  Gate firing: 0%

  Architecture:
  - TriX ISR: HW classifies at 430 Hz (CfC blend DISABLED — Phase 3)
  - 7-voxel TriX Cube: core + 6 temporal faces
  - Faces: recent, prior, stable, transient, confident, uncertain
  - Core classifies alone. Faces compute XOR masks (intervention sensors)
  - XOR mask = trit positions where face sig != core sig
  - Online maintenance + novelty detection
  - Gate threshold=2147483647, novelty=60
  OK

-- TEST 15: Hebbian LP Weight Learning --
   Design: 3-phase (A=60s, B=60s, C=60s) × 3 reps × 2 conditions
   Total: 540s per condition, 1080s overall

  ══ Control (CMD5 only) — Rep 1/3 ══

  ── Condition: Control (CMD5 only) ──
[DIAG] 500us: agree=1146 disagree=50 out_sel4=47 out_sel5=48 in101=0x84 in103=0x86 gpio_in=0x20039348 cpu_agree=20 loop=0
[DIAG] gdma: raw=0x1 st=0x0 ena=0x2 conf0=0x0 link=0x27448(park=0) peri=9
[DIAG] gdma2: fifo=0x61 state=0x2e7628(dscr_st=3 out_st=2) eof_addr=0x40827604
[DIAG] parlio: cfg=0x1a089b40(tx_start=1 bytelen=9936) st=0x80000000(tx_ready=1) int_raw=0x5(eof=1 rempty=1)
[LP] Geometric processor running (100 Hz, 16 MHz RISC-V)
    step 300 (44s): vdb=37 flips=0 p=0 gt=0
    Phase B: control (60s)... baseline=391 confirms, VDB=48
    step 600 (89s): vdb=64 flips=0 p=1 gt=1
    Phase C: measuring (60s)... flips=0 updates=0
    step 900 (139s): vdb=64 flips=0 p=0 gt=3
    Phase A (pre) divergence (/16):
         P0  P1  P2  P3
    P0:   0   1   2   2  (129)
    P1:   1   0   3   3  (72)
    P2:   2   3   0   0  (27)
    P3:   2   3   0   0  (162)
    Mean: 1.8
    Phase C (post) divergence (/16):
         P0  P1  P2  P3
    P0:   0   1   1   0  (153)
    P1:   1   0   0   1  (72)
    P2:   1   0   0   1  (28)
    P3:   0   1   1   0  (144)
    Mean: 0.7
    Confirms: 1176, Flips: 0, Updates: 0
    Rep 1: sign=0.7/16 mtfp=2.0/80 (6 pairs) flips=0

  ══ Control (CMD5 only) — Rep 2/3 ══

  ── Condition: Control (CMD5 only) ──
[DIAG] 500us: agree=702 disagree=429 out_sel4=47 out_sel5=48 in101=0x84 in103=0x86 gpio_in=0x1103a348 cpu_agree=34 loop=0
[DIAG] gdma: raw=0x1 st=0x0 ena=0x2 conf0=0x0 link=0x27448(park=0) peri=9
[DIAG] gdma2: fifo=0x50 state=0x2e7628(dscr_st=3 out_st=2) eof_addr=0x40827604
[DIAG] parlio: cfg=0x1a089b40(tx_start=1 bytelen=9936) st=0x80000000(tx_ready=1) int_raw=0x5(eof=1 rempty=1)
[LP] Geometric processor running (100 Hz, 16 MHz RISC-V)
    step 300 (44s): vdb=37 flips=0 p=3 gt=3
    Phase B: control (60s)... baseline=416 confirms, VDB=51
    step 600 (88s): vdb=64 flips=0 p=0 gt=3
    Phase C: measuring (60s)... flips=0 updates=0
    step 900 (132s): vdb=64 flips=0 p=0 gt=0
    step 1200 (176s): vdb=64 flips=0 p=0 gt=0
    Phase A (pre) divergence (/16):
         P0  P1  P2  P3
    P0:   0   1   1   0  (153)
    P1:   1   0   2   1  (72)
    P2:   1   2   0   1  (25)
    P3:   0   1   1   0  (165)
    Mean: 1.0
    Phase C (post) divergence (/16):
         P0  P1  P2  P3
    P0:   0   0   0   0  (153)
    P1:   0   0   0   0  (58)
    P2:   0   0   0   0  (27)
    P3:   0   0   0   0  (165)
    Mean: 0.0
    Confirms: 1228, Flips: 0, Updates: 0
    Rep 2: sign=0.0/16 mtfp=4.2/80 (6 pairs) flips=0

  ══ Control (CMD5 only) — Rep 3/3 ══

  ── Condition: Control (CMD5 only) ──
[DIAG] 500us: agree=1038 disagree=93 out_sel4=47 out_sel5=48 in101=0x84 in103=0x86 gpio_in=0x1103a348 cpu_agree=20 loop=0
[DIAG] gdma: raw=0x1 st=0x0 ena=0x2 conf0=0x0 link=0x27448(park=0) peri=9
[DIAG] gdma2: fifo=0x61 state=0x2e7628(dscr_st=3 out_st=2) eof_addr=0x40827604
[DIAG] parlio: cfg=0x1a089b40(tx_start=1 bytelen=9936) st=0x80000000(tx_ready=1) int_raw=0x5(eof=1 rempty=1)
[LP] Geometric processor running (100 Hz, 16 MHz RISC-V)
    step 300 (47s): vdb=37 flips=0 p=2 gt=2
    Phase B: control (60s)... baseline=404 confirms, VDB=50
    step 600 (93s): vdb=64 flips=0 p=0 gt=3
    Phase C: measuring (60s)... flips=0 updates=0
    step 900 (137s): vdb=64 flips=0 p=3 gt=3
    Phase A (pre) divergence (/16):
         P0  P1  P2  P3
    P0:   0   0   0   1  (146)
    P1:   0   0   0   1  (63)
    P2:   0   0   0   1  (29)
    P3:   1   1   1   0  (165)
    Mean: 0.5
    Phase C (post) divergence (/16):
         P0  P1  P2  P3
    P0:   0   0   0   0  (136)
    P1:   0   0   0   0  (72)
    P2:   0   0   0   0  (30)
    P3:   0   0   0   0  (155)
    Mean: 0.0
    Confirms: 1184, Flips: 0, Updates: 0
    Rep 3: sign=0.0/16 mtfp=0.0/80 (6 pairs) flips=0

  ══ Hebbian (CMD5+learn) — Rep 1/3 ══

  ── Condition: Hebbian (CMD5+learn) ──
[DIAG] 500us: agree=904 disagree=305 out_sel4=47 out_sel5=48 in101=0x84 in103=0x86 gpio_in=0x11039348 cpu_agree=20 loop=0
[DIAG] gdma: raw=0x1 st=0x0 ena=0x2 conf0=0x0 link=0x27448(park=0) peri=9
[DIAG] gdma2: fifo=0x61 state=0x2e7628(dscr_st=3 out_st=2) eof_addr=0x40827604
[DIAG] parlio: cfg=0x1a089b40(tx_start=1 bytelen=9936) st=0x80000000(tx_ready=1) int_raw=0x5(eof=1 rempty=1)
[LP] Geometric processor running (100 Hz, 16 MHz RISC-V)
    step 300 (44s): vdb=37 flips=0 p=0 gt=0
    Phase B: learning (60s)... baseline=388 confirms, VDB=48
    step 600 (88s): vdb=64 flips=8 p=0 gt=0
    Phase C: measuring (60s)... flips=10 updates=6
    step 900 (131s): vdb=64 flips=10 p=1 gt=1
    step 1200 (179s): vdb=64 flips=10 p=2 gt=2
    Phase A (pre) divergence (/16):
         P0  P1  P2  P3
    P0:   0   1   0   0  (153)
    P1:   1   0   1   1  (72)
    P2:   0   1   0   0  (24)
    P3:   0   1   0   0  (138)
    Mean: 0.5
    Phase C (post) divergence (/16):
         P0  P1  P2  P3
    P0:   0   0   0   0  (153)
    P1:   0   0   0   0  (72)
    P2:   0   0   0   0  (19)
    P3:   0   0   0   0  (165)
    Mean: 0.0
    Confirms: 1201, Flips: 10, Updates: 6
    Rep 1: sign=0.0/16 mtfp=13.2/80 (6 pairs) flips=10

  ══ Hebbian (CMD5+learn) — Rep 2/3 ══

  ── Condition: Hebbian (CMD5+learn) ──
[DIAG] 500us: agree=699 disagree=432 out_sel4=47 out_sel5=48 in101=0x84 in103=0x86 gpio_in=0x11039348 cpu_agree=21 loop=0
[DIAG] gdma: raw=0x1 st=0x0 ena=0x2 conf0=0x0 link=0x27448(park=0) peri=9
[DIAG] gdma2: fifo=0x50 state=0x2e7628(dscr_st=3 out_st=2) eof_addr=0x40827604
[DIAG] parlio: cfg=0x1a089b40(tx_start=1 bytelen=9936) st=0x80000000(tx_ready=1) int_raw=0x5(eof=1 rempty=1)
[LP] Geometric processor running (100 Hz, 16 MHz RISC-V)
    step 300 (46s): vdb=37 flips=0 p=0 gt=3
    Phase B: learning (60s)... baseline=415 confirms, VDB=51
    step 600 (90s): vdb=64 flips=29 p=3 gt=3
    Phase C: measuring (60s)... flips=52 updates=42
    step 900 (134s): vdb=64 flips=52 p=0 gt=0
    step 1200 (178s): vdb=64 flips=52 p=0 gt=0
    Phase A (pre) divergence (/16):
         P0  P1  P2  P3
    P0:   0   0   2   0  (153)
    P1:   0   0   2   0  (67)
    P2:   2   2   0   2  (29)
    P3:   0   0   2   0  (165)
    Mean: 1.0
    Phase C (post) divergence (/16):
         P0  P1  P2  P3
    P0:   0   0   0   0  (139)
    P1:   0   0   0   0  (66)
    P2:   0   0   0   0  (30)
    P3:   0   0   0   0  (165)
    Mean: 0.0
    Confirms: 1214, Flips: 52, Updates: 42
    Rep 2: sign=0.0/16 mtfp=2.0/80 (6 pairs) flips=52

  ══ Hebbian (CMD5+learn) — Rep 3/3 ══

  ── Condition: Hebbian (CMD5+learn) ──
[DIAG] 500us: agree=1154 disagree=55 out_sel4=47 out_sel5=48 in101=0x84 in103=0x86 gpio_in=0x1103a348 cpu_agree=20 loop=0
[DIAG] gdma: raw=0x1 st=0x0 ena=0x2 conf0=0x0 link=0x27448(park=0) peri=9
[DIAG] gdma2: fifo=0x61 state=0x2e7628(dscr_st=3 out_st=2) eof_addr=0x40827604
[DIAG] parlio: cfg=0x1a089b40(tx_start=1 bytelen=9936) st=0x80000000(tx_ready=1) int_raw=0x5(eof=1 rempty=1)
[LP] Geometric processor running (100 Hz, 16 MHz RISC-V)
    step 300 (44s): vdb=37 flips=0 p=1 gt=1
    Phase B: learning (60s)... baseline=389 confirms, VDB=48
    step 600 (92s): vdb=64 flips=31 p=1 gt=3
    Phase C: measuring (60s)... flips=31 updates=14
    step 900 (138s): vdb=64 flips=31 p=0 gt=3
    Phase A (pre) divergence (/16):
         P0  P1  P2  P3
    P0:   0   2   2   0  (126)
    P1:   2   0   2   2  (72)
    P2:   2   2   0   2  (25)
    P3:   0   2   2   0  (165)
    Mean: 1.7
    Phase C (post) divergence (/16):
         P0  P1  P2  P3
    P0:   0   0   0   0  (153)
    P1:   0   0   0   0  (72)
    P2:   0   0   0   0  (24)
    P3:   0   0   0   0  (138)
    Mean: 0.0
    Confirms: 1168, Flips: 31, Updates: 14
    Rep 3: sign=0.0/16 mtfp=6.5/80 (6 pairs) flips=31

  ══ TEST 15 COMPARISON (3 reps per condition) ══
  Control (CMD5 only)       sign: 0.2±0.4 /16  mtfp: 2.1±2.1 /80
                            (sign reps: 0.7 0.0 0.0)  (mtfp reps: 2.0 4.2 0.0)
  Hebbian (CMD5+learn)      sign: 0.0±0.0 /16  mtfp: 7.2±5.6 /80
                            (sign reps: 0.0 0.0 0.0)  (mtfp reps: 13.2 2.0 6.5)

  Sign contribution:  -0.2 ± 0.4 Hamming /16
  MTFP contribution:  +5.2 ± 6.0 Hamming /80

  ── Verdict ──
  Hebbian > Control (mean):  NO (-0.2)
  Exceeds noise (>1 std):    NO (-0.2 vs ±0.4)
  FAIL
============================================================
  RESULTS: 1 / 2 PASSED
============================================================

  SOME TESTS FAILED — see details above.

-- LP CHAR: LP Dynamics Characterization --
   (diagnostic — not counted in pass/fail)
  Rep 1/3:
    P1 step   0: fires=13 blend= 0 score=  0 vdb=1
    P1 step 100: fires=14 blend= 3 score= 29 vdb=5
    P1 step 200: fires=13 blend= 1 score= 29 vdb=9
    P1 step 300: fires=13 blend= 1 score= 29 vdb=13
    P1 step 400: fires=13 blend= 1 score= 29 vdb=17
    P1 done: vdb_nodes=20
    P2 step  0: fires=14 blend= 6 score= 13 applied=1
    P2 step  1: fires=14 blend= 6 score=  8 applied=1
    P2 step  2: fires=15 blend= 4 score= 10 applied=1
    P2 step  3: fires=13 blend= 4 score=  9 applied=1
    P2 step  4: fires=14 blend= 5 score=  9 applied=1
    P2 step  5: fires=14 blend= 5 score=  8 applied=1
    P2 step  6: fires=13 blend= 4 score=  9 applied=1
    P2 step  7: fires=14 blend= 5 score=  9 applied=1
    P2 step  8: fires=14 blend= 5 score=  8 applied=1
    P2 step  9: fires=13 blend= 4 score=  9 applied=1
    P2 step 10: fires=14 blend= 5 score=  9 applied=1
    P2 step 11: fires=14 blend= 5 score=  8 applied=1
    P2 step 12: fires=13 blend= 4 score=  9 applied=1
    P2 step 13: fires=14 blend= 5 score=  9 applied=1
    P2 step 14: fires=14 blend= 5 score=  8 applied=1
    P2 step 15: fires=13 blend= 4 score=  9 applied=1
    P2 step 16: fires=14 blend= 5 score=  9 applied=1
    P2 step 17: fires=14 blend= 5 score=  8 applied=1
    P2 step 18: fires=13 blend= 4 score=  9 applied=1
    P2 step 19: fires=14 blend= 5 score=  9 applied=1
    P2 step 20: fires=14 blend= 5 score=  8 applied=1
    P2 step 21: fires=13 blend= 4 score=  9 applied=1
    P2 step 22: fires=14 blend= 5 score=  9 applied=1
    P2 step 23: fires=14 blend= 5 score=  8 applied=1
    P2 step 24: fires=13 blend= 4 score=  9 applied=1
    P2 step 25: fires=14 blend= 5 score=  9 applied=1
    P2 step 26: fires=14 blend= 5 score=  8 applied=1
    P2 step 27: fires=13 blend= 4 score=  9 applied=1
    P2 step 28: fires=14 blend= 5 score=  9 applied=1
    P2 step 29: fires=14 blend= 5 score=  8 applied=1
    P2 step 30: fires=13 blend= 4 score=  9 applied=1
    P2 step 31: fires=14 blend= 5 score=  9 applied=1
    P2 step 32: fires=14 blend= 5 score=  8 applied=1
    P2 step 33: fires=13 blend= 4 score=  9 applied=1
    P2 step 34: fires=14 blend= 5 score=  9 applied=1
    P2 step 35: fires=14 blend= 5 score=  8 applied=1
    P2 step 36: fires=13 blend= 4 score=  9 applied=1
    P2 step 37: fires=14 blend= 5 score=  9 applied=1
    P2 step 38: fires=14 blend= 5 score=  8 applied=1
    P2 step 39: fires=13 blend= 4 score=  9 applied=1
    P2 step 40: fires=14 blend= 5 score=  9 applied=1
    P2 step 41: fires=14 blend= 5 score=  8 applied=1
    P2 step 42: fires=13 blend= 4 score=  9 applied=1
    P2 step 43: fires=14 blend= 5 score=  9 applied=1
    P2 step 44: fires=14 blend= 5 score=  8 applied=1
    P2 step 45: fires=13 blend= 4 score=  9 applied=1
    P2 step 46: fires=14 blend= 5 score=  9 applied=1
    P2 step 47: fires=14 blend= 5 score=  8 applied=1
    P2 step 48: fires=13 blend= 4 score=  9 applied=1
    P2 step 49: fires=14 blend= 5 score=  9 applied=1
    P2 step 50: fires=14 blend= 5 score=  8 applied=1
    P2 step 51: fires=13 blend= 4 score=  9 applied=1
    P2 step 52: fires=14 blend= 5 score=  9 applied=1
    P2 step 53: fires=14 blend= 5 score=  8 applied=1
    P2 step 54: fires=13 blend= 4 score=  9 applied=1
    P2 step 55: fires=14 blend= 5 score=  9 applied=1
    P2 step 56: fires=14 blend= 5 score=  8 applied=1
    P2 step 57: fires=13 blend= 4 score=  9 applied=1
    P2 step 58: fires=14 blend= 5 score=  9 applied=1
    P2 step 59: fires=14 blend= 5 score=  8 applied=1
    P2 step 60: fires=13 blend= 4 score=  9 applied=1
    P2 step 61: fires=14 blend= 5 score=  9 applied=1
    P2 step 62: fires=14 blend= 5 score=  8 applied=1
    P2 step 63: fires=13 blend= 4 score=  9 applied=1
    P2 step 64: fires=14 blend= 5 score=  9 applied=1
    P2 step 65: fires=14 blend= 5 score=  8 applied=1
    P2 step 66: fires=13 blend= 4 score=  9 applied=1
    P2 step 67: fires=14 blend= 5 score=  9 applied=1
    P2 step 68: fires=14 blend= 5 score=  8 applied=1
    P2 step 69: fires=13 blend= 4 score=  9 applied=1
    P2 step 70: fires=14 blend= 5 score=  9 applied=1
    P2 step 71: fires=14 blend= 5 score=  8 applied=1
    P2 step 72: fires=13 blend= 4 score=  9 applied=1
    P2 step 73: fires=14 blend= 5 score=  9 applied=1
    P2 step 74: fires=14 blend= 5 score=  8 applied=1
    P2 step 75: fires=13 blend= 4 score=  9 applied=1
    P2 step 76: fires=14 blend= 5 score=  9 applied=1
    P2 step 77: fires=14 blend= 5 score=  8 applied=1
    P2 step 78: fires=13 blend= 4 score=  9 applied=1
    P2 step 79: fires=14 blend= 5 score=  9 applied=1
    P2 step 80: fires=14 blend= 5 score=  8 applied=1
    P2 step 81: fires=13 blend= 4 score=  9 applied=1
    P2 step 82: fires=14 blend= 5 score=  9 applied=1
    P2 step 83: fires=14 blend= 5 score=  8 applied=1
    P2 step 84: fires=13 blend= 4 score=  9 applied=1
    P2 step 85: fires=14 blend= 5 score=  9 applied=1
    P2 step 86: fires=14 blend= 5 score=  8 applied=1
    P2 step 87: fires=13 blend= 4 score=  9 applied=1
    P2 step 88: fires=14 blend= 5 score=  9 applied=1
    P2 step 89: fires=14 blend= 5 score=  8 applied=1
    P2 step 90: fires=13 blend= 4 score=  9 applied=1
    P2 step 91: fires=14 blend= 5 score=  9 applied=1
    P2 step 92: fires=14 blend= 5 score=  8 applied=1
    P2 step 93: fires=13 blend= 4 score=  9 applied=1
    P2 step 94: fires=14 blend= 5 score=  9 applied=1
    P2 step 95: fires=14 blend= 5 score=  8 applied=1
    P2 step 96: fires=13 blend= 4 score=  9 applied=1
    P2 step 97: fires=14 blend= 5 score=  9 applied=1
    P2 step 98: fires=14 blend= 5 score=  8 applied=1
    P2 step 99: fires=13 blend= 4 score=  9 applied=1
    P1 mean: fires/step=13.2  blend/step=1.4  implied_alpha=0.087
    P2 mean: fires/step=13.7  blend/step=4.7  implied_alpha=0.292

  Rep 2/3:
    P1 step   0: fires=13 blend= 0 score=  0 vdb=1
    P1 step 100: fires=14 blend= 3 score= 29 vdb=5
    P1 step 200: fires=13 blend= 1 score= 29 vdb=9
    P1 step 300: fires=13 blend= 1 score= 29 vdb=13
    P1 step 400: fires=13 blend= 1 score= 29 vdb=17
    P1 done: vdb_nodes=20
    P2 step  0: fires=14 blend= 6 score= 13 applied=1
    P2 step  1: fires=14 blend= 6 score=  8 applied=1
    P2 step  2: fires=15 blend= 4 score= 10 applied=1
    P2 step  3: fires=13 blend= 4 score=  9 applied=1
    P2 step  4: fires=14 blend= 5 score=  9 applied=1
    P2 step  5: fires=14 blend= 5 score=  8 applied=1
    P2 step  6: fires=13 blend= 4 score=  9 applied=1
    P2 step  7: fires=14 blend= 5 score=  9 applied=1
    P2 step  8: fires=14 blend= 5 score=  8 applied=1
    P2 step  9: fires=13 blend= 4 score=  9 applied=1
    P2 step 10: fires=14 blend= 5 score=  9 applied=1
    P2 step 11: fires=14 blend= 5 score=  8 applied=1
    P2 step 12: fires=13 blend= 4 score=  9 applied=1
    P2 step 13: fires=14 blend= 5 score=  9 applied=1
    P2 step 14: fires=14 blend= 5 score=  8 applied=1
    P2 step 15: fires=13 blend= 4 score=  9 applied=1
    P2 step 16: fires=14 blend= 5 score=  9 applied=1
    P2 step 17: fires=14 blend= 5 score=  8 applied=1
    P2 step 18: fires=13 blend= 4 score=  9 applied=1
    P2 step 19: fires=14 blend= 5 score=  9 applied=1
    P2 step 20: fires=14 blend= 5 score=  8 applied=1
    P2 step 21: fires=13 blend= 4 score=  9 applied=1
    P2 step 22: fires=14 blend= 5 score=  9 applied=1
    P2 step 23: fires=14 blend= 5 score=  8 applied=1
    P2 step 24: fires=13 blend= 4 score=  9 applied=1
    P2 step 25: fires=14 blend= 5 score=  9 applied=1
    P2 step 26: fires=14 blend= 5 score=  8 applied=1
    P2 step 27: fires=13 blend= 4 score=  9 applied=1
    P2 step 28: fires=14 blend= 5 score=  9 applied=1
    P2 step 29: fires=14 blend= 5 score=  8 applied=1
    P2 step 30: fires=13 blend= 4 score=  9 applied=1
    P2 step 31: fires=14 blend= 5 score=  9 applied=1
    P2 step 32: fires=14 blend= 5 score=  8 applied=1
    P2 step 33: fires=13 blend= 4 score=  9 applied=1
    P2 step 34: fires=14 blend= 5 score=  9 applied=1
    P2 step 35: fires=14 blend= 5 score=  8 applied=1
    P2 step 36: fires=13 blend= 4 score=  9 applied=1
    P2 step 37: fires=14 blend= 5 score=  9 applied=1
    P2 step 38: fires=14 blend= 5 score=  8 applied=1
    P2 step 39: fires=13 blend= 4 score=  9 applied=1
    P2 step 40: fires=14 blend= 5 score=  9 applied=1
    P2 step 41: fires=14 blend= 5 score=  8 applied=1
    P2 step 42: fires=13 blend= 4 score=  9 applied=1
    P2 step 43: fires=14 blend= 5 score=  9 applied=1
    P2 step 44: fires=14 blend= 5 score=  8 applied=1
    P2 step 45: fires=13 blend= 4 score=  9 applied=1
    P2 step 46: fires=14 blend= 5 score=  9 applied=1
    P2 step 47: fires=14 blend= 5 score=  8 applied=1
    P2 step 48: fires=13 blend= 5 score=  9 applied=1
    P2 step 49: fires=14 blend= 5 score=  9 applied=1
    P2 step 50: fires=14 blend= 5 score=  8 applied=1
    P2 step 51: fires=13 blend= 4 score=  9 applied=1
    P2 step 52: fires=14 blend= 5 score=  9 applied=1
    P2 step 53: fires=14 blend= 5 score=  8 applied=1
    P2 step 54: fires=13 blend= 4 score=  9 applied=1
    P2 step 55: fires=14 blend= 5 score=  9 applied=1
    P2 step 56: fires=14 blend= 5 score=  8 applied=1
    P2 step 57: fires=13 blend= 4 score=  9 applied=1
    P2 step 58: fires=14 blend= 5 score=  9 applied=1
    P2 step 59: fires=14 blend= 5 score=  8 applied=1
    P2 step 60: fires=13 blend= 4 score=  9 applied=1
    P2 step 61: fires=14 blend= 5 score=  9 applied=1
    P2 step 62: fires=14 blend= 5 score=  8 applied=1
    P2 step 63: fires=13 blend= 4 score=  9 applied=1
    P2 step 64: fires=14 blend= 5 score=  9 applied=1
    P2 step 65: fires=14 blend= 5 score=  8 applied=1
    P2 step 66: fires=13 blend= 4 score=  9 applied=1
    P2 step 67: fires=14 blend= 5 score=  9 applied=1
    P2 step 68: fires=14 blend= 5 score=  8 applied=1
    P2 step 69: fires=13 blend= 4 score=  9 applied=1
    P2 step 70: fires=14 blend= 5 score=  9 applied=1
    P2 step 71: fires=14 blend= 5 score=  8 applied=1
    P2 step 72: fires=13 blend= 4 score=  9 applied=1
    P2 step 73: fires=14 blend= 5 score=  9 applied=1
    P2 step 74: fires=14 blend= 5 score=  8 applied=1
    P2 step 75: fires=13 blend= 4 score=  9 applied=1
    P2 step 76: fires=14 blend= 5 score=  9 applied=1
    P2 step 77: fires=14 blend= 5 score=  8 applied=1
    P2 step 78: fires=13 blend= 4 score=  9 applied=1
    P2 step 79: fires=14 blend= 5 score=  9 applied=1
    P2 step 80: fires=14 blend= 5 score=  8 applied=1
    P2 step 81: fires=13 blend= 4 score=  9 applied=1
    P2 step 82: fires=14 blend= 5 score=  9 applied=1
    P2 step 83: fires=14 blend= 5 score=  8 applied=1
    P2 step 84: fires=13 blend= 4 score=  9 applied=1
    P2 step 85: fires=14 blend= 5 score=  9 applied=1
    P2 step 86: fires=14 blend= 5 score=  8 applied=1
    P2 step 87: fires=13 blend= 4 score=  9 applied=1
    P2 step 88: fires=14 blend= 5 score=  9 applied=1
    P2 step 89: fires=14 blend= 5 score=  8 applied=1
    P2 step 90: fires=13 blend= 4 score=  9 applied=1
    P2 step 91: fires=14 blend= 5 score=  9 applied=1
    P2 step 92: fires=14 blend= 5 score=  8 applied=1
    P2 step 93: fires=13 blend= 4 score=  9 applied=1
    P2 step 94: fires=14 blend= 5 score=  9 applied=1
    P2 step 95: fires=14 blend= 5 score=  8 applied=1
    P2 step 96: fires=13 blend= 4 score=  9 applied=1
    P2 step 97: fires=14 blend= 5 score=  9 applied=1
    P2 step 98: fires=14 blend= 5 score=  8 applied=1
    P2 step 99: fires=13 blend= 4 score=  9 applied=1
    P1 mean: fires/step=13.2  blend/step=1.4  implied_alpha=0.087
    P2 mean: fires/step=13.7  blend/step=4.7  implied_alpha=0.293

  Rep 3/3:
    P1 step   0: fires=13 blend= 0 score=  0 vdb=1
    P1 step 100: fires=14 blend= 3 score= 29 vdb=5
    P1 step 200: fires=13 blend= 1 score= 29 vdb=9
    P1 step 300: fires=13 blend= 1 score= 29 vdb=13
    P1 step 400: fires=13 blend= 1 score= 29 vdb=17
    P1 done: vdb_nodes=20
    P2 step  0: fires=14 blend= 6 score= 13 applied=1
    P2 step  1: fires=14 blend= 6 score=  8 applied=1
    P2 step  2: fires=15 blend= 4 score= 10 applied=1
    P2 step  3: fires=13 blend= 4 score=  9 applied=1
    P2 step  4: fires=14 blend= 5 score=  9 applied=1
    P2 step  5: fires=14 blend= 5 score=  8 applied=1
    P2 step  6: fires=13 blend= 4 score=  9 applied=1
    P2 step  7: fires=14 blend= 5 score=  9 applied=1
    P2 step  8: fires=14 blend= 5 score=  8 applied=1
    P2 step  9: fires=13 blend= 4 score=  9 applied=1
    P2 step 10: fires=14 blend= 5 score=  9 applied=1
    P2 step 11: fires=14 blend= 5 score=  8 applied=1
    P2 step 12: fires=13 blend= 4 score=  9 applied=1
    P2 step 13: fires=14 blend= 5 score=  9 applied=1
    P2 step 14: fires=14 blend= 5 score=  8 applied=1
    P2 step 15: fires=13 blend= 4 score=  9 applied=1
    P2 step 16: fires=14 blend= 5 score=  9 applied=1
    P2 step 17: fires=14 blend= 5 score=  8 applied=1
    P2 step 18: fires=13 blend= 4 score=  9 applied=1
    P2 step 19: fires=14 blend= 5 score=  9 applied=1
    P2 step 20: fires=14 blend= 5 score=  8 applied=1
    P2 step 21: fires=13 blend= 4 score=  9 applied=1
    P2 step 22: fires=14 blend= 5 score=  9 applied=1
    P2 step 23: fires=14 blend= 5 score=  8 applied=1
    P2 step 24: fires=13 blend= 4 score=  9 applied=1
    P2 step 25: fires=14 blend= 5 score=  9 applied=1
    P2 step 26: fires=14 blend= 5 score=  8 applied=1
    P2 step 27: fires=13 blend= 4 score=  9 applied=1
    P2 step 28: fires=14 blend= 5 score=  9 applied=1
    P2 step 29: fires=14 blend= 5 score=  8 applied=1
    P2 step 30: fires=13 blend= 4 score=  9 applied=1
    P2 step 31: fires=14 blend= 5 score=  9 applied=1
    P2 step 32: fires=14 blend= 5 score=  8 applied=1
    P2 step 33: fires=13 blend= 4 score=  9 applied=1
    P2 step 34: fires=14 blend= 5 score=  9 applied=1
    P2 step 35: fires=14 blend= 5 score=  8 applied=1
    P2 step 36: fires=13 blend= 4 score=  9 applied=1
    P2 step 37: fires=14 blend= 5 score=  9 applied=1
    P2 step 38: fires=14 blend= 5 score=  8 applied=1
    P2 step 39: fires=13 blend= 4 score=  9 applied=1
    P2 step 40: fires=14 blend= 5 score=  9 applied=1
    P2 step 41: fires=14 blend= 5 score=  8 applied=1
    P2 step 42: fires=13 blend= 4 score=  9 applied=1
    P2 step 43: fires=14 blend= 5 score=  9 applied=1
    P2 step 44: fires=14 blend= 5 score=  8 applied=1
    P2 step 45: fires=13 blend= 4 score=  9 applied=1
    P2 step 46: fires=14 blend= 5 score=  9 applied=1
    P2 step 47: fires=14 blend= 5 score=  8 applied=1
    P2 step 48: fires=13 blend= 4 score=  9 applied=1
    P2 step 49: fires=14 blend= 5 score=  9 applied=1
    P2 step 50: fires=14 blend= 5 score=  8 applied=1
    P2 step 51: fires=13 blend= 4 score=  9 applied=1
    P2 step 52: fires=14 blend= 5 score=  9 applied=1
    P2 step 53: fires=14 blend= 5 score=  8 applied=1
    P2 step 54: fires=13 blend= 4 score=  9 applied=1
    P2 step 55: fires=14 blend= 5 score=  9 applied=1
    P2 step 56: fires=14 blend= 5 score=  8 applied=1
    P2 step 57: fires=13 blend= 4 score=  9 applied=1
    P2 step 58: fires=14 blend= 5 score=  9 applied=1
    P2 step 59: fires=14 blend= 5 score=  8 applied=1
    P2 step 60: fires=13 blend= 4 score=  9 applied=1
    P2 step 61: fires=14 blend= 5 score=  9 applied=1
    P2 step 62: fires=14 blend= 5 score=  8 applied=1
    P2 step 63: fires=13 blend= 4 score=  9 applied=1
    P2 step 64: fires=14 blend= 5 score=  9 applied=1
    P2 step 65: fires=14 blend= 5 score=  8 applied=1
    P2 step 66: fires=13 blend= 4 score=  9 applied=1
    P2 step 67: fires=14 blend= 5 score=  9 applied=1
    P2 step 68: fires=14 blend= 5 score=  8 applied=1
    P2 step 69: fires=13 blend= 4 score=  9 applied=1
    P2 step 70: fires=14 blend= 5 score=  9 applied=1
    P2 step 71: fires=14 blend= 5 score=  8 applied=1
    P2 step 72: fires=13 blend= 4 score=  9 applied=1
    P2 step 73: fires=14 blend= 5 score=  9 applied=1
    P2 step 74: fires=14 blend= 5 score=  8 applied=1
    P2 step 75: fires=13 blend= 4 score=  9 applied=1
    P2 step 76: fires=14 blend= 5 score=  9 applied=1
    P2 step 77: fires=14 blend= 5 score=  8 applied=1
    P2 step 78: fires=13 blend= 4 score=  9 applied=1
    P2 step 79: fires=14 blend= 5 score=  9 applied=1
    P2 step 80: fires=14 blend= 5 score=  8 applied=1
    P2 step 81: fires=13 blend= 4 score=  9 applied=1
    P2 step 82: fires=14 blend= 5 score=  9 applied=1
    P2 step 83: fires=14 blend= 5 score=  8 applied=1
    P2 step 84: fires=13 blend= 4 score=  9 applied=1
    P2 step 85: fires=14 blend= 5 score=  9 applied=1
    P2 step 86: fires=14 blend= 5 score=  8 applied=1
    P2 step 87: fires=13 blend= 4 score=  9 applied=1
    P2 step 88: fires=14 blend= 5 score=  9 applied=1
    P2 step 89: fires=14 blend= 5 score=  8 applied=1
    P2 step 90: fires=13 blend= 4 score=  9 applied=1
    P2 step 91: fires=14 blend= 5 score=  9 applied=1
    P2 step 92: fires=14 blend= 5 score=  8 applied=1
    P2 step 93: fires=13 blend= 4 score=  9 applied=1
    P2 step 94: fires=14 blend= 5 score=  9 applied=1
    P2 step 95: fires=14 blend= 5 score=  8 applied=1
    P2 step 96: fires=13 blend= 4 score=  9 applied=1
    P2 step 97: fires=14 blend= 5 score=  9 applied=1
    P2 step 98: fires=14 blend= 5 score=  8 applied=1
    P2 step 99: fires=13 blend= 4 score=  9 applied=1
    P1 mean: fires/step=13.2  blend/step=1.4  implied_alpha=0.087
    P2 mean: fires/step=13.7  blend/step=4.7  implied_alpha=0.292

  Switch window (rep 3, last 20 P1 → first 30 P2):
  step | fires | blend | score | appl | lp_hidden
  -----|-------|-------|-------|------|----------
   -20 |    13 |     1 |    29 |    1 | --++-+-0-00--++-
   -19 |    13 |     1 |    29 |    1 | --++-+-0-00--++-
   -18 |    13 |     1 |    29 |    1 | --++-+-0-00--++-
   -17 |    13 |     1 |    29 |    1 | --++-+-0-00--++-
   -16 |    13 |     1 |    29 |    1 | --++-+-0-00--++-
   -15 |    13 |     1 |    29 |    1 | --++-+-0-00--++-
   -14 |    13 |     1 |    29 |    1 | --++-+-0-00--++-
   -13 |    13 |     1 |    29 |    1 | --++-+-0-00--++-
   -12 |    13 |     1 |    29 |    1 | --++-+-0-00--++-
   -11 |    13 |     1 |    29 |    1 | --++-+-0-00--++-
   -10 |    13 |     1 |    29 |    1 | --++-+-0-00--++-
    -9 |    13 |     1 |    29 |    1 | --++-+-0-00--++-
    -8 |    13 |     1 |    29 |    1 | --++-+-0-00--++-
    -7 |    13 |     1 |    29 |    1 | --++-+-0-00--++-
    -6 |    13 |     1 |    29 |    1 | --++-+-0-00--++-
    -5 |    13 |     1 |    29 |    1 | --++-+-0-00--++-
    -4 |    13 |     1 |    29 |    1 | --++-+-0-00--++-
    -3 |    13 |     1 |    29 |    1 | --++-+-0-00--++-
    -2 |    13 |     1 |    29 |    1 | --++-+-0-00--++-
    -1 |    13 |     1 |    29 |    1 | --++-+-0-00--++-
    +0 |    14 |     6 |    13 |    1 | 00++-+-0-+--0+00
    +1 |    14 |     6 |     8 |    1 | 0-+0-+---+---++0
    +2 |    15 |     4 |    10 |    1 | 00++0+---+---++0
    +3 |    13 |     4 |     9 |    1 | 00++0+---+0--++0
    +4 |    14 |     5 |     9 |    1 | 00++0+---+---+00
    +5 |    14 |     5 |     8 |    1 | 00++0+---+---++0
    +6 |    13 |     4 |     9 |    1 | 00++0+---+0--++0
    +7 |    14 |     5 |     9 |    1 | 00++0+---+---+00
    +8 |    14 |     5 |     8 |    1 | 00++0+---+---++0
    +9 |    13 |     4 |     9 |    1 | 00++0+---+0--++0
   +10 |    14 |     5 |     9 |    1 | 00++0+---+---+00
   +11 |    14 |     5 |     8 |    1 | 00++0+---+---++0
   +12 |    13 |     4 |     9 |    1 | 00++0+---+0--++0
   +13 |    14 |     5 |     9 |    1 | 00++0+---+---+00
   +14 |    14 |     5 |     8 |    1 | 00++0+---+---++0
   +15 |    13 |     4 |     9 |    1 | 00++0+---+0--++0
   +16 |    14 |     5 |     9 |    1 | 00++0+---+---+00
   +17 |    14 |     5 |     8 |    1 | 00++0+---+---++0
   +18 |    13 |     4 |     9 |    1 | 00++0+---+0--++0
   +19 |    14 |     5 |     9 |    1 | 00++0+---+---+00
   +20 |    14 |     5 |     8 |    1 | 00++0+---+---++0
   +21 |    13 |     4 |     9 |    1 | 00++0+---+0--++0
   +22 |    14 |     5 |     9 |    1 | 00++0+---+---+00
   +23 |    14 |     5 |     8 |    1 | 00++0+---+---++0
   +24 |    13 |     4 |     9 |    1 | 00++0+---+0--++0
   +25 |    14 |     5 |     9 |    1 | 00++0+---+---+00
   +26 |    14 |     5 |     8 |    1 | 00++0+---+---++0
   +27 |    13 |     4 |     9 |    1 | 00++0+---+0--++0
   +28 |    14 |     5 |     9 |    1 | 00++0+---+---+00
   +29 |    14 |     5 |     8 |    1 | 00++0+---+---++0

  SUMMARY (3 reps, P1=500 steps, P2=100 steps):
  P1 steady: fires/step=13.2  blend/step=1.4  implied_alpha=0.087
  P2 phase:  fires/step=13.7  blend/step=4.7  implied_alpha=0.293
  REGIME: Path A dominant (CfC fires > 2/step)
  Sim calibration: LP_SIM_THRESHOLD should match Path A threshold; BLEND_ALPHA = 0.087


── LP DOT MAGNITUDE DIAGNOSTIC ──
  (CPU reference, not LP core)

  LP f-pathway dots (per neuron, 4 patterns):
        n00 n01 n02 n03 n04 n05 n06 n07 n08 n09 n10 n11 n12 n13 n14 n15
  P0:   -5  +0  -1  -2  +4 +12  +0  -1  -6  +0  -3  -1  +5  +2  -3  +2
  P1:   +3  -4  -1  +6  +8  +8  +6  -3 -12  +4  +3  +3  +1  -6  -1  -2
  P2:   -3  -2  +1  +2  +4  +8  +4  -1  -8  +4  +1  -1  +3  -6  +1  +0
  P3:   +1  -4  -1  +6  +6  +6  +6  -3 -10  +2  +1  +1  +1  -6  +1  -4

  LP f-pathway SIGNS:
         n00  n01  n02  n03  n04  n05  n06  n07  n08  n09  n10  n11  n12  n13  n14  n15
  P0:    -    0    -    -    +    +    0    -    -    0    -    -    +    +    -    + 
  P1:    +    -    -    +    +    +    +    -    -    +    +    +    +    -    -    - 
  P2:    -    -    +    +    +    +    +    -    -    +    +    -    +    -    +    0 
  P3:    +    -    -    +    +    +    +    -    -    +    +    +    +    -    +    - 

  P1 vs P2 comparison (f-pathway):
    n00: P1= +3 P2= -3  sign=DIFF  |mag_diff|=0
    n01: P1= -4 P2= -2  sign=SAME  |mag_diff|=2
    n02: P1= -1 P2= +1  sign=DIFF  |mag_diff|=0
    n03: P1= +6 P2= +2  sign=SAME  |mag_diff|=4
    n04: P1= +8 P2= +4  sign=SAME  |mag_diff|=4
    n05: P1= +8 P2= +8  sign=SAME  |mag_diff|=0
    n06: P1= +6 P2= +4  sign=SAME  |mag_diff|=2
    n07: P1= -3 P2= -1  sign=SAME  |mag_diff|=2
    n08: P1=-12 P2= -8  sign=SAME  |mag_diff|=4
    n09: P1= +4 P2= +4  sign=SAME  |mag_diff|=0
    n10: P1= +3 P2= +1  sign=SAME  |mag_diff|=2
    n11: P1= +3 P2= -1  sign=DIFF  |mag_diff|=2
    n12: P1= +1 P2= +3  sign=SAME  |mag_diff|=2
    n13: P1= -6 P2= -6  sign=SAME  |mag_diff|=0
    n14: P1= -1 P2= +1  sign=DIFF  |mag_diff|=0
    n15: P1= -2 P2= +0  sign=DIFF  |mag_diff|=2
  Signs: 11 same, 5 different
  Mean |magnitude difference|: 1.6
  If signs are mostly SAME but magnitudes differ:
    → 5-trit MTFP per neuron would resolve the degeneracy
  If signs AND magnitudes are similar:
    → need more projection directions (wider LP)

