# FABRIC MULTIPLY — free-running engine, Test 3 exact-match verification.
# Build: FABRIC_MUL=1. 4-bit PARLIO, BOTH operands streamed, PCNT multiplies.
# Buffers hold OPERANDS not products. ISR performs ZERO tmul() calls.
# PCNT settle drain = 100 (half of the 2-bit value; byte = 2 clocks not 4).
# Bar: 'Dot errors: 0 / 64' — the project's M5/M8 standard.
# Captured 2026-09-02 23:33:00
I (204) boot: Loaded app from partition at offset 0x10000
I (204) boot: Disabling RNG early entropy source...
W (214) spi_flash: Detected size(4096k) larger than the size in the binary image header(2048k). Using the size in the binary image header.

============================================================
  FREE-RUNNING SUB-CPU NEURAL NETWORK
  + LP CORE GEOMETRIC PROCESSOR
  GIE (441 Hz HW) → LP core (100 Hz, 16MHz RISC-V, ~30uA)
  Three-layer hierarchy: peripheral → geometric → CPU
============================================================

[INIT] GPIO 4-7...
[INIT] ETM clock...
[INIT] PARLIO TX (2-bit, 20MHz, loopback)...
[INIT] PCNT (2 units)...
[INIT] Timer...
[INIT] GDMA channel detection...
[GDMA] PARLIO owns CH0
[INIT] GDMA ISR (free-running mode)...
[GDMA ISR] OK — CH0 (source=69), LEVEL3
[INIT] LP core binary (16320 bytes)...
[INIT] LP core weights (after binary load)...
[INIT] LP seed: 0xCAFE1234
[LP] Geometric processor running (100 Hz, 16 MHz RISC-V)
[INIT] ESP-NOW receiver...
W (8386) wifi:ACK_TAB0   :0x   90a0b, QAM16:0x9 (24Mbps), QPSK:0xa (12Mbps), BPSK:0xb (6Mbps)
W (8387) wifi:CTS_TAB0   :0x   90a0b, QAM16:0x9 (24Mbps), QPSK:0xa (12Mbps), BPSK:0xb (6Mbps)
W (8387) wifi:(agc)0x600a7128:0xd2093800, min.avgNF:0xce->0xd2(dB), RCalCount:0x93, min.RRssi:0x800(-128.00)
W (8388) wifi:(TB)WDEV_PWR_TB_MCS0:19
W (8388) wifi:(TB)WDEV_PWR_TB_MCS1:19
W (8388) wifi:(TB)WDEV_PWR_TB_MCS2:19
W (8388) wifi:(TB)WDEV_PWR_TB_MCS3:19
W (8388) wifi:(TB)WDEV_PWR_TB_MCS4:19
W (8388) wifi:(TB)WDEV_PWR_TB_MCS5:19
W (8388) wifi:(TB)WDEV_PWR_TB_MCS6:18
W (8389) wifi:(TB)WDEV_PWR_TB_MCS7:18
W (8389) wifi:(TB)WDEV_PWR_TB_MCS8:17
W (8389) wifi:(TB)WDEV_PWR_TB_MCS9:15
W (8389) wifi:(TB)WDEV_PWR_TB_MCS10:15
W (8389) wifi:(TB)WDEV_PWR_TB_MCS11:15
[ESPNOW] Listening on channel 1 (no AP connection)
[INIT] Done.

[PRIME] Warming pipeline...
[PRIME] Done.

-- TEST 1: Free-running loop count --
[DIAG] 500us: agree=256 disagree=291 out_sel4=47 out_sel5=48 in101=0x84 in103=0x86 gpio_in=0x3403a308 cpu_agree=13 loop=0
[DIAG] gdma: raw=0x1 st=0x0 ena=0x2 conf0=0x0 link=0x272e8(park=0) peri=9
[DIAG] gdma2: fifo=0x61 state=0x2e74b0(dscr_st=3 out_st=2) eof_addr=0x4082748c
[DIAG] parlio: cfg=0x12093680(tx_start=1 bytelen=19872) st=0x80000000(tx_ready=1) int_raw=0x1(eof=0 rempty=1)
  Loops completed: 449 in 1.003 s
  Frequency: 447.8 Hz
  Period: 2233.1 us per loop
  PCNT drain sweep (exact dots / 64):
[DIAG] 500us: agree=343 disagree=386 out_sel4=47 out_sel5=48 in101=0x84 in103=0x86 gpio_in=0x11039308 cpu_agree=13 loop=0
[DIAG] gdma: raw=0x1 st=0x0 ena=0x2 conf0=0x0 link=0x272e8(park=0) peri=9
[DIAG] gdma2: fifo=0x61 state=0x2e74b0(dscr_st=3 out_st=2) eof_addr=0x4082748c
[DIAG] parlio: cfg=0x12093680(tx_start=1 bytelen=19872) st=0x80000000(tx_ready=1) int_raw=0x5(eof=1 rempty=1)
    drain= 40 base=4 : 64/64 exact, 64/64 sign
[DIAG] 500us: agree=343 disagree=386 out_sel4=47 out_sel5=48 in101=0x84 in103=0x86 gpio_in=0x1103a308 cpu_agree=19 loop=0
[DIAG] gdma: raw=0x1 st=0x0 ena=0x2 conf0=0x0 link=0x272e8(park=0) peri=9
[DIAG] gdma2: fifo=0x50 state=0x2e74b0(dscr_st=3 out_st=2) eof_addr=0x4082748c
[DIAG] parlio: cfg=0x12093680(tx_start=1 bytelen=19872) st=0x80000000(tx_ready=1) int_raw=0x5(eof=1 rempty=1)
    drain= 60 base=4 : 64/64 exact, 64/64 sign
[DIAG] 500us: agree=343 disagree=386 out_sel4=47 out_sel5=48 in101=0x84 in103=0x86 gpio_in=0x1103a308 cpu_agree=20 loop=0
[DIAG] gdma: raw=0x1 st=0x0 ena=0x2 conf0=0x0 link=0x272e8(park=0) peri=9
[DIAG] gdma2: fifo=0x61 state=0x2e74b0(dscr_st=3 out_st=2) eof_addr=0x4082748c
[DIAG] parlio: cfg=0x12093680(tx_start=1 bytelen=19872) st=0x80000000(tx_ready=1) int_raw=0x5(eof=1 rempty=1)
    drain= 80 base=4 : 64/64 exact, 64/64 sign
[DIAG] 500us: agree=343 disagree=386 out_sel4=47 out_sel5=48 in101=0x84 in103=0x86 gpio_in=0x1103a318 cpu_agree=16 loop=0
[DIAG] gdma: raw=0x1 st=0x0 ena=0x2 conf0=0x0 link=0x272e8(park=0) peri=9
[DIAG] gdma2: fifo=0x61 state=0x2e74b0(dscr_st=3 out_st=2) eof_addr=0x4082748c
[DIAG] parlio: cfg=0x12093680(tx_start=1 bytelen=19872) st=0x80000000(tx_ready=1) int_raw=0x5(eof=1 rempty=1)
    drain=100 base=4 : 64/64 exact, 64/64 sign
[DIAG] 500us: agree=343 disagree=386 out_sel4=47 out_sel5=48 in101=0x84 in103=0x86 gpio_in=0x1103a308 cpu_agree=16 loop=0
[DIAG] gdma: raw=0x1 st=0x0 ena=0x2 conf0=0x0 link=0x272e8(park=0) peri=9
[DIAG] gdma2: fifo=0x61 state=0x2e74b0(dscr_st=3 out_st=2) eof_addr=0x4082748c
[DIAG] parlio: cfg=0x12093680(tx_start=1 bytelen=19872) st=0x80000000(tx_ready=1) int_raw=0x5(eof=1 rempty=1)
    drain=130 base=4 : 64/64 exact, 64/64 sign
[DIAG] 500us: agree=343 disagree=386 out_sel4=47 out_sel5=48 in101=0x84 in103=0x86 gpio_in=0x1103a308 cpu_agree=18 loop=0
[DIAG] gdma: raw=0x1 st=0x0 ena=0x2 conf0=0x0 link=0x272e8(park=0) peri=9
[DIAG] gdma2: fifo=0x50 state=0x2e74b0(dscr_st=3 out_st=2) eof_addr=0x4082748c
[DIAG] parlio: cfg=0x12093680(tx_start=1 bytelen=19872) st=0x80000000(tx_ready=1) int_raw=0x5(eof=1 rempty=1)
    drain=160 base=4 : 64/64 exact, 64/64 sign
[DIAG] 500us: agree=343 disagree=387 out_sel4=47 out_sel5=48 in101=0x84 in103=0x86 gpio_in=0x1103a318 cpu_agree=20 loop=0
[DIAG] gdma: raw=0x1 st=0x0 ena=0x2 conf0=0x0 link=0x272e8(park=0) peri=9
[DIAG] gdma2: fifo=0x61 state=0x2e74b0(dscr_st=3 out_st=2) eof_addr=0x4082748c
[DIAG] parlio: cfg=0x12093680(tx_start=1 bytelen=19872) st=0x80000000(tx_ready=1) int_raw=0x5(eof=1 rempty=1)
    drain=200 base=3 :  2/64 exact, 27/64 sign
[DIAG] 500us: agree=333 disagree=369 out_sel4=47 out_sel5=48 in101=0x84 in103=0x86 gpio_in=0x1103a318 cpu_agree=18 loop=0
[DIAG] gdma: raw=0x1 st=0x0 ena=0x2 conf0=0x0 link=0x272e8(park=0) peri=9
[DIAG] gdma2: fifo=0x50 state=0x2e74b0(dscr_st=3 out_st=2) eof_addr=0x4082748c
[DIAG] parlio: cfg=0x12093680(tx_start=1 bytelen=19872) st=0x80000000(tx_ready=1) int_raw=0x5(eof=1 rempty=1)
    drain=260 base=3 :  4/64 exact, 34/64 sign
    (restored drain=100)
  OK

-- TEST 2: Hidden state evolves autonomously --
[DIAG] 500us: agree=217 disagree=219 out_sel4=47 out_sel5=48 in101=0x84 in103=0x86 gpio_in=0x1103a388 cpu_agree=11 loop=0
[DIAG] gdma: raw=0x1 st=0x0 ena=0x2 conf0=0x0 link=0x272e8(park=0) peri=9
[DIAG] gdma2: fifo=0x61 state=0x2e74b0(dscr_st=3 out_st=2) eof_addr=0x4082748c
[DIAG] parlio: cfg=0x12093680(tx_start=1 bytelen=19872) st=0x80000000(tx_ready=1) int_raw=0x5(eof=1 rempty=1)
  snap 0 (loop 22): energy=32
  snap 1 (loop 45): delta=12 energy=26
  snap 2 (loop 67): delta=11 energy=28
  snap 3 (loop 90): delta=15 energy=30
  snap 4 (loop 112): delta=11 energy=29
  snap 5 (loop 135): delta=15 energy=29
  snap 6 (loop 157): delta=12 energy=32
  snap 7 (loop 179): delta=9 energy=29
  final h: [-+-----++0++++++-00+-+-+---+-++-]
  Total loops: 179
  OK

-- TEST 3: Per-neuron dot accuracy (single loop) --
[DIAG] 500us: agree=254 disagree=288 out_sel4=47 out_sel5=48 in101=0x84 in103=0x86 gpio_in=0x1103a308 cpu_agree=16 loop=0
[DIAG] gdma: raw=0x1 st=0x0 ena=0x2 conf0=0x0 link=0x272e8(park=0) peri=9
[DIAG] gdma2: fifo=0x61 state=0x2e74b0(dscr_st=3 out_st=2) eof_addr=0x4082748c
[DIAG] parlio: cfg=0x12093680(tx_start=1 bytelen=19872) st=0x80000000(tx_ready=1) int_raw=0x5(eof=1 rempty=1)
  After warmup: 3 loops, base=4, cnt=69
  Snapshot at loop 4 (base=4, cnt=69)
  Raw captures [0..11]:
    idx  agree  disagree  d_agree  d_disagree
    [0]      0      0        +0       +0 (dummy)
    [1]      0      0        +0       +0 (dummy)
    [2]      0      0        +0       +0 (dummy)
    [3]      0      0        +0       +0 (dummy)
    [4]      0      0        +0       +0 (dummy)
    [5]     22     32       +22      +32 (neuron 0)
    [6]     57     58       +35      +26
    [7]     84     83       +27      +25
    [8]    111    112       +27      +29
    [9]    143    138       +32      +26
    [10]    170    174       +27      +36
    [11]    200    201       +30      +27

  Dot errors: 0 / 64
  Sign errors: 0 / 64
  GIE dots[0..7]: -10 9 2 -2 6 -9 3 -22
  CPU dots[0..7]: -10 9 2 -2 6 -9 3 -22
  Sign match with offset 0: 64 / 64
  Sign match with offset 1: 28 / 63
  Sign match with offset 2: 29 / 62
  Sign match with offset 3: 29 / 61
  Sign match with offset 4: 23 / 60
  OK

-- TEST 4: LP Core Geometric Processor --
[DIAG] 500us: agree=254 disagree=288 out_sel4=47 out_sel5=48 in101=0x84 in103=0x86 gpio_in=0x11039308 cpu_agree=16 loop=0
[DIAG] gdma: raw=0x1 st=0x0 ena=0x2 conf0=0x0 link=0x272e8(park=0) peri=9
[DIAG] gdma2: fifo=0x61 state=0x2e74b0(dscr_st=3 out_st=2) eof_addr=0x4082748c
[DIAG] parlio: cfg=0x12093680(tx_start=1 bytelen=19872) st=0x80000000(tx_ready=1) int_raw=0x5(eof=1 rempty=1)
  Phase 1: GIE + LP core integration (300ms)...
  4a: LP running: YES (steps=27)
  4c: LP hidden energy: 13/16
  LP hidden: [-++-0-+--0+0-+++]
  LP decision: 1

  Phase 2: Deterministic single-step verification...
[DIAG] 500us: agree=254 disagree=288 out_sel4=47 out_sel5=48 in101=0x84 in103=0x86 gpio_in=0x1103a318 cpu_agree=12 loop=0
[DIAG] gdma: raw=0x1 st=0x0 ena=0x2 conf0=0x0 link=0x272e8(park=0) peri=9
[DIAG] gdma2: fifo=0x61 state=0x2e74b0(dscr_st=3 out_st=2) eof_addr=0x4082748c
[DIAG] parlio: cfg=0x12093680(tx_start=1 bytelen=19872) st=0x80000000(tx_ready=1) int_raw=0x5(eof=1 rempty=1)
  Known GIE hidden energy: 32/32
  Known GIE hidden: [+-+--+-+---+-+--+++------+-+-+++]
  LP steps: 28 → 29 (delta=1)
  4b: f-dots exact: 16/16, g-dots exact: 16/16
  4b: f-dots sign:  15/15, g-dots sign:  13/13
  LP  f-dots: -1 3 7 5 -2 3 4 4 0 5 2 -1 1 -3 6 -7 
  CPU f-dots: -1 3 7 5 -2 3 4 4 0 5 2 -1 1 -3 6 -7 
  LP  g-dots: 0 2 5 -2 -1 -3 2 -4 3 0 1 -1 0 -3 4 -5 
  CPU g-dots: 0 2 5 -2 -1 -3 2 -4 3 0 1 -1 0 -3 4 -5 
  OK

-- TEST 5: Ternary VDB — NSW Graph (M=7), 64 Nodes --
  5a: Inserting 64 nodes (graph-aware, cmd=3)...
  5a: Inserted 64 nodes — OK

  5b: Self-match recall@1 (64 queries)...
  5b: 64/64 self-match recall@1 — OK

  5c: Recall measurement (20 random queries)...
    q0: LP=[35,11,48,37] CPU=[35,11,37,48]
    q1: LP=[15,63,31,53] CPU=[15,31,63,26]
    q2: LP=[49,61,36,25] CPU=[49,36,61,25]
  Recall@1: 19/20 = 95%
  Recall@4: 72/80 = 90%
  5c: OK (thresholds: r@1>=95%, r@4>=90%)

  5d: Visit count (graph vs brute-force)...
  Graph search visited: 60 / 64 nodes
  5d: OK (sub-linear: YES)

  5e: Connectivity (BFS from node 0)...
  Reachable from node 0: 64 / 64
  5e: OK

  5f: Latency benchmark (10 searches, N=64)...
  Round-trip (includes LP wake jitter up to 10ms):
    min=9988 us, max=14988 us, avg=13915 us
  5f: OK

  OK

-- TEST 6: CfC -> VDB Pipeline (CMD 4) --
  Setup: Inserting 32 vectors into VDB...
  VDB has 32 nodes

  6a: Pipeline basic operation...
[DIAG] 500us: agree=254 disagree=288 out_sel4=47 out_sel5=48 in101=0x84 in103=0x86 gpio_in=0x1103a308 cpu_agree=16 loop=0
[DIAG] gdma: raw=0x1 st=0x0 ena=0x2 conf0=0x0 link=0x272e8(park=0) peri=9
[DIAG] gdma2: fifo=0x61 state=0x2e74b0(dscr_st=3 out_st=2) eof_addr=0x4082748c
[DIAG] parlio: cfg=0x12093680(tx_start=1 bytelen=19872) st=0x80000000(tx_ready=1) int_raw=0x5(eof=1 rempty=1)
  step_count: 29 -> 30 (delta=1)
  search_count: 95 -> 96 (delta=1)
  Pipeline return: 0
  Top-4 results: [6,5,24,12] scores=[7,7,6,5]
  6a: OK

  6b: CfC determinism (cmd=4 vs cmd=1)...
  cmd=1 hidden: [0++-+-+-00++0+++]
  cmd=4 hidden: [0++-+-+-00++0+++]
  Hidden match: YES
  f-dots match: YES, g-dots match: YES
  6b: OK

  6c: VDB consistency (pipeline vs standalone search)...
  Pipeline: [6,5,24,12] scores=[7,7,6,5]
  Standalone: [6,5,24,12] scores=[7,7,6,5]
  Results match: YES
  6c: OK

  6d: Sustained pipeline operation (10 steps)...
[DIAG] 500us: agree=254 disagree=289 out_sel4=47 out_sel5=48 in101=0x84 in103=0x86 gpio_in=0x1103a318 cpu_agree=12 loop=0
[DIAG] gdma: raw=0x1 st=0x0 ena=0x2 conf0=0x0 link=0x272e8(park=0) peri=9
[DIAG] gdma2: fifo=0x61 state=0x2e74b0(dscr_st=3 out_st=2) eof_addr=0x4082748c
[DIAG] parlio: cfg=0x12093680(tx_start=1 bytelen=19872) st=0x80000000(tx_ready=1) int_raw=0x5(eof=1 rempty=1)
  Pipeline steps completed: 10 / 10
  step_count delta: 10
  search_count delta: 10
  Final LP hidden: [+-+---+--+++--++]
  Final LP hidden energy: 16/16
  6d: OK

  OK

-- TEST 7: Reflex Channel Coordination --
  7a: Channel signals match loop count...
[DIAG] 500us: agree=254 disagree=289 out_sel4=47 out_sel5=48 in101=0x84 in103=0x86 gpio_in=0x1103a318 cpu_agree=12 loop=0
[DIAG] gdma: raw=0x1 st=0x0 ena=0x2 conf0=0x0 link=0x272e8(park=0) peri=9
[DIAG] gdma2: fifo=0x61 state=0x2e74b0(dscr_st=3 out_st=2) eof_addr=0x4082748c
[DIAG] parlio: cfg=0x12093680(tx_start=1 bytelen=19872) st=0x80000000(tx_ready=1) int_raw=0x5(eof=1 rempty=1)
  Signals received: 50 / 50
  Value mismatches: 0
  Final loop_count: 50, channel value: 50, channel seq: 50
  7a: OK

  7b: Signal latency (ISR -> main loop)...
[DIAG] 500us: agree=254 disagree=288 out_sel4=47 out_sel5=48 in101=0x84 in103=0x86 gpio_in=0x1103a318 cpu_agree=12 loop=0
[DIAG] gdma: raw=0x1 st=0x0 ena=0x2 conf0=0x0 link=0x272e8(park=0) peri=9
[DIAG] gdma2: fifo=0x61 state=0x2e74b0(dscr_st=3 out_st=2) eof_addr=0x4082748c
[DIAG] parlio: cfg=0x12093680(tx_start=1 bytelen=19872) st=0x80000000(tx_ready=1) int_raw=0x5(eof=1 rempty=1)
  Samples: 100
  Latency (cycles): min=1995, max=2834, avg=2205
  Latency (ns):     min=12468, max=17712, avg=13781
  7b: OK

  7c: Hidden state consistency after channel wait...
[DIAG] 500us: agree=254 disagree=289 out_sel4=47 out_sel5=48 in101=0x84 in103=0x86 gpio_in=0x1103a318 cpu_agree=13 loop=0
[DIAG] gdma: raw=0x1 st=0x0 ena=0x2 conf0=0x0 link=0x272e8(park=0) peri=9
[DIAG] gdma2: fifo=0x61 state=0x2e74b0(dscr_st=3 out_st=2) eof_addr=0x4082748c
[DIAG] parlio: cfg=0x12093680(tx_start=1 bytelen=19872) st=0x80000000(tx_ready=1) int_raw=0x5(eof=1 rempty=1)
  Dot match: 64 / 64
  Channel signaled: YES (seq 5 -> 6)
  7c: OK

  7d: Channel-driven LP feeding (20 cycles)...
[DIAG] 500us: agree=254 disagree=288 out_sel4=47 out_sel5=48 in101=0x84 in103=0x86 gpio_in=0x11039308 cpu_agree=16 loop=0
[DIAG] gdma: raw=0x1 st=0x0 ena=0x2 conf0=0x0 link=0x272e8(park=0) peri=9
[DIAG] gdma2: fifo=0x61 state=0x2e74b0(dscr_st=3 out_st=2) eof_addr=0x4082748c
[DIAG] parlio: cfg=0x12093680(tx_start=1 bytelen=19872) st=0x80000000(tx_ready=1) int_raw=0x5(eof=1 rempty=1)
  Channel-driven feeds: 20 / 20
  LP step_count delta: 20
  7d: OK

  OK

-- TEST 8: VDB -> CfC Feedback Loop (CMD 5) --
  Setup: Inserting 32 vectors into VDB...
  VDB has 32 nodes

  8a: Single feedback step (cmd=5)...
[DIAG] 500us: agree=254 disagree=288 out_sel4=47 out_sel5=48 in101=0x84 in103=0x86 gpio_in=0x1103a308 cpu_agree=16 loop=0
[DIAG] gdma: raw=0x1 st=0x0 ena=0x2 conf0=0x0 link=0x272e8(park=0) peri=9
[DIAG] gdma2: fifo=0x61 state=0x2e74b0(dscr_st=3 out_st=2) eof_addr=0x4082748c
[DIAG] parlio: cfg=0x12093680(tx_start=1 bytelen=19872) st=0x80000000(tx_ready=1) int_raw=0x5(eof=1 rempty=1)
  cmd=5 return: 0
  step_count: 62 -> 63 (delta=1)
  search_count: 108 -> 109 (delta=1)
  fb_total_blends: 0 -> 0
  fb_applied: 0
  fb_source_id: 255
  fb_score: 0
  fb_blend_count: 0 trits modified
  Top-4 results: [6,5,24,12] scores=[7,7,6,5]
  LP hidden after feedback: [0++-+-+-00++0+++]
  8a: OK

  8b: Feedback observability...
  Applied: NO (best score 0 < threshold 8)
  This is acceptable if no stored memory is similar enough.
  8b: OK

  8c: Stability under sustained feedback (50 steps)...
[DIAG] 500us: agree=254 disagree=288 out_sel4=47 out_sel5=48 in101=0x84 in103=0x86 gpio_in=0x1103a318 cpu_agree=12 loop=0
[DIAG] gdma: raw=0x1 st=0x0 ena=0x2 conf0=0x0 link=0x272e8(park=0) peri=9
[DIAG] gdma2: fifo=0x61 state=0x2e74b0(dscr_st=3 out_st=2) eof_addr=0x4082748c
[DIAG] parlio: cfg=0x12093680(tx_start=1 bytelen=19872) st=0x80000000(tx_ready=1) int_raw=0x5(eof=1 rempty=1)
    step 0: e=12, delta=12, fb=0, score=0, src=255
    step 10: e=13, delta=7, fb=1, score=13, src=5
    step 20: e=10, delta=2, fb=1, score=14, src=5
    step 30: e=11, delta=7, fb=1, score=15, src=5
    step 40: e=10, delta=5, fb=1, score=13, src=5
  Steps completed: 50 / 50
  Feedback applied: 49 / 50 steps
  Total blend operations: 49
  Max change per step: 12 / 16 trits
  Energy range: [7, 13] / 16
  Unique states visited: 34
  Final LP hidden: [-0++0-+00-++0-++]
  8c: OK

  8d: Feedback vs no-feedback divergence...
    step 0: hamming distance = 0
    step 1: hamming distance = 4
    step 2: hamming distance = 7
    step 3: hamming distance = 9
    step 4: hamming distance = 8
    step 5: hamming distance = 9
    step 6: hamming distance = 10
    step 7: hamming distance = 10
    step 8: hamming distance = 8
    step 9: hamming distance = 11
  First divergence at step: 1
  Steps with different states: 9 / 10
  No-feedback final: [+-+---+--+++--++]
  Feedback final   : [-0+00-0++00-0-++]
  8d: OK

  OK

-- TEST 9: ESP-NOW Receive from Board B --
  Listening for 10 seconds...
  Packets received: 33
  RSSI range: [-52, -45] dBm
  Last pattern_id: 3, seq: 71052
  Source MAC: b4:3a:45:8a:c7:d4
  Unique patterns seen: 3/4
  OK (33 packets in 10s)

-- TEST 10: ESP-NOW -> GIE Live Input --
  10a: Input encoding from live ESP-NOW data...
  Input updates from ESP-NOW: 30 in 3s
  First encoded input energy: 104 / 128 trits active
  Input sample [0..15] RSSI: +++++++++-------
  Input sample [16..23] pattern: ------++
  Input sample [24..31] payload: +-++---+
  10a: OK

  10b: GIE hidden state with live ESP-NOW input...
[DIAG] 500us: agree=254 disagree=289 out_sel4=47 out_sel5=48 in101=0x84 in103=0x86 gpio_in=0x1103a318 cpu_agree=13 loop=0
[DIAG] gdma: raw=0x1 st=0x0 ena=0x2 conf0=0x0 link=0x272e8(park=0) peri=9
[DIAG] gdma2: fifo=0x61 state=0x2e74b0(dscr_st=3 out_st=2) eof_addr=0x4082748c
[DIAG] parlio: cfg=0x12093680(tx_start=1 bytelen=19872) st=0x80000000(tx_ready=1) int_raw=0x5(eof=1 rempty=1)
[DIAG] 500us: agree=254 disagree=289 out_sel4=47 out_sel5=48 in101=0x84 in103=0x86 gpio_in=0x1103a318 cpu_agree=13 loop=0
[DIAG] gdma: raw=0x1 st=0x0 ena=0x2 conf0=0x0 link=0x272e8(park=0) peri=9
[DIAG] gdma2: fifo=0x61 state=0x2e74b0(dscr_st=3 out_st=2) eof_addr=0x4082748c
[DIAG] parlio: cfg=0x12093680(tx_start=1 bytelen=19872) st=0x80000000(tx_ready=1) int_raw=0x5(eof=1 rempty=1)
  Static input: 448 loops, hidden energy=32
  Live input: 455 loops, 12 input updates, hidden energy=31
  Hamming distance (static vs live): 16 / 32
  Static hidden: [+-+--+-+---+-+--+++------+-+-+++]
  Live hidden  : [------+++-++0+++++++-+--+++---+-]
  10b: OK

  10c: Pattern-dependent hidden state trajectories...
[DIAG] 500us: agree=254 disagree=288 out_sel4=47 out_sel5=48 in101=0x84 in103=0x86 gpio_in=0x1103a308 cpu_agree=16 loop=0
[DIAG] gdma: raw=0x1 st=0x0 ena=0x2 conf0=0x0 link=0x272e8(park=0) peri=9
[DIAG] gdma2: fifo=0x61 state=0x2e74b0(dscr_st=3 out_st=2) eof_addr=0x4082748c
[DIAG] parlio: cfg=0x12093680(tx_start=1 bytelen=19872) st=0x80000000(tx_ready=1) int_raw=0x5(eof=1 rempty=1)
    window 0: pattern=0 (count=11), energy=30
[DIAG] 500us: agree=254 disagree=289 out_sel4=47 out_sel5=48 in101=0x84 in103=0x86 gpio_in=0x1103a318 cpu_agree=12 loop=0
[DIAG] gdma: raw=0x1 st=0x0 ena=0x2 conf0=0x0 link=0x272e8(park=0) peri=9
[DIAG] gdma2: fifo=0x61 state=0x2e74b0(dscr_st=3 out_st=2) eof_addr=0x4082748c
[DIAG] parlio: cfg=0x12093680(tx_start=1 bytelen=19872) st=0x80000000(tx_ready=1) int_raw=0x5(eof=1 rempty=1)
    window 1: pattern=0 (count=10), energy=28
[DIAG] 500us: agree=254 disagree=289 out_sel4=47 out_sel5=48 in101=0x84 in103=0x86 gpio_in=0x1103a318 cpu_agree=13 loop=0
[DIAG] gdma: raw=0x1 st=0x0 ena=0x2 conf0=0x0 link=0x272e8(park=0) peri=9
[DIAG] gdma2: fifo=0x61 state=0x2e74b0(dscr_st=3 out_st=2) eof_addr=0x4082748c
[DIAG] parlio: cfg=0x12093680(tx_start=1 bytelen=19872) st=0x80000000(tx_ready=1) int_raw=0x5(eof=1 rempty=1)
    window 2: pattern=0 (count=10), energy=30
[DIAG] 500us: agree=254 disagree=289 out_sel4=47 out_sel5=48 in101=0x84 in103=0x86 gpio_in=0x1103a318 cpu_agree=12 loop=0
[DIAG] gdma: raw=0x1 st=0x0 ena=0x2 conf0=0x0 link=0x272e8(park=0) peri=9
[DIAG] gdma2: fifo=0x61 state=0x2e74b0(dscr_st=3 out_st=2) eof_addr=0x4082748c
[DIAG] parlio: cfg=0x12093680(tx_start=1 bytelen=19872) st=0x80000000(tx_ready=1) int_raw=0x5(eof=1 rempty=1)
    window 3: pattern=0 (count=10), energy=29
  Cross-pattern pairs: 0, divergent: 0, max hamming: 0
  Same-pattern pairs: 6
  10c: OK

  10d: Full stack: ESP-NOW -> GIE -> LP core...
[DIAG] 500us: agree=254 disagree=288 out_sel4=47 out_sel5=48 in101=0x84 in103=0x86 gpio_in=0x1103a308 cpu_agree=16 loop=0
[DIAG] gdma: raw=0x1 st=0x0 ena=0x2 conf0=0x0 link=0x272e8(park=0) peri=9
[DIAG] gdma2: fifo=0x61 state=0x2e74b0(dscr_st=3 out_st=2) eof_addr=0x4082748c
[DIAG] parlio: cfg=0x12093680(tx_start=1 bytelen=19872) st=0x80000000(tx_ready=1) int_raw=0x5(eof=1 rempty=1)
  GIE loops: 902, LP feeds: 20, LP steps: 19
  LP hidden energy: 16 / 16
  LP final hidden: [--------+--+-+-+]
  10d: OK

  OK

-- TEST 11: Pattern Classification (Stream CfC) --
[DIAG] 500us: agree=254 disagree=288 out_sel4=47 out_sel5=48 in101=0x84 in103=0x86 gpio_in=0x1103a308 cpu_agree=16 loop=0
[DIAG] gdma: raw=0x1 st=0x0 ena=0x2 conf0=0x0 link=0x272e8(park=0) peri=9
[DIAG] gdma2: fifo=0x61 state=0x2e74b0(dscr_st=3 out_st=2) eof_addr=0x4082748c
[DIAG] parlio: cfg=0x12093680(tx_start=1 bytelen=19872) st=0x80000000(tx_ready=1) int_raw=0x5(eof=1 rempty=1)
  Phase 0a: Observing input signatures (30s)...
  Observed: 172 packets, 172 encoded, 13445 GIE loops
  Per-pattern counts: P0=51 P1=42 P2=22 P3=57
  Phase 0b: Computing TriX signatures...
  sig[0]: [+++++++++-------++--------------...] nz=104/128 (from 51 samples, seq trits masked)
  sig[1]: [+++++++++---------++----++++++++...] nz=104/128 (from 42 samples, seq trits masked)
  sig[2]: [+++++++++-----------++--+-+-+-+-...] nz=102/128 (from 22 samples, seq trits masked)
  sig[3]: [+++++++++-------------++++++-+--...] nz=104/128 (from 57 samples, seq trits masked)
  Signature pattern-ID trits [16..23]:
    sig[0][16..23]: ++------
    sig[1][16..23]: --++----
    sig[2][16..23]: ----++--
    sig[3][16..23]: ------++
  Signature cross-dots:
    sig[0] vs: s0=104 s1=68 s2=22 s3=72 
    sig[1] vs: s0=68 s1=104 s2=28 s3=64 
    sig[2] vs: s0=22 s1=28 s2=102 s3=22 
    sig[3] vs: s0=72 s1=64 s2=22 s3=104 
  Ring drops: 76

  Phase 0c: Installing signatures as W_f gate weights...
  W_f weights set from signatures (8 neurons/pattern)
  Gate threshold: 2147483647 (Phase 3: blend DISABLED, all neurons HOLD)
  Neurons 0-7 → pattern 0
  Neurons 8-15 → pattern 1
  Neurons 16-23 → pattern 2
  Neurons 24-31 → pattern 3
  Gate selectivity: 0 fires / 64 steps = 0%

  GDMA offset calibration...
  GDMA offset mapping: G0→P0 G1→P1 G2→P2 G3→P3
  ISR groups:  [20, 24, 20, 36]
  CPU patterns: [20, 24, 20, 36]

  Phase 0d: TriX Cube face observation (15s)...
  TriX Cube face signatures:
    +x:recent: 128 samples [P0=51 P1=24 P2=0 P3=53]
    -x:prior: 77 samples [P0=16 P1=1 P2=0 P3=60]
    +y:stable: 48 samples [P0=12 P1=5 P2=0 P3=31]
    -y:transient: 26 samples [P0=12 P1=6 P2=0 P3=8]
    +z:confident: 34 samples [P0=34 P1=0 P2=0 P3=0]
    -z:uncertain: 51 samples [P0=0 P1=0 P2=0 P3=51]
  Face divergence from core (avg Hamming across patterns):
    +x:recent: 17 avg (3 patterns with data)
    -x:prior: 31 avg (3 patterns with data)
    +y:stable: 26 avg (3 patterns with data)
    -y:transient: 19 avg (3 patterns with data)
    +z:confident: 14 avg (1 patterns with data)
    -z:uncertain: 27 avg (1 patterns with data)
  Ring drops: 76

  Phase 1: TriX Cube ensemble (up to 32 samples, 60s)...
    s01: truth=2 core=2 isr=1 | cv=[0,0,2,0] iv=[0,2,0,0] xor=[-,-,-,-,-,-]
    s02: truth=2 core=2 isr=1 | cv=[0,0,2,0] iv=[0,2,0,0] xor=[102,102,102,102,102,102]
    s03: truth=2 core=2 isr=0 | cv=[0,0,2,0] iv=[2,0,0,0] xor=[102,102,102,102,102,102]
    s04: truth=2 core=2 isr=1 | cv=[0,1,2,0] iv=[0,2,1,0] xor=[72,102,73,72,102,102]
    s05: truth=2 core=2 isr=1 | cv=[0,0,2,0] iv=[0,2,0,0] xor=[110,110,110,110,110,110]
    s06: truth=3 core=2 isr=1 | cv=[0,0,1,1] iv=[0,2,1,0] xor=[71,74,83,73,118,72]
    s07: truth=3 core=3 isr=1 | cv=[0,0,0,5] iv=[3,6,1,0] xor=[24,30,54,29,104,27]
    s08: truth=0 core=0 isr=2 | cv=[10,0,0,0] iv=[0,0,10,0] xor=[16,31,14,14,14,104]
    s09: truth=0 core=0 isr=2 | cv=[11,0,0,0] iv=[0,0,11,0] xor=[6,19,8,6,6,117]
    s10: truth=0 core=0 isr=2 | cv=[10,1,0,0] iv=[0,0,11,0] xor=[6,14,6,4,14,118]
    s11: truth=0 core=0 isr=2 | cv=[10,0,0,0] iv=[0,0,10,0] xor=[6,12,4,3,5,5]
    s12: truth=0 core=0 isr=2 | cv=[9,1,0,0] iv=[0,0,10,0] xor=[4,10,5,4,15,12]
    s13: truth=1 core=1 isr=2 | cv=[0,5,0,0] iv=[0,0,5,0] xor=[6,25,8,11,116,116]
    s14: truth=1 core=1 isr=2 | cv=[0,5,0,0] iv=[0,0,5,0] xor=[3,24,7,11,119,119]
    s15: truth=1 core=1 isr=2 | cv=[0,5,0,0] iv=[0,0,5,0] xor=[3,24,7,11,119,119]
    s16: truth=1 core=1 isr=2 | cv=[0,6,0,0] iv=[0,0,6,0] xor=[5,22,9,12,119,119]
    s17: truth=1 core=1 isr=2 | cv=[0,3,0,0] iv=[0,0,3,0] xor=[6,21,7,5,119,119]
    s18: truth=2 core=2 isr=1 | cv=[0,0,2,0] iv=[0,2,0,0] xor=[118,118,118,118,118,118]
    s19: truth=2 core=2 isr=1 | cv=[0,0,2,0] iv=[0,2,0,0] xor=[118,118,118,118,118,118]
    s20: truth=2 core=2 isr=1 | cv=[0,1,2,0] iv=[0,2,1,0] xor=[80,85,79,79,118,118]
    s21: truth=2 core=2 isr=1 | cv=[0,0,2,0] iv=[0,2,0,0] xor=[118,118,118,118,118,118]
    s22: truth=2 core=2 isr=1 | cv=[0,0,2,0] iv=[0,2,0,0] xor=[118,118,118,118,118,118]
    s23: truth=0 core=0 isr=2 | cv=[10,0,0,0] iv=[0,0,10,0] xor=[3,2,3,3,4,2]
    s24: truth=0 core=0 isr=2 | cv=[10,1,0,0] iv=[0,0,11,0] xor=[4,4,1,3,12,11]
    s25: truth=0 core=0 isr=2 | cv=[10,0,0,0] iv=[0,0,10,0] xor=[1,3,4,4,4,3]
    s26: truth=0 core=0 isr=2 | cv=[10,0,0,0] iv=[0,0,10,0] xor=[1,2,3,3,4,3]
    s27: truth=0 core=0 isr=2 | cv=[7,3,0,0] iv=[0,0,10,0] xor=[3,3,3,4,15,13]
    s28: truth=1 core=1 isr=2 | cv=[0,4,0,0] iv=[0,0,4,0] xor=[5,1,0,1,1,1]
    s29: truth=1 core=1 isr=2 | cv=[0,6,0,0] iv=[0,0,6,0] xor=[1,1,0,1,1,1]
    s30: truth=1 core=1 isr=2 | cv=[0,4,0,0] iv=[0,0,4,0] xor=[0,1,0,1,1,1]
    s31: truth=1 core=1 isr=2 | cv=[0,5,0,0] iv=[0,0,5,0] xor=[0,1,0,1,1,1]
    s32: truth=1 core=1 isr=2 | cv=[0,3,1,0] iv=[0,1,3,0] xor=[32,33,32,33,33,33]

  ═══ CLASSIFICATION RESULTS (TriX Cube) ═══
  Window: 42284 ms
  GIE loops in window: 20803 (491 Hz) — classification mode,
    CfC blend disabled (gate_threshold = INT32_MAX)
  TriX classifications in window: 20799 (491 Hz, 99% of loops clean)
  Total GIE loops since start_freerun: 41915 (spans Phase 0a-0c too;
    not a rate denominator)
  Test samples: 32
  Ring drops: 76
  Core (CPU per-pkt vote):   31/32 = 96%
  ISR  (HW 430 Hz TriX):     0/32 = 0% (all samples)
  ISR  (windows w/ data):    0/32 = 0% (283 pkts clean, 0 pkts timeout)
  TriX channel signals:      28462 (seq=28462)
  Baseline (packet-rate):    28/32 = 87%

  ── Novelty Detection ──
  Novel packets: 96 / 283 (33%)
  Novel windows: 10

  ── Online Maintenance ──
  Core re-signs: 11
  Core drift (Hamming):
    sig[0]: 13/128 trits
    sig[1]: 15/128 trits
    sig[2]: 17/128 trits
    sig[3]: 0/128 trits

  ── XOR Masks (temporal displacement per face) ──
    Face              avg  | rssi patid payload timing
    +x:recent           17/128 |  1/16  0/8   7/64    7/40
    -x:prior            23/128 |  1/16  2/8   9/64    9/40
    +y:stable           18/128 |  1/16  0/8   8/64    7/40
    -y:transient        18/128 |  1/16  0/8   7/64    7/40
    +z:confident        38/128 |  4/16  2/8  19/64   11/40
    -z:uncertain        54/128 |  7/16  3/8  29/64   13/40
    ── Signal distribution ──
    RSSI:    11% of mask weight
    PatID:   6% of mask weight
    Payload: 48% of mask weight
    Timing:  33% of mask weight

  ── TriX Cube Geometry ──
    +x:recent: 315 samples, 37 avg hamming from core
    -x:prior: 264 samples, 39 avg hamming from core
    +y:stable: 235 samples, 45 avg hamming from core
    -y:transient: 213 samples, 39 avg hamming from core
    +z:confident: 221 samples, 57 avg hamming from core
    -z:uncertain: 238 samples, 38 avg hamming from core
  Gate firing: 0%

  Architecture:
  - TriX ISR: HW classifies at 430 Hz (CfC blend DISABLED — Phase 3)
  - 7-voxel TriX Cube: core + 6 temporal faces
  - Faces: recent, prior, stable, transient, confident, uncertain
  - Core classifies alone. Faces compute XOR masks (intervention sensors)
  - XOR mask = trit positions where face sig != core sig
  - Online maintenance + novelty detection
  - Gate threshold=2147483647, novelty=60
  OK

-- TEST 12: Memory-Modulated Adaptive Attention --
[DIAG] 500us: agree=852 disagree=566 out_sel4=47 out_sel5=48 in101=0x84 in103=0x86 gpio_in=0x3403a308 cpu_agree=55 loop=0
[DIAG] gdma: raw=0x1 st=0x0 ena=0x2 conf0=0x0 link=0x272e8(park=0) peri=9
[DIAG] gdma2: fifo=0x50 state=0x2e74b0(dscr_st=3 out_st=2) eof_addr=0x4082748c
[DIAG] parlio: cfg=0x12093680(tx_start=1 bytelen=19872) st=0x80000000(tx_ready=1) int_raw=0x5(eof=1 rempty=1)
  blend re-enabled (threshold=90), VDB cleared, LP reset
  running 120s: classify → insert snapshot → LP feedback
