# REMEDIATION 1/5: n=5 MTFP resolution, sequence PRESENT (published config).
# Resolves t=3.15 vs crit 3.18 at n=3. Build: SKIP_TO_15=1 MASK_PATTERN_ID=1
#   MASK_PATTERN_ID_INPUT=1 T15_N_REPS=5
# Captured 2026-09-02 21:44:49
W (206) spi_flash: Detected size(4096k) larger than the size in the binary image header(2048k). Using the size in the binary image header.

============================================================
  FREE-RUNNING SUB-CPU NEURAL NETWORK
  + LP CORE GEOMETRIC PROCESSOR
  GIE (441 Hz HW) → LP core (100 Hz, 16MHz RISC-V, ~30uA)
  Three-layer hierarchy: peripheral → geometric → CPU
============================================================

[INIT] GPIO 4-7...
[INIT] ETM clock...
[INIT] PARLIO TX (2-bit, 20MHz, loopback)...
[INIT] PCNT (2 units)...
[INIT] Timer...
[INIT] GDMA channel detection...
[GDMA] PARLIO owns CH0
[INIT] GDMA ISR (free-running mode)...
[GDMA ISR] OK — CH0 (source=69), LEVEL3
[INIT] LP core binary (16320 bytes)...
[INIT] LP core weights (after binary load)...
[INIT] LP seed: 0xCAFE1234
[LP] Geometric processor running (100 Hz, 16 MHz RISC-V)
[INIT] ESP-NOW receiver...
W (8379) wifi:ACK_TAB0   :0x   90a0b, QAM16:0x9 (24Mbps), QPSK:0xa (12Mbps), BPSK:0xb (6Mbps)
W (8379) wifi:CTS_TAB0   :0x   90a0b, QAM16:0x9 (24Mbps), QPSK:0xa (12Mbps), BPSK:0xb (6Mbps)
W (8380) wifi:(agc)0x600a7128:0xd201c800, min.avgNF:0xce->0xd2(dB), RCalCount:0x1c, min.RRssi:0x800(-128.00)
W (8380) wifi:(TB)WDEV_PWR_TB_MCS0:19
W (8380) wifi:(TB)WDEV_PWR_TB_MCS1:19
W (8381) wifi:(TB)WDEV_PWR_TB_MCS2:19
W (8381) wifi:(TB)WDEV_PWR_TB_MCS3:19
W (8381) wifi:(TB)WDEV_PWR_TB_MCS4:19
W (8381) wifi:(TB)WDEV_PWR_TB_MCS5:19
W (8381) wifi:(TB)WDEV_PWR_TB_MCS6:18
W (8381) wifi:(TB)WDEV_PWR_TB_MCS7:18
W (8381) wifi:(TB)WDEV_PWR_TB_MCS8:17
W (8381) wifi:(TB)WDEV_PWR_TB_MCS9:15
W (8382) wifi:(TB)WDEV_PWR_TB_MCS10:15
W (8382) wifi:(TB)WDEV_PWR_TB_MCS11:15
[ESPNOW] Listening on channel 1 (no AP connection)
[INIT] Done.

[PRIME] Warming pipeline...
[PRIME] Done.

[SWEEP] SKIP_TO_15: running Test 11 (enrollment) + Test 15 only

-- TEST 11: Pattern Classification (Stream CfC) --
[DIAG] 500us: agree=256 disagree=294 out_sel4=47 out_sel5=48 in101=0x84 in103=0x86 gpio_in=0x66039348 cpu_agree=21 loop=0
[DIAG] gdma: raw=0x1 st=0x0 ena=0x2 conf0=0x0 link=0x27448(park=0) peri=9
[DIAG] gdma2: fifo=0x61 state=0x2e7628(dscr_st=3 out_st=2) eof_addr=0x40827604
[DIAG] parlio: cfg=0x1a089b40(tx_start=1 bytelen=9936) st=0x80000000(tx_ready=1) int_raw=0x1(eof=0 rempty=1)
  Phase 0a: Observing input signatures (30s)...
  Observed: 179 packets, 179 encoded, 12872 GIE loops
  Per-pattern counts: P0=51 P1=31 P2=22 P3=75
  Phase 0b: Computing TriX signatures...
  sig[0]: [+++++++++-------00000000--------...] nz=96/128 (from 51 samples, seq trits masked)
  sig[1]: [+++++++++-------00000000++++++++...] nz=95/128 (from 31 samples, seq trits masked)
  sig[2]: [+++++++++-------00000000+-+-+-+-...] nz=94/128 (from 22 samples, seq trits masked)
  sig[3]: [+++++++++-------00000000++++-+--...] nz=96/128 (from 75 samples, seq trits masked)
  Signature pattern-ID trits [16..23]:
    sig[0][16..23]: 00000000
    sig[1][16..23]: 00000000
    sig[2][16..23]: 00000000
    sig[3][16..23]: 00000000
  Signature cross-dots:
    sig[0] vs: s0=96 s1=71 s2=26 s3=72 
    sig[1] vs: s0=71 s1=95 s2=21 s3=67 
    sig[2] vs: s0=26 s1=21 s2=94 s3=26 
    sig[3] vs: s0=72 s1=67 s2=26 s3=96 
  Ring drops: 0

  Phase 0c: Installing signatures as W_f gate weights...
  W_f weights set from signatures (8 neurons/pattern)
  Gate threshold: 2147483647 (Phase 3: blend DISABLED, all neurons HOLD)
  Neurons 0-7 → pattern 0
  Neurons 8-15 → pattern 1
  Neurons 16-23 → pattern 2
  Neurons 24-31 → pattern 3
  Gate selectivity: 0 fires / 64 steps = 0%

  GDMA offset calibration...
  GDMA offset mapping: G0→P0 G1→P1 G2→P2 G3→P3
  ISR groups:  [7, 12, 26, 27]
  CPU patterns: [7, 12, 26, 27]

  Phase 0d: TriX Cube face observation (15s)...
  TriX Cube face signatures:
    +x:recent: 113 samples [P0=51 P1=24 P2=3 P3=35]
    -x:prior: 80 samples [P0=21 P1=4 P2=0 P3=55]
    +y:stable: 44 samples [P0=21 P1=10 P2=0 P3=13]
    -y:transient: 23 samples [P0=10 P1=4 P2=2 P3=7]
    +z:confident: 0 samples [P0=0 P1=0 P2=0 P3=0]
    -z:uncertain: 35 samples [P0=0 P1=0 P2=0 P3=35]
  Face divergence from core (avg Hamming across patterns):
    +x:recent: 23 avg (4 patterns with data)
    -x:prior: 35 avg (3 patterns with data)
    +y:stable: 28 avg (3 patterns with data)
    -y:transient: 22 avg (4 patterns with data)
    +z:confident: 0 avg (0 patterns with data)
    -z:uncertain: 40 avg (1 patterns with data)
  Ring drops: 0

  Phase 1: TriX Cube ensemble (up to 32 samples, 60s)...
    s01: truth=2 core=2 isr=2 | cv=[0,0,2,0] iv=[0,0,2,0] xor=[22,-,-,20,-,-]
    s02: truth=2 core=2 isr=2 | cv=[0,0,2,0] iv=[0,0,2,0] xor=[22,94,94,20,-,94]
    s03: truth=2 core=2 isr=2 | cv=[0,1,2,0] iv=[0,1,2,0] xor=[17,76,65,18,-,94]
    s04: truth=2 core=2 isr=2 | cv=[0,0,2,0] iv=[0,0,2,0] xor=[22,94,94,20,-,94]
    s05: truth=0 core=0 isr=0 | cv=[9,0,0,0] iv=[9,0,0,1] xor=[16,30,16,7,-,96]
    s06: truth=0 core=0 isr=0 | cv=[10,0,0,0] iv=[10,0,0,0] xor=[9,19,9,8,-,106]
    s07: truth=0 core=0 isr=0 | cv=[10,0,0,0] iv=[10,0,0,0] xor=[6,16,7,4,-,111]
    s08: truth=0 core=0 isr=0 | cv=[10,1,0,0] iv=[10,1,0,0] xor=[6,19,8,3,-,43]
    s09: truth=0 core=0 isr=0 | cv=[10,0,0,0] iv=[10,0,0,0] xor=[5,8,4,2,-,3]
    s10: truth=1 core=1 isr=1 | cv=[2,6,0,0] iv=[2,6,0,0] xor=[6,32,7,12,-,81]
    s11: truth=1 core=1 isr=1 | cv=[0,3,0,0] iv=[0,3,0,0] xor=[7,42,9,15,-,108]
    s12: truth=1 core=1 isr=1 | cv=[0,6,0,0] iv=[0,6,0,0] xor=[6,42,9,16,-,108]
    s13: truth=1 core=1 isr=1 | cv=[0,4,0,0] iv=[0,4,0,0] xor=[4,42,10,18,-,109]
    s14: truth=1 core=1 isr=1 | cv=[0,6,0,0] iv=[0,6,0,0] xor=[4,42,3,18,-,109]
    s15: truth=2 core=2 isr=2 | cv=[0,0,2,0] iv=[0,0,2,0] xor=[18,100,100,16,-,100]
    s16: truth=2 core=2 isr=2 | cv=[0,0,2,0] iv=[0,0,2,0] xor=[14,106,106,13,-,106]
    s17: truth=2 core=2 isr=2 | cv=[0,0,2,0] iv=[0,0,2,0] xor=[14,106,106,13,-,106]
    s18: truth=2 core=2 isr=2 | cv=[0,1,2,0] iv=[0,1,2,0] xor=[10,72,71,9,-,107]
    s19: truth=2 core=2 isr=2 | cv=[0,0,2,0] iv=[0,0,2,0] xor=[14,106,106,13,-,106]
    s20: truth=0 core=0 isr=0 | cv=[10,0,0,0] iv=[10,0,0,0] xor=[3,2,1,4,-,1]
    s21: truth=0 core=0 isr=0 | cv=[10,0,0,0] iv=[10,0,0,0] xor=[2,3,4,2,-,1]
    s22: truth=0 core=0 isr=0 | cv=[10,1,0,0] iv=[10,1,0,0] xor=[1,4,4,3,-,12]
    s23: truth=0 core=0 isr=0 | cv=[10,0,0,0] iv=[10,0,0,0] xor=[0,5,4,5,-,4]
    s24: truth=0 core=0 isr=0 | cv=[10,0,0,0] iv=[10,0,0,0] xor=[7,8,9,6,-,3]
    s25: truth=1 core=1 isr=1 | cv=[0,6,0,0] iv=[0,6,0,0] xor=[5,2,3,2,-,19]
    s26: truth=1 core=1 isr=1 | cv=[0,4,0,0] iv=[0,4,0,0] xor=[5,2,3,3,-,2]
    s27: truth=1 core=1 isr=1 | cv=[0,6,0,0] iv=[0,6,0,0] xor=[2,2,3,3,-,2]
    s28: truth=1 core=1 isr=1 | cv=[0,5,0,0] iv=[0,5,0,0] xor=[4,4,5,7,-,6]
    s29: truth=1 core=1 isr=1 | cv=[0,4,0,0] iv=[0,4,0,0] xor=[5,5,3,8,-,7]
    s30: truth=2 core=2 isr=2 | cv=[0,0,2,0] iv=[0,0,2,0] xor=[14,106,106,13,-,106]
    s31: truth=2 core=2 isr=2 | cv=[0,0,2,0] iv=[0,0,2,0] xor=[14,106,106,13,-,106]
    s32: truth=2 core=2 isr=2 | cv=[0,1,2,0] iv=[0,1,2,0] xor=[11,72,70,11,-,73]

  ═══ CLASSIFICATION RESULTS (TriX Cube) ═══
  Window: 43188 ms
  GIE loops in window: 21209 (491 Hz) — classification mode,
    CfC blend disabled (gate_threshold = INT32_MAX)
  TriX classifications in window: 21209 (491 Hz, 100% of loops clean)
  Total GIE loops since start_freerun: 41547 (spans Phase 0a-0c too;
    not a rate denominator)
  Test samples: 32
  Ring drops: 0
  Core (CPU per-pkt vote):   32/32 = 100%
  ISR  (HW 430 Hz TriX):     32/32 = 100% (all samples)
  ISR  (windows w/ data):    32/32 = 100% (286 pkts clean, 0 pkts timeout)
  TriX channel signals:      28650 (seq=28650)
  Baseline (packet-rate):    28/32 = 87%

  ── Novelty Detection ──
  Novel packets: 102 / 286 (35%)
  Novel windows: 11

  ── Online Maintenance ──
  Core re-signs: 11
  Core drift (Hamming):
    sig[0]: 14/128 trits
    sig[1]: 18/128 trits
    sig[2]: 14/128 trits
    sig[3]: 0/128 trits

  ── XOR Masks (temporal displacement per face) ──
    Face              avg  | rssi patid payload timing
    +x:recent            6/128 |  0/16  0/8   0/64    6/40
    -x:prior            25/128 |  1/16  0/8  14/64    9/40
    +y:stable           18/128 |  1/16  0/8   7/64    8/40
    -y:transient         7/128 |  0/16  0/8   0/64    7/40
    +z:confident         -     | (no data)
    -z:uncertain        50/128 |  7/16  0/8  29/64   13/40
    ── Signal distribution ──
    RSSI:    10% of mask weight
    PatID:   0% of mask weight
    Payload: 47% of mask weight
    Timing:  41% of mask weight

  ── TriX Cube Geometry ──
    +x:recent: 297 samples, 16 avg hamming from core
    -x:prior: 264 samples, 36 avg hamming from core
    +y:stable: 228 samples, 41 avg hamming from core
    -y:transient: 207 samples, 16 avg hamming from core
    +z:confident: 0 samples, 0 avg hamming from core
    -z:uncertain: 219 samples, 38 avg hamming from core
  Gate firing: 0%

  Architecture:
  - TriX ISR: HW classifies at 430 Hz (CfC blend DISABLED — Phase 3)
  - 7-voxel TriX Cube: core + 6 temporal faces
  - Faces: recent, prior, stable, transient, confident, uncertain
  - Core classifies alone. Faces compute XOR masks (intervention sensors)
  - XOR mask = trit positions where face sig != core sig
  - Online maintenance + novelty detection
  - Gate threshold=2147483647, novelty=60
  OK

-- TEST 15: Hebbian LP Weight Learning --
   Design: 3-phase (A=60s, B=60s, C=60s) × 5 reps × 2 conditions
   Total: 900s per condition, 1800s overall

  ══ Control (CMD5 only) — Rep 1/5 ══

  ── Condition: Control (CMD5 only) ──
[DIAG] 500us: agree=839 disagree=482 out_sel4=47 out_sel5=48 in101=0x84 in103=0x86 gpio_in=0x1103a348 cpu_agree=20 loop=0
[DIAG] gdma: raw=0x1 st=0x0 ena=0x2 conf0=0x0 link=0x27448(park=0) peri=9
[DIAG] gdma2: fifo=0x61 state=0x2e7628(dscr_st=3 out_st=2) eof_addr=0x40827604
[DIAG] parlio: cfg=0x1a089b40(tx_start=1 bytelen=9936) st=0x80000000(tx_ready=1) int_raw=0x5(eof=1 rempty=1)
[LP] Geometric processor running (100 Hz, 16 MHz RISC-V)
    step 300 (45s): vdb=37 flips=0 p=3 gt=3
    Phase B: control (60s)... baseline=419 confirms, VDB=52
    step 600 (89s): vdb=64 flips=0 p=1 gt=3
    Phase C: measuring (60s)... flips=0 updates=0
    step 900 (132s): vdb=64 flips=0 p=3 gt=3
    step 1200 (176s): vdb=64 flips=0 p=0 gt=0
    Phase A (pre) divergence (/16):
         P0  P1  P2  P3
    P0:   0   2   2   3  (153)
    P1:   2   0   2   3  (72)
    P2:   2   2   0   1  (28)
    P3:   3   3   1   0  (165)
    Mean: 2.2
    Phase C (post) divergence (/16):
         P0  P1  P2  P3
    P0:   0   0   1   1  (153)
    P1:   0   0   1   1  (59)
    P2:   1   1   0   0  (33)
    P3:   1   1   0   0  (165)
    Mean: 0.7
    Confirms: 1239, Flips: 0, Updates: 0
    Rep 1: sign=0.7/16 mtfp=4.5/80 (6 pairs) flips=0

  ══ Control (CMD5 only) — Rep 2/5 ══

  ── Condition: Control (CMD5 only) ──
[DIAG] 500us: agree=1219 disagree=180 out_sel4=47 out_sel5=48 in101=0x84 in103=0x86 gpio_in=0x1103a348 cpu_agree=20 loop=0
[DIAG] gdma: raw=0x1 st=0x0 ena=0x2 conf0=0x0 link=0x27448(park=0) peri=9
[DIAG] gdma2: fifo=0x61 state=0x2e7628(dscr_st=3 out_st=2) eof_addr=0x40827604
[DIAG] parlio: cfg=0x1a089b40(tx_start=1 bytelen=9936) st=0x80000000(tx_ready=1) int_raw=0x5(eof=1 rempty=1)
[LP] Geometric processor running (100 Hz, 16 MHz RISC-V)
    step 300 (45s): vdb=37 flips=0 p=1 gt=1
    Phase B: control (60s)... baseline=397 confirms, VDB=49
    step 600 (93s): vdb=64 flips=0 p=2 gt=2
    Phase C: measuring (60s)... flips=0 updates=0
    step 900 (137s): vdb=64 flips=0 p=2 gt=3
    Phase A (pre) divergence (/16):
         P0  P1  P2  P3
    P0:   0   1   1   1  (126)
    P1:   1   0   0   0  (72)
    P2:   1   0   0   0  (33)
    P3:   1   0   0   0  (165)
    Mean: 0.5
    Phase C (post) divergence (/16):
         P0  P1  P2  P3
    P0:   0   0   1   0  (153)
    P1:   0   0   1   0  (72)
    P2:   1   1   0   1  (33)
    P3:   0   0   1   0  (138)
    Mean: 0.5
    Confirms: 1188, Flips: 0, Updates: 0
    Rep 2: sign=0.5/16 mtfp=3.8/80 (6 pairs) flips=0

  ══ Control (CMD5 only) — Rep 3/5 ══

  ── Condition: Control (CMD5 only) ──
[DIAG] 500us: agree=845 disagree=567 out_sel4=47 out_sel5=48 in101=0x84 in103=0x86 gpio_in=0x1103a348 cpu_agree=20 loop=0
[DIAG] gdma: raw=0x1 st=0x0 ena=0x2 conf0=0x0 link=0x27448(park=0) peri=9
[DIAG] gdma2: fifo=0x61 state=0x2e7628(dscr_st=3 out_st=2) eof_addr=0x40827604
[DIAG] parlio: cfg=0x1a089b40(tx_start=1 bytelen=9936) st=0x80000000(tx_ready=1) int_raw=0x5(eof=1 rempty=1)
[LP] Geometric processor running (100 Hz, 16 MHz RISC-V)
    step 300 (43s): vdb=37 flips=0 p=0 gt=3
    Phase B: control (60s)... baseline=402 confirms, VDB=50
    step 600 (87s): vdb=64 flips=0 p=0 gt=0
    Phase C: measuring (60s)... flips=0 updates=0
    step 900 (130s): vdb=64 flips=0 p=0 gt=0
    step 1200 (174s): vdb=64 flips=0 p=1 gt=3
    Phase A (pre) divergence (/16):
         P0  P1  P2  P3
    P0:   0   2   2   1  (153)
    P1:   2   0   2   3  (72)
    P2:   2   2   0   1  (32)
    P3:   1   3   1   0  (144)
    Mean: 1.8
    Phase C (post) divergence (/16):
         P0  P1  P2  P3
    P0:   0   0   0   0  (153)
    P1:   0   0   0   0  (71)
    P2:   0   0   0   0  (28)
    P3:   0   0   0   0  (165)
    Mean: 0.0
    Confirms: 1236, Flips: 0, Updates: 0
    Rep 3: sign=0.0/16 mtfp=7.7/80 (6 pairs) flips=0

  ══ Control (CMD5 only) — Rep 4/5 ══

  ── Condition: Control (CMD5 only) ──
[DIAG] 500us: agree=1160 disagree=161 out_sel4=47 out_sel5=48 in101=0x84 in103=0x86 gpio_in=0x1103a348 cpu_agree=20 loop=0
[DIAG] gdma: raw=0x1 st=0x0 ena=0x2 conf0=0x0 link=0x27448(park=0) peri=9
[DIAG] gdma2: fifo=0x61 state=0x2e7628(dscr_st=3 out_st=2) eof_addr=0x40827604
[DIAG] parlio: cfg=0x1a089b40(tx_start=1 bytelen=9936) st=0x80000000(tx_ready=1) int_raw=0x5(eof=1 rempty=1)
[LP] Geometric processor running (100 Hz, 16 MHz RISC-V)
    step 300 (48s): vdb=37 flips=0 p=0 gt=3
    Phase B: control (60s)... baseline=410 confirms, VDB=51
    step 600 (91s): vdb=64 flips=0 p=3 gt=3
    Phase C: measuring (60s)... flips=0 updates=0
    step 900 (135s): vdb=64 flips=0 p=0 gt=3
    step 1200 (178s): vdb=64 flips=0 p=0 gt=0
    Phase A (pre) divergence (/16):
         P0  P1  P2  P3
    P0:   0   3   2   0  (153)
    P1:   3   0   5   3  (58)
    P2:   2   5   0   2  (33)
    P3:   0   3   2   0  (165)
    Mean: 2.5
    Phase C (post) divergence (/16):
         P0  P1  P2  P3
    P0:   0   1   0   0  (126)
    P1:   1   0   1   1  (72)
    P2:   0   1   0   0  (33)
    P3:   0   1   0   0  (165)
    Mean: 0.5
    Confirms: 1212, Flips: 0, Updates: 0
    Rep 4: sign=0.5/16 mtfp=8.3/80 (6 pairs) flips=0

  ══ Control (CMD5 only) — Rep 5/5 ══

  ── Condition: Control (CMD5 only) ──
[DIAG] 500us: agree=1251 disagree=135 out_sel4=47 out_sel5=48 in101=0x84 in103=0x86 gpio_in=0x1103a348 cpu_agree=20 loop=0
[DIAG] gdma: raw=0x1 st=0x0 ena=0x2 conf0=0x0 link=0x27448(park=0) peri=9
[DIAG] gdma2: fifo=0x61 state=0x2e7628(dscr_st=3 out_st=2) eof_addr=0x40827604
[DIAG] parlio: cfg=0x1a089b40(tx_start=1 bytelen=9936) st=0x80000000(tx_ready=1) int_raw=0x5(eof=1 rempty=1)
[LP] Geometric processor running (100 Hz, 16 MHz RISC-V)
    step 300 (43s): vdb=37 flips=0 p=0 gt=0
    Phase B: control (60s)... baseline=397 confirms, VDB=49
    step 600 (87s): vdb=64 flips=0 p=1 gt=1
    Phase C: measuring (60s)... flips=0 updates=0
    step 900 (132s): vdb=64 flips=0 p=1 gt=1
    Phase A (pre) divergence (/16):
         P0  P1  P2  P3
    P0:   0   0   0   0  (136)
    P1:   0   0   0   0  (72)
    P2:   0   0   0   0  (33)
    P3:   0   0   0   0  (155)
    Mean: 0.0
    Phase C (post) divergence (/16):
         P0  P1  P2  P3
    P0:   0   1   1   1  (153)
    P1:   1   0   2   0  (72)
    P2:   1   2   0   2  (31)
    P3:   1   0   2   0  (151)
    Mean: 1.2
    Confirms: 1199, Flips: 0, Updates: 0
    Rep 5: sign=1.2/16 mtfp=6.5/80 (6 pairs) flips=0

  ══ Hebbian (CMD5+learn) — Rep 1/5 ══

  ── Condition: Hebbian (CMD5+learn) ──
[DIAG] 500us: agree=804 disagree=492 out_sel4=47 out_sel5=48 in101=0x84 in103=0x86 gpio_in=0x11039348 cpu_agree=20 loop=0
[DIAG] gdma: raw=0x1 st=0x0 ena=0x2 conf0=0x0 link=0x27448(park=0) peri=9
[DIAG] gdma2: fifo=0x61 state=0x2e7628(dscr_st=3 out_st=2) eof_addr=0x40827604
[DIAG] parlio: cfg=0x1a089b40(tx_start=1 bytelen=9936) st=0x80000000(tx_ready=1) int_raw=0x5(eof=1 rempty=1)
[LP] Geometric processor running (100 Hz, 16 MHz RISC-V)
    step 300 (44s): vdb=37 flips=0 p=3 gt=3
    Phase B: learning (60s)... baseline=418 confirms, VDB=52
    step 600 (88s): vdb=64 flips=67 p=0 gt=3
    Phase C: measuring (60s)... flips=103 updates=31
    step 900 (131s): vdb=64 flips=103 p=3 gt=3
    step 1200 (175s): vdb=64 flips=103 p=0 gt=0
    Phase A (pre) divergence (/16):
         P0  P1  P2  P3
    P0:   0   3   3   4  (153)
    P1:   3   0   2   1  (72)
    P2:   3   2   0   1  (27)
    P3:   4   1   1   0  (165)
    Mean: 2.3
    Phase C (post) divergence (/16):
         P0  P1  P2  P3
    P0:   0   0   0   0  (153)
    P1:   0   0   0   0  (59)
    P2:   0   0   0   0  (33)
    P3:   0   0   0   0  (165)
    Mean: 0.0
    Confirms: 1242, Flips: 103, Updates: 31
    Rep 1: sign=0.0/16 mtfp=8.7/80 (6 pairs) flips=103

  ══ Hebbian (CMD5+learn) — Rep 2/5 ══

  ── Condition: Hebbian (CMD5+learn) ──
[DIAG] 500us: agree=1104 disagree=191 out_sel4=47 out_sel5=48 in101=0x84 in103=0x86 gpio_in=0x11039348 cpu_agree=20 loop=0
[DIAG] gdma: raw=0x1 st=0x0 ena=0x2 conf0=0x0 link=0x27448(park=0) peri=9
[DIAG] gdma2: fifo=0x61 state=0x2e7628(dscr_st=3 out_st=2) eof_addr=0x40827604
[DIAG] parlio: cfg=0x1a089b40(tx_start=1 bytelen=9936) st=0x80000000(tx_ready=1) int_raw=0x5(eof=1 rempty=1)
[LP] Geometric processor running (100 Hz, 16 MHz RISC-V)
    step 300 (45s): vdb=37 flips=0 p=1 gt=1
    Phase B: learning (60s)... baseline=404 confirms, VDB=50
    step 600 (93s): vdb=64 flips=65 p=1 gt=3
    Phase C: measuring (60s)... flips=105 updates=43
    step 900 (136s): vdb=64 flips=105 p=3 gt=3
    Phase A (pre) divergence (/16):
         P0  P1  P2  P3
    P0:   0   4   3   3  (139)
    P1:   4   0   3   5  (66)
    P2:   3   3   0   4  (33)
    P3:   3   5   4   0  (165)
    Mean: 3.7
    Phase C (post) divergence (/16):
         P0  P1  P2  P3
    P0:   0   3   1   2  (143)
    P1:   3   0   2   1  (72)
    P2:   1   2   0   1  (33)
    P3:   2   1   1   0  (148)
    Mean: 1.7
    Confirms: 1195, Flips: 105, Updates: 43
    Rep 2: sign=1.7/16 mtfp=10.7/80 (6 pairs) flips=105

  ══ Hebbian (CMD5+learn) — Rep 3/5 ══

  ── Condition: Hebbian (CMD5+learn) ──
[DIAG] 500us: agree=918 disagree=468 out_sel4=47 out_sel5=48 in101=0x84 in103=0x86 gpio_in=0x1103a348 cpu_agree=20 loop=0
[DIAG] gdma: raw=0x1 st=0x0 ena=0x2 conf0=0x0 link=0x27448(park=0) peri=9
[DIAG] gdma2: fifo=0x61 state=0x2e7628(dscr_st=3 out_st=2) eof_addr=0x40827604
[DIAG] parlio: cfg=0x1a089b40(tx_start=1 bytelen=9936) st=0x80000000(tx_ready=1) int_raw=0x5(eof=1 rempty=1)
[LP] Geometric processor running (100 Hz, 16 MHz RISC-V)
    step 300 (43s): vdb=37 flips=0 p=0 gt=0
    Phase B: learning (60s)... baseline=397 confirms, VDB=49
    step 600 (87s): vdb=64 flips=12 p=0 gt=0
    Phase C: measuring (60s)... flips=31 updates=16
    step 900 (130s): vdb=64 flips=31 p=0 gt=0
    step 1200 (174s): vdb=64 flips=31 p=1 gt=1
    Phase A (pre) divergence (/16):
         P0  P1  P2  P3
    P0:   0   0   1   1  (153)
    P1:   0   0   1   1  (72)
    P2:   1   1   0   2  (33)
    P3:   1   1   2   0  (138)
    Mean: 1.0
    Phase C (post) divergence (/16):
         P0  P1  P2  P3
    P0:   0   2   3   4  (153)
    P1:   2   0   3   2  (72)
    P2:   3   3   0   1  (28)
    P3:   4   2   1   0  (165)
    Mean: 2.5
    Confirms: 1226, Flips: 31, Updates: 16
    Rep 3: sign=2.5/16 mtfp=7.8/80 (6 pairs) flips=31

  ══ Hebbian (CMD5+learn) — Rep 4/5 ══

  ── Condition: Hebbian (CMD5+learn) ──
[DIAG] 500us: agree=869 disagree=466 out_sel4=47 out_sel5=48 in101=0x84 in103=0x86 gpio_in=0x1103a348 cpu_agree=20 loop=0
[DIAG] gdma: raw=0x1 st=0x0 ena=0x2 conf0=0x0 link=0x27448(park=0) peri=9
[DIAG] gdma2: fifo=0x61 state=0x2e7628(dscr_st=3 out_st=2) eof_addr=0x40827604
[DIAG] parlio: cfg=0x1a089b40(tx_start=1 bytelen=9936) st=0x80000000(tx_ready=1) int_raw=0x5(eof=1 rempty=1)
[LP] Geometric processor running (100 Hz, 16 MHz RISC-V)
    step 300 (47s): vdb=37 flips=0 p=0 gt=3
    Phase B: learning (60s)... baseline=414 confirms, VDB=51
    step 600 (90s): vdb=64 flips=109 p=3 gt=3
    Phase C: measuring (60s)... flips=119 updates=22
    step 900 (134s): vdb=64 flips=119 p=0 gt=3
    step 1200 (177s): vdb=64 flips=119 p=0 gt=0
    Phase A (pre) divergence (/16):
         P0  P1  P2  P3
    P0:   0   0   2   1  (153)
    P1:   0   0   2   1  (64)
    P2:   2   2   0   1  (31)
    P3:   1   1   1   0  (165)
    Mean: 1.2
    Phase C (post) divergence (/16):
         P0  P1  P2  P3
    P0:   0   0   0   0  (132)
    P1:   0   0   0   0  (69)
    P2:   0   0   0   0  (33)
    P3:   0   0   0   0  (165)
    Mean: 0.0
    Confirms: 1222, Flips: 119, Updates: 22
    Rep 4: sign=0.0/16 mtfp=6.3/80 (6 pairs) flips=119

  ══ Hebbian (CMD5+learn) — Rep 5/5 ══

  ── Condition: Hebbian (CMD5+learn) ──
[DIAG] 500us: agree=1255 disagree=131 out_sel4=47 out_sel5=48 in101=0x84 in103=0x86 gpio_in=0x1103a348 cpu_agree=20 loop=0
[DIAG] gdma: raw=0x1 st=0x0 ena=0x2 conf0=0x0 link=0x27448(park=0) peri=9
[DIAG] gdma2: fifo=0x61 state=0x2e7628(dscr_st=3 out_st=2) eof_addr=0x40827604
[DIAG] parlio: cfg=0x1a089b40(tx_start=1 bytelen=9936) st=0x80000000(tx_ready=1) int_raw=0x5(eof=1 rempty=1)
[LP] Geometric processor running (100 Hz, 16 MHz RISC-V)
    step 300 (43s): vdb=37 flips=0 p=0 gt=0
    Phase B: learning (60s)... baseline=397 confirms, VDB=49
    step 600 (88s): vdb=64 flips=73 p=1 gt=1
    Phase C: measuring (60s)... flips=95 updates=28
    step 900 (135s): vdb=64 flips=95 p=2 gt=2
    Phase A (pre) divergence (/16):
         P0  P1  P2  P3
    P0:   0   4   4   2  (126)
    P1:   4   0   3   3  (72)
    P2:   4   3   0   2  (33)
    P3:   2   3   2   0  (165)
    Mean: 3.0
    Phase C (post) divergence (/16):
         P0  P1  P2  P3
    P0:   0   2   2   6  (153)
    P1:   2   0   2   6  (72)
    P2:   2   2   0   4  (33)
    P3:   6   6   4   0  (138)
    Mean: 3.7
    Confirms: 1188, Flips: 95, Updates: 28
    Rep 5: sign=3.7/16 mtfp=12.8/80 (6 pairs) flips=95

  ══ TEST 15 COMPARISON (5 reps per condition) ══
  Control (CMD5 only)       sign: 0.6±0.4 /16  mtfp: 6.2±2.0 /80
                            (sign reps: 0.7 0.5 0.0 0.5 1.2)  (mtfp reps: 4.5 3.8 7.7 8.3 6.5)
  Hebbian (CMD5+learn)      sign: 1.6±1.6 /16  mtfp: 9.3±2.5 /80
                            (sign reps: 0.0 1.7 2.5 0.0 3.7)  (mtfp reps: 8.7 10.7 7.8 6.3 12.8)

  Sign contribution:  +1.0 ± 1.7 Hamming /16
  MTFP contribution:  +3.1 ± 3.2 Hamming /80

  ── Verdict ──
  Hebbian > Control (mean):  YES (+1.0)
  Exceeds noise (>1 std):    NO (+1.0 vs ±1.7)
  FAIL
============================================================
  RESULTS: 1 / 2 PASSED
============================================================

  SOME TESTS FAILED — see details above.

-- LP CHAR: LP Dynamics Characterization --
   (diagnostic — not counted in pass/fail)
  Rep 1/3:
    P1 step   0: fires=13 blend= 0 score=  0 vdb=1
    P1 step 100: fires=13 blend= 1 score= 31 vdb=5
    P1 step 200: fires=13 blend= 1 score= 31 vdb=9
    P1 step 300: fires=13 blend= 1 score= 31 vdb=13
    P1 step 400: fires=13 blend= 1 score= 31 vdb=17
    P1 done: vdb_nodes=20
    P2 step  0: fires=16 blend= 9 score= 15 applied=1
    P2 step  1: fires=16 blend= 9 score=  9 applied=1
    P2 step  2: fires=16 blend= 8 score=  8 applied=1
    P2 step  3: fires=13 blend= 8 score=  8 applied=1
    P2 step  4: fires=13 blend= 8 score= 11 applied=1
    P2 step  5: fires=14 blend= 6 score=  9 applied=1
    P2 step  6: fires=12 blend= 5 score= 11 applied=1
    P2 step  7: fires=16 blend= 5 score= 11 applied=1
    P2 step  8: fires=13 blend= 7 score= 10 applied=1
    P2 step  9: fires=16 blend= 5 score= 11 applied=1
    P2 step 10: fires=13 blend= 7 score= 10 applied=1
    P2 step 11: fires=16 blend= 5 score= 11 applied=1
    P2 step 12: fires=13 blend= 7 score= 10 applied=1
    P2 step 13: fires=16 blend= 5 score= 11 applied=1
    P2 step 14: fires=13 blend= 7 score= 10 applied=1
    P2 step 15: fires=16 blend= 5 score= 11 applied=1
    P2 step 16: fires=13 blend= 7 score= 10 applied=1
    P2 step 17: fires=16 blend= 5 score= 11 applied=1
    P2 step 18: fires=13 blend= 7 score= 10 applied=1
    P2 step 19: fires=16 blend= 5 score= 11 applied=1
    P2 step 20: fires=13 blend= 7 score= 10 applied=1
    P2 step 21: fires=16 blend= 5 score= 11 applied=1
    P2 step 22: fires=13 blend= 7 score= 10 applied=1
    P2 step 23: fires=16 blend= 5 score= 11 applied=1
    P2 step 24: fires=13 blend= 7 score= 10 applied=1
    P2 step 25: fires=16 blend= 5 score= 11 applied=1
    P2 step 26: fires=13 blend= 7 score= 10 applied=1
    P2 step 27: fires=16 blend= 5 score= 11 applied=1
    P2 step 28: fires=13 blend= 7 score= 10 applied=1
    P2 step 29: fires=16 blend= 5 score= 11 applied=1
    P2 step 30: fires=13 blend= 7 score= 10 applied=1
    P2 step 31: fires=16 blend= 5 score= 11 applied=1
    P2 step 32: fires=13 blend= 7 score= 10 applied=1
    P2 step 33: fires=16 blend= 5 score= 11 applied=1
    P2 step 34: fires=13 blend= 7 score= 10 applied=1
    P2 step 35: fires=16 blend= 5 score= 11 applied=1
    P2 step 36: fires=13 blend= 7 score= 10 applied=1
    P2 step 37: fires=16 blend= 5 score= 11 applied=1
    P2 step 38: fires=13 blend= 7 score= 10 applied=1
    P2 step 39: fires=16 blend= 5 score= 11 applied=1
    P2 step 40: fires=13 blend= 7 score= 10 applied=1
    P2 step 41: fires=16 blend= 5 score= 11 applied=1
    P2 step 42: fires=13 blend= 7 score= 10 applied=1
    P2 step 43: fires=16 blend= 5 score= 11 applied=1
    P2 step 44: fires=13 blend= 7 score= 10 applied=1
    P2 step 45: fires=16 blend= 5 score= 11 applied=1
    P2 step 46: fires=13 blend= 7 score= 10 applied=1
    P2 step 47: fires=16 blend= 5 score= 11 applied=1
    P2 step 48: fires=13 blend= 7 score= 10 applied=1
    P2 step 49: fires=16 blend= 5 score= 11 applied=1
    P2 step 50: fires=13 blend= 7 score= 10 applied=1
    P2 step 51: fires=16 blend= 5 score= 11 applied=1
    P2 step 52: fires=13 blend= 7 score= 10 applied=1
    P2 step 53: fires=16 blend= 5 score= 11 applied=1
    P2 step 54: fires=13 blend= 7 score= 10 applied=1
    P2 step 55: fires=16 blend= 5 score= 11 applied=1
    P2 step 56: fires=13 blend= 7 score= 10 applied=1
    P2 step 57: fires=16 blend= 5 score= 11 applied=1
    P2 step 58: fires=13 blend= 7 score= 10 applied=1
    P2 step 59: fires=16 blend= 5 score= 11 applied=1
    P2 step 60: fires=13 blend= 7 score= 10 applied=1
    P2 step 61: fires=16 blend= 5 score= 11 applied=1
    P2 step 62: fires=13 blend= 7 score= 10 applied=1
    P2 step 63: fires=16 blend= 5 score= 11 applied=1
    P2 step 64: fires=13 blend= 7 score= 10 applied=1
    P2 step 65: fires=16 blend= 5 score= 11 applied=1
    P2 step 66: fires=13 blend= 7 score= 10 applied=1
    P2 step 67: fires=16 blend= 5 score= 11 applied=1
    P2 step 68: fires=13 blend= 7 score= 10 applied=1
    P2 step 69: fires=16 blend= 5 score= 11 applied=1
    P2 step 70: fires=13 blend= 7 score= 10 applied=1
    P2 step 71: fires=16 blend= 5 score= 11 applied=1
    P2 step 72: fires=13 blend= 7 score= 10 applied=1
    P2 step 73: fires=16 blend= 5 score= 11 applied=1
    P2 step 74: fires=13 blend= 7 score= 10 applied=1
    P2 step 75: fires=16 blend= 5 score= 11 applied=1
    P2 step 76: fires=13 blend= 7 score= 10 applied=1
    P2 step 77: fires=16 blend= 5 score= 11 applied=1
    P2 step 78: fires=13 blend= 7 score= 10 applied=1
    P2 step 79: fires=16 blend= 5 score= 11 applied=1
    P2 step 80: fires=13 blend= 7 score= 10 applied=1
    P2 step 81: fires=16 blend= 5 score= 11 applied=1
    P2 step 82: fires=13 blend= 7 score= 10 applied=1
    P2 step 83: fires=16 blend= 5 score= 11 applied=1
    P2 step 84: fires=13 blend= 7 score= 10 applied=1
    P2 step 85: fires=16 blend= 5 score= 11 applied=1
    P2 step 86: fires=13 blend= 7 score= 10 applied=1
    P2 step 87: fires=16 blend= 5 score= 11 applied=1
    P2 step 88: fires=13 blend= 7 score= 10 applied=1
    P2 step 89: fires=16 blend= 5 score= 11 applied=1
    P2 step 90: fires=13 blend= 7 score= 10 applied=1
    P2 step 91: fires=16 blend= 5 score= 11 applied=1
    P2 step 92: fires=13 blend= 7 score= 10 applied=1
    P2 step 93: fires=16 blend= 5 score= 11 applied=1
    P2 step 94: fires=13 blend= 7 score= 10 applied=1
    P2 step 95: fires=16 blend= 5 score= 11 applied=1
    P2 step 96: fires=13 blend= 7 score= 10 applied=1
    P2 step 97: fires=16 blend= 5 score= 11 applied=1
    P2 step 98: fires=13 blend= 7 score= 10 applied=1
    P2 step 99: fires=16 blend= 5 score= 11 applied=1
    P1 mean: fires/step=13.1  blend/step=1.1  implied_alpha=0.069
    P2 mean: fires/step=14.5  blend/step=6.1  implied_alpha=0.381

  Rep 2/3:
    P1 step   0: fires=13 blend= 0 score=  0 vdb=1
    P1 step 100: fires=13 blend= 1 score= 31 vdb=5
    P1 step 200: fires=13 blend= 1 score= 31 vdb=9
    P1 step 300: fires=13 blend= 1 score= 31 vdb=13
    P1 step 400: fires=13 blend= 1 score= 31 vdb=17
    P1 done: vdb_nodes=20
    P2 step  0: fires=16 blend= 9 score= 15 applied=1
    P2 step  1: fires=16 blend= 9 score=  9 applied=1
    P2 step  2: fires=16 blend= 8 score=  8 applied=1
    P2 step  3: fires=13 blend= 8 score=  8 applied=1
    P2 step  4: fires=13 blend= 8 score= 11 applied=1
    P2 step  5: fires=14 blend= 6 score=  9 applied=1
    P2 step  6: fires=12 blend= 5 score= 11 applied=1
    P2 step  7: fires=16 blend= 5 score= 11 applied=1
    P2 step  8: fires=13 blend= 7 score= 10 applied=1
    P2 step  9: fires=16 blend= 5 score= 11 applied=1
    P2 step 10: fires=13 blend= 7 score= 10 applied=1
    P2 step 11: fires=16 blend= 5 score= 11 applied=1
    P2 step 12: fires=13 blend= 7 score= 10 applied=1
    P2 step 13: fires=16 blend= 5 score= 11 applied=1
    P2 step 14: fires=13 blend= 7 score= 10 applied=1
    P2 step 15: fires=16 blend= 5 score= 11 applied=1
    P2 step 16: fires=13 blend= 7 score= 10 applied=1
    P2 step 17: fires=16 blend= 5 score= 11 applied=1
    P2 step 18: fires=13 blend= 7 score= 10 applied=1
    P2 step 19: fires=16 blend= 5 score= 11 applied=1
    P2 step 20: fires=13 blend= 7 score= 10 applied=1
    P2 step 21: fires=16 blend= 5 score= 11 applied=1
    P2 step 22: fires=13 blend= 7 score= 10 applied=1
    P2 step 23: fires=16 blend= 5 score= 11 applied=1
    P2 step 24: fires=13 blend= 7 score= 10 applied=1
    P2 step 25: fires=16 blend= 5 score= 11 applied=1
    P2 step 26: fires=13 blend= 7 score= 10 applied=1
    P2 step 27: fires=16 blend= 5 score= 11 applied=1
    P2 step 28: fires=13 blend= 7 score= 10 applied=1
    P2 step 29: fires=16 blend= 5 score= 11 applied=1
    P2 step 30: fires=13 blend= 7 score= 10 applied=1
    P2 step 31: fires=16 blend= 5 score= 11 applied=1
    P2 step 32: fires=13 blend= 7 score= 10 applied=1
    P2 step 33: fires=16 blend= 5 score= 11 applied=1
    P2 step 34: fires=13 blend= 7 score= 10 applied=1
    P2 step 35: fires=16 blend= 5 score= 11 applied=1
    P2 step 36: fires=13 blend= 7 score= 10 applied=1
    P2 step 37: fires=16 blend= 5 score= 11 applied=1
    P2 step 38: fires=13 blend= 7 score= 10 applied=1
    P2 step 39: fires=16 blend= 5 score= 11 applied=1
    P2 step 40: fires=13 blend= 7 score= 10 applied=1
    P2 step 41: fires=16 blend= 5 score= 11 applied=1
    P2 step 42: fires=13 blend= 7 score= 10 applied=1
    P2 step 43: fires=16 blend= 5 score= 11 applied=1
    P2 step 44: fires=13 blend= 7 score= 10 applied=1
    P2 step 45: fires=16 blend= 5 score= 11 applied=1
    P2 step 46: fires=13 blend= 7 score= 10 applied=1
    P2 step 47: fires=16 blend= 5 score= 11 applied=1
    P2 step 48: fires=13 blend= 7 score= 10 applied=1
    P2 step 49: fires=16 blend= 5 score= 11 applied=1
    P2 step 50: fires=13 blend= 7 score= 10 applied=1
    P2 step 51: fires=16 blend= 5 score= 11 applied=1
    P2 step 52: fires=13 blend= 7 score= 10 applied=1
    P2 step 53: fires=16 blend= 5 score= 11 applied=1
    P2 step 54: fires=13 blend= 7 score= 10 applied=1
    P2 step 55: fires=16 blend= 5 score= 11 applied=1
    P2 step 56: fires=13 blend= 7 score= 10 applied=1
    P2 step 57: fires=16 blend= 5 score= 11 applied=1
    P2 step 58: fires=13 blend= 7 score= 10 applied=1
    P2 step 59: fires=16 blend= 5 score= 11 applied=1
    P2 step 60: fires=13 blend= 7 score= 10 applied=1
    P2 step 61: fires=16 blend= 5 score= 11 applied=1
    P2 step 62: fires=13 blend= 7 score= 10 applied=1
    P2 step 63: fires=16 blend= 5 score= 11 applied=1
    P2 step 64: fires=13 blend= 7 score= 10 applied=1
    P2 step 65: fires=16 blend= 5 score= 11 applied=1
    P2 step 66: fires=13 blend= 7 score= 10 applied=1
    P2 step 67: fires=16 blend= 5 score= 11 applied=1
    P2 step 68: fires=13 blend= 7 score= 10 applied=1
    P2 step 69: fires=16 blend= 5 score= 11 applied=1
    P2 step 70: fires=13 blend= 7 score= 10 applied=1
    P2 step 71: fires=16 blend= 5 score= 11 applied=1
    P2 step 72: fires=13 blend= 7 score= 10 applied=1
    P2 step 73: fires=16 blend= 5 score= 11 applied=1
    P2 step 74: fires=13 blend= 7 score= 10 applied=1
    P2 step 75: fires=16 blend= 5 score= 11 applied=1
    P2 step 76: fires=13 blend= 7 score= 10 applied=1
    P2 step 77: fires=16 blend= 5 score= 11 applied=1
    P2 step 78: fires=13 blend= 7 score= 10 applied=1
    P2 step 79: fires=16 blend= 5 score= 11 applied=1
    P2 step 80: fires=13 blend= 7 score= 10 applied=1
    P2 step 81: fires=16 blend= 5 score= 11 applied=1
    P2 step 82: fires=13 blend= 7 score= 10 applied=1
    P2 step 83: fires=16 blend= 5 score= 11 applied=1
    P2 step 84: fires=13 blend= 7 score= 10 applied=1
    P2 step 85: fires=16 blend= 5 score= 11 applied=1
    P2 step 86: fires=13 blend= 7 score= 10 applied=1
    P2 step 87: fires=16 blend= 5 score= 11 applied=1
    P2 step 88: fires=13 blend= 7 score= 10 applied=1
    P2 step 89: fires=16 blend= 5 score= 11 applied=1
    P2 step 90: fires=13 blend= 7 score= 10 applied=1
    P2 step 91: fires=16 blend= 5 score= 11 applied=1
    P2 step 92: fires=13 blend= 7 score= 10 applied=1
    P2 step 93: fires=16 blend= 5 score= 11 applied=1
    P2 step 94: fires=13 blend= 7 score= 10 applied=1
    P2 step 95: fires=16 blend= 5 score= 11 applied=1
    P2 step 96: fires=13 blend= 7 score= 10 applied=1
    P2 step 97: fires=16 blend= 5 score= 11 applied=1
    P2 step 98: fires=13 blend= 7 score= 10 applied=1
    P2 step 99: fires=16 blend= 5 score= 11 applied=1
    P1 mean: fires/step=13.1  blend/step=1.1  implied_alpha=0.069
    P2 mean: fires/step=14.5  blend/step=6.1  implied_alpha=0.381

  Rep 3/3:
    P1 step   0: fires=13 blend= 0 score=  0 vdb=1
    P1 step 100: fires=13 blend= 1 score= 31 vdb=5
    P1 step 200: fires=13 blend= 1 score= 31 vdb=9
    P1 step 300: fires=13 blend= 1 score= 31 vdb=13
    P1 step 400: fires=13 blend= 1 score= 31 vdb=17
    P1 done: vdb_nodes=20
    P2 step  0: fires=16 blend= 9 score= 15 applied=1
    P2 step  1: fires=16 blend= 9 score=  9 applied=1
    P2 step  2: fires=16 blend= 8 score=  8 applied=1
    P2 step  3: fires=13 blend= 8 score=  8 applied=1
    P2 step  4: fires=13 blend= 8 score= 11 applied=1
    P2 step  5: fires=14 blend= 6 score=  9 applied=1
    P2 step  6: fires=12 blend= 5 score= 11 applied=1
    P2 step  7: fires=16 blend= 5 score= 11 applied=1
    P2 step  8: fires=13 blend= 7 score= 10 applied=1
    P2 step  9: fires=16 blend= 5 score= 11 applied=1
    P2 step 10: fires=13 blend= 7 score= 10 applied=1
    P2 step 11: fires=16 blend= 5 score= 11 applied=1
    P2 step 12: fires=13 blend= 7 score= 10 applied=1
    P2 step 13: fires=16 blend= 5 score= 11 applied=1
    P2 step 14: fires=13 blend= 7 score= 10 applied=1
    P2 step 15: fires=16 blend= 5 score= 11 applied=1
    P2 step 16: fires=13 blend= 7 score= 10 applied=1
    P2 step 17: fires=16 blend= 5 score= 11 applied=1
    P2 step 18: fires=13 blend= 7 score= 10 applied=1
    P2 step 19: fires=16 blend= 5 score= 11 applied=1
    P2 step 20: fires=13 blend= 7 score= 10 applied=1
    P2 step 21: fires=16 blend= 5 score= 11 applied=1
    P2 step 22: fires=13 blend= 7 score= 10 applied=1
    P2 step 23: fires=16 blend= 5 score= 11 applied=1
    P2 step 24: fires=13 blend= 7 score= 10 applied=1
    P2 step 25: fires=16 blend= 5 score= 11 applied=1
    P2 step 26: fires=13 blend= 7 score= 10 applied=1
    P2 step 27: fires=16 blend= 5 score= 11 applied=1
    P2 step 28: fires=13 blend= 7 score= 10 applied=1
    P2 step 29: fires=16 blend= 5 score= 11 applied=1
    P2 step 30: fires=13 blend= 7 score= 10 applied=1
    P2 step 31: fires=16 blend= 5 score= 11 applied=1
    P2 step 32: fires=13 blend= 7 score= 10 applied=1
    P2 step 33: fires=16 blend= 5 score= 11 applied=1
    P2 step 34: fires=13 blend= 7 score= 10 applied=1
    P2 step 35: fires=16 blend= 5 score= 11 applied=1
    P2 step 36: fires=13 blend= 7 score= 10 applied=1
    P2 step 37: fires=16 blend= 5 score= 11 applied=1
    P2 step 38: fires=13 blend= 7 score= 10 applied=1
    P2 step 39: fires=16 blend= 5 score= 11 applied=1
    P2 step 40: fires=13 blend= 7 score= 10 applied=1
    P2 step 41: fires=16 blend= 5 score= 11 applied=1
    P2 step 42: fires=13 blend= 7 score= 10 applied=1
    P2 step 43: fires=16 blend= 5 score= 11 applied=1
    P2 step 44: fires=13 blend= 7 score= 10 applied=1
    P2 step 45: fires=16 blend= 5 score= 11 applied=1
    P2 step 46: fires=13 blend= 7 score= 10 applied=1
    P2 step 47: fires=16 blend= 5 score= 11 applied=1
    P2 step 48: fires=13 blend= 7 score= 10 applied=1
    P2 step 49: fires=16 blend= 5 score= 11 applied=1
    P2 step 50: fires=13 blend= 7 score= 10 applied=1
    P2 step 51: fires=16 blend= 5 score= 11 applied=1
    P2 step 52: fires=13 blend= 7 score= 10 applied=1
    P2 step 53: fires=16 blend= 5 score= 11 applied=1
    P2 step 54: fires=13 blend= 7 score= 10 applied=1
    P2 step 55: fires=16 blend= 5 score= 11 applied=1
    P2 step 56: fires=13 blend= 7 score= 10 applied=1
    P2 step 57: fires=16 blend= 5 score= 11 applied=1
    P2 step 58: fires=13 blend= 7 score= 10 applied=1
    P2 step 59: fires=16 blend= 5 score= 11 applied=1
    P2 step 60: fires=13 blend= 7 score= 10 applied=1
    P2 step 61: fires=16 blend= 5 score= 11 applied=1
    P2 step 62: fires=13 blend= 7 score= 10 applied=1
    P2 step 63: fires=16 blend= 5 score= 11 applied=1
    P2 step 64: fires=13 blend= 7 score= 10 applied=1
    P2 step 65: fires=16 blend= 5 score= 11 applied=1
    P2 step 66: fires=13 blend= 7 score= 10 applied=1
    P2 step 67: fires=16 blend= 5 score= 11 applied=1
    P2 step 68: fires=13 blend= 7 score= 10 applied=1
    P2 step 69: fires=16 blend= 7 score= 11 applied=1
    P2 step 70: fires=13 blend= 7 score= 10 applied=1
    P2 step 71: fires=16 blend= 5 score= 11 applied=1
    P2 step 72: fires=13 blend= 7 score= 10 applied=1
    P2 step 73: fires=16 blend= 5 score= 11 applied=1
    P2 step 74: fires=13 blend= 7 score= 10 applied=1
    P2 step 75: fires=16 blend= 5 score= 11 applied=1
    P2 step 76: fires=13 blend= 7 score= 10 applied=1
    P2 step 77: fires=16 blend= 5 score= 11 applied=1
    P2 step 78: fires=13 blend= 7 score= 10 applied=1
    P2 step 79: fires=16 blend= 5 score= 11 applied=1
    P2 step 80: fires=13 blend= 7 score= 10 applied=1
    P2 step 81: fires=16 blend= 5 score= 11 applied=1
    P2 step 82: fires=13 blend= 7 score= 10 applied=1
    P2 step 83: fires=16 blend= 5 score= 11 applied=1
    P2 step 84: fires=13 blend= 7 score= 10 applied=1
    P2 step 85: fires=16 blend= 5 score= 11 applied=1
    P2 step 86: fires=13 blend= 7 score= 10 applied=1
    P2 step 87: fires=16 blend= 5 score= 11 applied=1
    P2 step 88: fires=13 blend= 7 score= 10 applied=1
    P2 step 89: fires=16 blend= 5 score= 11 applied=1
    P2 step 90: fires=13 blend= 7 score= 10 applied=1
    P2 step 91: fires=16 blend= 5 score= 11 applied=1
    P2 step 92: fires=13 blend= 7 score= 10 applied=1
    P2 step 93: fires=16 blend= 5 score= 11 applied=1
    P2 step 94: fires=13 blend= 7 score= 10 applied=1
    P2 step 95: fires=16 blend= 5 score= 11 applied=1
    P2 step 96: fires=13 blend= 7 score= 10 applied=1
    P2 step 97: fires=16 blend= 5 score= 11 applied=1
    P2 step 98: fires=13 blend= 7 score= 10 applied=1
    P2 step 99: fires=16 blend= 5 score= 11 applied=1
    P1 mean: fires/step=13.1  blend/step=1.1  implied_alpha=0.069
    P2 mean: fires/step=14.5  blend/step=6.1  implied_alpha=0.382

  Switch window (rep 3, last 20 P1 → first 30 P2):
  step | fires | blend | score | appl | lp_hidden
  -----|-------|-------|-------|------|----------
   -20 |    13 |     1 |    31 |    1 | --+---++++0++++-
   -19 |    13 |     1 |    31 |    1 | --+---++++0++++-
   -18 |    13 |     1 |    31 |    1 | --+---++++0++++-
   -17 |    13 |     1 |    31 |    1 | --+---++++0++++-
   -16 |    13 |     1 |    31 |    1 | --+---++++0++++-
   -15 |    13 |     1 |    31 |    1 | --+---++++0++++-
   -14 |    13 |     1 |    31 |    1 | --+---++++0++++-
   -13 |    13 |     1 |    31 |    1 | --+---++++0++++-
   -12 |    13 |     1 |    31 |    1 | --+---++++0++++-
   -11 |    13 |     1 |    31 |    1 | --+---++++0++++-
   -10 |    13 |     1 |    31 |    1 | --+---++++0++++-
    -9 |    13 |     1 |    31 |    1 | --+---++++0++++-
    -8 |    13 |     1 |    31 |    1 | --+---++++0++++-
    -7 |    13 |     1 |    31 |    1 | --+---++++0++++-
    -6 |    13 |     1 |    31 |    1 | --+---++++0++++-
    -5 |    13 |     1 |    31 |    1 | --+---++++0++++-
    -4 |    13 |     1 |    31 |    1 | --+---++++0++++-
    -3 |    13 |     1 |    31 |    1 | --+---++++0++++-
    -2 |    13 |     1 |    31 |    1 | --+---++++0++++-
    -1 |    13 |     1 |    31 |    1 | --+---++++0++++-
    +0 |    16 |     9 |    15 |    1 | -0+--00+00-0+++-
    +1 |    16 |     9 |     9 |    1 | -0+-000+0+-0+++0
    +2 |    16 |     8 |     8 |    1 | -00--00+0+-0+++0
    +3 |    13 |     8 |     8 |    1 | -0+--0++++-0+++0
    +4 |    13 |     8 |    11 |    1 | -00-00++0+-0+++-
    +5 |    14 |     6 |     9 |    1 | -00--0++++-0+++-
    +6 |    12 |     5 |    11 |    1 | -00--0++0+-++++-
    +7 |    16 |     5 |    11 |    1 | -00--00+++-0+++-
    +8 |    13 |     7 |    10 |    1 | -00--0++0+-++++-
    +9 |    16 |     5 |    11 |    1 | -00--00+++-0+++-
   +10 |    13 |     7 |    10 |    1 | -00--0++0+-++++-
   +11 |    16 |     5 |    11 |    1 | -00--00+++-0+++-
   +12 |    13 |     7 |    10 |    1 | -00--0++0+-++++-
   +13 |    16 |     5 |    11 |    1 | -00--00+++-0+++-
   +14 |    13 |     7 |    10 |    1 | -00--0++0+-++++-
   +15 |    16 |     5 |    11 |    1 | -00--00+++-0+++-
   +16 |    13 |     7 |    10 |    1 | -00--0++0+-++++-
   +17 |    16 |     5 |    11 |    1 | -00--00+++-0+++-
   +18 |    13 |     7 |    10 |    1 | -00--0++0+-++++-
   +19 |    16 |     5 |    11 |    1 | -00--00+++-0+++-
   +20 |    13 |     7 |    10 |    1 | -00--0++0+-++++-
   +21 |    16 |     5 |    11 |    1 | -00--00+++-0+++-
   +22 |    13 |     7 |    10 |    1 | -00--0++0+-++++-
   +23 |    16 |     5 |    11 |    1 | -00--00+++-0+++-
   +24 |    13 |     7 |    10 |    1 | -00--0++0+-++++-
   +25 |    16 |     5 |    11 |    1 | -00--00+++-0+++-
   +26 |    13 |     7 |    10 |    1 | -00--0++0+-++++-
   +27 |    16 |     5 |    11 |    1 | -00--00+++-0+++-
   +28 |    13 |     7 |    10 |    1 | -00--0++0+-++++-
   +29 |    16 |     5 |    11 |    1 | -00--00+++-0+++-

  SUMMARY (3 reps, P1=500 steps, P2=100 steps):
  P1 steady: fires/step=13.1  blend/step=1.1  implied_alpha=0.069
  P2 phase:  fires/step=14.5  blend/step=6.1  implied_alpha=0.382
  REGIME: Path A dominant (CfC fires > 2/step)
  Sim calibration: LP_SIM_THRESHOLD should match Path A threshold; BLEND_ALPHA = 0.069


── LP DOT MAGNITUDE DIAGNOSTIC ──
  (CPU reference, not LP core)

  LP f-pathway dots (per neuron, 4 patterns):
        n00 n01 n02 n03 n04 n05 n06 n07 n08 n09 n10 n11 n12 n13 n14 n15
  P0:   -5  -2  -3  +0  +4 +14  +2  +1  -8  -2  -3  -3  +1  +0  -3  +4
  P1:   -1  -6  -3  +4  +8  +6  +8  -1 -14  +2  +3  +5  -3  -8  -1  -4
  P2:   -3  -4  -1  +0  +4 +10  +6  +1 -10  +2  +1  +1  -1  -8  +1  +2
  P3:   -1  -6  -1  +4  +6  +8  +4  -1 -14  -2  +1  +1  -3  -4  -1  -2

  LP f-pathway SIGNS:
         n00  n01  n02  n03  n04  n05  n06  n07  n08  n09  n10  n11  n12  n13  n14  n15
  P0:    -    -    -    0    +    +    +    +    -    -    -    -    +    0    -    + 
  P1:    -    -    -    +    +    +    +    -    -    +    +    +    -    -    -    - 
  P2:    -    -    -    0    +    +    +    +    -    +    +    +    -    -    +    + 
  P3:    -    -    -    +    +    +    +    -    -    -    +    +    -    -    -    - 

  P1 vs P2 comparison (f-pathway):
    n00: P1= -1 P2= -3  sign=SAME  |mag_diff|=2
    n01: P1= -6 P2= -4  sign=SAME  |mag_diff|=2
    n02: P1= -3 P2= -1  sign=SAME  |mag_diff|=2
    n03: P1= +4 P2= +0  sign=DIFF  |mag_diff|=4
    n04: P1= +8 P2= +4  sign=SAME  |mag_diff|=4
    n05: P1= +6 P2=+10  sign=SAME  |mag_diff|=4
    n06: P1= +8 P2= +6  sign=SAME  |mag_diff|=2
    n07: P1= -1 P2= +1  sign=DIFF  |mag_diff|=0
    n08: P1=-14 P2=-10  sign=SAME  |mag_diff|=4
    n09: P1= +2 P2= +2  sign=SAME  |mag_diff|=0
    n10: P1= +3 P2= +1  sign=SAME  |mag_diff|=2
    n11: P1= +5 P2= +1  sign=SAME  |mag_diff|=4
    n12: P1= -3 P2= -1  sign=SAME  |mag_diff|=2
    n13: P1= -8 P2= -8  sign=SAME  |mag_diff|=0
    n14: P1= -1 P2= +1  sign=DIFF  |mag_diff|=0
    n15: P1= -4 P2= +2  sign=DIFF  |mag_diff|=2
  Signs: 12 same, 4 different
  Mean |magnitude difference|: 2.1
  If signs are mostly SAME but magnitudes differ:
    → 5-trit MTFP per neuron would resolve the degeneracy
  If signs AND magnitudes are similar:
    → need more projection directions (wider LP)

