# R9 CAMPAIGN — Claim 2, arm=seq, session 3 of 3.
# TEST 15 Control arm only (T15_CONTROL_ONLY), gt binning, label-free.
# Both arms measured within one session; sender reset only between sessions.
# Captured 2026-09-03 06:52:23
W (206) spi_flash: Detected size(4096k) larger than the size in the binary image header(2048k). Using the size in the binary image header.

============================================================
  FREE-RUNNING SUB-CPU NEURAL NETWORK
  + LP CORE GEOMETRIC PROCESSOR
  GIE (441 Hz HW) → LP core (100 Hz, 16MHz RISC-V, ~30uA)
  Three-layer hierarchy: peripheral → geometric → CPU
============================================================

[INIT] GPIO 4-7...
[INIT] ETM clock...
[INIT] PARLIO TX (2-bit, 20MHz, loopback)...
[INIT] PCNT (2 units)...
[INIT] Timer...
[INIT] GDMA channel detection...
[GDMA] PARLIO owns CH0
[INIT] GDMA ISR (free-running mode)...
[GDMA ISR] OK — CH0 (source=69), LEVEL3
[INIT] LP core binary (16320 bytes)...
[INIT] LP core weights (after binary load)...
[INIT] LP seed: 0xCAFE1234
[LP] Geometric processor running (100 Hz, 16 MHz RISC-V)
[INIT] ESP-NOW receiver...
W (8378) wifi:ACK_TAB0   :0x   90a0b, QAM16:0x9 (24Mbps), QPSK:0xa (12Mbps), BPSK:0xb (6Mbps)
W (8378) wifi:CTS_TAB0   :0x   90a0b, QAM16:0x9 (24Mbps), QPSK:0xa (12Mbps), BPSK:0xb (6Mbps)
W (8378) wifi:(agc)0x600a7128:0xd20b2800, min.avgNF:0xce->0xd2(dB), RCalCount:0xb2, min.RRssi:0x800(-128.00)
W (8379) wifi:(TB)WDEV_PWR_TB_MCS0:19
W (8379) wifi:(TB)WDEV_PWR_TB_MCS1:19
W (8379) wifi:(TB)WDEV_PWR_TB_MCS2:19
W (8379) wifi:(TB)WDEV_PWR_TB_MCS3:19
W (8380) wifi:(TB)WDEV_PWR_TB_MCS4:19
W (8380) wifi:(TB)WDEV_PWR_TB_MCS5:19
W (8380) wifi:(TB)WDEV_PWR_TB_MCS6:18
W (8380) wifi:(TB)WDEV_PWR_TB_MCS7:18
W (8380) wifi:(TB)WDEV_PWR_TB_MCS8:17
W (8380) wifi:(TB)WDEV_PWR_TB_MCS9:15
W (8380) wifi:(TB)WDEV_PWR_TB_MCS10:15
W (8380) wifi:(TB)WDEV_PWR_TB_MCS11:15
[ESPNOW] Listening on channel 1 (no AP connection)
[INIT] Done.

[PRIME] Warming pipeline...
[PRIME] Done.

[SWEEP] SKIP_TO_15: running Test 11 (enrollment) + Test 15 only

-- TEST 11: Pattern Classification (Stream CfC) --
[DIAG] 500us: agree=256 disagree=294 out_sel4=47 out_sel5=48 in101=0x84 in103=0x86 gpio_in=0x6603a348 cpu_agree=21 loop=0
[DIAG] gdma: raw=0x1 st=0x0 ena=0x2 conf0=0x0 link=0x27448(park=0) peri=9
[DIAG] gdma2: fifo=0x61 state=0x2e7628(dscr_st=3 out_st=2) eof_addr=0x40827604
[DIAG] parlio: cfg=0x1a089b40(tx_start=1 bytelen=9936) st=0x80000000(tx_ready=1) int_raw=0x1(eof=0 rempty=1)
  Phase 0a: Observing input signatures (30s)...
  Observed: 173 packets, 173 encoded, 12871 GIE loops
  Per-pattern counts: P0=51 P1=45 P2=20 P3=57
  Phase 0b: Computing TriX signatures...
  sig[0]: [+++++++++-------00000000--------...] nz=96/128 (from 51 samples, seq trits masked)
  sig[1]: [+++++++++-------00000000++++++++...] nz=96/128 (from 45 samples, seq trits masked)
  sig[2]: [+++++++++-------00000000+-+-+-+-...] nz=95/128 (from 20 samples, seq trits masked)
  sig[3]: [+++++++++-------00000000++++-++-...] nz=96/128 (from 57 samples, seq trits masked)
  Signature pattern-ID trits [16..23]:
    sig[0][16..23]: 00000000
    sig[1][16..23]: 00000000
    sig[2][16..23]: 00000000
    sig[3][16..23]: 00000000
  Signature cross-dots:
    sig[0] vs: s0=96 s1=68 s2=23 s3=56 
    sig[1] vs: s0=68 s1=96 s2=29 s3=52 
    sig[2] vs: s0=23 s1=29 s2=95 s3=23 
    sig[3] vs: s0=56 s1=52 s2=23 s3=96 
  Ring drops: 0

  Phase 0c: Installing signatures as W_f gate weights...
  W_f weights set from signatures (8 neurons/pattern)
  Gate threshold: 2147483647 (Phase 3: blend DISABLED, all neurons HOLD)
  Neurons 0-7 → pattern 0
  Neurons 8-15 → pattern 1
  Neurons 16-23 → pattern 2
  Neurons 24-31 → pattern 3
  Gate selectivity: 0 fires / 64 steps = 0%

  GDMA offset calibration...
  GDMA offset mapping: G0→P0 G1→P1 G2→P2 G3→P3
  ISR groups:  [23, 21, 83, 23]
  CPU patterns: [23, 21, 83, 23]

  Phase 0d: TriX Cube face observation (15s)...
  TriX Cube face signatures:
    +x:recent: 124 samples [P0=51 P1=18 P2=1 P3=54]
    -x:prior: 123 samples [P0=16 P1=1 P2=52 P3=54]
    +y:stable: 51 samples [P0=14 P1=5 P2=0 P3=32]
    -y:transient: 24 samples [P0=10 P1=6 P2=1 P3=7]
    +z:confident: 0 samples [P0=0 P1=0 P2=0 P3=0]
    -z:uncertain: 54 samples [P0=0 P1=0 P2=0 P3=54]
  Face divergence from core (avg Hamming across patterns):
    +x:recent: 21 avg (4 patterns with data)
    -x:prior: 38 avg (4 patterns with data)
    +y:stable: 24 avg (3 patterns with data)
    -y:transient: 21 avg (4 patterns with data)
    +z:confident: 0 avg (0 patterns with data)
    -z:uncertain: 29 avg (1 patterns with data)
  Ring drops: 0

  Phase 1: TriX Cube ensemble (up to 32 samples, 60s)...
    s01: truth=1 core=1 isr=1 | cv=[0,6,0,0] iv=[0,6,0,0] xor=[8,23,10,14,-,108]
    s02: truth=2 core=2 isr=2 | cv=[0,0,2,0] iv=[0,0,2,0] xor=[25,62,-,25,-,-]
    s03: truth=2 core=2 isr=2 | cv=[0,0,2,0] iv=[0,0,2,0] xor=[25,62,95,25,-,95]
    s04: truth=2 core=2 isr=2 | cv=[0,0,2,0] iv=[0,0,2,0] xor=[25,62,95,25,-,95]
    s05: truth=2 core=2 isr=2 | cv=[0,1,2,0] iv=[0,1,2,0] xor=[18,48,65,20,-,99]
    s06: truth=2 core=2 isr=2 | cv=[0,0,2,0] iv=[0,0,2,0] xor=[25,62,95,25,-,95]
    s07: truth=0 core=0 isr=0 | cv=[10,0,0,0] iv=[10,0,0,0] xor=[16,27,14,14,-,96]
    s08: truth=0 core=0 isr=0 | cv=[10,0,0,0] iv=[10,0,0,0] xor=[7,17,7,8,-,108]
    s09: truth=0 core=0 isr=0 | cv=[10,1,0,0] iv=[10,1,0,0] xor=[5,12,5,5,-,109]
    s10: truth=0 core=0 isr=0 | cv=[10,0,0,0] iv=[10,0,0,0] xor=[6,12,5,5,-,13]
    s11: truth=0 core=0 isr=0 | cv=[10,0,0,0] iv=[10,0,0,0] xor=[4,8,4,3,-,0]
    s12: truth=1 core=1 isr=1 | cv=[0,6,0,0] iv=[0,6,0,0] xor=[5,22,7,12,-,108]
    s13: truth=1 core=1 isr=1 | cv=[0,5,0,0] iv=[0,5,0,0] xor=[6,20,6,12,-,109]
    s14: truth=1 core=1 isr=1 | cv=[0,5,0,0] iv=[0,5,0,0] xor=[5,17,5,12,-,111]
    s15: truth=1 core=1 isr=1 | cv=[0,6,0,0] iv=[0,6,0,0] xor=[5,17,3,7,-,111]
    s16: truth=1 core=1 isr=1 | cv=[0,3,0,0] iv=[0,3,0,0] xor=[5,4,3,7,-,39]
    s17: truth=2 core=2 isr=2 | cv=[0,0,2,0] iv=[0,0,2,0] xor=[17,36,110,17,-,110]
    s18: truth=2 core=2 isr=2 | cv=[0,0,2,0] iv=[0,0,2,0] xor=[17,17,110,17,-,110]
    s19: truth=2 core=2 isr=2 | cv=[0,1,2,0] iv=[0,1,2,0] xor=[13,12,73,13,-,74]
    s20: truth=2 core=2 isr=2 | cv=[0,0,2,0] iv=[0,0,2,0] xor=[17,17,110,17,-,110]
    s21: truth=2 core=2 isr=2 | cv=[0,0,2,0] iv=[0,0,2,0] xor=[17,17,110,17,-,110]
    s22: truth=3 core=0 isr=0 | cv=[4,2,0,0] iv=[9,2,0,0] xor=[4,2,3,4,-,0]
    s23: truth=0 core=0 isr=0 | cv=[10,0,0,0] iv=[10,0,0,0] xor=[4,2,3,1,-,2]
    s24: truth=0 core=0 isr=0 | cv=[10,1,0,0] iv=[10,1,0,0] xor=[4,2,3,1,-,1]
    s25: truth=0 core=0 isr=0 | cv=[10,0,0,0] iv=[10,0,0,0] xor=[1,1,3,3,-,4]
    s26: truth=0 core=0 isr=0 | cv=[10,0,0,0] iv=[10,0,0,0] xor=[2,1,2,2,-,3]
    s27: truth=0 core=0 isr=0 | cv=[8,3,0,0] iv=[8,3,0,0] xor=[3,1,2,3,-,1]
    s28: truth=1 core=1 isr=1 | cv=[0,3,0,0] iv=[0,3,0,0] xor=[5,2,1,5,-,2]
    s29: truth=1 core=1 isr=1 | cv=[0,7,0,0] iv=[0,7,0,0] xor=[2,2,1,5,-,2]
    s30: truth=1 core=1 isr=1 | cv=[0,3,0,0] iv=[0,3,0,0] xor=[2,3,4,7,-,3]
    s31: truth=1 core=1 isr=1 | cv=[0,6,0,0] iv=[0,6,0,0] xor=[2,3,4,6,-,3]
    s32: truth=1 core=1 isr=1 | cv=[0,3,1,0] iv=[0,3,1,0] xor=[5,6,31,8,-,29]

  ═══ CLASSIFICATION RESULTS (TriX Cube) ═══
  Window: 43194 ms
  GIE loops in window: 21211 (491 Hz) — classification mode,
    CfC blend disabled (gate_threshold = INT32_MAX)
  TriX classifications in window: 21211 (491 Hz, 100% of loops clean)
  Total GIE loops since start_freerun: 41708 (spans Phase 0a-0c too;
    not a rate denominator)
  Test samples: 32
  Ring drops: 0
  Core (CPU per-pkt vote):   31/32 = 96%
  ISR  (HW 430 Hz TriX):     31/32 = 96% (all samples)
  ISR  (windows w/ data):    31/32 = 96% (289 pkts clean, 0 pkts timeout)
  TriX channel signals:      28808 (seq=28807)
  Baseline (packet-rate):    25/32 = 78%

  ── Novelty Detection ──
  Novel packets: 96 / 289 (33%)
  Novel windows: 11

  ── Online Maintenance ──
  Core re-signs: 11
  Core drift (Hamming):
    sig[0]: 13/128 trits
    sig[1]: 18/128 trits
    sig[2]: 16/128 trits
    sig[3]: 0/128 trits

  ── XOR Masks (temporal displacement per face) ──
    Face              avg  | rssi patid payload timing
    +x:recent            6/128 |  0/16  0/8   0/64    6/40
    -x:prior            12/128 |  0/16  0/8   4/64    7/40
    +y:stable           15/128 |  1/16  0/8   6/64    6/40
    -y:transient         7/128 |  0/16  0/8   0/64    7/40
    +z:confident         -     | (no data)
    -z:uncertain        47/128 |  6/16  0/8  27/64   12/40
    ── Signal distribution ──
    RSSI:    9% of mask weight
    PatID:   0% of mask weight
    Payload: 43% of mask weight
    Timing:  46% of mask weight

  ── TriX Cube Geometry ──
    +x:recent: 317 samples, 12 avg hamming from core
    -x:prior: 316 samples, 14 avg hamming from core
    +y:stable: 244 samples, 40 avg hamming from core
    -y:transient: 217 samples, 13 avg hamming from core
    +z:confident: 0 samples, 0 avg hamming from core
    -z:uncertain: 247 samples, 35 avg hamming from core
  Gate firing: 0%

  Architecture:
  - TriX ISR: HW classifies at 430 Hz (CfC blend DISABLED — Phase 3)
  - 7-voxel TriX Cube: core + 6 temporal faces
  - Faces: recent, prior, stable, transient, confident, uncertain
  - Core classifies alone. Faces compute XOR masks (intervention sensors)
  - XOR mask = trit positions where face sig != core sig
  - Online maintenance + novelty detection
  - Gate threshold=2147483647, novelty=60
  OK

-- TEST 15: Hebbian LP Weight Learning --
   Design: 3-phase (A=60s, B=60s, C=60s) × 3 reps × 2 conditions
   Total: 540s per condition, 1080s overall

  ══ Control (CMD5 only) — Rep 1/3 ══

  ── Condition: Control (CMD5 only) ──
[DIAG] 500us: agree=792 disagree=516 out_sel4=47 out_sel5=48 in101=0x84 in103=0x86 gpio_in=0x1103a348 cpu_agree=20 loop=0
[DIAG] gdma: raw=0x1 st=0x0 ena=0x2 conf0=0x0 link=0x27448(park=0) peri=9
[DIAG] gdma2: fifo=0x61 state=0x2e7628(dscr_st=3 out_st=2) eof_addr=0x40827604
[DIAG] parlio: cfg=0x1a089b40(tx_start=1 bytelen=9936) st=0x80000000(tx_ready=1) int_raw=0x5(eof=1 rempty=1)
[LP] Geometric processor running (100 Hz, 16 MHz RISC-V)
    step 300 (47s): vdb=37 flips=0 p=0 gt=3
    Phase B: control (60s)... baseline=411 confirms, VDB=51
    step 600 (91s): vdb=64 flips=0 p=2 gt=3
    Phase C: measuring (60s)... flips=0 updates=0
    step 900 (134s): vdb=64 flips=0 p=2 gt=3
    step 1200 (178s): vdb=64 flips=0 p=0 gt=0
    Phase A (pre) divergence (/16):
         P0  P1  P2  P3
    P0:   0   4   4   3  (153)
    P1:   4   0   3   5  (60)
    P2:   4   3   0   3  (32)
    P3:   3   5   3   0  (165)
    Mean: 3.7
    Phase C (post) divergence (/16):
         P0  P1  P2  P3
    P0:   0   4   5   6  (126)
    P1:   4   0   3   8  (72)
    P2:   5   3   0   5  (33)
    P3:   6   8   5   0  (165)
    Mean: 5.2
    Confirms: 1216, Flips: 0, Updates: 0
    Rep 1: sign=5.2/16 mtfp=10.7/80 (6 pairs) flips=0

  ══ Control (CMD5 only) — Rep 2/3 ══

  ── Condition: Control (CMD5 only) ──
[DIAG] 500us: agree=1263 disagree=123 out_sel4=47 out_sel5=48 in101=0x84 in103=0x86 gpio_in=0x11039348 cpu_agree=20 loop=0
[DIAG] gdma: raw=0x1 st=0x0 ena=0x2 conf0=0x0 link=0x27448(park=0) peri=9
[DIAG] gdma2: fifo=0x50 state=0x2e7628(dscr_st=3 out_st=2) eof_addr=0x40827604
[DIAG] parlio: cfg=0x1a089b40(tx_start=1 bytelen=9936) st=0x80000000(tx_ready=1) int_raw=0x5(eof=1 rempty=1)
[LP] Geometric processor running (100 Hz, 16 MHz RISC-V)
    step 300 (43s): vdb=37 flips=0 p=0 gt=0
    Phase B: control (60s)... baseline=397 confirms, VDB=49
    step 600 (87s): vdb=64 flips=0 p=1 gt=1
    Phase C: measuring (60s)... flips=0 updates=0
    step 900 (132s): vdb=64 flips=0 p=1 gt=1
    Phase A (pre) divergence (/16):
         P0  P1  P2  P3
    P0:   0   1   4   4  (130)
    P1:   1   0   5   5  (72)
    P2:   4   5   0   5  (33)
    P3:   4   5   5   0  (161)
    Mean: 4.0
    Phase C (post) divergence (/16):
         P0  P1  P2  P3
    P0:   0   2   3   2  (153)
    P1:   2   0   3   2  (72)
    P2:   3   3   0   1  (32)
    P3:   2   2   1   0  (145)
    Mean: 2.2
    Confirms: 1194, Flips: 0, Updates: 0
    Rep 2: sign=2.2/16 mtfp=12.3/80 (6 pairs) flips=0

  ══ Control (CMD5 only) — Rep 3/3 ══

  ── Condition: Control (CMD5 only) ──
[DIAG] 500us: agree=802 disagree=486 out_sel4=47 out_sel5=48 in101=0x84 in103=0x86 gpio_in=0x1103a348 cpu_agree=20 loop=0
[DIAG] gdma: raw=0x1 st=0x0 ena=0x2 conf0=0x0 link=0x27448(park=0) peri=9
[DIAG] gdma2: fifo=0x61 state=0x2e7628(dscr_st=3 out_st=2) eof_addr=0x40827604
[DIAG] parlio: cfg=0x1a089b40(tx_start=1 bytelen=9936) st=0x80000000(tx_ready=1) int_raw=0x5(eof=1 rempty=1)
[LP] Geometric processor running (100 Hz, 16 MHz RISC-V)
    step 300 (44s): vdb=37 flips=0 p=2 gt=3
    Phase B: control (60s)... baseline=419 confirms, VDB=52
    step 600 (87s): vdb=64 flips=0 p=2 gt=3
    Phase C: measuring (60s)... flips=0 updates=0
    step 900 (131s): vdb=64 flips=0 p=1 gt=3
    step 1200 (174s): vdb=64 flips=0 p=0 gt=0
    Phase A (pre) divergence (/16):
         P0  P1  P2  P3
    P0:   0   4   4   4  (153)
    P1:   4   0   1   5  (72)
    P2:   4   1   0   4  (28)
    P3:   4   5   4   0  (165)
    Mean: 3.7
    Phase C (post) divergence (/16):
         P0  P1  P2  P3
    P0:   0   3   4   2  (153)
    P1:   3   0   3   1  (60)
    P2:   4   3   0   2  (33)
    P3:   2   1   2   0  (165)
    Mean: 2.5
    Confirms: 1244, Flips: 0, Updates: 0
    Rep 3: sign=2.5/16 mtfp=12.0/80 (6 pairs) flips=0

  ══ TEST 15 COMPARISON (3 reps per condition) ══
  Control (CMD5 only)       sign: 3.3±1.6 /16  mtfp: 11.7±0.9 /80
                            (sign reps: 5.2 2.2 2.5)  (mtfp reps: 10.7 12.3 12.0)
  Hebbian (CMD5+learn)      sign: 0.0±0.0 /16  mtfp: 0.0±0.0 /80
                            (sign reps: 0.0 0.0 0.0)  (mtfp reps: 0.0 0.0 0.0)

  Sign contribution:  -3.3 ± 1.6 Hamming /16
  MTFP contribution:  -11.7 ± 0.9 Hamming /80

  ── Verdict ──
  Hebbian > Control (mean):  NO (-3.3)
  Exceeds noise (>1 std):    NO (-3.3 vs ±1.6)
  FAIL
============================================================
  RESULTS: 1 / 2 PASSED
============================================================

  SOME TESTS FAILED — see details above.

-- LP CHAR: LP Dynamics Characterization --
   (diagnostic — not counted in pass/fail)
  Rep 1/3:
    P1 step   0: fires=13 blend= 0 score=  0 vdb=1
    P1 step 100: fires=15 blend= 1 score= 31 vdb=5
    P1 step 200: fires=15 blend= 1 score= 31 vdb=9
    P1 step 300: fires=15 blend= 1 score= 31 vdb=13
    P1 step 400: fires=15 blend= 1 score= 31 vdb=17
    P1 done: vdb_nodes=20
    P2 step  0: fires=15 blend=10 score= 15 applied=1
    P2 step  1: fires=15 blend=10 score=  7 applied=1
    P2 step  2: fires=12 blend=11 score=  7 applied=1
    P2 step  3: fires=14 blend=10 score=  6 applied=1
    P2 step  4: fires=15 blend=10 score=  7 applied=1
    P2 step  5: fires=15 blend= 9 score=  5 applied=1
    P2 step  6: fires=16 blend=10 score=  6 applied=1
    P2 step  7: fires=16 blend=10 score=  6 applied=1
    P2 step  8: fires=16 blend=10 score=  6 applied=1
    P2 step  9: fires=16 blend=10 score=  6 applied=1
    P2 step 10: fires=16 blend=10 score=  6 applied=1
    P2 step 11: fires=16 blend=10 score=  6 applied=1
    P2 step 12: fires=16 blend=10 score=  6 applied=1
    P2 step 13: fires=16 blend=10 score=  6 applied=1
    P2 step 14: fires=16 blend=10 score=  6 applied=1
    P2 step 15: fires=16 blend=10 score=  6 applied=1
    P2 step 16: fires=16 blend=10 score=  6 applied=1
    P2 step 17: fires=16 blend=10 score=  6 applied=1
    P2 step 18: fires=16 blend=10 score=  6 applied=1
    P2 step 19: fires=16 blend=10 score=  6 applied=1
    P2 step 20: fires=16 blend=10 score=  6 applied=1
    P2 step 21: fires=16 blend=10 score=  6 applied=1
    P2 step 22: fires=16 blend=10 score=  6 applied=1
    P2 step 23: fires=16 blend=10 score=  6 applied=1
    P2 step 24: fires=16 blend=10 score=  6 applied=1
    P2 step 25: fires=16 blend=10 score=  6 applied=1
    P2 step 26: fires=16 blend=10 score=  6 applied=1
    P2 step 27: fires=16 blend=10 score=  6 applied=1
    P2 step 28: fires=16 blend=10 score=  6 applied=1
    P2 step 29: fires=16 blend=10 score=  6 applied=1
    P2 step 30: fires=16 blend=10 score=  6 applied=1
    P2 step 31: fires=16 blend=10 score=  6 applied=1
    P2 step 32: fires=16 blend=10 score=  6 applied=1
    P2 step 33: fires=16 blend=10 score=  6 applied=1
    P2 step 34: fires=16 blend=10 score=  6 applied=1
    P2 step 35: fires=16 blend=10 score=  6 applied=1
    P2 step 36: fires=16 blend=10 score=  6 applied=1
    P2 step 37: fires=16 blend=10 score=  6 applied=1
    P2 step 38: fires=16 blend=10 score=  6 applied=1
    P2 step 39: fires=16 blend=10 score=  6 applied=1
    P2 step 40: fires=16 blend=10 score=  6 applied=1
    P2 step 41: fires=16 blend=10 score=  6 applied=1
    P2 step 42: fires=16 blend=10 score=  6 applied=1
    P2 step 43: fires=16 blend=10 score=  6 applied=1
    P2 step 44: fires=16 blend=10 score=  6 applied=1
    P2 step 45: fires=16 blend=10 score=  6 applied=1
    P2 step 46: fires=16 blend=10 score=  6 applied=1
    P2 step 47: fires=16 blend=10 score=  6 applied=1
    P2 step 48: fires=16 blend=10 score=  6 applied=1
    P2 step 49: fires=16 blend=10 score=  6 applied=1
    P2 step 50: fires=16 blend=10 score=  6 applied=1
    P2 step 51: fires=16 blend=10 score=  6 applied=1
    P2 step 52: fires=16 blend=10 score=  6 applied=1
    P2 step 53: fires=16 blend=10 score=  6 applied=1
    P2 step 54: fires=16 blend=10 score=  6 applied=1
    P2 step 55: fires=16 blend=10 score=  6 applied=1
    P2 step 56: fires=16 blend=10 score=  6 applied=1
    P2 step 57: fires=16 blend=10 score=  6 applied=1
    P2 step 58: fires=16 blend=10 score=  6 applied=1
    P2 step 59: fires=16 blend=10 score=  6 applied=1
    P2 step 60: fires=16 blend=10 score=  6 applied=1
    P2 step 61: fires=16 blend=10 score=  6 applied=1
    P2 step 62: fires=16 blend=10 score=  6 applied=1
    P2 step 63: fires=16 blend=10 score=  6 applied=1
    P2 step 64: fires=16 blend=10 score=  6 applied=1
    P2 step 65: fires=16 blend=10 score=  6 applied=1
    P2 step 66: fires=16 blend=10 score=  6 applied=1
    P2 step 67: fires=16 blend=10 score=  6 applied=1
    P2 step 68: fires=16 blend=10 score=  6 applied=1
    P2 step 69: fires=16 blend=10 score=  6 applied=1
    P2 step 70: fires=16 blend=10 score=  6 applied=1
    P2 step 71: fires=16 blend=10 score=  6 applied=1
    P2 step 72: fires=16 blend=10 score=  6 applied=1
    P2 step 73: fires=16 blend=10 score=  6 applied=1
    P2 step 74: fires=16 blend=10 score=  6 applied=1
    P2 step 75: fires=16 blend=10 score=  6 applied=1
    P2 step 76: fires=16 blend=10 score=  6 applied=1
    P2 step 77: fires=16 blend=10 score=  6 applied=1
    P2 step 78: fires=16 blend=10 score=  6 applied=1
    P2 step 79: fires=16 blend=10 score=  6 applied=1
    P2 step 80: fires=16 blend=10 score=  6 applied=1
    P2 step 81: fires=16 blend=10 score=  6 applied=1
    P2 step 82: fires=16 blend=10 score=  6 applied=1
    P2 step 83: fires=16 blend=10 score=  6 applied=1
    P2 step 84: fires=16 blend=10 score=  6 applied=1
    P2 step 85: fires=16 blend=10 score=  6 applied=1
    P2 step 86: fires=16 blend=10 score=  6 applied=1
    P2 step 87: fires=16 blend=10 score=  6 applied=1
    P2 step 88: fires=16 blend=10 score=  6 applied=1
    P2 step 89: fires=16 blend=10 score=  6 applied=1
    P2 step 90: fires=16 blend=10 score=  6 applied=1
    P2 step 91: fires=16 blend=10 score=  6 applied=1
    P2 step 92: fires=16 blend=10 score=  6 applied=1
    P2 step 93: fires=16 blend=10 score=  6 applied=1
    P2 step 94: fires=16 blend=10 score=  6 applied=1
    P2 step 95: fires=16 blend=10 score=  6 applied=1
    P2 step 96: fires=16 blend=10 score=  6 applied=1
    P2 step 97: fires=16 blend=10 score=  6 applied=1
    P2 step 98: fires=16 blend=10 score=  6 applied=1
    P2 step 99: fires=16 blend=10 score=  6 applied=1
    P1 mean: fires/step=14.9  blend/step=1.3  implied_alpha=0.082
    P2 mean: fires/step=15.9  blend/step=10.0  implied_alpha=0.625

  Rep 2/3:
    P1 step   0: fires=13 blend= 0 score=  0 vdb=1
    P1 step 100: fires=15 blend= 1 score= 31 vdb=5
    P1 step 200: fires=15 blend= 1 score= 31 vdb=9
    P1 step 300: fires=15 blend= 1 score= 31 vdb=13
    P1 step 400: fires=15 blend= 1 score= 31 vdb=17
    P1 done: vdb_nodes=20
    P2 step  0: fires=15 blend=10 score= 15 applied=1
    P2 step  1: fires=15 blend=10 score=  7 applied=1
    P2 step  2: fires=12 blend=11 score=  7 applied=1
    P2 step  3: fires=14 blend=10 score=  6 applied=1
    P2 step  4: fires=15 blend=10 score=  7 applied=1
    P2 step  5: fires=15 blend= 9 score=  5 applied=1
    P2 step  6: fires=16 blend=10 score=  6 applied=1
    P2 step  7: fires=16 blend=10 score=  6 applied=1
    P2 step  8: fires=16 blend=10 score=  6 applied=1
    P2 step  9: fires=16 blend=10 score=  6 applied=1
    P2 step 10: fires=16 blend=10 score=  6 applied=1
    P2 step 11: fires=16 blend=10 score=  6 applied=1
    P2 step 12: fires=16 blend=10 score=  6 applied=1
    P2 step 13: fires=16 blend=10 score=  6 applied=1
    P2 step 14: fires=16 blend=10 score=  6 applied=1
    P2 step 15: fires=16 blend=10 score=  6 applied=1
    P2 step 16: fires=16 blend=10 score=  6 applied=1
    P2 step 17: fires=16 blend=10 score=  6 applied=1
    P2 step 18: fires=16 blend=10 score=  6 applied=1
    P2 step 19: fires=16 blend=10 score=  6 applied=1
    P2 step 20: fires=16 blend=10 score=  6 applied=1
    P2 step 21: fires=16 blend=10 score=  6 applied=1
    P2 step 22: fires=16 blend=10 score=  6 applied=1
    P2 step 23: fires=16 blend=10 score=  6 applied=1
    P2 step 24: fires=16 blend=10 score=  6 applied=1
    P2 step 25: fires=16 blend=10 score=  6 applied=1
    P2 step 26: fires=16 blend=10 score=  6 applied=1
    P2 step 27: fires=16 blend=10 score=  6 applied=1
    P2 step 28: fires=16 blend=10 score=  6 applied=1
    P2 step 29: fires=16 blend=10 score=  6 applied=1
    P2 step 30: fires=16 blend=10 score=  6 applied=1
    P2 step 31: fires=16 blend=10 score=  6 applied=1
    P2 step 32: fires=16 blend=10 score=  6 applied=1
    P2 step 33: fires=16 blend=10 score=  6 applied=1
    P2 step 34: fires=16 blend=10 score=  6 applied=1
    P2 step 35: fires=16 blend=10 score=  6 applied=1
    P2 step 36: fires=16 blend=10 score=  6 applied=1
    P2 step 37: fires=16 blend=10 score=  6 applied=1
    P2 step 38: fires=16 blend=10 score=  6 applied=1
    P2 step 39: fires=16 blend=10 score=  6 applied=1
    P2 step 40: fires=16 blend=10 score=  6 applied=1
    P2 step 41: fires=16 blend=10 score=  6 applied=1
    P2 step 42: fires=16 blend=10 score=  6 applied=1
    P2 step 43: fires=16 blend=10 score=  6 applied=1
    P2 step 44: fires=16 blend=10 score=  6 applied=1
    P2 step 45: fires=16 blend=10 score=  6 applied=1
    P2 step 46: fires=16 blend=10 score=  6 applied=1
    P2 step 47: fires=16 blend=10 score=  6 applied=1
    P2 step 48: fires=16 blend=10 score=  6 applied=1
    P2 step 49: fires=16 blend=10 score=  6 applied=1
    P2 step 50: fires=16 blend=10 score=  6 applied=1
    P2 step 51: fires=16 blend=10 score=  6 applied=1
    P2 step 52: fires=16 blend=10 score=  6 applied=1
    P2 step 53: fires=16 blend=10 score=  6 applied=1
    P2 step 54: fires=16 blend=10 score=  6 applied=1
    P2 step 55: fires=16 blend=10 score=  6 applied=1
    P2 step 56: fires=16 blend=10 score=  6 applied=1
    P2 step 57: fires=16 blend=10 score=  6 applied=1
    P2 step 58: fires=16 blend=10 score=  6 applied=1
    P2 step 59: fires=16 blend=10 score=  6 applied=1
    P2 step 60: fires=16 blend=10 score=  6 applied=1
    P2 step 61: fires=16 blend=10 score=  6 applied=1
    P2 step 62: fires=16 blend=10 score=  6 applied=1
    P2 step 63: fires=16 blend=10 score=  6 applied=1
    P2 step 64: fires=16 blend=10 score=  6 applied=1
    P2 step 65: fires=16 blend=10 score=  6 applied=1
    P2 step 66: fires=16 blend=10 score=  6 applied=1
    P2 step 67: fires=16 blend=10 score=  6 applied=1
    P2 step 68: fires=16 blend=10 score=  6 applied=1
    P2 step 69: fires=16 blend=10 score=  6 applied=1
    P2 step 70: fires=16 blend=10 score=  6 applied=1
    P2 step 71: fires=16 blend=10 score=  6 applied=1
    P2 step 72: fires=16 blend=10 score=  6 applied=1
    P2 step 73: fires=16 blend=10 score=  6 applied=1
    P2 step 74: fires=16 blend=10 score=  6 applied=1
    P2 step 75: fires=16 blend=10 score=  6 applied=1
    P2 step 76: fires=16 blend=10 score=  6 applied=1
    P2 step 77: fires=16 blend=10 score=  6 applied=1
    P2 step 78: fires=16 blend=10 score=  6 applied=1
    P2 step 79: fires=16 blend=10 score=  6 applied=1
    P2 step 80: fires=16 blend=10 score=  6 applied=1
    P2 step 81: fires=16 blend=10 score=  6 applied=1
    P2 step 82: fires=16 blend=10 score=  6 applied=1
    P2 step 83: fires=16 blend=10 score=  6 applied=1
    P2 step 84: fires=16 blend=10 score=  6 applied=1
    P2 step 85: fires=16 blend=10 score=  6 applied=1
    P2 step 86: fires=16 blend=10 score=  6 applied=1
    P2 step 87: fires=16 blend=10 score=  6 applied=1
    P2 step 88: fires=16 blend=10 score=  6 applied=1
    P2 step 89: fires=16 blend=10 score=  6 applied=1
    P2 step 90: fires=16 blend=10 score=  6 applied=1
    P2 step 91: fires=16 blend=10 score=  6 applied=1
    P2 step 92: fires=16 blend=10 score=  6 applied=1
    P2 step 93: fires=16 blend=10 score=  6 applied=1
    P2 step 94: fires=16 blend=10 score=  6 applied=1
    P2 step 95: fires=16 blend=10 score=  6 applied=1
    P2 step 96: fires=16 blend=10 score=  6 applied=1
    P2 step 97: fires=16 blend=10 score=  6 applied=1
    P2 step 98: fires=16 blend=10 score=  6 applied=1
    P2 step 99: fires=16 blend=10 score=  6 applied=1
    P1 mean: fires/step=14.9  blend/step=1.3  implied_alpha=0.082
    P2 mean: fires/step=15.9  blend/step=10.0  implied_alpha=0.625

  Rep 3/3:
    P1 step   0: fires=13 blend= 0 score=  0 vdb=1
    P1 step 100: fires=15 blend= 1 score= 31 vdb=5
    P1 step 200: fires=15 blend= 1 score= 31 vdb=9
    P1 step 300: fires=15 blend= 1 score= 31 vdb=13
    P1 step 400: fires=15 blend= 1 score= 31 vdb=17
    P1 done: vdb_nodes=20
    P2 step  0: fires=15 blend=10 score= 15 applied=1
    P2 step  1: fires=15 blend=10 score=  7 applied=1
    P2 step  2: fires=12 blend=11 score=  7 applied=1
    P2 step  3: fires=14 blend=10 score=  6 applied=1
    P2 step  4: fires=15 blend=10 score=  7 applied=1
    P2 step  5: fires=15 blend= 9 score=  5 applied=1
    P2 step  6: fires=16 blend=10 score=  6 applied=1
    P2 step  7: fires=16 blend=10 score=  6 applied=1
    P2 step  8: fires=16 blend=10 score=  6 applied=1
    P2 step  9: fires=16 blend=10 score=  6 applied=1
    P2 step 10: fires=16 blend=10 score=  6 applied=1
    P2 step 11: fires=16 blend=10 score=  6 applied=1
    P2 step 12: fires=16 blend=10 score=  6 applied=1
    P2 step 13: fires=16 blend=10 score=  6 applied=1
    P2 step 14: fires=16 blend=10 score=  6 applied=1
    P2 step 15: fires=16 blend=10 score=  6 applied=1
    P2 step 16: fires=16 blend=10 score=  6 applied=1
    P2 step 17: fires=16 blend=10 score=  6 applied=1
    P2 step 18: fires=16 blend=10 score=  6 applied=1
    P2 step 19: fires=16 blend=10 score=  6 applied=1
    P2 step 20: fires=16 blend=10 score=  6 applied=1
    P2 step 21: fires=16 blend=10 score=  6 applied=1
    P2 step 22: fires=16 blend=10 score=  6 applied=1
    P2 step 23: fires=16 blend=10 score=  6 applied=1
    P2 step 24: fires=16 blend=10 score=  6 applied=1
    P2 step 25: fires=16 blend=10 score=  6 applied=1
    P2 step 26: fires=16 blend=10 score=  6 applied=1
    P2 step 27: fires=16 blend=10 score=  6 applied=1
    P2 step 28: fires=16 blend=10 score=  6 applied=1
    P2 step 29: fires=16 blend=10 score=  6 applied=1
    P2 step 30: fires=16 blend=10 score=  6 applied=1
    P2 step 31: fires=16 blend=10 score=  6 applied=1
    P2 step 32: fires=16 blend=10 score=  6 applied=1
    P2 step 33: fires=16 blend=10 score=  6 applied=1
    P2 step 34: fires=16 blend=10 score=  6 applied=1
    P2 step 35: fires=16 blend=10 score=  6 applied=1
    P2 step 36: fires=16 blend=10 score=  6 applied=1
    P2 step 37: fires=16 blend=10 score=  6 applied=1
    P2 step 38: fires=16 blend=10 score=  6 applied=1
    P2 step 39: fires=16 blend=10 score=  6 applied=1
    P2 step 40: fires=16 blend=10 score=  6 applied=1
    P2 step 41: fires=16 blend=10 score=  6 applied=1
    P2 step 42: fires=16 blend=10 score=  6 applied=1
    P2 step 43: fires=16 blend=10 score=  6 applied=1
    P2 step 44: fires=16 blend=10 score=  6 applied=1
    P2 step 45: fires=16 blend=10 score=  6 applied=1
    P2 step 46: fires=16 blend=10 score=  6 applied=1
    P2 step 47: fires=16 blend=10 score=  6 applied=1
    P2 step 48: fires=16 blend=10 score=  6 applied=1
    P2 step 49: fires=16 blend=10 score=  6 applied=1
    P2 step 50: fires=16 blend=10 score=  6 applied=1
    P2 step 51: fires=16 blend=10 score=  6 applied=1
    P2 step 52: fires=16 blend=10 score=  6 applied=1
    P2 step 53: fires=16 blend=10 score=  6 applied=1
    P2 step 54: fires=16 blend=10 score=  6 applied=1
    P2 step 55: fires=16 blend=10 score=  6 applied=1
    P2 step 56: fires=16 blend=10 score=  6 applied=1
    P2 step 57: fires=16 blend=10 score=  6 applied=1
    P2 step 58: fires=16 blend=10 score=  6 applied=1
    P2 step 59: fires=16 blend=10 score=  6 applied=1
    P2 step 60: fires=16 blend=10 score=  6 applied=1
    P2 step 61: fires=16 blend=10 score=  6 applied=1
    P2 step 62: fires=16 blend=10 score=  6 applied=1
    P2 step 63: fires=16 blend=10 score=  6 applied=1
    P2 step 64: fires=16 blend=10 score=  6 applied=1
    P2 step 65: fires=16 blend=10 score=  6 applied=1
    P2 step 66: fires=16 blend=10 score=  6 applied=1
    P2 step 67: fires=16 blend=10 score=  6 applied=1
    P2 step 68: fires=16 blend=10 score=  6 applied=1
    P2 step 69: fires=16 blend=10 score=  6 applied=1
    P2 step 70: fires=16 blend=10 score=  6 applied=1
    P2 step 71: fires=16 blend=10 score=  6 applied=1
    P2 step 72: fires=16 blend=10 score=  6 applied=1
    P2 step 73: fires=16 blend=10 score=  6 applied=1
    P2 step 74: fires=16 blend=10 score=  6 applied=1
    P2 step 75: fires=16 blend=10 score=  6 applied=1
    P2 step 76: fires=16 blend=10 score=  6 applied=1
    P2 step 77: fires=16 blend=10 score=  6 applied=1
    P2 step 78: fires=16 blend=10 score=  6 applied=1
    P2 step 79: fires=16 blend=10 score=  6 applied=1
    P2 step 80: fires=16 blend=10 score=  6 applied=1
    P2 step 81: fires=16 blend=10 score=  6 applied=1
    P2 step 82: fires=16 blend=10 score=  6 applied=1
    P2 step 83: fires=16 blend=10 score=  6 applied=1
    P2 step 84: fires=16 blend=10 score=  6 applied=1
    P2 step 85: fires=16 blend=10 score=  6 applied=1
    P2 step 86: fires=16 blend=10 score=  6 applied=1
    P2 step 87: fires=16 blend=10 score=  6 applied=1
    P2 step 88: fires=16 blend=10 score=  6 applied=1
    P2 step 89: fires=16 blend=10 score=  6 applied=1
    P2 step 90: fires=16 blend=10 score=  6 applied=1
    P2 step 91: fires=16 blend=10 score=  6 applied=1
    P2 step 92: fires=16 blend=10 score=  6 applied=1
    P2 step 93: fires=16 blend=10 score=  6 applied=1
    P2 step 94: fires=16 blend=10 score=  6 applied=1
    P2 step 95: fires=16 blend=10 score=  6 applied=1
    P2 step 96: fires=16 blend=10 score=  6 applied=1
    P2 step 97: fires=16 blend=10 score=  6 applied=1
    P2 step 98: fires=16 blend=10 score=  6 applied=1
    P2 step 99: fires=16 blend=10 score=  6 applied=1
    P1 mean: fires/step=14.9  blend/step=1.3  implied_alpha=0.082
    P2 mean: fires/step=15.9  blend/step=10.0  implied_alpha=0.625

  Switch window (rep 3, last 20 P1 → first 30 P2):
  step | fires | blend | score | appl | lp_hidden
  -----|-------|-------|-------|------|----------
   -20 |    15 |     1 |    31 |    1 | --++------0--++-
   -19 |    15 |     1 |    31 |    1 | --++------0--++-
   -18 |    15 |     1 |    31 |    1 | --++------0--++-
   -17 |    15 |     1 |    31 |    1 | --++------0--++-
   -16 |    15 |     1 |    31 |    1 | --++------0--++-
   -15 |    15 |     1 |    31 |    1 | --++------0--++-
   -14 |    15 |     1 |    31 |    1 | --++------0--++-
   -13 |    15 |     1 |    31 |    1 | --++------0--++-
   -12 |    15 |     1 |    31 |    1 | --++------0--++-
   -11 |    15 |     1 |    31 |    1 | --++------0--++-
   -10 |    15 |     1 |    31 |    1 | --++------0--++-
    -9 |    15 |     1 |    31 |    1 | --++------0--++-
    -8 |    15 |     1 |    31 |    1 | --++------0--++-
    -7 |    15 |     1 |    31 |    1 | --++------0--++-
    -6 |    15 |     1 |    31 |    1 | --++------0--++-
    -5 |    15 |     1 |    31 |    1 | --++------0--++-
    -4 |    15 |     1 |    31 |    1 | --++------0--++-
    -3 |    15 |     1 |    31 |    1 | --++------0--++-
    -2 |    15 |     1 |    31 |    1 | --++------0--++-
    -1 |    15 |     1 |    31 |    1 | --++------0--++-
    +0 |    15 |    10 |    15 |    1 | 00+0000---+--+00
    +1 |    15 |    10 |     7 |    1 | 000+000--0---++0
    +2 |    12 |    11 |     7 |    1 | 0-0000-0-0---+00
    +3 |    14 |    10 |     6 |    1 | 0-+00000-0---++0
    +4 |    15 |    10 |     7 |    1 | 0-000000-0---+00
    +5 |    15 |     9 |     5 |    1 | 0-000000-0---++0
    +6 |    16 |    10 |     6 |    1 | 0-000000-0---++0
    +7 |    16 |    10 |     6 |    1 | 0-000000-0---++0
    +8 |    16 |    10 |     6 |    1 | 0-000000-0---++0
    +9 |    16 |    10 |     6 |    1 | 0-000000-0---++0
   +10 |    16 |    10 |     6 |    1 | 0-000000-0---++0
   +11 |    16 |    10 |     6 |    1 | 0-000000-0---++0
   +12 |    16 |    10 |     6 |    1 | 0-000000-0---++0
   +13 |    16 |    10 |     6 |    1 | 0-000000-0---++0
   +14 |    16 |    10 |     6 |    1 | 0-000000-0---++0
   +15 |    16 |    10 |     6 |    1 | 0-000000-0---++0
   +16 |    16 |    10 |     6 |    1 | 0-000000-0---++0
   +17 |    16 |    10 |     6 |    1 | 0-000000-0---++0
   +18 |    16 |    10 |     6 |    1 | 0-000000-0---++0
   +19 |    16 |    10 |     6 |    1 | 0-000000-0---++0
   +20 |    16 |    10 |     6 |    1 | 0-000000-0---++0
   +21 |    16 |    10 |     6 |    1 | 0-000000-0---++0
   +22 |    16 |    10 |     6 |    1 | 0-000000-0---++0
   +23 |    16 |    10 |     6 |    1 | 0-000000-0---++0
   +24 |    16 |    10 |     6 |    1 | 0-000000-0---++0
   +25 |    16 |    10 |     6 |    1 | 0-000000-0---++0
   +26 |    16 |    10 |     6 |    1 | 0-000000-0---++0
   +27 |    16 |    10 |     6 |    1 | 0-000000-0---++0
   +28 |    16 |    10 |     6 |    1 | 0-000000-0---++0
   +29 |    16 |    10 |     6 |    1 | 0-000000-0---++0

  SUMMARY (3 reps, P1=500 steps, P2=100 steps):
  P1 steady: fires/step=14.9  blend/step=1.3  implied_alpha=0.082
  P2 phase:  fires/step=15.9  blend/step=10.0  implied_alpha=0.625
  REGIME: Path A dominant (CfC fires > 2/step)
  Sim calibration: LP_SIM_THRESHOLD should match Path A threshold; BLEND_ALPHA = 0.082


── LP DOT MAGNITUDE DIAGNOSTIC ──
  (CPU reference, not LP core)

  LP f-pathway dots (per neuron, 4 patterns):
        n00 n01 n02 n03 n04 n05 n06 n07 n08 n09 n10 n11 n12 n13 n14 n15
  P0:   -7  -2  -5  +0  +4 +12  +2  +1  -8  -2  -3  -1  +5  +0  -1  +2
  P1:   +1  -6  -1  +4  +8  +8  +8  -1 -14  +2  +3  +3  +1  -8  +1  -2
  P2:   -5  -4  -3  +0  +4  +8  +6  +1 -10  +2  +1  -1  +3  -8  +3  +0
  P3:   -3  -6  +1  +4  +6  +8  +6  -3 -12  +0  +3  -1  +1  -6  +3  -6

  LP f-pathway SIGNS:
         n00  n01  n02  n03  n04  n05  n06  n07  n08  n09  n10  n11  n12  n13  n14  n15
  P0:    -    -    -    0    +    +    +    +    -    -    -    -    +    0    -    + 
  P1:    +    -    -    +    +    +    +    -    -    +    +    +    +    -    +    - 
  P2:    -    -    -    0    +    +    +    +    -    +    +    -    +    -    +    0 
  P3:    -    -    +    +    +    +    +    -    -    0    +    -    +    -    +    - 

  P1 vs P2 comparison (f-pathway):
    n00: P1= +1 P2= -5  sign=DIFF  |mag_diff|=4
    n01: P1= -6 P2= -4  sign=SAME  |mag_diff|=2
    n02: P1= -1 P2= -3  sign=SAME  |mag_diff|=2
    n03: P1= +4 P2= +0  sign=DIFF  |mag_diff|=4
    n04: P1= +8 P2= +4  sign=SAME  |mag_diff|=4
    n05: P1= +8 P2= +8  sign=SAME  |mag_diff|=0
    n06: P1= +8 P2= +6  sign=SAME  |mag_diff|=2
    n07: P1= -1 P2= +1  sign=DIFF  |mag_diff|=0
    n08: P1=-14 P2=-10  sign=SAME  |mag_diff|=4
    n09: P1= +2 P2= +2  sign=SAME  |mag_diff|=0
    n10: P1= +3 P2= +1  sign=SAME  |mag_diff|=2
    n11: P1= +3 P2= -1  sign=DIFF  |mag_diff|=2
    n12: P1= +1 P2= +3  sign=SAME  |mag_diff|=2
    n13: P1= -8 P2= -8  sign=SAME  |mag_diff|=0
    n14: P1= +1 P2= +3  sign=SAME  |mag_diff|=2
    n15: P1= -2 P2= +0  sign=DIFF  |mag_diff|=2
  Signs: 11 same, 5 different
  Mean |magnitude difference|: 2.0
  If signs are mostly SAME but magnitudes differ:
    → 5-trit MTFP per neuron would resolve the degeneracy
  If signs AND magnitudes are similar:
    → need more projection directions (wider LP)

