# Diagnosed Hebbian: 3 reps x 2 conditions, Phase C=60s
# MASK_PATTERN_ID=1 + MASK_PATTERN_ID_INPUT=1, SKIP_TO_15
# Captured 2026-04-11 17:52:29
I (164) esp_image: segment 3: paddr=000c691c vaddr=408016b0 sizeESP-ROM:esp32c6-20220919
Build:Sep 19 2022
rst:0x15 (USB_UART_HPSYS),boot:0x1e (SPI_FAST_FLASH_BOOT)
Saved PC:0x40806624
SPIWP:0xee
mode:DIO, clock div:2
load:0x40875730,len:0x180c
load:0x4086c110,len:0xfac
load:0x4086e610,len:0x3154
entry 0x4086c11a
I (23) boot: ESP-IDF v5.4 2nd stage bootloader
I (23) boot: compile time Apr 11 2026 17:50:56
I (23) boot: chip revision: v0.2
I (24) boot: efuse block revision: v0.3
I (24) qio_mode: Enabling default flash chip QIO
I (24) boot.esp32c6: SPI Speed      : 80MHz
I (24) boot.esp32c6: SPI Mode       : QIO
I (25) boot.esp32c6: SPI Flash Size : 2MB
I (25) boot: Enabling RNG early entropy source...
I (25) boot: Partition Table:
I (25) boot: ## Label            Usage          Type ST Offset   Length
I (26) boot:  0 nvs              WiFi data        01 02 00009000 00006000
I (26) boot:  1 phy_init         RF data          01 01 0000f000 00001000
I (27) boot:  2 factory          factory app      00 00 00010000 00100000
I (28) boot: End of partition table
I (28) esp_image: segment 0: paddr=00010020 vaddr=42098020 size=1e940h (125248) map
I (51) esp_image: segment 1: paddr=0002e968 vaddr=40800000 size=016b0h (  5808) load
I (53) esp_image: segment 2: paddr=00030020 vaddr=42000020 size=968f4h (616692) map
I (164) esp_image: segment 3: paddr=000c691c vaddr=408016b0 size=1812ch ( 98604) load
I (185) esp_image: segment 4: paddr=000dea50 vaddr=408197e0 size=03c1ch ( 15388) load
I (188) esp_image: segment 5: paddr=000e2674 vaddr=50003fc0 size=0000ch (    12) load
I (195) boot: Loaded app from partition at offset 0x10000
I (196) boot: Disabling RNG early entropy source...
W (205) spi_flash: Detected size(4096k) larger than the size in the binary image header(2048k). Using the size in the binary image header.

============================================================
  FREE-RUNNING SUB-CPU NEURAL NETWORK
  + LP CORE GEOMETRIC PROCESSOR
  GIE (441 Hz HW) → LP core (100 Hz, 16MHz RISC-V, ~30uA)
  Three-layer hierarchy: peripheral → geometric → CPU
============================================================

[INIT] GPIO 4-7...
[INIT] ETM clock...
[INIT] PARLIO TX (2-bit, 20MHz, loopback)...
[INIT] PCNT (2 units)...
[INIT] Timer...
[INIT] GDMA channel detection...
[GDMA] PARLIO owns CH0
[INIT] GDMA ISR (free-running mode)...
[GDMA ISR] OK — CH0 (source=69), LEVEL3
[INIT] LP core binary (16320 bytes)...
[INIT] LP core weights (after binary load)...
[INIT] LP seed: 0xCAFE1234
[LP] Geometric processor running (100 Hz, 16 MHz RISC-V)
[INIT] ESP-NOW receiver...
W (8367) wifi:ACK_TAB0   :0x   90a0b, QAM16:0x9 (24Mbps), QPSK:0xa (12Mbps), BPSK:0xb (6Mbps)
W (8368) wifi:CTS_TAB0   :0x   90a0b, QAM16:0x9 (24Mbps), QPSK:0xa (12Mbps), BPSK:0xb (6Mbps)
W (8368) wifi:(agc)0x600a7128:0xd206b800, min.avgNF:0xce->0xd2(dB), RCalCount:0x6b, min.RRssi:0x800(-128.00)
W (8369) wifi:(TB)WDEV_PWR_TB_MCS0:19
W (8369) wifi:(TB)WDEV_PWR_TB_MCS1:19
W (8369) wifi:(TB)WDEV_PWR_TB_MCS2:19
W (8369) wifi:(TB)WDEV_PWR_TB_MCS3:19
W (8369) wifi:(TB)WDEV_PWR_TB_MCS4:19
W (8369) wifi:(TB)WDEV_PWR_TB_MCS5:19
W (8370) wifi:(TB)WDEV_PWR_TB_MCS6:18
W (8370) wifi:(TB)WDEV_PWR_TB_MCS7:18
W (8370) wifi:(TB)WDEV_PWR_TB_MCS8:17
W (8370) wifi:(TB)WDEV_PWR_TB_MCS9:15
W (8370) wifi:(TB)WDEV_PWR_TB_MCS10:15
W (8370) wifi:(TB)WDEV_PWR_TB_MCS11:15
[ESPNOW] Listening on channel 1 (no AP connection)
[INIT] Done.

[PRIME] Warming pipeline...
[PRIME] Done.

[SWEEP] SKIP_TO_15: running Test 11 (enrollment) + Test 15 only

-- TEST 11: Pattern Classification (Stream CfC) --
[DIAG] 500us: agree=256 disagree=294 out_sel4=47 out_sel5=48 in101=0x84 in103=0x86 gpio_in=0x5003a348 cpu_agree=21 loop=0
[DIAG] gdma: raw=0x1 st=0x0 ena=0x2 conf0=0x0 link=0x27448(park=0) peri=9
[DIAG] gdma2: fifo=0x61 state=0x2e7628(dscr_st=3 out_st=2) eof_addr=0x40827604
[DIAG] parlio: cfg=0x1a089b40(tx_start=1 bytelen=9936) st=0x80000000(tx_ready=1) int_raw=0x1(eof=0 rempty=1)
  Phase 0a: Observing input signatures (30s)...
  Observed: 204 packets, 204 encoded, 12886 GIE loops
  Per-pattern counts: P0=94 P1=48 P2=11 P3=51
  Phase 0b: Computing TriX signatures...
  sig[0]: [+++++++---------00000000--------...] nz=96/128 (from 94 samples, seq trits masked)
  sig[1]: [+++++++---------00000000++++++++...] nz=96/128 (from 48 samples, seq trits masked)
  sig[2]: [+++++++---------00000000+-+-+-+-...] nz=95/128 (from 11 samples, seq trits masked)
  sig[3]: [+++++++---------00000000+----+++...] nz=96/128 (from 51 samples, seq trits masked)
  Signature pattern-ID trits [16..23]:
    sig[0][16..23]: 00000000
    sig[1][16..23]: 00000000
    sig[2][16..23]: 00000000
    sig[3][16..23]: 00000000
  Signature cross-dots:
    sig[0] vs: s0=96 s1=68 s2=21 s3=24
    sig[1] vs: s0=68 s1=96 s2=29 s3=12
    sig[2] vs: s0=21 s1=29 s2=95 s3=13
    sig[3] vs: s0=24 s1=12 s2=13 s3=96
  Ring drops: 0

  Phase 0c: Installing signatures as W_f gate weights...
  W_f weights set from signatures (8 neurons/pattern)
  Gate threshold: 2147483647 (Phase 3: blend DISABLED, all neurons HOLD)
  Neurons 0-7 → pattern 0
  Neurons 8-15 → pattern 1
  Neurons 16-23 → pattern 2
  Neurons 24-31 → pattern 3
  Gate selectivity: 0 fires / 64 steps = 0%

  GDMA offset calibration...
  GDMA offset mapping: G0→P0 G1→P1 G2→P2 G3→P3
  ISR groups:  [18, 24, 86, 10]
  CPU patterns: [18, 24, 86, 10]

  Phase 0d: TriX Cube face observation (15s)...
  TriX Cube face signatures:
    +x:recent: 106 samples [P0=45 P1=0 P2=10 P3=51]
    -x:prior: 96 samples [P0=0 P1=0 P2=51 P3=45]
    +y:stable: 62 samples [P0=25 P1=0 P2=6 P3=31]
    -y:transient: 11 samples [P0=5 P1=0 P2=1 P3=5]
    +z:confident: 0 samples [P0=0 P1=0 P2=0 P3=0]
    -z:uncertain: 51 samples [P0=0 P1=0 P2=0 P3=51]
  Face divergence from core (avg Hamming across patterns):
    +x:recent: 31 avg (3 patterns with data)
    -x:prior: 53 avg (2 patterns with data)
    +y:stable: 30 avg (3 patterns with data)
    -y:transient: 29 avg (3 patterns with data)
    +z:confident: 0 avg (0 patterns with data)
    -z:uncertain: 61 avg (1 patterns with data)
  Ring drops: 0

  Phase 1: TriX Cube ensemble (up to 32 samples, 60s)...
    s01: truth=0 core=0 isr=0 | cv=[6,3,0,0] iv=[6,3,0,0] xor=[21,107,20,23,-,107]
    s02: truth=1 core=1 isr=1 | cv=[0,4,0,0] iv=[0,4,0,0] xor=[96,96,96,96,-,96]
    s03: truth=1 core=1 isr=1 | cv=[0,5,0,0] iv=[0,5,0,0] xor=[96,96,96,96,-,96]
    s04: truth=1 core=1 isr=1 | cv=[0,6,0,0] iv=[0,6,0,0] xor=[102,102,102,102,-,102]
    s05: truth=1 core=1 isr=1 | cv=[0,3,0,0] iv=[0,3,0,0] xor=[109,109,109,109,-,109]
    s06: truth=1 core=1 isr=1 | cv=[0,3,1,0] iv=[0,3,1,0] xor=[85,95,87,109,-,109]
    s07: truth=2 core=2 isr=2 | cv=[0,0,2,0] iv=[0,0,2,0] xor=[16,55,23,24,-,95]
    s08: truth=2 core=2 isr=2 | cv=[0,0,2,0] iv=[0,0,2,0] xor=[14,50,21,19,-,101]
    s09: truth=2 core=2 isr=2 | cv=[0,0,2,0] iv=[0,0,2,0] xor=[13,46,20,14,-,108]
    s10: truth=2 core=2 isr=2 | cv=[0,0,2,0] iv=[0,0,2,0] xor=[13,46,20,14,-,108]
    s11: truth=2 core=2 isr=2 | cv=[0,0,2,0] iv=[0,0,2,0] xor=[13,46,20,14,-,108]
    s12: truth=3 core=0 isr=0 | cv=[5,0,0,0] iv=[10,0,0,0] xor=[7,110,5,10,-,110]
    s13: truth=0 core=0 isr=0 | cv=[9,0,0,0] iv=[10,0,0,0] xor=[5,112,6,10,-,112]
    s14: truth=0 core=0 isr=0 | cv=[10,0,0,0] iv=[10,0,0,0] xor=[4,56,5,0,-,56]
    s15: truth=0 core=0 isr=0 | cv=[10,0,0,0] iv=[10,0,0,0] xor=[4,1,1,1,-,1]
    s16: truth=0 core=0 isr=0 | cv=[10,0,0,0] iv=[10,0,0,0] xor=[2,2,1,2,-,2]
    s17: truth=0 core=0 isr=0 | cv=[10,0,0,0] iv=[10,0,0,0] xor=[2,3,2,2,-,3]
    s18: truth=0 core=0 isr=0 | cv=[4,3,0,0] iv=[4,3,0,0] xor=[49,49,49,49,-,49]
    s19: truth=1 core=1 isr=1 | cv=[0,6,0,0] iv=[0,6,0,0] xor=[73,73,73,73,-,73]
    s20: truth=1 core=1 isr=1 | cv=[0,3,0,0] iv=[0,3,0,0] xor=[1,1,1,1,-,1]
    s21: truth=1 core=1 isr=1 | cv=[0,6,0,0] iv=[0,6,0,0] xor=[1,1,1,1,-,1]
    s22: truth=1 core=1 isr=1 | cv=[0,3,0,0] iv=[0,3,0,0] xor=[1,1,1,1,-,1]
    s23: truth=1 core=1 isr=1 | cv=[0,3,1,0] iv=[0,3,1,0] xor=[5,13,7,5,-,29]
    s24: truth=2 core=2 isr=2 | cv=[0,0,2,0] iv=[0,0,2,0] xor=[13,32,20,14,-,108]
    s25: truth=2 core=2 isr=2 | cv=[0,0,2,0] iv=[0,0,2,0] xor=[13,19,20,14,-,108]
    s26: truth=2 core=2 isr=2 | cv=[0,0,2,0] iv=[0,0,2,0] xor=[13,19,20,14,-,108]
    s27: truth=2 core=2 isr=2 | cv=[0,0,2,0] iv=[0,0,2,0] xor=[13,19,20,14,-,108]
    s28: truth=2 core=2 isr=2 | cv=[0,0,2,0] iv=[0,0,2,0] xor=[10,17,17,16,-,109]
    s29: truth=0 core=0 isr=0 | cv=[8,0,0,0] iv=[8,0,0,2] xor=[5,4,4,5,-,4]
    s30: truth=0 core=0 isr=0 | cv=[10,0,0,0] iv=[10,0,0,0] xor=[4,5,5,5,-,5]
    s31: truth=0 core=0 isr=0 | cv=[10,0,0,0] iv=[10,0,0,0] xor=[4,5,6,2,-,5]
    s32: truth=0 core=0 isr=0 | cv=[11,0,0,0] iv=[11,0,0,0] xor=[6,4,4,3,-,4]

  ═══ CLASSIFICATION RESULTS (TriX Cube) ═══
  Total GIE loops: 40788
  TriX ISR classifications: 27878 (at 676 Hz)
  Test samples: 32
  Ring drops: 0
  Core (CPU per-pkt vote):   31/32 = 96%
  ISR  (HW 430 Hz TriX):     31/32 = 96% (all samples)
  ISR  (windows w/ data):    31/32 = 96% (268 pkts clean, 0 pkts timeout)
  TriX channel signals:      27878 (seq=27877)
  Baseline (packet-rate):    28/32 = 87%

  ── Novelty Detection ──
  Novel packets: 85 / 268 (31%)
  Novel windows: 9

  ── Online Maintenance ──
  Core re-signs: 12
  Core drift (Hamming):
    sig[0]: 15/128 trits
    sig[1]: 14/128 trits
    sig[2]: 14/128 trits
    sig[3]: 0/128 trits

  ── XOR Masks (temporal displacement per face) ──
    Face              avg  | rssi patid payload timing
    +x:recent           22/128 |  2/16  0/8  10/64    8/40
    -x:prior            39/128 |  4/16  0/8  22/64   11/40
    +y:stable           22/128 |  2/16  0/8  10/64    9/40
    -y:transient        22/128 |  2/16  0/8  10/64    8/40
    +z:confident         -     | (no data)
    -z:uncertain        47/128 |  6/16  0/8  27/64   13/40
    ── Signal distribution ──
    RSSI:    12% of mask weight
    PatID:   0% of mask weight
    Payload: 53% of mask weight
    Timing:  33% of mask weight

  ── TriX Cube Geometry ──
    +x:recent: 289 samples, 19 avg hamming from core
    -x:prior: 279 samples, 19 avg hamming from core
    +y:stable: 245 samples, 18 avg hamming from core
    -y:transient: 194 samples, 17 avg hamming from core
    +z:confident: 0 samples, 0 avg hamming from core
    -z:uncertain: 234 samples, 44 avg hamming from core
  Gate firing: 0%

  Architecture:
  - TriX ISR: HW classifies at 430 Hz (CfC blend DISABLED — Phase 3)
  - 7-voxel TriX Cube: core + 6 temporal faces
  - Faces: recent, prior, stable, transient, confident, uncertain
  - Core classifies alone. Faces compute XOR masks (intervention sensors)
  - XOR mask = trit positions where face sig != core sig
  - Online maintenance + novelty detection
  - Gate threshold=2147483647, novelty=60
  OK

-- TEST 15: Hebbian LP Weight Learning --
   Design: 3-phase (A=60s, B=60s, C=60s) × 3 reps × 2 conditions
   Total: 540s per condition, 1080s overall

  ══ Control (CMD5 only) — Rep 1/3 ══

  ── Condition: Control (CMD5 only) ──
[DIAG] 500us: agree=1275 disagree=125 out_sel4=47 out_sel5=48 in101=0x84 in103=0x86 gpio_in=0x11039348 cpu_agree=20 loop=0
[DIAG] gdma: raw=0x1 st=0x0 ena=0x2 conf0=0x0 link=0x27448(park=0) peri=9
[DIAG] gdma2: fifo=0x61 state=0x2e7628(dscr_st=3 out_st=2) eof_addr=0x40827604
[DIAG] parlio: cfg=0x1a089b40(tx_start=1 bytelen=9936) st=0x80000000(tx_ready=1) int_raw=0x5(eof=1 rempty=1)
[LP] Geometric processor running (100 Hz, 16 MHz RISC-V)
    step 300 (45s): vdb=37 flips=0 p=1 gt=1
    Phase B: control (60s)... baseline=385 confirms, VDB=48
    step 600 (95s): vdb=64 flips=0 p=1 gt=3
    Phase C: measuring (60s)... flips=0 updates=0
    step 900 (140s): vdb=64 flips=0 p=2 gt=3
    Phase A (pre) divergence (/16):
         P0  P1  P2  P3
    P0:   0   1   0   0  (126)
    P1:   1   0   1   1  (72)
    P2:   0   1   0   0  (33)
    P3:   0   1   0   0  (153)
    Mean: 0.5
    Phase C (post) divergence (/16):
         P0  P1  P2  P3
    P0:   0   2   1   0  (153)
    P1:   2   0   1   2  (72)
    P2:   1   1   0   1  (33)
    P3:   0   2   1   0  (126)
    Mean: 1.2
    Confirms: 1152, Flips: 0, Updates: 0
    Rep 1 result: mean=1.2/16 (6 pairs), flips=0, updates=0

  ══ Control (CMD5 only) — Rep 2/3 ══

  ── Condition: Control (CMD5 only) ──
[DIAG] 500us: agree=900 disagree=474 out_sel4=47 out_sel5=48 in101=0x84 in103=0x86 gpio_in=0x1103a348 cpu_agree=20 loop=0
[DIAG] gdma: raw=0x1 st=0x0 ena=0x2 conf0=0x0 link=0x27448(park=0) peri=9
[DIAG] gdma2: fifo=0x50 state=0x2e7628(dscr_st=3 out_st=2) eof_addr=0x40827604
[DIAG] parlio: cfg=0x1a089b40(tx_start=1 bytelen=9936) st=0x80000000(tx_ready=1) int_raw=0x5(eof=1 rempty=1)
[LP] Geometric processor running (100 Hz, 16 MHz RISC-V)
    step 300 (44s): vdb=37 flips=0 p=1 gt=3
    Phase B: control (60s)... baseline=400 confirms, VDB=49
    step 600 (88s): vdb=64 flips=0 p=0 gt=0
    Phase C: measuring (60s)... flips=0 updates=0
    step 900 (133s): vdb=64 flips=0 p=0 gt=0
    step 1200 (178s): vdb=64 flips=0 p=1 gt=1
    Phase A (pre) divergence (/16):
         P0  P1  P2  P3
    P0:   0   0   2   1  (153)
    P1:   0   0   2   1  (72)
    P2:   2   2   0   1  (30)
    P3:   1   1   1   0  (144)
    Mean: 1.2
    Phase C (post) divergence (/16):
         P0  P1  P2  P3
    P0:   0   1   1   1  (153)
    P1:   1   0   2   2  (66)
    P2:   1   2   0   0  (31)
    P3:   1   2   0   0  (153)
    Mean: 1.2
    Confirms: 1207, Flips: 0, Updates: 0
    Rep 2 result: mean=1.2/16 (6 pairs), flips=0, updates=0

  ══ Control (CMD5 only) — Rep 3/3 ══

  ── Condition: Control (CMD5 only) ──
[DIAG] 500us: agree=1136 disagree=198 out_sel4=47 out_sel5=48 in101=0x84 in103=0x86 gpio_in=0x1103a348 cpu_agree=20 loop=0
[DIAG] gdma: raw=0x1 st=0x0 ena=0x2 conf0=0x0 link=0x27448(park=0) peri=9
[DIAG] gdma2: fifo=0x61 state=0x2e7628(dscr_st=3 out_st=2) eof_addr=0x40827604
[DIAG] parlio: cfg=0x1a089b40(tx_start=1 bytelen=9936) st=0x80000000(tx_ready=1) int_raw=0x5(eof=1 rempty=1)
[LP] Geometric processor running (100 Hz, 16 MHz RISC-V)
    step 300 (49s): vdb=37 flips=0 p=0 gt=3
    Phase B: control (60s)... baseline=399 confirms, VDB=49
    step 600 (94s): vdb=64 flips=0 p=0 gt=3
    Phase C: measuring (60s)... flips=0 updates=0
    step 900 (138s): vdb=64 flips=0 p=0 gt=0
    Phase A (pre) divergence (/16):
         P0  P1  P2  P3
    P0:   0   3   3   1  (153)
    P1:   3   0   3   4  (59)
    P2:   3   3   0   2  (33)
    P3:   1   4   2   0  (153)
    Mean: 2.7
    Phase C (post) divergence (/16):
         P0  P1  P2  P3
    P0:   0   0   2   2  (126)
    P1:   0   0   2   2  (72)
    P2:   2   2   0   0  (33)
    P3:   2   2   0   0  (153)
    Mean: 1.3
    Confirms: 1169, Flips: 0, Updates: 0
    Rep 3 result: mean=1.3/16 (6 pairs), flips=0, updates=0

  ══ Hebbian (CMD5+learn) — Rep 1/3 ══

  ── Condition: Hebbian (CMD5+learn) ──
[DIAG] 500us: agree=1287 disagree=112 out_sel4=47 out_sel5=48 in101=0x84 in103=0x86 gpio_in=0x1103a348 cpu_agree=20 loop=0
[DIAG] gdma: raw=0x1 st=0x0 ena=0x2 conf0=0x0 link=0x27448(park=0) peri=9
[DIAG] gdma2: fifo=0x61 state=0x2e7628(dscr_st=3 out_st=2) eof_addr=0x40827604
[DIAG] parlio: cfg=0x1a089b40(tx_start=1 bytelen=9936) st=0x80000000(tx_ready=1) int_raw=0x5(eof=1 rempty=1)
[LP] Geometric processor running (100 Hz, 16 MHz RISC-V)
    step 300 (44s): vdb=37 flips=0 p=0 gt=0
    Phase B: learning (60s)... baseline=385 confirms, VDB=48
    step 600 (89s): vdb=64 flips=16 p=1 gt=1
    Phase C: measuring (60s)... flips=41 updates=20
    step 900 (138s): vdb=64 flips=41 p=2 gt=2
    Phase A (pre) divergence (/16):
         P0  P1  P2  P3
    P0:   0   4   3   3  (148)
    P1:   4   0   3   3  (72)
    P2:   3   3   0   0  (33)
    P3:   3   3   0   0  (131)
    Mean: 2.7
    Phase C (post) divergence (/16):
         P0  P1  P2  P3
    P0:   0   0   2   1  (153)
    P1:   0   0   2   1  (72)
    P2:   2   2   0   2  (28)
    P3:   1   1   2   0  (151)
    Mean: 1.3
    Confirms: 1172, Flips: 41, Updates: 20
    Rep 1 result: mean=1.3/16 (6 pairs), flips=41, updates=20

  ══ Hebbian (CMD5+learn) — Rep 2/3 ══

  ── Condition: Hebbian (CMD5+learn) ──
[DIAG] 500us: agree=798 disagree=497 out_sel4=47 out_sel5=48 in101=0x84 in103=0x86 gpio_in=0x1103a348 cpu_agree=20 loop=0
[DIAG] gdma: raw=0x1 st=0x0 ena=0x2 conf0=0x0 link=0x27448(park=0) peri=9
[DIAG] gdma2: fifo=0x61 state=0x2e7628(dscr_st=3 out_st=2) eof_addr=0x40827604
[DIAG] parlio: cfg=0x1a089b40(tx_start=1 bytelen=9936) st=0x80000000(tx_ready=1) int_raw=0x5(eof=1 rempty=1)
[LP] Geometric processor running (100 Hz, 16 MHz RISC-V)
    step 300 (46s): vdb=37 flips=0 p=1 gt=3
    Phase B: learning (60s)... baseline=407 confirms, VDB=50
    step 600 (90s): vdb=64 flips=20 p=0 gt=3
    Phase C: measuring (60s)... flips=41 updates=20
    step 900 (135s): vdb=64 flips=41 p=0 gt=0
    step 1200 (179s): vdb=64 flips=41 p=0 gt=0
    Phase A (pre) divergence (/16):
         P0  P1  P2  P3
    P0:   0   2   4   3  (153)
    P1:   2   0   4   1  (72)
    P2:   4   4   0   3  (28)
    P3:   3   1   3   0  (153)
    Mean: 2.8
    Phase C (post) divergence (/16):
         P0  P1  P2  P3
    P0:   0   1   0   0  (153)
    P1:   1   0   1   1  (58)
    P2:   0   1   0   0  (33)
    P3:   0   1   0   0  (153)
    Mean: 0.5
    Confirms: 1204, Flips: 41, Updates: 20
    Rep 2 result: mean=0.5/16 (6 pairs), flips=41, updates=20

  ══ Hebbian (CMD5+learn) — Rep 3/3 ══

  ── Condition: Hebbian (CMD5+learn) ──
[DIAG] 500us: agree=1243 disagree=144 out_sel4=47 out_sel5=48 in101=0x84 in103=0x86 gpio_in=0x1103a348 cpu_agree=20 loop=0
[DIAG] gdma: raw=0x1 st=0x0 ena=0x2 conf0=0x0 link=0x27448(park=0) peri=9
[DIAG] gdma2: fifo=0x61 state=0x2e7628(dscr_st=3 out_st=2) eof_addr=0x40827604
[DIAG] parlio: cfg=0x1a089b40(tx_start=1 bytelen=9936) st=0x80000000(tx_ready=1) int_raw=0x5(eof=1 rempty=1)
[LP] Geometric processor running (100 Hz, 16 MHz RISC-V)
    step 300 (47s): vdb=37 flips=0 p=2 gt=2
    Phase B: learning (60s)... baseline=386 confirms, VDB=48
    step 600 (95s): vdb=64 flips=105 p=0 gt=3
    Phase C: measuring (60s)... flips=145 updates=36
    step 900 (140s): vdb=64 flips=145 p=3 gt=3
    Phase A (pre) divergence (/16):
         P0  P1  P2  P3
    P0:   0   1   2   2  (128)
    P1:   1   0   3   1  (71)
    P2:   2   3   0   2  (33)
    P3:   2   1   2   0  (153)
    Mean: 1.8
    Phase C (post) divergence (/16):
         P0  P1  P2  P3
    P0:   0   3   3   4  (153)
    P1:   3   0   0   1  (72)
    P2:   3   0   0   1  (33)
    P3:   4   1   1   0  (126)
    Mean: 2.0
    Confirms: 1154, Flips: 145, Updates: 36
    Rep 3 result: mean=2.0/16 (6 pairs), flips=145, updates=36

  ══ TEST 15 COMPARISON (3 reps per condition) ══
  Control (CMD5 only)       1.2 ± 0.1 /16  (reps: 1.2 1.2 1.3)
  Hebbian (CMD5+learn)      1.3 ± 0.8 /16  (reps: 1.3 0.5 2.0)

  Hebbian contribution: +0.1 ± 0.8 Hamming

  ── Verdict ──
  Hebbian > Control (mean):  YES (+0.1)
  Exceeds noise (>1 std):    NO (+0.1 vs ±0.8)
  FAIL
============================================================
  RESULTS: 1 / 2 PASSED
============================================================

  SOME TESTS FAILED — see details above.

-- LP CHAR: LP Dynamics Characterization --
   (diagnostic — not counted in pass/fail)
  Rep 1/3:
    P1 step   0: fires=13 blend= 0 score=  0 vdb=1
    P1 step 100: fires=14 blend= 7 score= 23 vdb=5
    P1 step 200: fires=16 blend= 6 score= 29 vdb=9
    P1 step 300: fires=14 blend= 7 score= 24 vdb=13
    P1 step 400: fires=13 blend= 5 score= 25 vdb=17
    P1 done: vdb_nodes=20
    P2 step  0: fires=15 blend= 7 score= 10 applied=1
    P2 step  1: fires=15 blend= 9 score=  8 applied=1
    P2 step  2: fires=12 blend= 6 score=  7 applied=1
    P2 step  3: fires=14 blend= 8 score=  9 applied=1
    P2 step  4: fires=16 blend= 8 score=  6 applied=1
    P2 step  5: fires=15 blend= 9 score=  6 applied=1
    P2 step  6: fires=16 blend= 6 score=  6 applied=1
    P2 step  7: fires=16 blend= 5 score=  7 applied=1
    P2 step  8: fires=16 blend= 5 score=  7 applied=1
    P2 step  9: fires=14 blend= 7 score=  9 applied=1
    P2 step 10: fires=15 blend= 6 score=  8 applied=1
    P2 step 11: fires=14 blend= 5 score=  8 applied=1
    P2 step 12: fires=15 blend= 6 score=  9 applied=1
    P2 step 13: fires=14 blend= 5 score=  8 applied=1
    P2 step 14: fires=14 blend= 5 score=  8 applied=1
    P2 step 15: fires=14 blend= 5 score=  8 applied=1
    P2 step 16: fires=14 blend= 5 score=  8 applied=1
    P2 step 17: fires=14 blend= 5 score=  8 applied=1
    P2 step 18: fires=14 blend= 5 score=  8 applied=1
    P2 step 19: fires=14 blend= 5 score=  8 applied=1
    P2 step 20: fires=14 blend= 5 score=  8 applied=1
    P2 step 21: fires=14 blend= 5 score=  8 applied=1
    P2 step 22: fires=14 blend= 5 score=  8 applied=1
    P2 step 23: fires=14 blend= 5 score=  8 applied=1
    P2 step 24: fires=14 blend= 5 score=  8 applied=1
    P2 step 25: fires=14 blend= 5 score=  8 applied=1
    P2 step 26: fires=14 blend= 5 score=  8 applied=1
    P2 step 27: fires=14 blend= 5 score=  8 applied=1
    P2 step 28: fires=14 blend= 5 score=  8 applied=1
    P2 step 29: fires=14 blend= 5 score=  8 applied=1
    P2 step 30: fires=14 blend= 5 score=  8 applied=1
    P2 step 31: fires=14 blend= 5 score=  8 applied=1
    P2 step 32: fires=14 blend= 5 score=  8 applied=1
    P2 step 33: fires=14 blend= 5 score=  8 applied=1
    P2 step 34: fires=14 blend= 5 score=  8 applied=1
    P2 step 35: fires=14 blend= 5 score=  8 applied=1
    P2 step 36: fires=14 blend= 5 score=  8 applied=1
    P2 step 37: fires=14 blend= 5 score=  8 applied=1
    P2 step 38: fires=14 blend= 5 score=  8 applied=1
    P2 step 39: fires=14 blend= 5 score=  8 applied=1
    P2 step 40: fires=14 blend= 5 score=  8 applied=1
    P2 step 41: fires=14 blend= 5 score=  8 applied=1
    P2 step 42: fires=14 blend= 5 score=  8 applied=1
    P2 step 43: fires=14 blend= 5 score=  8 applied=1
    P2 step 44: fires=14 blend= 5 score=  8 applied=1
    P2 step 45: fires=14 blend= 5 score=  8 applied=1
    P2 step 46: fires=14 blend= 5 score=  8 applied=1
    P2 step 47: fires=14 blend= 5 score=  8 applied=1
    P2 step 48: fires=14 blend= 5 score=  8 applied=1
    P2 step 49: fires=14 blend= 5 score=  8 applied=1
    P2 step 50: fires=14 blend= 5 score=  8 applied=1
    P2 step 51: fires=14 blend= 5 score=  8 applied=1
    P2 step 52: fires=14 blend= 5 score=  8 applied=1
    P2 step 53: fires=14 blend= 5 score=  8 applied=1
    P2 step 54: fires=14 blend= 5 score=  8 applied=1
    P2 step 55: fires=14 blend= 5 score=  8 applied=1
    P2 step 56: fires=14 blend= 5 score=  8 applied=1
    P2 step 57: fires=14 blend= 5 score=  8 applied=1
    P2 step 58: fires=14 blend= 5 score=  8 applied=1
    P2 step 59: fires=14 blend= 5 score=  8 applied=1
    P2 step 60: fires=14 blend= 5 score=  8 applied=1
    P2 step 61: fires=14 blend= 5 score=  8 applied=1
    P2 step 62: fires=14 blend= 5 score=  8 applied=1
    P2 step 63: fires=14 blend= 5 score=  8 applied=1
    P2 step 64: fires=14 blend= 5 score=  8 applied=1
    P2 step 65: fires=14 blend= 5 score=  8 applied=1
    P2 step 66: fires=14 blend= 5 score=  8 applied=1
    P2 step 67: fires=14 blend= 5 score=  8 applied=1
    P2 step 68: fires=14 blend= 5 score=  8 applied=1
    P2 step 69: fires=14 blend= 5 score=  8 applied=1
    P2 step 70: fires=14 blend= 5 score=  8 applied=1
    P2 step 71: fires=14 blend= 5 score=  8 applied=1
    P2 step 72: fires=14 blend= 5 score=  8 applied=1
    P2 step 73: fires=14 blend= 5 score=  8 applied=1
    P2 step 74: fires=14 blend= 5 score=  8 applied=1
    P2 step 75: fires=14 blend= 5 score=  8 applied=1
    P2 step 76: fires=14 blend= 5 score=  8 applied=1
    P2 step 77: fires=14 blend= 5 score=  8 applied=1
    P2 step 78: fires=14 blend= 5 score=  8 applied=1
    P2 step 79: fires=14 blend= 5 score=  8 applied=1
    P2 step 80: fires=14 blend= 5 score=  8 applied=1
    P2 step 81: fires=14 blend= 5 score=  8 applied=1
    P2 step 82: fires=14 blend= 5 score=  8 applied=1
    P2 step 83: fires=14 blend= 5 score=  8 applied=1
    P2 step 84: fires=14 blend= 5 score=  8 applied=1
    P2 step 85: fires=14 blend= 5 score=  8 applied=1
    P2 step 86: fires=14 blend= 5 score=  8 applied=1
    P2 step 87: fires=14 blend= 5 score=  8 applied=1
    P2 step 88: fires=14 blend= 5 score=  8 applied=1
    P2 step 89: fires=14 blend= 5 score=  8 applied=1
    P2 step 90: fires=14 blend= 5 score=  8 applied=1
    P2 step 91: fires=14 blend= 5 score=  8 applied=1
    P2 step 92: fires=14 blend= 5 score=  8 applied=1
    P2 step 93: fires=14 blend= 5 score=  8 applied=1
    P2 step 94: fires=14 blend= 5 score=  8 applied=1
    P2 step 95: fires=14 blend= 5 score=  8 applied=1
    P2 step 96: fires=14 blend= 5 score=  8 applied=1
    P2 step 97: fires=14 blend= 5 score=  8 applied=1
    P2 step 98: fires=14 blend= 5 score=  8 applied=1
    P2 step 99: fires=14 blend= 5 score=  8 applied=1
    P1 mean: fires/step=13.9  blend/step=4.9  implied_alpha=0.303
    P2 mean: fires/step=14.1  blend/step=5.2  implied_alpha=0.326

  Rep 2/3:
    P1 step   0: fires=13 blend= 0 score=  0 vdb=1
    P1 step 100: fires=14 blend= 7 score= 23 vdb=5
    P1 step 200: fires=16 blend= 6 score= 29 vdb=9
    P1 step 300: fires=14 blend= 7 score= 24 vdb=13
    P1 step 400: fires=13 blend= 5 score= 25 vdb=17
    P1 done: vdb_nodes=20
    P2 step  0: fires=15 blend= 7 score= 10 applied=1
    P2 step  1: fires=15 blend= 9 score=  8 applied=1
    P2 step  2: fires=12 blend= 6 score=  7 applied=1
    P2 step  3: fires=14 blend= 8 score=  9 applied=1
    P2 step  4: fires=16 blend= 8 score=  6 applied=1
    P2 step  5: fires=15 blend= 9 score=  6 applied=1
    P2 step  6: fires=16 blend= 6 score=  6 applied=1
    P2 step  7: fires=16 blend= 5 score=  7 applied=1
    P2 step  8: fires=16 blend= 5 score=  7 applied=1
    P2 step  9: fires=14 blend= 7 score=  9 applied=1
    P2 step 10: fires=15 blend= 6 score=  8 applied=1
    P2 step 11: fires=14 blend= 5 score=  8 applied=1
    P2 step 12: fires=15 blend= 6 score=  9 applied=1
    P2 step 13: fires=14 blend= 5 score=  8 applied=1
    P2 step 14: fires=14 blend= 5 score=  8 applied=1
    P2 step 15: fires=14 blend= 5 score=  8 applied=1
    P2 step 16: fires=14 blend= 5 score=  8 applied=1
    P2 step 17: fires=14 blend= 5 score=  8 applied=1
    P2 step 18: fires=14 blend= 5 score=  8 applied=1
    P2 step 19: fires=14 blend= 5 score=  8 applied=1
    P2 step 20: fires=14 blend= 5 score=  8 applied=1
    P2 step 21: fires=14 blend= 5 score=  8 applied=1
    P2 step 22: fires=14 blend= 5 score=  8 applied=1
    P2 step 23: fires=14 blend= 5 score=  8 applied=1
    P2 step 24: fires=14 blend= 5 score=  8 applied=1
    P2 step 25: fires=14 blend= 5 score=  8 applied=1
    P2 step 26: fires=14 blend= 5 score=  8 applied=1
    P2 step 27: fires=14 blend= 5 score=  8 applied=1
    P2 step 28: fires=14 blend= 5 score=  8 applied=1
    P2 step 29: fires=14 blend= 5 score=  8 applied=1
    P2 step 30: fires=14 blend= 5 score=  8 applied=1
    P2 step 31: fires=14 blend= 5 score=  8 applied=1
    P2 step 32: fires=14 blend= 5 score=  8 applied=1
    P2 step 33: fires=14 blend= 5 score=  8 applied=1
    P2 step 34: fires=14 blend= 5 score=  8 applied=1
    P2 step 35: fires=14 blend= 5 score=  8 applied=1
    P2 step 36: fires=14 blend= 5 score=  8 applied=1
    P2 step 37: fires=14 blend= 5 score=  8 applied=1
    P2 step 38: fires=14 blend= 5 score=  8 applied=1
    P2 step 39: fires=14 blend= 5 score=  8 applied=1
    P2 step 40: fires=14 blend= 5 score=  8 applied=1
    P2 step 41: fires=14 blend= 5 score=  8 applied=1
    P2 step 42: fires=14 blend= 5 score=  8 applied=1
    P2 step 43: fires=14 blend= 5 score=  8 applied=1
    P2 step 44: fires=14 blend= 5 score=  8 applied=1
    P2 step 45: fires=14 blend= 5 score=  8 applied=1
    P2 step 46: fires=14 blend= 5 score=  8 applied=1
    P2 step 47: fires=14 blend= 5 score=  8 applied=1
    P2 step 48: fires=14 blend= 5 score=  8 applied=1
    P2 step 49: fires=14 blend= 5 score=  8 applied=1
    P2 step 50: fires=14 blend= 5 score=  8 applied=1
    P2 step 51: fires=14 blend= 5 score=  8 applied=1
    P2 step 52: fires=14 blend= 5 score=  8 applied=1
    P2 step 53: fires=14 blend= 5 score=  8 applied=1
    P2 step 54: fires=14 blend= 5 score=  8 applied=1
    P2 step 55: fires=14 blend= 5 score=  8 applied=1
    P2 step 56: fires=14 blend= 5 score=  8 applied=1
    P2 step 57: fires=14 blend= 5 score=  8 applied=1
    P2 step 58: fires=14 blend= 5 score=  8 applied=1
    P2 step 59: fires=14 blend= 5 score=  8 applied=1
    P2 step 60: fires=14 blend= 5 score=  8 applied=1
    P2 step 61: fires=14 blend= 5 score=  8 applied=1
    P2 step 62: fires=14 blend= 5 score=  8 applied=1
    P2 step 63: fires=14 blend= 5 score=  8 applied=1
    P2 step 64: fires=14 blend= 5 score=  8 applied=1
    P2 step 65: fires=14 blend= 5 score=  8 applied=1
    P2 step 66: fires=14 blend= 5 score=  8 applied=1
    P2 step 67: fires=14 blend= 5 score=  8 applied=1
    P2 step 68: fires=14 blend= 5 score=  8 applied=1
    P2 step 69: fires=14 blend= 5 score=  8 applied=1
    P2 step 70: fires=14 blend= 5 score=  8 applied=1
    P2 step 71: fires=14 blend= 5 score=  8 applied=1
    P2 step 72: fires=14 blend= 5 score=  8 applied=1
    P2 step 73: fires=14 blend= 5 score=  8 applied=1
    P2 step 74: fires=14 blend= 5 score=  8 applied=1
    P2 step 75: fires=14 blend= 5 score=  8 applied=1
    P2 step 76: fires=14 blend= 5 score=  8 applied=1
    P2 step 77: fires=14 blend= 5 score=  8 applied=1
    P2 step 78: fires=14 blend= 5 score=  8 applied=1
    P2 step 79: fires=14 blend= 5 score=  8 applied=1
    P2 step 80: fires=14 blend= 5 score=  8 applied=1
    P2 step 81: fires=14 blend= 5 score=  8 applied=1
    P2 step 82: fires=14 blend= 5 score=  8 applied=1
    P2 step 83: fires=14 blend= 5 score=  8 applied=1
    P2 step 84: fires=14 blend= 5 score=  8 applied=1
    P2 step 85: fires=14 blend= 5 score=  8 applied=1
    P2 step 86: fires=14 blend= 5 score=  8 applied=1
    P2 step 87: fires=14 blend= 5 score=  8 applied=1
    P2 step 88: fires=14 blend= 5 score=  8 applied=1
    P2 step 89: fires=14 blend= 5 score=  8 applied=1
    P2 step 90: fires=14 blend= 5 score=  8 applied=1
    P2 step 91: fires=14 blend= 5 score=  8 applied=1
    P2 step 92: fires=14 blend= 5 score=  8 applied=1
    P2 step 93: fires=14 blend= 5 score=  8 applied=1
    P2 step 94: fires=14 blend= 5 score=  8 applied=1
    P2 step 95: fires=14 blend= 5 score=  8 applied=1
    P2 step 96: fires=14 blend= 5 score=  8 applied=1
    P2 step 97: fires=14 blend= 5 score=  8 applied=1
    P2 step 98: fires=14 blend= 5 score=  8 applied=1
    P2 step 99: fires=14 blend= 5 score=  8 applied=1
    P1 mean: fires/step=13.9  blend/step=4.8  implied_alpha=0.303
    P2 mean: fires/step=14.1  blend/step=5.2  implied_alpha=0.326

  Rep 3/3:
    P1 step   0: fires=13 blend= 0 score=  0 vdb=1
    P1 step 100: fires=14 blend= 7 score= 23 vdb=5
    P1 step 200: fires=16 blend= 6 score= 29 vdb=9
    P1 step 300: fires=14 blend= 7 score= 24 vdb=13
    P1 step 400: fires=13 blend= 5 score= 25 vdb=17
    P1 done: vdb_nodes=20
    P2 step  0: fires=15 blend= 7 score= 10 applied=1
    P2 step  1: fires=15 blend= 9 score=  8 applied=1
    P2 step  2: fires=12 blend= 6 score=  7 applied=1
    P2 step  3: fires=14 blend= 8 score=  9 applied=1
    P2 step  4: fires=16 blend= 8 score=  6 applied=1
    P2 step  5: fires=15 blend= 9 score=  6 applied=1
    P2 step  6: fires=16 blend= 6 score=  6 applied=1
    P2 step  7: fires=16 blend= 5 score=  7 applied=1
    P2 step  8: fires=16 blend= 5 score=  7 applied=1
    P2 step  9: fires=14 blend= 7 score=  9 applied=1
    P2 step 10: fires=15 blend= 6 score=  8 applied=1
    P2 step 11: fires=14 blend= 5 score=  8 applied=1
    P2 step 12: fires=15 blend= 6 score=  9 applied=1
    P2 step 13: fires=14 blend= 6 score=  8 applied=1
    P2 step 14: fires=14 blend= 5 score=  8 applied=1
    P2 step 15: fires=14 blend= 5 score=  8 applied=1
    P2 step 16: fires=14 blend= 5 score=  8 applied=1
    P2 step 17: fires=14 blend= 5 score=  8 applied=1
    P2 step 18: fires=14 blend= 5 score=  8 applied=1
    P2 step 19: fires=14 blend= 5 score=  8 applied=1
    P2 step 20: fires=14 blend= 5 score=  8 applied=1
    P2 step 21: fires=14 blend= 5 score=  8 applied=1
    P2 step 22: fires=14 blend= 5 score=  8 applied=1
    P2 step 23: fires=14 blend= 5 score=  8 applied=1
    P2 step 24: fires=14 blend= 5 score=  8 applied=1
    P2 step 25: fires=14 blend= 5 score=  8 applied=1
    P2 step 26: fires=14 blend= 5 score=  8 applied=1
    P2 step 27: fires=14 blend= 5 score=  8 applied=1
    P2 step 28: fires=14 blend= 5 score=  8 applied=1
    P2 step 29: fires=14 blend= 5 score=  8 applied=1
    P2 step 30: fires=14 blend= 5 score=  8 applied=1
    P2 step 31: fires=14 blend= 5 score=  8 applied=1
    P2 step 32: fires=14 blend= 5 score=  8 applied=1
    P2 step 33: fires=14 blend= 5 score=  8 applied=1
    P2 step 34: fires=14 blend= 5 score=  8 applied=1
    P2 step 35: fires=14 blend= 5 score=  8 applied=1
    P2 step 36: fires=14 blend= 5 score=  8 applied=1
    P2 step 37: fires=14 blend= 5 score=  8 applied=1
    P2 step 38: fires=14 blend= 5 score=  8 applied=1
    P2 step 39: fires=14 blend= 5 score=  8 applied=1
    P2 step 40: fires=14 blend= 5 score=  8 applied=1
    P2 step 41: fires=14 blend= 5 score=  8 applied=1
    P2 step 42: fires=14 blend= 5 score=  8 applied=1
    P2 step 43: fires=14 blend= 5 score=  8 applied=1
    P2 step 44: fires=14 blend= 5 score=  8 applied=1
    P2 step 45: fires=14 blend= 5 score=  8 applied=1
    P2 step 46: fires=14 blend= 5 score=  8 applied=1
    P2 step 47: fires=14 blend= 5 score=  8 applied=1
    P2 step 48: fires=14 blend= 5 score=  8 applied=1
    P2 step 49: fires=14 blend= 5 score=  8 applied=1
    P2 step 50: fires=14 blend= 5 score=  8 applied=1
    P2 step 51: fires=14 blend= 5 score=  8 applied=1
    P2 step 52: fires=14 blend= 5 score=  8 applied=1
    P2 step 53: fires=14 blend= 5 score=  8 applied=1
    P2 step 54: fires=14 blend= 5 score=  8 applied=1
    P2 step 55: fires=14 blend= 5 score=  8 applied=1
    P2 step 56: fires=14 blend= 5 score=  8 applied=1
    P2 step 57: fires=14 blend= 5 score=  8 applied=1
    P2 step 58: fires=14 blend= 5 score=  8 applied=1
    P2 step 59: fires=14 blend= 5 score=  8 applied=1
    P2 step 60: fires=14 blend= 5 score=  8 applied=1
    P2 step 61: fires=14 blend= 5 score=  8 applied=1
    P2 step 62: fires=14 blend= 5 score=  8 applied=1
    P2 step 63: fires=14 blend= 5 score=  8 applied=1
    P2 step 64: fires=14 blend= 5 score=  8 applied=1
    P2 step 65: fires=14 blend= 5 score=  8 applied=1
    P2 step 66: fires=14 blend= 5 score=  8 applied=1
    P2 step 67: fires=14 blend= 5 score=  8 applied=1
    P2 step 68: fires=14 blend= 5 score=  8 applied=1
    P2 step 69: fires=14 blend= 5 score=  8 applied=1
    P2 step 70: fires=14 blend= 5 score=  8 applied=1
    P2 step 71: fires=14 blend= 5 score=  8 applied=1
    P2 step 72: fires=14 blend= 5 score=  8 applied=1
    P2 step 73: fires=14 blend= 5 score=  8 applied=1
    P2 step 74: fires=14 blend= 5 score=  8 applied=1
    P2 step 75: fires=14 blend= 5 score=  8 applied=1
    P2 step 76: fires=14 blend= 5 score=  8 applied=1
    P2 step 77: fires=14 blend= 5 score=  8 applied=1
    P2 step 78: fires=14 blend= 5 score=  8 applied=1
    P2 step 79: fires=14 blend= 5 score=  8 applied=1
    P2 step 80: fires=14 blend= 5 score=  8 applied=1
    P2 step 81: fires=14 blend= 5 score=  8 applied=1
    P2 step 82: fires=14 blend= 5 score=  8 applied=1
    P2 step 83: fires=14 blend= 5 score=  8 applied=1
    P2 step 84: fires=14 blend= 5 score=  8 applied=1
    P2 step 85: fires=14 blend= 5 score=  8 applied=1
    P2 step 86: fires=14 blend= 5 score=  8 applied=1
    P2 step 87: fires=14 blend= 5 score=  8 applied=1
    P2 step 88: fires=14 blend= 5 score=  8 applied=1
    P2 step 89: fires=14 blend= 5 score=  8 applied=1
    P2 step 90: fires=14 blend= 5 score=  8 applied=1
    P2 step 91: fires=14 blend= 5 score=  8 applied=1
    P2 step 92: fires=14 blend= 5 score=  8 applied=1
    P2 step 93: fires=14 blend= 5 score=  8 applied=1
    P2 step 94: fires=14 blend= 5 score=  8 applied=1
    P2 step 95: fires=14 blend= 5 score=  8 applied=1
    P2 step 96: fires=14 blend= 5 score=  8 applied=1
    P2 step 97: fires=14 blend= 5 score=  8 applied=1
    P2 step 98: fires=14 blend= 5 score=  8 applied=1
    P2 step 99: fires=14 blend= 5 score=  8 applied=1
    P1 mean: fires/step=13.9  blend/step=4.9  implied_alpha=0.303
    P2 mean: fires/step=14.1  blend/step=5.2  implied_alpha=0.327

  Switch window (rep 3, last 20 P1 → first 30 P2):
  step | fires | blend | score | appl | lp_hidden
  -----|-------|-------|-------|------|----------
   -20 |    14 |     6 |    25 |    1 | ++0+-0++0-+--++0
   -19 |    13 |     6 |    27 |    1 | ++00--++0-+--+++
   -18 |    15 |     6 |    27 |    1 | 0+0+-0+---0--+++
   -17 |    16 |     4 |    28 |    1 | ++++-++00-+--++0
   -16 |    15 |     7 |    28 |    1 | ++0+--++0-+00+++
   -15 |    14 |     6 |    26 |    1 | ++0+-0++0-+--++0
   -14 |    13 |     6 |    27 |    1 | ++00--++0-+--+++
   -13 |    15 |     6 |    27 |    1 | 0+0+-0+---0--+++
   -12 |    16 |     4 |    28 |    1 | ++++-++00-+--++0
   -11 |    15 |     7 |    28 |    1 | ++0+--++0-+00+++
   -10 |    14 |     6 |    26 |    1 | ++0+-0++0-+--++0
    -9 |    13 |     6 |    27 |    1 | ++00--++0-+--+++
    -8 |    15 |     6 |    27 |    1 | 0+0+-0+---0--+++
    -7 |    16 |     4 |    28 |    1 | ++++-++00-+--++0
    -6 |    15 |     7 |    28 |    1 | ++0+--++0-+00+++
    -5 |    14 |     6 |    26 |    1 | ++0+-0++0-+--++0
    -4 |    13 |     6 |    27 |    1 | ++00--++0-+--+++
    -3 |    15 |     6 |    27 |    1 | 0+0+-0+---0--+++
    -2 |    16 |     4 |    28 |    1 | ++++-++00-+--++0
    -1 |    15 |     7 |    28 |    1 | ++0+--++0-+00+++
    +0 |    15 |     7 |    10 |    1 | ++000+0+--0--0++
    +1 |    15 |     9 |     8 |    1 | +0+00+0+--00-0++
    +2 |    12 |     6 |     7 |    1 | +0+-0+0+---0-0+0
    +3 |    14 |     8 |     9 |    1 | 00+-0+000--000+-
    +4 |    16 |     8 |     6 |    1 | 0+0--+000--00++0
    +5 |    15 |     9 |     6 |    1 | 000--+000--000+0
    +6 |    16 |     6 |     6 |    1 | 0----+00+---+-+0
    +7 |    16 |     5 |     7 |    1 | +---0+00+-----+0
    +8 |    16 |     5 |     7 |    1 | 0---0+00+----++-
    +9 |    14 |     7 |     9 |    1 | 0---0+00+----++0
   +10 |    15 |     6 |     8 |    1 | 0---0+0++----0+0
   +11 |    14 |     5 |     8 |    1 | 0---0+0++----0+-
   +12 |    15 |     6 |     9 |    1 | 0---0+00+----0+-
   +13 |    14 |     6 |     8 |    1 | 0---0+--+-----+-
   +14 |    14 |     5 |     8 |    1 | 0---0+00+----0+-
   +15 |    14 |     5 |     8 |    1 | 0---0+00+----0+-
   +16 |    14 |     5 |     8 |    1 | 0---0+00+----0+-
   +17 |    14 |     5 |     8 |    1 | 0---0+00+----0+-
   +18 |    14 |     5 |     8 |    1 | 0---0+00+----0+-
   +19 |    14 |     5 |     8 |    1 | 0---0+00+----0+-
   +20 |    14 |     5 |     8 |    1 | 0---0+00+----0+-
   +21 |    14 |     5 |     8 |    1 | 0---0+00+----0+-
   +22 |    14 |     5 |     8 |    1 | 0---0+00+----0+-
   +23 |    14 |     5 |     8 |    1 | 0---0+00+----0+-
   +24 |    14 |     5 |     8 |    1 | 0---0+00+----0+-
   +25 |    14 |     5 |     8 |    1 | 0---0+00+----0+-
   +26 |    14 |     5 |     8 |    1 | 0---0+00+----0+-
   +27 |    14 |     5 |     8 |    1 | 0---0+00+----0+-
   +28 |    14 |     5 |     8 |    1 | 0---0+00+----0+-
   +29 |    14 |     5 |     8 |    1 | 0---0+00+----0+-

  SUMMARY (3 reps, P1=500 steps, P2=100 steps):
  P1 steady: fires/step=13.9  blend/step=4.9  implied_alpha=0.303
  P2 phase:  fires/step=14.1  blend/step=5.2  implied_alpha=0.326
  REGIME: Path A dominant (CfC fires > 2/step)
  Sim calibration: LP_SIM_THRESHOLD should match Path A threshold; BLEND_ALPHA = 0.303


── LP DOT MAGNITUDE DIAGNOSTIC ──
  (CPU reference, not LP core)

  LP f-pathway dots (per neuron, 4 patterns):
        n00 n01 n02 n03 n04 n05 n06 n07 n08 n09 n10 n11 n12 n13 n14 n15
  P0:   -5  -2  -7  +2  +2 +10  +4  +1  -6  +0  -7  -3  +5  -2  -1  +2
  P1:   +3  -6  -3  +2  +6  +6  +2  -1  -8  +0  -1  +1  +5 -10  +9  -2
  P2:   -3  -4  -5  +2  +2  +6  +0  +1  -4  +4  -3  -3  +3 -10  +3  -4
  P3:   +1  -4  -3  +4  +4 +10  +2  -5  -8  +2  -1  -3  +3  -6  +7  +4

  LP f-pathway SIGNS:
         n00  n01  n02  n03  n04  n05  n06  n07  n08  n09  n10  n11  n12  n13  n14  n15
  P0:    -    -    -    +    +    +    +    +    -    0    -    -    +    -    -    +
  P1:    +    -    -    +    +    +    +    -    -    0    -    +    +    -    +    -
  P2:    -    -    -    +    +    +    0    +    -    +    -    -    +    -    +    -
  P3:    +    -    -    +    +    +    +    -    -    +    -    -    +    -    +    +

  P1 vs P2 comparison (f-pathway):
    n00: P1= +3 P2= -3  sign=DIFF  |mag_diff|=0
    n01: P1= -6 P2= -4  sign=SAME  |mag_diff|=2
    n02: P1= -3 P2= -5  sign=SAME  |mag_diff|=2
    n03: P1= +2 P2= +2  sign=SAME  |mag_diff|=0
    n04: P1= +6 P2= +2  sign=SAME  |mag_diff|=4
    n05: P1= +6 P2= +6  sign=SAME  |mag_diff|=0
    n06: P1= +2 P2= +0  sign=DIFF  |mag_diff|=2
    n07: P1= -1 P2= +1  sign=DIFF  |mag_diff|=0
    n08: P1= -8 P2= -4  sign=SAME  |mag_diff|=4
    n09: P1= +0 P2= +4  sign=DIFF  |mag_diff|=4
    n10: P1= -1 P2= -3  sign=SAME  |mag_diff|=2
    n11: P1= +1 P2= -3  sign=DIFF  |mag_diff|=2
    n12: P1= +5 P2= +3  sign=SAME  |mag_diff|=2
    n13: P1=-10 P2=-10  sign=SAME  |mag_diff|=0
    n14: P1= +9 P2= +3  sign=SAME  |mag_diff|=6
    n15: P1= -2 P2= -4  sign=SAME  |mag_diff|=2
  Signs: 11 same, 5 different
  Mean |magnitude difference|: 2.0
  If signs are mostly SAME but magnitudes differ:
    → 5-trit MTFP per neuron would resolve the degeneracy
  If signs AND magnitudes are similar:
    → need more projection directions (wider LP)

