# R3a v2: MASK_PATTERN_ID=1, cycling sender, full suite (longer capture)
# Captured 2026-04-11 08:20:35
I (175) esp_image: segment 3: paddr=000d5118 vaddr=408069a0 sizeESP-ROM:esp32c6-20220919
Build:Sep 19 2022
rst:0x15 (USB_UART_HPSYS),boot:0x1e (SPI_FAST_FLASH_BOOT)
Saved PC:0x40806624
SPIWP:0xee
mode:DIO, clock div:2
load:0x40875730,len:0x180c
load:0x4086c110,len:0xfac
load:0x4086e610,len:0x3154
entry 0x4086c11a
I (23) boot: ESP-IDF v5.4 2nd stage bootloader
I (23) boot: compile time Apr 11 2026 08:18:32
I (23) boot: chip revision: v0.2
I (24) boot: efuse block revision: v0.3
I (24) qio_mode: Enabling default flash chip QIO
I (24) boot.esp32c6: SPI Speed      : 80MHz
I (24) boot.esp32c6: SPI Mode       : QIO
I (25) boot.esp32c6: SPI Flash Size : 2MB
I (25) boot: Enabling RNG early entropy source...
I (25) boot: Partition Table:
I (25) boot: ## Label            Usage          Type ST Offset   Length
I (26) boot:  0 nvs              WiFi data        01 02 00009000 00006000
I (26) boot:  1 phy_init         RF data          01 01 0000f000 00001000
I (27) boot:  2 factory          factory app      00 00 00010000 00100000
I (28) boot: End of partition table
I (28) esp_image: segment 0: paddr=00010020 vaddr=420a0020 size=21650h (136784) map
I (53) esp_image: segment 1: paddr=00031678 vaddr=40800000 size=069a0h ( 27040) load
I (59) esp_image: segment 2: paddr=00038020 vaddr=42000020 size=9d0f0h (643312) map
I (175) esp_image: segment 3: paddr=000d5118 vaddr=408069a0 size=12e3ch ( 77372) load
I (191) esp_image: segment 4: paddr=000e7f5c vaddr=408197e0 size=03c24h ( 15396) load
I (195) esp_image: segment 5: paddr=000ebb88 vaddr=50003fc0 size=0000ch (    12) load
I (202) boot: Loaded app from partition at offset 0x10000
I (202) boot: Disabling RNG early entropy source...
W (212) spi_flash: Detected size(4096k) larger than the size in the binary image header(2048k). Using the size in the binary image header.

============================================================
  FREE-RUNNING SUB-CPU NEURAL NETWORK
  + LP CORE GEOMETRIC PROCESSOR
  GIE (441 Hz HW) → LP core (100 Hz, 16MHz RISC-V, ~30uA)
  Three-layer hierarchy: peripheral → geometric → CPU
============================================================

[INIT] GPIO 4-7...
[INIT] ETM clock...
[INIT] PARLIO TX (2-bit, 20MHz, loopback)...
[INIT] PCNT (2 units)...
[INIT] Timer...
[INIT] GDMA channel detection...
[GDMA] PARLIO owns CH0
[INIT] GDMA ISR (free-running mode)...
[GDMA ISR] OK — CH0 (source=69), LEVEL3
[INIT] LP core binary (16320 bytes)...
[INIT] LP core weights (after binary load)...
[INIT] LP seed: 0xCAFE1234
[LP] Geometric processor running (100 Hz, 16 MHz RISC-V)
[INIT] ESP-NOW receiver...
W (8375) wifi:ACK_TAB0   :0x   90a0b, QAM16:0x9 (24Mbps), QPSK:0xa (12Mbps), BPSK:0xb (6Mbps)
W (8376) wifi:CTS_TAB0   :0x   90a0b, QAM16:0x9 (24Mbps), QPSK:0xa (12Mbps), BPSK:0xb (6Mbps)
W (8376) wifi:(agc)0x600a7128:0xd21cf9e8, min.avgNF:0xce->0xd2(dB), RCalCount:0x1cf, min.RRssi:0x9e8(-97.50)
W (8377) wifi:(TB)WDEV_PWR_TB_MCS0:19
W (8377) wifi:(TB)WDEV_PWR_TB_MCS1:19
W (8377) wifi:(TB)WDEV_PWR_TB_MCS2:19
W (8377) wifi:(TB)WDEV_PWR_TB_MCS3:19
W (8377) wifi:(TB)WDEV_PWR_TB_MCS4:19
W (8377) wifi:(TB)WDEV_PWR_TB_MCS5:19
W (8377) wifi:(TB)WDEV_PWR_TB_MCS6:18
W (8377) wifi:(TB)WDEV_PWR_TB_MCS7:18
W (8378) wifi:(TB)WDEV_PWR_TB_MCS8:17
W (8378) wifi:(TB)WDEV_PWR_TB_MCS9:15
W (8378) wifi:(TB)WDEV_PWR_TB_MCS10:15
W (8378) wifi:(TB)WDEV_PWR_TB_MCS11:15
[ESPNOW] Listening on channel 1 (no AP connection)
[INIT] Done.

[PRIME] Warming pipeline...
[PRIME] Done.

-- TEST 1: Free-running loop count --
[DIAG] 500us: agree=256 disagree=291 out_sel4=47 out_sel5=48 in101=0x84 in103=0x86 gpio_in=0x6603a348 cpu_agree=20 loop=0
[DIAG] gdma: raw=0x1 st=0x0 ena=0x2 conf0=0x0 link=0x273e8(park=0) peri=9
[DIAG] gdma2: fifo=0x61 state=0x2e75c8(dscr_st=3 out_st=2) eof_addr=0x408275a4
[DIAG] parlio: cfg=0x1a089b40(tx_start=1 bytelen=9936) st=0x80000000(tx_ready=1) int_raw=0x1(eof=0 rempty=1)
  Loops completed: 430 in 1.002 s
  Frequency: 429.0 Hz
  Period: 2331.2 us per loop
  OK

-- TEST 2: Hidden state evolves autonomously --
[DIAG] 500us: agree=217 disagree=222 out_sel4=47 out_sel5=48 in101=0x84 in103=0x86 gpio_in=0x1103a348 cpu_agree=20 loop=0
[DIAG] gdma: raw=0x1 st=0x0 ena=0x2 conf0=0x0 link=0x273e8(park=0) peri=9
[DIAG] gdma2: fifo=0x61 state=0x2e75c8(dscr_st=3 out_st=2) eof_addr=0x408275a4
[DIAG] parlio: cfg=0x1a089b40(tx_start=1 bytelen=9936) st=0x80000000(tx_ready=1) int_raw=0x5(eof=1 rempty=1)
  snap 0 (loop 22): energy=30
  snap 1 (loop 43): delta=10 energy=31
  snap 2 (loop 65): delta=1 energy=31
  snap 3 (loop 86): delta=0 energy=31
  snap 4 (loop 107): delta=0 energy=31
  snap 5 (loop 129): delta=2 energy=30
  snap 6 (loop 150): delta=0 energy=30
  snap 7 (loop 172): delta=1 energy=31
  final h: [-+---+-++-++--+---+0--++---++++-]
  Total loops: 172
  OK

-- TEST 3: Per-neuron dot accuracy (single loop) --
[DIAG] 500us: agree=254 disagree=289 out_sel4=47 out_sel5=48 in101=0x84 in103=0x86 gpio_in=0x1103a348 cpu_agree=20 loop=0
[DIAG] gdma: raw=0x1 st=0x0 ena=0x2 conf0=0x0 link=0x273e8(park=0) peri=9
[DIAG] gdma2: fifo=0x61 state=0x2e75c8(dscr_st=3 out_st=2) eof_addr=0x408275a4
[DIAG] parlio: cfg=0x1a089b40(tx_start=1 bytelen=9936) st=0x80000000(tx_ready=1) int_raw=0x5(eof=1 rempty=1)
  After warmup: 3 loops, base=4, cnt=69
  Snapshot at loop 4 (base=4, cnt=69)
  Raw captures [0..11]:
    idx  agree  disagree  d_agree  d_disagree
    [0]      0      0        +0       +0 (dummy)
    [1]      0      0        +0       +0 (dummy)
    [2]      0      0        +0       +0 (dummy)
    [3]      0      0        +0       +0 (dummy)
    [4]      0      0        +0       +0 (dummy)
    [5]     21     32       +21      +32 (neuron 0)
    [6]     53     61       +32      +29
    [7]     81     84       +28      +23
    [8]    107    115       +26      +31
    [9]    138    142       +31      +27
    [10]    166    178       +28      +36
    [11]    199    201       +33      +23

  Dot errors: 0 / 64
  Sign errors: 0 / 64
  GIE dots[0..7]: -11 3 5 -5 4 -8 10 -16
  CPU dots[0..7]: -11 3 5 -5 4 -8 10 -16
  Sign match with offset 0: 64 / 64
  Sign match with offset 1: 26 / 63
  Sign match with offset 2: 29 / 62
  Sign match with offset 3: 26 / 61
  Sign match with offset 4: 20 / 60
  OK

-- TEST 4: LP Core Geometric Processor --
[DIAG] 500us: agree=254 disagree=289 out_sel4=47 out_sel5=48 in101=0x84 in103=0x86 gpio_in=0x11039348 cpu_agree=20 loop=0
[DIAG] gdma: raw=0x1 st=0x0 ena=0x2 conf0=0x0 link=0x273e8(park=0) peri=9
[DIAG] gdma2: fifo=0x61 state=0x2e75c8(dscr_st=3 out_st=2) eof_addr=0x408275a4
[DIAG] parlio: cfg=0x1a089b40(tx_start=1 bytelen=9936) st=0x80000000(tx_ready=1) int_raw=0x5(eof=1 rempty=1)
  Phase 1: GIE + LP core integration (300ms)...
  4a: LP running: YES (steps=27)
  4c: LP hidden energy: 15/16
  LP hidden: [--+++-+0-++--+++]
  LP decision: 1

  Phase 2: Deterministic single-step verification...
[DIAG] 500us: agree=254 disagree=289 out_sel4=47 out_sel5=48 in101=0x84 in103=0x86 gpio_in=0x1103a348 cpu_agree=20 loop=0
[DIAG] gdma: raw=0x1 st=0x0 ena=0x2 conf0=0x0 link=0x273e8(park=0) peri=9
[DIAG] gdma2: fifo=0x61 state=0x2e75c8(dscr_st=3 out_st=2) eof_addr=0x408275a4
[DIAG] parlio: cfg=0x1a089b40(tx_start=1 bytelen=9936) st=0x80000000(tx_ready=1) int_raw=0x5(eof=1 rempty=1)
  Known GIE hidden energy: 30/32
  Known GIE hidden: [+-+--+-+---+-+--+++---+0-+-+-++0]
  LP steps: 28 → 29 (delta=1)
  4b: f-dots exact: 16/16, g-dots exact: 16/16
  4b: f-dots sign:  14/14, g-dots sign:  11/11
  LP  f-dots: -5 2 4 4 -2 1 2 2 0 2 -1 1 0 -4 5 -9
  CPU f-dots: -5 2 4 4 -2 1 2 2 0 2 -1 1 0 -4 5 -9
  LP  g-dots: 2 0 5 2 0 -3 2 0 2 2 1 0 0 -4 6 -2
  CPU g-dots: 2 0 5 2 0 -3 2 0 2 2 1 0 0 -4 6 -2
  OK

-- TEST 5: Ternary VDB — NSW Graph (M=7), 64 Nodes --
  5a: Inserting 64 nodes (graph-aware, cmd=3)...
  5a: Inserted 64 nodes — OK

  5b: Self-match recall@1 (64 queries)...
  5b: 64/64 self-match recall@1 — OK

  5c: Recall measurement (20 random queries)...
    q0: LP=[35,11,48,37] CPU=[35,11,37,48]
    q1: LP=[15,63,31,53] CPU=[15,31,63,26]
    q2: LP=[49,61,36,25] CPU=[49,36,61,25]
  Recall@1: 19/20 = 95%
  Recall@4: 72/80 = 90%
  5c: OK (thresholds: r@1>=95%, r@4>=90%)

  5d: Visit count (graph vs brute-force)...
  Graph search visited: 60 / 64 nodes
  5d: OK (sub-linear: YES)

  5e: Connectivity (BFS from node 0)...
  Reachable from node 0: 64 / 64
  5e: OK

  5f: Latency benchmark (10 searches, N=64)...
  Round-trip (includes LP wake jitter up to 10ms):
    min=9988 us, max=14988 us, avg=13912 us
  5f: OK

  OK

-- TEST 6: CfC -> VDB Pipeline (CMD 4) --
  Setup: Inserting 32 vectors into VDB...
  VDB has 32 nodes

  6a: Pipeline basic operation...
[DIAG] 500us: agree=256 disagree=291 out_sel4=47 out_sel5=48 in101=0x84 in103=0x86 gpio_in=0x3003a348 cpu_agree=20 loop=0
[DIAG] gdma: raw=0x1 st=0x0 ena=0x2 conf0=0x0 link=0x273e8(park=0) peri=9
[DIAG] gdma2: fifo=0x61 state=0x2e75c8(dscr_st=3 out_st=2) eof_addr=0x408275a4
[DIAG] parlio: cfg=0x1a089b40(tx_start=1 bytelen=9936) st=0x80000000(tx_ready=1) int_raw=0x5(eof=1 rempty=1)
  step_count: 29 -> 30 (delta=1)
  search_count: 95 -> 96 (delta=1)
  Pipeline return: 0
  Top-4 results: [5,17,30,24] scores=[7,7,6,6]
  6a: OK

  6b: CfC determinism (cmd=4 vs cmd=1)...
  cmd=1 hidden: [-0++0-+00+-00+++]
  cmd=4 hidden: [-0++0-+00+-00+++]
  Hidden match: YES
  f-dots match: YES, g-dots match: YES
  6b: OK

  6c: VDB consistency (pipeline vs standalone search)...
  Pipeline: [5,17,30,24] scores=[7,7,6,6]
  Standalone: [5,17,30,24] scores=[7,7,6,6]
  Results match: YES
  6c: OK

  6d: Sustained pipeline operation (10 steps)...
[DIAG] 500us: agree=254 disagree=289 out_sel4=47 out_sel5=48 in101=0x84 in103=0x86 gpio_in=0x1103a348 cpu_agree=20 loop=0
[DIAG] gdma: raw=0x1 st=0x0 ena=0x2 conf0=0x0 link=0x273e8(park=0) peri=9
[DIAG] gdma2: fifo=0x61 state=0x2e75c8(dscr_st=3 out_st=2) eof_addr=0x408275a4
[DIAG] parlio: cfg=0x1a089b40(tx_start=1 bytelen=9936) st=0x80000000(tx_ready=1) int_raw=0x5(eof=1 rempty=1)
  Pipeline steps completed: 10 / 10
  step_count delta: 10
  search_count delta: 10
  Final LP hidden: [+-+0+++-++----++]
  Final LP hidden energy: 15/16
  6d: OK

  OK

-- TEST 7: Reflex Channel Coordination --
  7a: Channel signals match loop count...
[DIAG] 500us: agree=254 disagree=289 out_sel4=47 out_sel5=48 in101=0x84 in103=0x86 gpio_in=0x1103a348 cpu_agree=20 loop=0
[DIAG] gdma: raw=0x1 st=0x0 ena=0x2 conf0=0x0 link=0x273e8(park=0) peri=9
[DIAG] gdma2: fifo=0x61 state=0x2e75c8(dscr_st=3 out_st=2) eof_addr=0x408275a4
[DIAG] parlio: cfg=0x1a089b40(tx_start=1 bytelen=9936) st=0x80000000(tx_ready=1) int_raw=0x5(eof=1 rempty=1)
  Signals received: 50 / 50
  Value mismatches: 0
  Final loop_count: 51, channel value: 51, channel seq: 51
  7a: OK

  7b: Signal latency (ISR -> main loop)...
[DIAG] 500us: agree=254 disagree=289 out_sel4=47 out_sel5=48 in101=0x84 in103=0x86 gpio_in=0x1103a348 cpu_agree=20 loop=0
[DIAG] gdma: raw=0x1 st=0x0 ena=0x2 conf0=0x0 link=0x273e8(park=0) peri=9
[DIAG] gdma2: fifo=0x61 state=0x2e75c8(dscr_st=3 out_st=2) eof_addr=0x408275a4
[DIAG] parlio: cfg=0x1a089b40(tx_start=1 bytelen=9936) st=0x80000000(tx_ready=1) int_raw=0x5(eof=1 rempty=1)
  Samples: 100
  Latency (cycles): min=1988, max=2820, avg=2296
  Latency (ns):     min=12425, max=17625, avg=14350
  7b: OK

  7c: Hidden state consistency after channel wait...
[DIAG] 500us: agree=254 disagree=289 out_sel4=47 out_sel5=48 in101=0x84 in103=0x86 gpio_in=0x11039348 cpu_agree=20 loop=0
[DIAG] gdma: raw=0x1 st=0x0 ena=0x2 conf0=0x0 link=0x273e8(park=0) peri=9
[DIAG] gdma2: fifo=0x61 state=0x2e75c8(dscr_st=3 out_st=2) eof_addr=0x408275a4
[DIAG] parlio: cfg=0x1a089b40(tx_start=1 bytelen=9936) st=0x80000000(tx_ready=1) int_raw=0x5(eof=1 rempty=1)
  Dot match: 64 / 64
  Channel signaled: YES (seq 6 -> 7)
  7c: OK

  7d: Channel-driven LP feeding (20 cycles)...
[DIAG] 500us: agree=256 disagree=291 out_sel4=47 out_sel5=48 in101=0x84 in103=0x86 gpio_in=0x1103a348 cpu_agree=20 loop=0
[DIAG] gdma: raw=0x1 st=0x0 ena=0x2 conf0=0x0 link=0x273e8(park=0) peri=9
[DIAG] gdma2: fifo=0x61 state=0x2e75c8(dscr_st=3 out_st=2) eof_addr=0x408275a4
[DIAG] parlio: cfg=0x1a089b40(tx_start=1 bytelen=9936) st=0x80000000(tx_ready=1) int_raw=0x5(eof=1 rempty=1)
  Channel-driven feeds: 20 / 20
  LP step_count delta: 20
  7d: OK

  OK

-- TEST 8: VDB -> CfC Feedback Loop (CMD 5) --
  Setup: Inserting 32 vectors into VDB...
  VDB has 32 nodes

  8a: Single feedback step (cmd=5)...
[DIAG] 500us: agree=254 disagree=289 out_sel4=47 out_sel5=48 in101=0x84 in103=0x86 gpio_in=0x1103a348 cpu_agree=20 loop=0
[DIAG] gdma: raw=0x1 st=0x0 ena=0x2 conf0=0x0 link=0x273e8(park=0) peri=9
[DIAG] gdma2: fifo=0x61 state=0x2e75c8(dscr_st=3 out_st=2) eof_addr=0x408275a4
[DIAG] parlio: cfg=0x1a089b40(tx_start=1 bytelen=9936) st=0x80000000(tx_ready=1) int_raw=0x5(eof=1 rempty=1)
  cmd=5 return: 0
  step_count: 62 -> 63 (delta=1)
  search_count: 108 -> 109 (delta=1)
  fb_total_blends: 0 -> 0
  fb_applied: 0
  fb_source_id: 255
  fb_score: 0
  fb_blend_count: 0 trits modified
  Top-4 results: [5,17,30,24] scores=[7,7,6,6]
  LP hidden after feedback: [-0++0-+00+-00+++]
  8a: OK

  8b: Feedback observability...
  Applied: NO (best score 0 < threshold 8)
  This is acceptable if no stored memory is similar enough.
  8b: OK

  8c: Stability under sustained feedback (50 steps)...
[DIAG] 500us: agree=254 disagree=289 out_sel4=47 out_sel5=48 in101=0x84 in103=0x86 gpio_in=0x1103a348 cpu_agree=20 loop=0
[DIAG] gdma: raw=0x1 st=0x0 ena=0x2 conf0=0x0 link=0x273e8(park=0) peri=9
[DIAG] gdma2: fifo=0x61 state=0x2e75c8(dscr_st=3 out_st=2) eof_addr=0x408275a4
[DIAG] parlio: cfg=0x1a089b40(tx_start=1 bytelen=9936) st=0x80000000(tx_ready=1) int_raw=0x5(eof=1 rempty=1)
    step 0: e=10, delta=10, fb=0, score=0, src=255
    step 10: e=10, delta=6, fb=1, score=14, src=17
    step 20: e=12, delta=3, fb=1, score=11, src=17
    step 30: e=10, delta=8, fb=1, score=14, src=5
    step 40: e=10, delta=10, fb=1, score=12, src=17
  Steps completed: 50 / 50
  Feedback applied: 49 / 50 steps
  Total blend operations: 49
  Max change per step: 12 / 16 trits
  Energy range: [7, 14] / 16
  Unique states visited: 50
  Final LP hidden: [00+++++++00-0-++]
  8c: OK

  8d: Feedback vs no-feedback divergence...
    step 0: hamming distance = 0
    step 1: hamming distance = 5
    step 2: hamming distance = 7
    step 3: hamming distance = 8
    step 4: hamming distance = 7
    step 5: hamming distance = 9
    step 6: hamming distance = 11
    step 7: hamming distance = 10
    step 8: hamming distance = 10
    step 9: hamming distance = 10
  First divergence at step: 1
  Steps with different states: 9 / 10
  No-feedback final: [--+++-+--+-+-+++]
  Feedback final   : [0+++0-++0+0-+0+0]
  8d: OK

  OK

-- TEST 9: ESP-NOW Receive from Board B --
  Listening for 10 seconds...
  Packets received: 44
  RSSI range: [-56, -53] dBm
  Last pattern_id: 2, seq: 217
  Source MAC: b4:3a:45:8a:c8:24
  Unique patterns seen: 3/4
  OK (44 packets in 10s)

-- TEST 10: ESP-NOW -> GIE Live Input --
  10a: Input encoding from live ESP-NOW data...
  Input updates from ESP-NOW: 14 in 3s
  First encoded input energy: 104 / 128 trits active
  Input sample [0..15] RSSI: +++++++---------
  Input sample [16..23] pattern: ----++--
  Input sample [24..31] payload: -+-+-+-+
  10a: OK

  10b: GIE hidden state with live ESP-NOW input...
[DIAG] 500us: agree=256 disagree=291 out_sel4=47 out_sel5=48 in101=0x84 in103=0x86 gpio_in=0x6603a348 cpu_agree=20 loop=0
[DIAG] gdma: raw=0x1 st=0x0 ena=0x2 conf0=0x0 link=0x273e8(park=0) peri=9
[DIAG] gdma2: fifo=0x61 state=0x2e75c8(dscr_st=3 out_st=2) eof_addr=0x408275a4
[DIAG] parlio: cfg=0x1a089b40(tx_start=1 bytelen=9936) st=0x80000000(tx_ready=1) int_raw=0x5(eof=1 rempty=1)
[DIAG] 500us: agree=254 disagree=289 out_sel4=47 out_sel5=48 in101=0x84 in103=0x86 gpio_in=0x1103a348 cpu_agree=20 loop=0
[DIAG] gdma: raw=0x1 st=0x0 ena=0x2 conf0=0x0 link=0x273e8(park=0) peri=9
[DIAG] gdma2: fifo=0x61 state=0x2e75c8(dscr_st=3 out_st=2) eof_addr=0x408275a4
[DIAG] parlio: cfg=0x1a089b40(tx_start=1 bytelen=9936) st=0x80000000(tx_ready=1) int_raw=0x5(eof=1 rempty=1)
  Static input: 430 loops, hidden energy=30
  Live input: 439 loops, 10 input updates, hidden energy=31
  Hamming distance (static vs live): 18 / 32
  Static hidden: [+-+--+-----+-0-+++++-++0-+-+-++-]
  Live hidden  : [----+-+++-++--+++++-0-++--+--+++]
  10b: OK

  10c: Pattern-dependent hidden state trajectories...
[DIAG] 500us: agree=254 disagree=289 out_sel4=47 out_sel5=48 in101=0x84 in103=0x86 gpio_in=0x11039348 cpu_agree=20 loop=0
[DIAG] gdma: raw=0x1 st=0x0 ena=0x2 conf0=0x0 link=0x273e8(park=0) peri=9
[DIAG] gdma2: fifo=0x61 state=0x2e75c8(dscr_st=3 out_st=2) eof_addr=0x408275a4
[DIAG] parlio: cfg=0x1a089b40(tx_start=1 bytelen=9936) st=0x80000000(tx_ready=1) int_raw=0x5(eof=1 rempty=1)
    window 0: pattern=3 (count=11), energy=30
[DIAG] 500us: agree=254 disagree=289 out_sel4=47 out_sel5=48 in101=0x84 in103=0x86 gpio_in=0x1103a348 cpu_agree=20 loop=0
[DIAG] gdma: raw=0x1 st=0x0 ena=0x2 conf0=0x0 link=0x273e8(park=0) peri=9
[DIAG] gdma2: fifo=0x61 state=0x2e75c8(dscr_st=3 out_st=2) eof_addr=0x408275a4
[DIAG] parlio: cfg=0x1a089b40(tx_start=1 bytelen=9936) st=0x80000000(tx_ready=1) int_raw=0x5(eof=1 rempty=1)
    window 1: pattern=3 (count=10), energy=32
[DIAG] 500us: agree=254 disagree=289 out_sel4=47 out_sel5=48 in101=0x84 in103=0x86 gpio_in=0x1103a348 cpu_agree=20 loop=0
[DIAG] gdma: raw=0x1 st=0x0 ena=0x2 conf0=0x0 link=0x273e8(park=0) peri=9
[DIAG] gdma2: fifo=0x61 state=0x2e75c8(dscr_st=3 out_st=2) eof_addr=0x408275a4
[DIAG] parlio: cfg=0x1a089b40(tx_start=1 bytelen=9936) st=0x80000000(tx_ready=1) int_raw=0x5(eof=1 rempty=1)
    window 2: pattern=0 (count=10), energy=30
[DIAG] 500us: agree=254 disagree=289 out_sel4=47 out_sel5=48 in101=0x84 in103=0x86 gpio_in=0x1103a348 cpu_agree=20 loop=0
[DIAG] gdma: raw=0x1 st=0x0 ena=0x2 conf0=0x0 link=0x273e8(park=0) peri=9
[DIAG] gdma2: fifo=0x61 state=0x2e75c8(dscr_st=3 out_st=2) eof_addr=0x408275a4
[DIAG] parlio: cfg=0x1a089b40(tx_start=1 bytelen=9936) st=0x80000000(tx_ready=1) int_raw=0x5(eof=1 rempty=1)
    window 3: pattern=0 (count=10), energy=30
  Cross-pattern pairs: 4, divergent: 4, max hamming: 19
  Same-pattern pairs: 2
  10c: OK

  10d: Full stack: ESP-NOW -> GIE -> LP core...
[DIAG] 500us: agree=254 disagree=289 out_sel4=47 out_sel5=48 in101=0x84 in103=0x86 gpio_in=0x1103a348 cpu_agree=20 loop=0
[DIAG] gdma: raw=0x1 st=0x0 ena=0x2 conf0=0x0 link=0x273e8(park=0) peri=9
[DIAG] gdma2: fifo=0x61 state=0x2e75c8(dscr_st=3 out_st=2) eof_addr=0x408275a4
[DIAG] parlio: cfg=0x1a089b40(tx_start=1 bytelen=9936) st=0x80000000(tx_ready=1) int_raw=0x5(eof=1 rempty=1)
  GIE loops: 877, LP feeds: 20, LP steps: 19
  LP hidden energy: 16 / 16
  LP final hidden: [-+++--+-+------+]
  10d: OK

  OK

-- TEST 11: Pattern Classification (Stream CfC) --
[DIAG] 500us: agree=254 disagree=289 out_sel4=47 out_sel5=48 in101=0x84 in103=0x86 gpio_in=0x1103a348 cpu_agree=20 loop=0
[DIAG] gdma: raw=0x1 st=0x0 ena=0x2 conf0=0x0 link=0x273e8(park=0) peri=9
[DIAG] gdma2: fifo=0x61 state=0x2e75c8(dscr_st=3 out_st=2) eof_addr=0x408275a4
[DIAG] parlio: cfg=0x1a089b40(tx_start=1 bytelen=9936) st=0x80000000(tx_ready=1) int_raw=0x5(eof=1 rempty=1)
  Phase 0a: Observing input signatures (30s)...
  Observed: 177 packets, 177 encoded, 12884 GIE loops
  Per-pattern counts: P0=61 P1=48 P2=17 P3=51
  Phase 0b: Computing TriX signatures...
  sig[0]: [+++++++---------00000000--------...] nz=96/128 (from 61 samples, seq trits masked)
  sig[1]: [+++++++---------00000000++++++++...] nz=96/128 (from 48 samples, seq trits masked)
  sig[2]: [+++++++---------00000000-+-+-+-+...] nz=95/128 (from 17 samples, seq trits masked)
  sig[3]: [+++++++---------00000000+--++--+...] nz=96/128 (from 51 samples, seq trits masked)
  Signature pattern-ID trits [16..23]:
    sig[0][16..23]: 00000000
    sig[1][16..23]: 00000000
    sig[2][16..23]: 00000000
    sig[3][16..23]: 00000000
  Signature cross-dots:
    sig[0] vs: s0=96 s1=68 s2=77 s3=24
    sig[1] vs: s0=68 s1=96 s2=85 s3=12
    sig[2] vs: s0=77 s1=85 s2=95 s3=13
    sig[3] vs: s0=24 s1=12 s2=13 s3=96
  Ring drops: 71

  Phase 0c: Installing signatures as W_f gate weights...
  W_f weights set from signatures (8 neurons/pattern)
  Gate threshold: 2147483647 (Phase 3: blend DISABLED, all neurons HOLD)
  Neurons 0-7 → pattern 0
  Neurons 8-15 → pattern 1
  Neurons 16-23 → pattern 2
  Neurons 24-31 → pattern 3
  Gate selectivity: 0 fires / 32 steps = 0%

  GDMA offset calibration...
  GDMA offset mapping: G0→P0 G1→P1 G2→P2 G3→P3
  ISR groups:  [64, 62, 72, 12]
  CPU patterns: [64, 62, 72, 12]

  Phase 0d: TriX Cube face observation (15s)...
  TriX Cube face signatures:
    +x:recent: 118 samples [P0=51 P1=12 P2=4 P3=51]
    -x:prior: 114 samples [P0=12 P1=0 P2=51 P3=51]
    +y:stable: 64 samples [P0=31 P1=2 P2=0 P3=31]
    -y:transient: 14 samples [P0=5 P1=3 P2=1 P3=5]
    +z:confident: 0 samples [P0=0 P1=0 P2=0 P3=0]
    -z:uncertain: 53 samples [P0=0 P1=0 P2=2 P3=51]
  Face divergence from core (avg Hamming across patterns):
    +x:recent: 34 avg (4 patterns with data)
    -x:prior: 49 avg (3 patterns with data)
    +y:stable: 33 avg (3 patterns with data)
    -y:transient: 37 avg (4 patterns with data)
    +z:confident: 0 avg (0 patterns with data)
    -z:uncertain: 46 avg (2 patterns with data)
  Ring drops: 71

  Phase 1: TriX Cube ensemble (up to 32 samples, 60s)...
    s01: truth=1 core=1 isr=1 | cv=[0,5,0,0] iv=[0,5,0,0] xor=[22,96,27,30,-,96]
    s02: truth=1 core=1 isr=1 | cv=[0,4,0,0] iv=[0,4,0,0] xor=[22,96,27,30,-,96]
    s03: truth=1 core=1 isr=1 | cv=[0,3,1,0] iv=[0,3,1,0] xor=[26,85,27,30,-,81]
    s04: truth=2 core=2 isr=2 | cv=[0,0,2,0] iv=[0,0,2,0] xor=[38,54,95,33,-,39]
    s05: truth=2 core=2 isr=2 | cv=[0,0,2,0] iv=[0,0,2,0] xor=[38,54,95,33,-,39]
    s06: truth=2 core=2 isr=2 | cv=[0,0,2,0] iv=[0,0,2,0] xor=[38,54,95,33,-,39]
    s07: truth=2 core=2 isr=2 | cv=[0,0,2,0] iv=[0,0,2,0] xor=[38,54,95,33,-,39]
    s08: truth=2 core=2 isr=2 | cv=[0,0,2,0] iv=[0,0,2,0] xor=[38,54,95,33,-,39]
    s09: truth=0 core=0 isr=0 | cv=[6,0,0,0] iv=[6,0,1,3] xor=[13,28,13,12,-,119]
    s10: truth=0 core=0 isr=0 | cv=[10,0,0,0] iv=[10,0,0,0] xor=[8,25,8,7,-,119]
    s11: truth=0 core=0 isr=0 | cv=[10,0,0,0] iv=[10,0,0,0] xor=[8,12,8,7,-,119]
    s12: truth=0 core=0 isr=0 | cv=[10,0,0,0] iv=[10,0,0,0] xor=[7,4,6,5,-,72]
    s13: truth=0 core=0 isr=0 | cv=[10,0,0,0] iv=[10,0,0,0] xor=[6,4,3,4,-,3]
    s14: truth=0 core=0 isr=0 | cv=[5,3,0,0] iv=[5,3,0,0] xor=[10,38,12,13,-,38]
    s15: truth=1 core=1 isr=1 | cv=[0,6,0,0] iv=[0,6,0,0] xor=[4,118,9,10,-,118]
    s16: truth=1 core=1 isr=1 | cv=[0,3,0,0] iv=[0,3,0,0] xor=[2,118,9,10,-,118]
    s17: truth=1 core=1 isr=1 | cv=[0,6,0,0] iv=[0,6,0,0] xor=[2,118,9,9,-,118]
    s18: truth=1 core=1 isr=1 | cv=[0,3,0,0] iv=[0,3,0,0] xor=[3,78,2,4,-,78]
    s19: truth=1 core=1 isr=1 | cv=[0,4,0,0] iv=[0,4,0,0] xor=[4,0,1,3,-,0]
    s20: truth=2 core=1 isr=1 | cv=[0,2,0,0] iv=[0,2,0,0] xor=[4,0,1,3,-,0]
    s21: truth=2 core=1 isr=1 | cv=[0,1,1,0] iv=[0,1,1,0] xor=[21,27,48,18,-,19]
    s22: truth=2 core=2 isr=2 | cv=[0,0,2,0] iv=[0,0,2,0] xor=[38,44,95,33,-,39]
    s23: truth=2 core=2 isr=2 | cv=[0,0,2,0] iv=[0,0,2,0] xor=[24,21,118,16,-,24]
    s24: truth=2 core=2 isr=2 | cv=[0,0,2,0] iv=[0,0,2,0] xor=[24,21,118,16,-,24]
    s25: truth=0 core=0 isr=0 | cv=[8,0,0,0] iv=[8,0,0,2] xor=[4,2,4,5,-,4]
    s26: truth=0 core=0 isr=0 | cv=[10,0,0,0] iv=[10,0,0,0] xor=[4,3,4,2,-,4]
    s27: truth=0 core=0 isr=0 | cv=[10,0,0,0] iv=[10,0,0,0] xor=[6,6,5,5,-,7]
    s28: truth=0 core=0 isr=0 | cv=[10,0,0,0] iv=[10,0,0,0] xor=[4,5,5,5,-,7]
    s29: truth=0 core=0 isr=0 | cv=[10,0,0,0] iv=[10,0,0,0] xor=[4,4,5,4,-,6]
    s30: truth=1 core=1 isr=1 | cv=[3,4,0,0] iv=[3,4,0,0] xor=[4,1,1,2,-,1]
    s31: truth=1 core=1 isr=1 | cv=[0,5,0,0] iv=[0,5,0,0] xor=[4,0,1,3,-,0]
    s32: truth=1 core=1 isr=1 | cv=[0,5,0,0] iv=[0,5,0,0] xor=[4,2,3,3,-,2]

  ═══ CLASSIFICATION RESULTS (TriX Cube) ═══
  Total GIE loops: 41134
  TriX ISR classifications: 28231 (at 669 Hz)
  Test samples: 32
  Ring drops: 71
  Core (CPU per-pkt vote):   30/32 = 93%
  ISR  (HW 430 Hz TriX):     30/32 = 93% (all samples)
  ISR  (windows w/ data):    30/32 = 93% (276 pkts clean, 0 pkts timeout)
  TriX channel signals:      28231 (seq=28231)
  Baseline (packet-rate):    30/32 = 93%

  ── Novelty Detection ──
  Novel packets: 88 / 276 (31%)
  Novel windows: 10

  ── Online Maintenance ──
  Core re-signs: 12
  Core drift (Hamming):
    sig[0]: 20/128 trits
    sig[1]: 21/128 trits
    sig[2]: 23/128 trits
    sig[3]: 24/128 trits

  ── XOR Masks (temporal displacement per face) ──
    Face              avg  | rssi patid payload timing
    +x:recent           10/128 |  0/16  1/8   0/64    7/40
    -x:prior            28/128 |  2/16  2/8  14/64    9/40
    +y:stable           16/128 |  1/16  0/8   6/64    7/40
    -y:transient         9/128 |  0/16  1/8   0/64    8/40
    +z:confident         -     | (no data)
    -z:uncertain        46/128 |  5/16  2/8  23/64   14/40
    ── Signal distribution ──
    RSSI:    8% of mask weight
    PatID:   7% of mask weight
    Payload: 39% of mask weight
    Timing:  43% of mask weight

  ── TriX Cube Geometry ──
    +x:recent: 306 samples, 11 avg hamming from core
    -x:prior: 302 samples, 17 avg hamming from core
    +y:stable: 252 samples, 41 avg hamming from core
    -y:transient: 202 samples, 16 avg hamming from core
    +z:confident: 0 samples, 0 avg hamming from core
    -z:uncertain: 241 samples, 10 avg hamming from core
  Gate firing: 0%

  Architecture:
  - TriX ISR: HW classifies at 430 Hz (CfC blend DISABLED — Phase 3)
  - 7-voxel TriX Cube: core + 6 temporal faces
  - Faces: recent, prior, stable, transient, confident, uncertain
  - Core classifies alone. Faces compute XOR masks (intervention sensors)
  - XOR mask = trit positions where face sig != core sig
  - Online maintenance + novelty detection
  - Gate threshold=2147483647, novelty=60
  OK

-- TEST 12: Memory-Modulated Adaptive Attention --
[DIAG] 500us: agree=1241 disagree=162 out_sel4=47 out_sel5=48 in101=0x84 in103=0x86 gpio_in=0x1103a348 cpu_agree=20 loop=0
[DIAG] gdma: raw=0x1 st=0x0 ena=0x2 conf0=0x0 link=0x273e8(park=0) peri=9
[DIAG] gdma2: fifo=0x61 state=0x2e75c8(dscr_st=3 out_st=2) eof_addr=0x408275a4
[DIAG] parlio: cfg=0x1a089b40(tx_start=1 bytelen=9936) st=0x80000000(tx_ready=1) int_raw=0x5(eof=1 rempty=1)
  blend re-enabled (threshold=90), VDB cleared, LP reset
  running 120s: classify → insert snapshot → LP feedback

  ── LP Hidden State by Pattern ──
    P0: 279 samples, sign=16/16, mtfp=80/80 [---+-+-++---+-+-]
    P1: 130 samples, sign=16/16, mtfp=80/80 [++-+-+-++--++---]
    P2: 66 samples, sign=16/16, mtfp=79/80 [-+-+-+-++--++---]
    P3: 56 samples, sign=16/16, mtfp=79/80 [-+-+-+-++--++---]

  ── LP Divergence Matrix — sign-space (Hamming, /16) ──
       P0  P1  P2  P3
  P0:   0   4   3   3
  P1:   4   0   1   1
  P2:   3   1   0   0
  P3:   3   1   0   0

  ── LP Divergence Matrix — MTFP-space (Hamming, /80) ──
       P0  P1  P2  P3
  P0:   0   6   6   5
  P1:   6   0   8   9
  P2:   6   8   0   7
  P3:   5   9   7   0
  P1 vs P3: sign=1/16, mtfp=9/80
  P1 vs P2: sign=1/16, mtfp=8/80

  ── Summary ──
  Confirmed: P0=279 P1=130 P2=66 P3=56 (total=531)
  VDB inserts: 64 (VDB count: 64/64)
  LP feedback steps: 531, feedback applied: 523
  Gate firing: 14%
  P1 vs P3 Hamming: DIVERGED (memory modulated)
  Cross-pattern LP divergence: YES — sub-conscious state reflects pattern history

  Architecture note:
  - TriX classification unchanged (W_f hidden=0, ISR step 3b
    runs before blend step 4 — scores are always input-driven)
  - LP hidden = episodic memory of pattern exposure
  - VDB retrieval shapes LP trajectory via ternary blend
  - This closes the loop: perceive → classify → remember
    → retrieve → modulate — without CPU or multiplication

  ── Split-Half Null Test (P0, n=279) ──
  Analytical null bound: ~1/80 MTFP trits (at n=279)
  Cross-pattern P1-P2 MTFP: 8/80
  SIGNAL > NULL: MTFP separation exceeds noise floor
  WARNING: P2 vs P3 Hamming=0 (need >=1)
  Sufficient patterns: 4/4 (need >=3 with >=15 samples each)
  FAIL

-- TEST 13: CMD 4 Ablation (CfC only, no VDB blend) --
[DIAG] 500us: agree=1331 disagree=132 out_sel4=47 out_sel5=48 in101=0x84 in103=0x86 gpio_in=0x1103a348 cpu_agree=20 loop=0
[DIAG] gdma: raw=0x1 st=0x0 ena=0x2 conf0=0x0 link=0x273e8(park=0) peri=9
[DIAG] gdma2: fifo=0x61 state=0x2e75c8(dscr_st=3 out_st=2) eof_addr=0x408275a4
[DIAG] parlio: cfg=0x1a089b40(tx_start=1 bytelen=9936) st=0x80000000(tx_ready=1) int_raw=0x5(eof=1 rempty=1)
  CMD 4 (no VDB blend), VDB cleared, LP reset
  running 120s: classify → feed LP → CfC step only

  ── LP Hidden State by Pattern (CMD 4, no blend) ──
    P0: 303 samples, energy=16/16 [-+-+----+---+---]
    P1: 150 samples, energy=16/16 [-+-++---+---+-+-]
    P2: 60 samples, energy=15/16 [-+-+0---+---+-+-]
    P3: 30 samples, energy=15/16 [+0-+----+---+-+-]

  ── LP Divergence Matrix (CMD 4 — ablation) ──
       P0  P1  P2  P3
  P0:   0   2   2   3
  P1:   2   0   1   3
  P2:   2   1   0   3
  P3:   3   3   3   0

  ── Attribution Analysis (P1 vs P2 primary pair) ──
  CMD 5 (TEST 12) P1 vs P2 Hamming: 1
  CMD 4 (TEST 13) P1 vs P2 Hamming: 1
  CMD 5 (TEST 12) P1 vs P3 Hamming: 1
  CMD 4 (TEST 13) P1 vs P3 Hamming: 3
  VDB feedback contribution (P1 vs P2): +0 trits
  RESULT: P1 vs P2 Hamming identical under CMD 4 and CMD 5.
          CfC integration of GIE hidden is sufficient.
  Sufficient patterns: 4/4 (need >=3)
  OK

-- TEST 14: Kinetic Attention (Agreement-Weighted Gate Bias) --

  ── Condition: 14A (no bias) ──
[DIAG] 500us: agree=1022 disagree=428 out_sel4=47 out_sel5=48 in101=0x84 in103=0x86 gpio_in=0x11039348 cpu_agree=20 loop=0
[DIAG] gdma: raw=0x1 st=0x0 ena=0x2 conf0=0x0 link=0x273e8(park=0) peri=9
[DIAG] gdma2: fifo=0x61 state=0x2e75c8(dscr_st=3 out_st=2) eof_addr=0x408275a4
[DIAG] parlio: cfg=0x1a089b40(tx_start=1 bytelen=9936) st=0x80000000(tx_ready=1) int_raw=0x5(eof=1 rempty=1)
    step 100 (17s): bias=[0 0 0 0] p=2 vdb=12
    step 200 (36s): bias=[0 0 0 0] p=2 vdb=25
    step 300 (54s): bias=[0 0 0 0] p=1 vdb=37
    step 400 (76s): bias=[0 0 0 0] p=2 vdb=50
    step 500 (96s): bias=[0 0 0 0] p=1 vdb=62

  LP Hidden State (14A (no bias)):
    P0: 323 samples, energy=16/16 [-+-+-+--+---++++]
    P1: 147 samples, energy=16/16 [-+-+-+--+---+-++]
    P2: 57 samples, energy=16/16 [-+-+-+--+-----+-]
    P3: 65 samples, energy=16/16 [++-+-+--+--+-+++]
  Confirms: 592, max_bias: 0, gate_firing: 16%, bias_duty: 0% (0/592 confirms)
  Per-group fires: [104480 97409 64072 3112]

  ── Condition: 14C (full bias) ──
[DIAG] 500us: agree=1116 disagree=275 out_sel4=47 out_sel5=48 in101=0x84 in103=0x86 gpio_in=0x6603a348 cpu_agree=20 loop=0
[DIAG] gdma: raw=0x1 st=0x0 ena=0x2 conf0=0x0 link=0x273e8(park=0) peri=9
[DIAG] gdma2: fifo=0x61 state=0x2e75c8(dscr_st=3 out_st=2) eof_addr=0x408275a4
[DIAG] parlio: cfg=0x1a089b40(tx_start=1 bytelen=9936) st=0x80000000(tx_ready=1) int_raw=0x5(eof=1 rempty=1)
    step 100 (21s): bias=[0 4 0 0] p=2 vdb=12
    step 200 (46s): bias=[0 1 4 11] p=3 vdb=25
    step 300 (71s): bias=[0 1 0 0] p=0 vdb=37
    step 400 (93s): bias=[2 0 1 0] p=0 vdb=50
    step 500 (115s): bias=[0 0 0 0] p=0 vdb=62

  LP Hidden State (14C (full bias)):
    P0: 314 samples, energy=16/16 [++-+++--++----++]
    P1: 130 samples, energy=16/16 [++-+++-+++-+-+++]
    P2: 56 samples, energy=16/16 [-+--++-+++-+--+-]
    P3: 43 samples, energy=16/16 [++-+-+-+++-+----]
  Confirms: 543, max_bias: 12, gate_firing: 15%, bias_duty: 64% (349/543 confirms)
  Per-group fires: [104712 78153 66432 0]

  ── Condition: 14C-iso (bias after 60s) ──
[DIAG] 500us: agree=1220 disagree=182 out_sel4=47 out_sel5=48 in101=0x84 in103=0x86 gpio_in=0x1103a348 cpu_agree=20 loop=0
[DIAG] gdma: raw=0x1 st=0x0 ena=0x2 conf0=0x0 link=0x273e8(park=0) peri=9
[DIAG] gdma2: fifo=0x61 state=0x2e75c8(dscr_st=3 out_st=2) eof_addr=0x408275a4
[DIAG] parlio: cfg=0x1a089b40(tx_start=1 bytelen=9936) st=0x80000000(tx_ready=1) int_raw=0x5(eof=1 rempty=1)
    step 100 (22s): bias=[0 0 0 0] p=1 vdb=12
    step 200 (42s): bias=[0 0 0 0] p=1 vdb=25
    step 300 (62s): bias=[0 0 0 0] p=1 vdb=37
    step 400 (82s): bias=[0 0 0 0] p=0 vdb=50
    step 500 (102s): bias=[0 0 0 0] p=0 vdb=62

  LP Hidden State (14C-iso (bias after 60s)):
    P0: 303 samples, energy=16/16 [---++---++-----+]
    P1: 142 samples, energy=16/16 [---++---+-----++]
    P2: 62 samples, energy=16/16 [---++---+---+-++]
    P3: 72 samples, energy=15/16 [---+-0--+---+-+-]
  Confirms: 579, max_bias: 11, gate_firing: 15%, bias_duty: 14% (85/579 confirms)
  Per-group fires: [92944 100344 62464 3064]

  ══ TEST 14 COMPARISON ══

  LP Divergence — sign-space (14A (no bias), /16):
       P0  P1  P2  P3
  P0:   0   1   3   3
  P1:   1   0   2   4
  P2:   3   2   0   4
  P3:   3   4   4   0

  LP Divergence — sign-space (14C (full bias), /16):
       P0  P1  P2  P3
  P0:   0   3   5   5
  P1:   3   0   4   4
  P2:   5   4   0   4
  P3:   5   4   4   0

  LP Divergence — sign-space (14C-iso (bias after 60s), /16):
       P0  P1  P2  P3
  P0:   0   2   3   6
  P1:   2   0   1   4
  P2:   3   1   0   3
  P3:   6   4   3   0

  LP Divergence — MTFP-space (14A (no bias), /80):
       P0  P1  P2  P3
  P0:   0   4   2   4
  P1:   4   0   6   8
  P2:   2   6   0   6
  P3:   4   8   6   0

  LP Divergence — MTFP-space (14C (full bias), /80):
       P0  P1  P2  P3
  P0:   0   4  13  10
  P1:   4   0  13  10
  P2:  13  13   0  12
  P3:  10  10  12   0

  LP Divergence — MTFP-space (14C-iso (bias after 60s), /80):
       P0  P1  P2  P3
  P0:   0   8   8  10
  P1:   8   0   6   4
  P2:   8   6   0   8
  P3:  10   4   8   0

  Per-Pair Comparison (14C vs 14A):
  Pair  | 14A | 14C | delta | 14C-iso | delta
  ------|-----|-----|-------|---------|------
  P0-P1 |   1 |   3 |  +2   |     2   |  +1
  P0-P2 |   3 |   5 |  +2   |     3   |  +0
  P0-P3 |   3 |   5 |  +2   |     6   |  +3
  P1-P2 |   2 |   4 |  +2   |     1   |  -1
  P1-P3 |   4 |   4 |  +0   |     4   |  +0
  P2-P3 |   4 |   4 |  +0   |     3   |  -1
  Mean  | 2.8 | 4.2 | +1.3  |   3.2   | +0.3

  Per-Group Gate Fires (total across 120s):
  Condition                  | G0       G1       G2       G3
  --------------------------|---------------------------------------
  14A (no bias)              | 104480   97409    64072    3112
  14C (full bias)            | 104712   78153    66432    0
  14C-iso (bias after 60s)   | 92944    100344   62464    3064

  Bias Duty Cycle:
  14A (no bias)               0% (0/592 confirms with non-zero bias)
  14C (full bias)             64% (349/543 confirms with non-zero bias)
  14C-iso (bias after 60s)    14% (85/579 confirms with non-zero bias)

  Confound Control — LP Divergence at t=60s:
  14A (no bias)               mean=2.2/16 (14%)
  14C (full bias)             mean=5.5/16 (34%)
  14C-iso (bias after 60s)    mean=1.7/16 (10%)
  If 14A@60s ~ 14C-iso@60s: unbiased formation confirmed
  If 14A@60s ~ 14C@60s:     confound (maturity, not formation)

  Classification Accuracy (CPU core_pred vs sender ground truth):
  14A (no bias)               555/592 = 93.8%
  14C (full bias)             520/543 = 95.8%
  14C-iso (bias after 60s)    525/579 = 90.7%

  Confusion Matrix — 14A (no bias) (rows=ground truth, cols=predicted):
       P0   P1   P2   P3
  P0:  302    0    0    4
  P1:    6  138    0    0
  P2:    0    6   54    0
  P3:   15    3    3   61

  Confusion Matrix — 14C (full bias) (rows=ground truth, cols=predicted):
       P0   P1   P2   P3
  P0:  301    0    0    5
  P1:    6  125    0    0
  P2:    0    5   56    0
  P3:    7    0    0   38

  Confusion Matrix — 14C-iso (bias after 60s) (rows=ground truth, cols=predicted):
       P0   P1   P2   P3
  P0:  269    0    0    4
  P1:    5  128    0    0
  P2:    0    6   60    0
  P3:   29    8    2   68

  TriX ISR vs CPU core_pred agreement:
  14A (no bias)               564/592 = 95.3% agree
  14C (full bias)             520/543 = 95.8% agree
  14C-iso (bias after 60s)    548/579 = 94.6% agree

  Divergence as % of maximum (16 trits):
  14A (no bias)               mean 2.8/16 = 18%
  14C (full bias)             mean 4.2/16 = 26%
  14C-iso (bias after 60s)    mean 3.2/16 = 20%

  ── Verdict ──
  Gate bias activated (14C):    YES (max=12)
  Mean Hamming 14C >= 14A:      YES (4.2 vs 2.8)
  No catastrophic regression:   YES (worst: -0)
  Per-group fire shift > 10%:   YES
  Pairs 14C > 14A: 4, equal: 2, worse: 0 (of 6)
  OK

-- TEST 14C: CLS Transition Experiment --

  ── Condition: Full (CMD5+bias) ──
[DIAG] 500us: agree=1364 disagree=131 out_sel4=47 out_sel5=48 in101=0x84 in103=0x86 gpio_in=0x1103a348 cpu_agree=20 loop=0
[DIAG] gdma: raw=0x1 st=0x0 ena=0x2 conf0=0x0 link=0x273e8(park=0) peri=9
[DIAG] gdma2: fifo=0x61 state=0x2e75c8(dscr_st=3 out_st=2) eof_addr=0x408275a4
[DIAG] parlio: cfg=0x1a089b40(tx_start=1 bytelen=9936) st=0x80000000(tx_ready=1) int_raw=0x5(eof=1 rempty=1)
  Sync: waiting for ≥60s continuous P1...
    P1 step 100: vdb=12 p1_n=24 bias=[0 0 0 0]
    P1 step 200: vdb=25 p1_n=48 bias=[0 0 0 0]
    P1 step 300: vdb=37 p1_n=72 bias=[0 0 0 0]
    P1 step 400: vdb=50 p1_n=96 bias=[0 0 0 0]
    P1 step 500: vdb=62 p1_n=120 bias=[0 0 0 0]
