# Seed A = 0xCAFE1234, label-free TEST 14C, MASK_PATTERN_ID=1 + MASK_PATTERN_ID_INPUT=1
# Captured 2026-04-12 18:12:18
  TriX Cube face signatures:
    +x:recent: 84 samples [P0=50 P1=24 P2=10 P3=0]
    -x:prior: 34 samples [P0=24 P1=10 P2=0 P3=0]
    +y:stable: 50 samples [P0=30 P1=14 P2=6 P3=0]
    -y:transient: 9 samples [P0=5 P1=3 P2=1 P3=0]
    +z:confident: 0 samples [P0=0 P1=0 P2=0 P3=0]
    -z:uncertain: 0 samples [P0=0 P1=0 P2=0 P3=0]
  Face divergence from core (avg Hamming across patterns):
    +x:recent: 13 avg (3 patterns with data)
    -x:prior: 37 avg (2 patterns with data)
    +y:stable: 17 avg (3 patterns with data)
    -y:transient: 20 avg (3 patterns with data)
    +z:confident: 0 avg (0 patterns with data)
    -z:uncertain: 0 avg (0 patterns with data)
  Ring drops: 0

  Phase 1: TriX Cube ensemble (up to 32 samples, 60s)...
    s01: truth=3 core=0 isr=0 | cv=[5,0,0,0] iv=[10,0,0,0] xor=[15,26,14,16,-,-]
    s02: truth=0 core=0 isr=0 | cv=[10,0,0,0] iv=[10,0,0,0] xor=[10,24,10,11,-,-]
    s03: truth=0 core=0 isr=0 | cv=[10,0,0,0] iv=[10,0,0,0] xor=[5,20,6,6,-,-]
    s04: truth=0 core=0 isr=0 | cv=[10,0,0,0] iv=[10,0,0,0] xor=[5,20,4,2,-,-]
    s05: truth=0 core=0 isr=0 | cv=[10,0,0,0] iv=[10,0,0,0] xor=[5,7,2,2,-,-]
    s06: truth=0 core=0 isr=0 | cv=[9,3,0,0] iv=[9,3,0,0] xor=[5,14,5,9,-,-]
    s07: truth=1 core=1 isr=1 | cv=[0,3,0,0] iv=[0,3,0,0] xor=[9,45,11,16,-,-]
    s08: truth=1 core=1 isr=1 | cv=[0,6,0,0] iv=[0,6,0,0] xor=[9,45,11,16,-,-]
    s09: truth=1 core=1 isr=1 | cv=[0,3,0,0] iv=[0,3,0,0] xor=[9,45,11,16,-,-]
    s10: truth=1 core=1 isr=1 | cv=[0,6,0,0] iv=[0,6,0,0] xor=[8,44,7,16,-,-]
    s11: truth=1 core=1 isr=1 | cv=[0,3,0,0] iv=[0,3,0,0] xor=[8,5,5,16,-,-]
    s12: truth=2 core=2 isr=2 | cv=[0,0,2,0] iv=[0,0,2,0] xor=[14,95,23,24,-,-]
    s13: truth=2 core=2 isr=2 | cv=[0,0,2,0] iv=[0,0,2,0] xor=[10,101,18,20,-,-]
    s14: truth=2 core=2 isr=2 | cv=[0,0,2,0] iv=[0,0,2,0] xor=[6,108,14,16,-,-]
    s15: truth=2 core=2 isr=2 | cv=[0,0,2,0] iv=[0,0,2,0] xor=[6,108,14,16,-,-]
    s16: truth=2 core=2 isr=2 | cv=[0,0,2,0] iv=[0,0,2,0] xor=[6,108,14,16,-,-]
    s17: truth=0 core=0 isr=0 | cv=[10,0,0,0] iv=[10,0,0,0] xor=[4,7,4,4,-,-]
    s18: truth=0 core=0 isr=0 | cv=[10,0,0,0] iv=[10,0,0,0] xor=[4,5,5,5,-,-]
    s19: truth=0 core=0 isr=0 | cv=[10,0,0,0] iv=[10,0,0,0] xor=[1,6,7,7,-,-]
    s20: truth=0 core=0 isr=0 | cv=[10,0,0,0] iv=[10,0,0,0] xor=[1,6,6,1,-,-]
    s21: truth=0 core=0 isr=0 | cv=[7,3,0,0] iv=[7,3,0,0] xor=[3,4,2,5,-,-]
    s22: truth=1 core=1 isr=1 | cv=[0,3,0,0] iv=[0,3,0,0] xor=[8,5,5,8,-,-]
    s23: truth=1 core=1 isr=1 | cv=[0,6,0,0] iv=[0,6,0,0] xor=[8,5,5,4,-,-]
    s24: truth=1 core=1 isr=1 | cv=[0,4,0,0] iv=[0,4,0,0] xor=[7,6,5,4,-,-]
    s25: truth=1 core=1 isr=1 | cv=[0,5,0,0] iv=[0,5,0,0] xor=[6,6,5,4,-,-]
    s26: truth=1 core=1 isr=1 | cv=[0,3,1,0] iv=[0,3,1,0] xor=[6,31,7,7,-,-]
    s27: truth=2 core=2 isr=2 | cv=[0,0,2,0] iv=[0,0,2,0] xor=[6,108,14,16,-,-]
    s28: truth=2 core=2 isr=2 | cv=[0,0,2,0] iv=[0,0,2,0] xor=[6,108,14,16,-,-]
    s29: truth=2 core=2 isr=2 | cv=[0,0,2,0] iv=[0,0,2,0] xor=[6,108,14,16,-,-]
    s30: truth=2 core=2 isr=2 | cv=[0,0,2,0] iv=[0,0,2,0] xor=[7,109,15,16,-,-]
    s31: truth=2 core=2 isr=2 | cv=[0,0,2,0] iv=[0,0,2,0] xor=[6,110,17,16,-,-]
    s32: truth=0 core=0 isr=0 | cv=[6,0,0,0] iv=[10,0,0,0] xor=[1,3,3,4,-,-]

  ═══ CLASSIFICATION RESULTS (TriX Cube) ═══
  Total GIE loops: 44039
  TriX ISR classifications: 31114 (at 645 Hz)
  Test samples: 32
  Ring drops: 0
  Core (CPU per-pkt vote):   31/32 = 96%
  ISR  (HW 430 Hz TriX):     31/32 = 96% (all samples)
  ISR  (windows w/ data):    31/32 = 96% (332 pkts clean, 0 pkts timeout)
  TriX channel signals:      31114 (seq=31113)
  Baseline (packet-rate):    27/32 = 84%

  ── Novelty Detection ──
  Novel packets: 134 / 332 (40%)
  Novel windows: 16

  ── Online Maintenance ──
  Core re-signs: 12
  Core drift (Hamming):
    sig[0]: 15/128 trits
    sig[1]: 14/128 trits
    sig[2]: 15/128 trits
    sig[3]: 0/128 trits

  ── XOR Masks (temporal displacement per face) ──
    Face              avg  | rssi patid payload timing
    +x:recent            5/128 |  0/16  0/8   0/64    5/40
    -x:prior            25/128 |  1/16  0/8  13/64   10/40
    +y:stable            7/128 |  0/16  0/8   0/64    7/40
    -y:transient         8/128 |  0/16  0/8   0/64    8/40
    +z:confident         -     | (no data)
    -z:uncertain         -     | (no data)
    ── Signal distribution ──
    RSSI:    3% of mask weight
    PatID:   0% of mask weight
    Payload: 28% of mask weight
    Timing:  67% of mask weight

  ── TriX Cube Geometry ──
    +x:recent: 282 samples, 27 avg hamming from core
    -x:prior: 232 samples, 53 avg hamming from core
    +y:stable: 248 samples, 30 avg hamming from core
    -y:transient: 207 samples, 30 avg hamming from core
    +z:confident: 0 samples, 0 avg hamming from core
    -z:uncertain: 0 samples, 0 avg hamming from core
  Gate firing: 0%

  Architecture:
  - TriX ISR: HW classifies at 430 Hz (CfC blend DISABLED — Phase 3)
  - 7-voxel TriX Cube: core + 6 temporal faces
  - Faces: recent, prior, stable, transient, confident, uncertain
  - Core classifies alone. Faces compute XOR masks (intervention sensors)
  - XOR mask = trit positions where face sig != core sig
  - Online maintenance + novelty detection
  - Gate threshold=2147483647, novelty=60
  OK

-- TEST 14C: CLS Transition Experiment --

  ── Condition: Full (CMD5+bias) ──
[DIAG] 500us: agree=1259 disagree=127 out_sel4=47 out_sel5=48 in101=0x84 in103=0x86 gpio_in=0x1103a348 cpu_agree=20 loop=0
[DIAG] gdma: raw=0x1 st=0x0 ena=0x2 conf0=0x0 link=0x273c8(park=0) peri=9
[DIAG] gdma2: fifo=0x61 state=0x2e75a8(dscr_st=3 out_st=2) eof_addr=0x40827584
[DIAG] parlio: cfg=0x1a089b40(tx_start=1 bytelen=9936) st=0x80000000(tx_ready=1) int_raw=0x5(eof=1 rempty=1)
  Sync: waiting for ≥60s continuous P1...
    P1 step 100: vdb=12 p1_n=55 bias=[0 13 0 0]
    P1 step 200: vdb=25 p1_n=155 bias=[0 11 0 0]
    P1 step 300: vdb=37 p1_n=255 bias=[0 0 0 0]
  Synced: 60s continuous P1. Building prior...
    P1 step 400: vdb=50 p1_n=355 bias=[0 0 0 0]
  Phase 2: P2 detected at 96s (after 426 P1 samples), measuring transition...
    step  +0: align_P1=+54 align_P2=+66 bias=[10,0] pred=1 gt=2
    step  +1: align_P1=+45 align_P2=+54 bias=[9,0] pred=2 gt=2
    step  +2: align_P1=+51 align_P2=+61 bias=[8,0] pred=2 gt=2
    step  +3: align_P1=+56 align_P2=+63 bias=[7,0] pred=2 gt=2
    step  +4: align_P1=+53 align_P2=+62 bias=[6,0] pred=2 gt=2
    step  +5: align_P1=+44 align_P2=+42 bias=[5,0] pred=2 gt=2
    step  +6: align_P1=+42 align_P2=+50 bias=[5,0] pred=2 gt=2
    step  +7: align_P1=+40 align_P2=+46 bias=[4,0] pred=2 gt=2
    step  +8: align_P1=+40 align_P2=+48 bias=[4,0] pred=2 gt=2
    step  +9: align_P1=+40 align_P2=+53 bias=[3,0] pred=2 gt=2
    step +10: align_P1=+40 align_P2=+58 bias=[3,0] pred=2 gt=2
    step +20: align_P1=+37 align_P2=+51 bias=[0,14] pred=2 gt=2
    step +30: align_P1=+42 align_P2=+56 bias=[0,14] pred=2 gt=2
    step +40: align_P1=+45 align_P2=+49 bias=[0,14] pred=2 gt=2
    step +50: align_P1=+40 align_P2=+54 bias=[0,13] pred=2 gt=2

  Results (Full (CMD5+bias)):
  P1 samples: 565, P2 samples: 61
  Phase 2 steps: 200
  TriX accuracy (first 15): 15/15
  Crossover step: 0

  ── Condition: No bias (CMD5) ──
[DIAG] 500us: agree=1201 disagree=120 out_sel4=47 out_sel5=48 in101=0x84 in103=0x86 gpio_in=0x11039348 cpu_agree=20 loop=0
[DIAG] gdma: raw=0x1 st=0x0 ena=0x2 conf0=0x0 link=0x273c8(park=0) peri=9
[DIAG] gdma2: fifo=0x61 state=0x2e75a8(dscr_st=3 out_st=2) eof_addr=0x40827584
[DIAG] parlio: cfg=0x1a089b40(tx_start=1 bytelen=9936) st=0x80000000(tx_ready=1) int_raw=0x5(eof=1 rempty=1)
  Sync: waiting for P1 packets (sender confirmed)...
  Synced: 10s continuous P1. Building prior...
    P1 step 100: vdb=12 p1_n=100 bias=[0 0 0 0]
    P1 step 200: vdb=25 p1_n=200 bias=[0 0 0 0]
  Phase 2: P2 detected at 60s (after 278 P1 samples), measuring transition...
    step  +0: align_P1=+52 align_P2=+66 bias=[0,0] pred=1 gt=2
    step  +1: align_P1=+45 align_P2=+53 bias=[0,0] pred=2 gt=2
    step  +2: align_P1=+48 align_P2=+63 bias=[0,0] pred=2 gt=2
    step  +3: align_P1=+47 align_P2=+55 bias=[0,0] pred=2 gt=2
    step  +4: align_P1=+46 align_P2=+57 bias=[0,0] pred=2 gt=2
    step  +5: align_P1=+47 align_P2=+44 bias=[0,0] pred=2 gt=2
    step  +6: align_P1=+40 align_P2=+43 bias=[0,0] pred=2 gt=2
    step  +7: align_P1=+39 align_P2=+40 bias=[0,0] pred=2 gt=2
    step  +8: align_P1=+40 align_P2=+47 bias=[0,0] pred=2 gt=2
    step  +9: align_P1=+45 align_P2=+49 bias=[0,0] pred=2 gt=2
    step +10: align_P1=+47 align_P2=+57 bias=[0,0] pred=2 gt=2
    step +20: align_P1=+42 align_P2=+53 bias=[0,0] pred=2 gt=2
    step +30: align_P1=+44 align_P2=+46 bias=[0,0] pred=2 gt=2
    step +40: align_P1=+44 align_P2=+42 bias=[0,0] pred=2 gt=2
    step +50: align_P1=+54 align_P2=+58 bias=[0,0] pred=2 gt=2

  Results (No bias (CMD5)):
  P1 samples: 417, P2 samples: 61
  Phase 2 steps: 200
  TriX accuracy (first 15): 15/15
  Crossover step: 0

  ── Condition: Ablation (CMD4) ──
[DIAG] 500us: agree=1185 disagree=136 out_sel4=47 out_sel5=48 in101=0x84 in103=0x86 gpio_in=0x11039348 cpu_agree=20 loop=0
[DIAG] gdma: raw=0x1 st=0x0 ena=0x2 conf0=0x0 link=0x273c8(park=0) peri=9
[DIAG] gdma2: fifo=0x61 state=0x2e75a8(dscr_st=3 out_st=2) eof_addr=0x40827584
[DIAG] parlio: cfg=0x1a089b40(tx_start=1 bytelen=9936) st=0x80000000(tx_ready=1) int_raw=0x5(eof=1 rempty=1)
  Sync: waiting for P1 packets (sender confirmed)...
  Synced: 10s continuous P1. Building prior...
    P1 step 100: vdb=12 p1_n=100 bias=[0 0 0 0]
    P1 step 200: vdb=25 p1_n=200 bias=[0 0 0 0]
  Phase 2: P2 detected at 60s (after 278 P1 samples), measuring transition...
    step  +0: align_P1=+37 align_P2=+59 bias=[0,0] pred=1 gt=2
    step  +1: align_P1=+44 align_P2=+55 bias=[0,0] pred=2 gt=2
    step  +2: align_P1=+40 align_P2=+50 bias=[0,0] pred=2 gt=2
    step  +3: align_P1=+43 align_P2=+47 bias=[0,0] pred=2 gt=2
    step  +4: align_P1=+39 align_P2=+45 bias=[0,0] pred=2 gt=2
    step  +5: align_P1=+38 align_P2=+43 bias=[0,0] pred=2 gt=2
    step  +6: align_P1=+51 align_P2=+51 bias=[0,0] pred=2 gt=2
    step  +7: align_P1=+42 align_P2=+49 bias=[0,0] pred=2 gt=2
    step  +8: align_P1=+41 align_P2=+54 bias=[0,0] pred=2 gt=2
    step  +9: align_P1=+45 align_P2=+43 bias=[0,0] pred=2 gt=2
    step +10: align_P1=+41 align_P2=+40 bias=[0,0] pred=2 gt=2
    step +20: align_P1=+45 align_P2=+47 bias=[0,0] pred=2 gt=2
    step +30: align_P1=+38 align_P2=+32 bias=[0,0] pred=2 gt=2
    step +40: align_P1=+32 align_P2=+40 bias=[0,0] pred=2 gt=2
    step +50: align_P1=+45 align_P2=+45 bias=[0,0] pred=2 gt=2

  Results (Ablation (CMD4)):
  P1 samples: 417, P2 samples: 61
  Phase 2 steps: 200
  TriX accuracy (first 15): 15/15
  Crossover step: 0

  ══ TEST 14C COMPARISON ══
  Condition              | TriX@15 | Crossover | P2 steps
  ----------------------|---------|-----------|----------
  Full (CMD5+bias)       |  15/ 15 |       0   |    200
  No bias (CMD5)         |  15/ 15 |       0   |    200
  Ablation (CMD4)        |  15/ 15 |       0   |    200

  Alignment Traces (align_P1, align_P2) at steps 0,5,10,15,20,30:
  Step                   |    +0       +5      +10      +15      +20      +30
  Full (CMD5+bias)       | +54/+66 +44/+42 +40/+58 +38/+41 +37/+51 +42/+56
  No bias (CMD5)         | +52/+66 +47/+44 +47/+57 +42/+51 +42/+53 +44/+46
  Ablation (CMD4)        | +37/+59 +38/+43 +41/+40 +46/+52 +45/+47 +38/+32

  MTFP Alignment Gap (P2 - P1) mean over steps 28-32:
  Full (CMD5+bias)        +9
  No bias (CMD5)          +1
  Ablation (CMD4)         +2

  ── Verdict ──
  TriX accuracy post-switch:     PASS
  No-bias reorients (gap>0@~30): PASS (avg gap=+1)
  Ablation < no-bias (CLS):      FAIL (+2 vs +1)
  Sufficient P2 data:            PASS (200 steps)
  Crossover step (diagnostic):   Full=0 No-bias=0 Ablation=0
  OK

============================================================
  RESULTS: 2 / 2 PASSED
============================================================

  *** FULL SYSTEM VERIFIED ***
  Layer 1: GIE (GDMA+PARLIO+PCNT) — 428 Hz, ~0 CPU
  Layer 2: LP core geometric processor — 100 Hz, ~30uA
  Layer 2b: LP core ternary VDB — NSW graph search (M=7)
  Layer 2c: CfC -> VDB pipeline — perceive+think+remember
  Layer 2d: VDB -> CfC feedback — memory shapes inference
  Layer 3: HP core — reflex channel coordination
  Layer 4: ESP-NOW -> GIE live input + pattern classification
  Layer 5: TriX -> VDB -> LP feedback — memory-modulated attention
  Layer 6: CMD 4 ablation — VDB contribution isolated from CfC baseline
  All ternary. No floating point. No multiplication.
  Perceive → classify → remember → retrieve → modulate.
  Attribution: CMD 5 vs CMD 4 Hamming delta quantifies VDB contribution.

-- LP CHAR: LP Dynamics Characterization --
   (diagnostic — not counted in pass/fail)
  Rep 1/3:
    P1 step   0: fires=13 blend= 0 score=  0 vdb=1
    P1 step 100: fires=15 blend= 1 score= 31 vdb=5
    P1 step 200: fires=15 blend= 1 score= 31 vdb=9
    P1 step 300: fires=15 blend= 1 score= 31 vdb=13
    P1 step 400: fires=15 blend= 1 score= 31 vdb=17
