# RX-GIE boot capture 2026-05-16T07:28:43.981900 (DURATION_S=180)
[   0.10s] I (176) esp_image: segment 3: paddr=000d6a50 vaddr=408064b8 sizeESP-ROM:esp32c6-20220919
[   0.10s] Build:Sep 19 2022
[   0.10s] rst:0x15 (USB_UART_HPSYS),boot:0x1e (SPI_FAST_FLASH_BOOT)
[   0.10s] Saved PC:0x4080203a
[   0.10s] SPIWP:0xee
[   0.10s] mode:DIO, clock div:2
[   0.10s] load:0x40875730,len:0x180c
[   0.10s] load:0x4086c110,len:0xfac
[   0.10s] load:0x4086e610,len:0x3154
[   0.10s] entry 0x4086c11a
[   0.10s] I (23) boot: ESP-IDF v5.4 2nd stage bootloader
[   0.11s] I (23) boot: compile time May 16 2026 07:26:45
[   0.11s] I (23) boot: chip revision: v0.2
[   0.11s] I (24) boot: efuse block revision: v0.3
[   0.11s] I (24) qio_mode: Enabling default flash chip QIO
[   0.11s] I (24) boot.esp32c6: SPI Speed      : 80MHz
[   0.11s] I (24) boot.esp32c6: SPI Mode       : QIO
[   0.11s] I (25) boot.esp32c6: SPI Flash Size : 2MB
[   0.11s] I (25) boot: Enabling RNG early entropy source...
[   0.11s] I (25) boot: Partition Table:
[   0.11s] I (25) boot: ## Label            Usage          Type ST Offset   Length
[   0.11s] I (26) boot:  0 nvs              WiFi data        01 02 00009000 00006000
[   0.11s] I (26) boot:  1 phy_init         RF data          01 01 0000f000 00001000
[   0.11s] I (27) boot:  2 factory          factory app      00 00 00010000 00100000
[   0.11s] I (28) boot: End of partition table
[   0.11s] I (28) esp_image: segment 0: paddr=00010020 vaddr=420a0020 size=21b38h (138040) map
[   0.11s] I (53) esp_image: segment 1: paddr=00031b60 vaddr=40800000 size=064b8h ( 25784) load
[   0.11s] I (59) esp_image: segment 2: paddr=00038020 vaddr=42000020 size=9ea28h (649768) map
[   0.18s] I (176) esp_image: segment 3: paddr=000d6a50 vaddr=408064b8 size=13324h ( 78628) load
[   0.20s] I (193) esp_image: segment 4: paddr=000e9d7c vaddr=408197e0 size=03c24h ( 15396) load
[   0.20s] I (197) esp_image: segment 5: paddr=000ed9a8 vaddr=50003fc0 size=0000ch (    12) load
[   0.21s] I (204) boot: Loaded app from partition at offset 0x10000
[   0.21s] I (204) boot: Disabling RNG early entropy source...
[   0.22s] W (214) spi_flash: Detected size(4096k) larger than the size in the binary image header(2048k). Using the size in the binary image header.
[   8.22s] 
[   8.22s] ============================================================
[   8.22s]   FREE-RUNNING SUB-CPU NEURAL NETWORK
[   8.22s]   + LP CORE GEOMETRIC PROCESSOR
[   8.22s]   GIE (441 Hz HW) → LP core (100 Hz, 16MHz RISC-V, ~30uA)
[   8.22s]   Three-layer hierarchy: peripheral → geometric → CPU
[   8.22s] ============================================================
[   8.22s] 
[   8.22s] [INIT] GPIO 4-7...
[   8.22s] [INIT] ETM clock...
[   8.22s] [INIT] PARLIO TX (2-bit, 20MHz, loopback)...
[   8.22s] [INIT] PCNT (2 units)...
[   8.22s] [INIT] Timer...
[   8.22s] [INIT] GDMA channel detection...
[   8.22s] [GDMA] PARLIO owns CH0
[   8.22s] [INIT] GDMA ISR (free-running mode)...
[   8.22s] [GDMA ISR] OK — CH0 (source=69), LEVEL3
[   8.22s] [INIT] LP core binary (16320 bytes)...
[   8.23s] [INIT] LP core weights (after binary load)...
[   8.23s] [INIT] LP seed: 0xCAFE1234
[   8.23s] [LP] Geometric processor running (100 Hz, 16 MHz RISC-V)
[   8.23s] [INIT] ESP-NOW receiver...
[   8.33s] W (8384) wifi:ACK_TAB0   :0x   90a0b, QAM16:0x9 (24Mbps), QPSK:0xa (12Mbps), BPSK:0xb (6Mbps)
[   8.33s] W (8385) wifi:CTS_TAB0   :0x   90a0b, QAM16:0x9 (24Mbps), QPSK:0xa (12Mbps), BPSK:0xb (6Mbps)
[   8.33s] W (8385) wifi:(agc)0x600a7128:0xd21b29ee, min.avgNF:0xce->0xd2(dB), RCalCount:0x1b2, min.RRssi:0x9ee(-97.12)
[   8.33s] W (8386) wifi:(TB)WDEV_PWR_TB_MCS0:19
[   8.33s] W (8386) wifi:(TB)WDEV_PWR_TB_MCS1:19
[   8.33s] W (8386) wifi:(TB)WDEV_PWR_TB_MCS2:19
[   8.33s] W (8386) wifi:(TB)WDEV_PWR_TB_MCS3:19
[   8.33s] W (8386) wifi:(TB)WDEV_PWR_TB_MCS4:19
[   8.33s] W (8386) wifi:(TB)WDEV_PWR_TB_MCS5:19
[   8.33s] W (8387) wifi:(TB)WDEV_PWR_TB_MCS6:18
[   8.33s] W (8387) wifi:(TB)WDEV_PWR_TB_MCS7:18
[   8.33s] W (8387) wifi:(TB)WDEV_PWR_TB_MCS8:17
[   8.33s] W (8387) wifi:(TB)WDEV_PWR_TB_MCS9:15
[   8.33s] W (8387) wifi:(TB)WDEV_PWR_TB_MCS10:15
[   8.33s] W (8387) wifi:(TB)WDEV_PWR_TB_MCS11:15
[   8.33s] [ESPNOW] Listening on channel 1 (no AP connection)
[   8.33s] [INIT] Done.
[   8.33s] 
[   8.33s] [PRIME] Warming pipeline...
[   8.33s] [PRIME] Done.
[   8.33s] 
[   8.33s] -- TEST 1: Free-running loop count --
[   8.34s] [DIAG] 500us: agree=256 disagree=291 out_sel4=47 out_sel5=48 in101=0x84 in103=0x86 gpio_in=0x2003a348 cpu_agree=20 loop=0
[   8.34s] [DIAG] gdma: raw=0x1 st=0x0 ena=0x2 conf0=0x0 link=0x27468(park=0) peri=9
[   8.34s] [DIAG] gdma2: fifo=0x61 state=0x2e7648(dscr_st=3 out_st=2) eof_addr=0x40827624
[   8.34s] [DIAG] parlio: cfg=0x1a089b40(tx_start=1 bytelen=9936) st=0x80000000(tx_ready=1) int_raw=0x1(eof=0 rempty=1)
[   9.34s]   Loops completed: 430 in 1.003 s
[   9.34s]   Frequency: 428.6 Hz
[   9.34s]   Period: 2333.0 us per loop
[   9.34s]   OK
[   9.34s] 
[   9.34s] -- TEST 2: Hidden state evolves autonomously --
[   9.35s] [DIAG] 500us: agree=217 disagree=219 out_sel4=47 out_sel5=48 in101=0x84 in103=0x86 gpio_in=0x11039348 cpu_agree=20 loop=0
[   9.35s] [DIAG] gdma: raw=0x1 st=0x0 ena=0x2 conf0=0x0 link=0x27468(park=0) peri=9
[   9.35s] [DIAG] gdma2: fifo=0x61 state=0x2e763c(dscr_st=3 out_st=2) eof_addr=0x40827624
[   9.35s] [DIAG] parlio: cfg=0x1a089b40(tx_start=1 bytelen=9936) st=0x80000000(tx_ready=1) int_raw=0x5(eof=1 rempty=1)
[   9.40s]   snap 0 (loop 22): energy=30
[   9.45s]   snap 1 (loop 43): delta=10 energy=31
[   9.50s]   snap 2 (loop 65): delta=1 energy=31
[   9.55s]   snap 3 (loop 86): delta=0 energy=31
[   9.60s]   snap 4 (loop 107): delta=0 energy=31
[   9.65s]   snap 5 (loop 129): delta=2 energy=30
[   9.70s]   snap 6 (loop 150): delta=0 energy=30
[   9.75s]   snap 7 (loop 172): delta=1 energy=31
[   9.75s]   final h: [-+---+-++-++--+---+0--++---++++-]
[   9.75s]   Total loops: 172
[   9.75s]   OK
[   9.75s] 
[   9.75s] -- TEST 3: Per-neuron dot accuracy (single loop) --
[   9.75s] [DIAG] 500us: agree=254 disagree=289 out_sel4=47 out_sel5=48 in101=0x84 in103=0x86 gpio_in=0x1103a348 cpu_agree=20 loop=0
[   9.76s] [DIAG] gdma: raw=0x1 st=0x0 ena=0x2 conf0=0x0 link=0x27468(park=0) peri=9
[   9.76s] [DIAG] gdma2: fifo=0x61 state=0x2e763c(dscr_st=3 out_st=2) eof_addr=0x40827624
[   9.76s] [DIAG] parlio: cfg=0x1a089b40(tx_start=1 bytelen=9936) st=0x80000000(tx_ready=1) int_raw=0x5(eof=1 rempty=1)
[   9.76s]   After warmup: 3 loops, base=4, cnt=69
[   9.76s]   Snapshot at loop 4 (base=4, cnt=69)
[   9.76s]   Raw captures [0..11]:
[   9.76s]     idx  agree  disagree  d_agree  d_disagree
[   9.76s]     [0]      0      0        +0       +0 (dummy)
[   9.76s]     [1]      0      0        +0       +0 (dummy)
[   9.76s]     [2]      0      0        +0       +0 (dummy)
[   9.76s]     [3]      0      0        +0       +0 (dummy)
[   9.76s]     [4]      0      0        +0       +0 (dummy)
[   9.76s]     [5]     21     32       +21      +32 (neuron 0)
[   9.76s]     [6]     53     61       +32      +29
[   9.76s]     [7]     81     84       +28      +23
[   9.77s]     [8]    107    115       +26      +31
[   9.77s]     [9]    138    142       +31      +27
[   9.77s]     [10]    166    178       +28      +36
[   9.77s]     [11]    199    201       +33      +23
[   9.77s] 
[   9.77s]   Dot errors: 0 / 64
[   9.77s]   Sign errors: 0 / 64
[   9.77s]   GIE dots[0..7]: -11 3 5 -5 4 -8 10 -16
[   9.77s]   CPU dots[0..7]: -11 3 5 -5 4 -8 10 -16
[   9.77s]   Sign match with offset 0: 64 / 64
[   9.77s]   Sign match with offset 1: 26 / 63
[   9.77s]   Sign match with offset 2: 29 / 62
[   9.77s]   Sign match with offset 3: 26 / 61
[   9.77s]   Sign match with offset 4: 20 / 60
[   9.77s]   OK
[   9.77s] 
[   9.77s] -- TEST 4: LP Core Geometric Processor --
[   9.77s] [DIAG] 500us: agree=254 disagree=289 out_sel4=47 out_sel5=48 in101=0x84 in103=0x86 gpio_in=0x11039348 cpu_agree=20 loop=0
[   9.77s] [DIAG] gdma: raw=0x1 st=0x0 ena=0x2 conf0=0x0 link=0x27468(park=0) peri=9
[   9.77s] [DIAG] gdma2: fifo=0x61 state=0x2e763c(dscr_st=3 out_st=2) eof_addr=0x40827624
[   9.77s] [DIAG] parlio: cfg=0x1a089b40(tx_start=1 bytelen=9936) st=0x80000000(tx_ready=1) int_raw=0x5(eof=1 rempty=1)
[   9.77s]   Phase 1: GIE + LP core integration (300ms)...
[  10.07s]   4a: LP running: YES (steps=27)
[  10.07s]   4c: LP hidden energy: 16/16
[  10.07s]   LP hidden: [--+-+-++--++---+]
[  10.07s]   LP decision: -1
[  10.07s] 
[  10.07s]   Phase 2: Deterministic single-step verification...
[  10.08s] [DIAG] 500us: agree=254 disagree=289 out_sel4=47 out_sel5=48 in101=0x84 in103=0x86 gpio_in=0x1103a348 cpu_agree=20 loop=0
[  10.08s] [DIAG] gdma: raw=0x1 st=0x0 ena=0x2 conf0=0x0 link=0x27468(park=0) peri=9
[  10.08s] [DIAG] gdma2: fifo=0x61 state=0x2e763c(dscr_st=3 out_st=2) eof_addr=0x40827624
[  10.08s] [DIAG] parlio: cfg=0x1a089b40(tx_start=1 bytelen=9936) st=0x80000000(tx_ready=1) int_raw=0x5(eof=1 rempty=1)
[  10.13s]   Known GIE hidden energy: 30/32
[  10.13s]   Known GIE hidden: [+-+--+-+---+-+--+++---+0-+-+-++0]
[  10.15s]   LP steps: 28 → 29 (delta=1)
[  10.15s]   4b: f-dots exact: 16/16, g-dots exact: 16/16
[  10.15s]   4b: f-dots sign:  14/14, g-dots sign:  11/11
[  10.15s]   LP  f-dots: -5 2 4 4 -2 1 2 2 0 2 -1 1 0 -4 5 -9
[  10.15s]   CPU f-dots: -5 2 4 4 -2 1 2 2 0 2 -1 1 0 -4 5 -9
[  10.15s]   LP  g-dots: 2 0 5 2 0 -3 2 0 2 2 1 0 0 -4 6 -2
[  10.15s]   CPU g-dots: 2 0 5 2 0 -3 2 0 2 2 1 0 0 -4 6 -2
[  10.15s]   OK
[  10.15s] 
[  10.15s] -- TEST 5: Ternary VDB — NSW Graph (M=7), 64 Nodes --
[  10.15s]   5a: Inserting 64 nodes (graph-aware, cmd=3)...
[  10.93s]   5a: Inserted 64 nodes — OK
[  10.93s] 
[  10.93s]   5b: Self-match recall@1 (64 queries)...
[  11.79s]   5b: 64/64 self-match recall@1 — OK
[  11.79s] 
[  11.79s]   5c: Recall measurement (20 random queries)...
[  11.80s]     q0: LP=[35,11,48,37] CPU=[35,11,37,48]
[  11.82s]     q1: LP=[15,63,31,53] CPU=[15,31,63,26]
[  11.83s]     q2: LP=[49,61,36,25] CPU=[49,36,61,25]
[  12.06s]   Recall@1: 19/20 = 95%
[  12.06s]   Recall@4: 72/80 = 90%
[  12.06s]   5c: OK (thresholds: r@1>=95%, r@4>=90%)
[  12.06s] 
[  12.06s]   5d: Visit count (graph vs brute-force)...
[  12.08s]   Graph search visited: 60 / 64 nodes
[  12.08s]   5d: OK (sub-linear: YES)
[  12.08s] 
[  12.08s]   5e: Connectivity (BFS from node 0)...
[  12.08s]   Reachable from node 0: 64 / 64
[  12.08s]   5e: OK
[  12.08s] 
[  12.08s]   5f: Latency benchmark (10 searches, N=64)...
[  12.21s]   Round-trip (includes LP wake jitter up to 10ms):
[  12.21s]     min=9206 us, max=14988 us, avg=13409 us
[  12.21s]   5f: OK
[  12.21s] 
[  12.21s]   OK
[  12.21s] 
[  12.21s] -- TEST 6: CfC -> VDB Pipeline (CMD 4) --
[  12.21s]   Setup: Inserting 32 vectors into VDB...
[  12.58s]   VDB has 32 nodes
[  12.58s] 
[  12.58s]   6a: Pipeline basic operation...
[  12.59s] [DIAG] 500us: agree=254 disagree=289 out_sel4=47 out_sel5=48 in101=0x84 in103=0x86 gpio_in=0x1103a348 cpu_agree=20 loop=0
[  12.59s] [DIAG] gdma: raw=0x1 st=0x0 ena=0x2 conf0=0x0 link=0x27468(park=0) peri=9
[  12.59s] [DIAG] gdma2: fifo=0x61 state=0x2e763c(dscr_st=3 out_st=2) eof_addr=0x40827624
[  12.59s] [DIAG] parlio: cfg=0x1a089b40(tx_start=1 bytelen=9936) st=0x80000000(tx_ready=1) int_raw=0x5(eof=1 rempty=1)
[  12.65s]   step_count: 29 -> 30 (delta=1)
[  12.65s]   search_count: 95 -> 96 (delta=1)
[  12.65s]   Pipeline return: 0
[  12.65s]   Top-4 results: [5,17,30,24] scores=[7,7,6,6]
[  12.65s]   6a: OK
[  12.65s] 
[  12.65s]   6b: CfC determinism (cmd=4 vs cmd=1)...
[  12.67s]   cmd=1 hidden: [-0++0-+00+-00+++]
[  12.67s]   cmd=4 hidden: [-0++0-+00+-00+++]
[  12.67s]   Hidden match: YES
[  12.67s]   f-dots match: YES, g-dots match: YES
[  12.67s]   6b: OK
[  12.67s] 
[  12.67s]   6c: VDB consistency (pipeline vs standalone search)...
[  12.68s]   Pipeline: [5,17,30,24] scores=[7,7,6,6]
[  12.68s]   Standalone: [5,17,30,24] scores=[7,7,6,6]
[  12.68s]   Results match: YES
[  12.68s]   6c: OK
[  12.69s] 
[  12.69s]   6d: Sustained pipeline operation (10 steps)...
[  12.69s] [DIAG] 500us: agree=254 disagree=289 out_sel4=47 out_sel5=48 in101=0x84 in103=0x86 gpio_in=0x1103a348 cpu_agree=20 loop=0
[  12.69s] [DIAG] gdma: raw=0x1 st=0x0 ena=0x2 conf0=0x0 link=0x27468(park=0) peri=9
[  12.69s] [DIAG] gdma2: fifo=0x61 state=0x2e763c(dscr_st=3 out_st=2) eof_addr=0x40827624
[  12.69s] [DIAG] parlio: cfg=0x1a089b40(tx_start=1 bytelen=9936) st=0x80000000(tx_ready=1) int_raw=0x5(eof=1 rempty=1)
[  12.87s]   Pipeline steps completed: 10 / 10
[  12.87s]   step_count delta: 10
[  12.87s]   search_count delta: 10
[  12.87s]   Final LP hidden: [0-+++-+0+-++0-++]
[  12.87s]   Final LP hidden energy: 13/16
[  12.87s]   6d: OK
[  12.87s] 
[  12.87s]   OK
[  12.87s] 
[  12.87s] -- TEST 7: Reflex Channel Coordination --
[  12.87s]   7a: Channel signals match loop count...
[  12.88s] [DIAG] 500us: agree=254 disagree=289 out_sel4=47 out_sel5=48 in101=0x84 in103=0x86 gpio_in=0x1103a348 cpu_agree=20 loop=0
[  12.88s] [DIAG] gdma: raw=0x1 st=0x0 ena=0x2 conf0=0x0 link=0x27468(park=0) peri=9
[  12.88s] [DIAG] gdma2: fifo=0x61 state=0x2e763c(dscr_st=3 out_st=2) eof_addr=0x40827624
[  12.88s] [DIAG] parlio: cfg=0x1a089b40(tx_start=1 bytelen=9936) st=0x80000000(tx_ready=1) int_raw=0x5(eof=1 rempty=1)
[  13.00s]   Signals received: 50 / 50
[  13.00s]   Value mismatches: 0
[  13.00s]   Final loop_count: 51, channel value: 51, channel seq: 51
[  13.00s]   7a: OK
[  13.00s] 
[  13.00s]   7b: Signal latency (ISR -> main loop)...
[  13.00s] [DIAG] 500us: agree=254 disagree=289 out_sel4=47 out_sel5=48 in101=0x84 in103=0x86 gpio_in=0x1103a348 cpu_agree=20 loop=0
[  13.00s] [DIAG] gdma: raw=0x1 st=0x0 ena=0x2 conf0=0x0 link=0x27468(park=0) peri=9
[  13.00s] [DIAG] gdma2: fifo=0x61 state=0x2e763c(dscr_st=3 out_st=2) eof_addr=0x40827624
[  13.00s] [DIAG] parlio: cfg=0x1a089b40(tx_start=1 bytelen=9936) st=0x80000000(tx_ready=1) int_raw=0x5(eof=1 rempty=1)
[  13.24s]   Samples: 100
[  13.24s]   Latency (cycles): min=1991, max=2922, avg=2293
[  13.24s]   Latency (ns):     min=12443, max=18262, avg=14331
[  13.24s]   7b: OK
[  13.24s] 
[  13.24s]   7c: Hidden state consistency after channel wait...
[  13.24s] [DIAG] 500us: agree=254 disagree=289 out_sel4=47 out_sel5=48 in101=0x84 in103=0x86 gpio_in=0x11039348 cpu_agree=20 loop=0
[  13.24s] [DIAG] gdma: raw=0x1 st=0x0 ena=0x2 conf0=0x0 link=0x27468(park=0) peri=9
[  13.24s] [DIAG] gdma2: fifo=0x61 state=0x2e763c(dscr_st=3 out_st=2) eof_addr=0x40827624
[  13.24s] [DIAG] parlio: cfg=0x1a089b40(tx_start=1 bytelen=9936) st=0x80000000(tx_ready=1) int_raw=0x5(eof=1 rempty=1)
[  13.26s]   Dot match: 64 / 64
[  13.26s]   Channel signaled: YES (seq 6 -> 7)
[  13.26s]   7c: OK
[  13.26s] 
[  13.26s]   7d: Channel-driven LP feeding (20 cycles)...
[  13.27s] [DIAG] 500us: agree=254 disagree=289 out_sel4=47 out_sel5=48 in101=0x84 in103=0x86 gpio_in=0x1103a348 cpu_agree=20 loop=0
[  13.27s] [DIAG] gdma: raw=0x1 st=0x0 ena=0x2 conf0=0x0 link=0x27468(park=0) peri=9
[  13.27s] [DIAG] gdma2: fifo=0x61 state=0x2e763c(dscr_st=3 out_st=2) eof_addr=0x40827624
[  13.27s] [DIAG] parlio: cfg=0x1a089b40(tx_start=1 bytelen=9936) st=0x80000000(tx_ready=1) int_raw=0x5(eof=1 rempty=1)
[  13.53s]   Channel-driven feeds: 20 / 20
[  13.53s]   LP step_count delta: 20
[  13.53s]   7d: OK
[  13.53s] 
[  13.53s]   OK
[  13.53s] 
[  13.53s] -- TEST 8: VDB -> CfC Feedback Loop (CMD 5) --
[  13.53s]   Setup: Inserting 32 vectors into VDB...
[  13.90s]   VDB has 32 nodes
[  13.90s] 
[  13.90s]   8a: Single feedback step (cmd=5)...
[  13.90s] [DIAG] 500us: agree=254 disagree=289 out_sel4=47 out_sel5=48 in101=0x84 in103=0x86 gpio_in=0x11039348 cpu_agree=20 loop=0
[  13.90s] [DIAG] gdma: raw=0x1 st=0x0 ena=0x2 conf0=0x0 link=0x27468(park=0) peri=9
[  13.90s] [DIAG] gdma2: fifo=0x61 state=0x2e763c(dscr_st=3 out_st=2) eof_addr=0x40827624
[  13.91s] [DIAG] parlio: cfg=0x1a089b40(tx_start=1 bytelen=9936) st=0x80000000(tx_ready=1) int_raw=0x5(eof=1 rempty=1)
[  13.96s]   cmd=5 return: 0
[  13.96s]   step_count: 62 -> 63 (delta=1)
[  13.96s]   search_count: 108 -> 109 (delta=1)
[  13.96s]   fb_total_blends: 0 -> 0
[  13.96s]   fb_applied: 0
[  13.96s]   fb_source_id: 255
[  13.96s]   fb_score: 0
[  13.96s]   fb_blend_count: 0 trits modified
[  13.96s]   Top-4 results: [5,17,30,24] scores=[7,7,6,6]
[  13.96s]   LP hidden after feedback: [-0++0-+00+-00+++]
[  13.96s]   8a: OK
[  13.96s] 
[  13.96s]   8b: Feedback observability...
[  13.96s]   Applied: NO (best score 0 < threshold 8)
[  13.96s]   This is acceptable if no stored memory is similar enough.
[  13.96s]   8b: OK
[  13.96s] 
[  13.96s]   8c: Stability under sustained feedback (50 steps)...
[  13.97s] [DIAG] 500us: agree=254 disagree=289 out_sel4=47 out_sel5=48 in101=0x84 in103=0x86 gpio_in=0x11039348 cpu_agree=20 loop=0
[  13.97s] [DIAG] gdma: raw=0x1 st=0x0 ena=0x2 conf0=0x0 link=0x27468(park=0) peri=9
[  13.97s] [DIAG] gdma2: fifo=0x61 state=0x2e763c(dscr_st=3 out_st=2) eof_addr=0x40827624
[  13.97s] [DIAG] parlio: cfg=0x1a089b40(tx_start=1 bytelen=9936) st=0x80000000(tx_ready=1) int_raw=0x5(eof=1 rempty=1)
[  14.02s]     step 0: e=10, delta=10, fb=0, score=0, src=255
[  14.15s]     step 10: e=10, delta=7, fb=1, score=14, src=17
[  14.28s]     step 20: e=14, delta=4, fb=1, score=12, src=6
[  14.41s]     step 30: e=9, delta=10, fb=1, score=11, src=3
[  14.54s]     step 40: e=12, delta=8, fb=1, score=13, src=5
[  14.65s]   Steps completed: 50 / 50
[  14.65s]   Feedback applied: 49 / 50 steps
[  14.65s]   Total blend operations: 49
[  14.65s]   Max change per step: 13 / 16 trits
[  14.65s]   Energy range: [7, 14] / 16
[  14.65s]   Unique states visited: 50
[  14.65s]   Final LP hidden: [0+++++++0+-++-++]
[  14.65s]   8c: OK
[  14.65s] 
[  14.65s]   8d: Feedback vs no-feedback divergence...
[  14.91s]     step 0: hamming distance = 0
[  14.91s]     step 1: hamming distance = 5
[  14.91s]     step 2: hamming distance = 7
[  14.91s]     step 3: hamming distance = 8
[  14.91s]     step 4: hamming distance = 7
[  14.91s]     step 5: hamming distance = 9
[  14.91s]     step 6: hamming distance = 11
[  14.91s]     step 7: hamming distance = 10
[  14.91s]     step 8: hamming distance = 10
[  14.91s]     step 9: hamming distance = 10
[  14.91s]   First divergence at step: 1
[  14.91s]   Steps with different states: 9 / 10
[  14.91s]   No-feedback final: [--+++-+--+-+-+++]
[  14.91s]   Feedback final   : [0+++0-++0+0-+0+0]
[  14.91s]   8d: OK
[  14.91s] 
[  14.91s]   OK
[  14.91s] 
[  14.91s] -- TEST 9: ESP-NOW Receive from Board B --
[  14.91s]   Listening for 10 seconds...
[  24.91s]   Packets received: 60
[  24.91s]   RSSI range: [-51, -51] dBm
[  24.91s]   Last pattern_id: 2, seq: 489
[  24.91s]   Source MAC: b4:3a:45:8a:c7:d4
[  24.91s]   Unique patterns seen: 3/4
[  24.91s]   OK (60 packets in 10s)
[  24.91s] 
[  24.91s] -- TEST 10: ESP-NOW -> GIE Live Input --
[  24.91s]   10a: Input encoding from live ESP-NOW data...
[  27.91s]   Input updates from ESP-NOW: 7 in 3s
[  27.91s]   First encoded input energy: 104 / 128 trits active
[  27.91s]   Input sample [0..15] RSSI: ++++++++--------
[  27.91s]   Input sample [16..23] pattern: ----++--
[  27.91s]   Input sample [24..31] payload: +-+-+-+-
[  27.91s]   10a: OK
[  27.91s] 
[  27.91s]   10b: GIE hidden state with live ESP-NOW input...
[  27.92s] [DIAG] 500us: agree=254 disagree=289 out_sel4=47 out_sel5=48 in101=0x84 in103=0x86 gpio_in=0x11039348 cpu_agree=20 loop=0
[  27.92s] [DIAG] gdma: raw=0x1 st=0x0 ena=0x2 conf0=0x0 link=0x27468(park=0) peri=9
[  27.92s] [DIAG] gdma2: fifo=0x61 state=0x2e763c(dscr_st=3 out_st=2) eof_addr=0x40827624
[  27.92s] [DIAG] parlio: cfg=0x1a089b40(tx_start=1 bytelen=9936) st=0x80000000(tx_ready=1) int_raw=0x5(eof=1 rempty=1)
[  28.92s] [DIAG] 500us: agree=254 disagree=289 out_sel4=47 out_sel5=48 in101=0x84 in103=0x86 gpio_in=0x1103a348 cpu_agree=20 loop=0
[  28.93s] [DIAG] gdma: raw=0x1 st=0x0 ena=0x2 conf0=0x0 link=0x27468(park=0) peri=9
[  28.93s] [DIAG] gdma2: fifo=0x61 state=0x2e763c(dscr_st=3 out_st=2) eof_addr=0x40827624
[  28.93s] [DIAG] parlio: cfg=0x1a089b40(tx_start=1 bytelen=9936) st=0x80000000(tx_ready=1) int_raw=0x5(eof=1 rempty=1)
[  29.95s]   Static input: 430 loops, hidden energy=30
[  29.95s]   Live input: 440 loops, 11 input updates, hidden energy=32
[  29.95s]   Hamming distance (static vs live): 21 / 32
[  29.95s]   Static hidden: [+-+--+-----+-0-+++++-++0-+-+-++-]
[  29.95s]   Live hidden  : [++--+-++++++--++++--------+-++--]
[  29.95s]   10b: OK
[  29.95s] 
[  29.95s]   10c: Pattern-dependent hidden state trajectories...
[  29.96s] [DIAG] 500us: agree=254 disagree=289 out_sel4=47 out_sel5=48 in101=0x84 in103=0x86 gpio_in=0x1103a348 cpu_agree=20 loop=0
[  29.96s] [DIAG] gdma: raw=0x1 st=0x0 ena=0x2 conf0=0x0 link=0x27468(park=0) peri=9
[  29.96s] [DIAG] gdma2: fifo=0x61 state=0x2e763c(dscr_st=3 out_st=2) eof_addr=0x40827624
[  29.96s] [DIAG] parlio: cfg=0x1a089b40(tx_start=1 bytelen=9936) st=0x80000000(tx_ready=1) int_raw=0x5(eof=1 rempty=1)
[  30.98s]     window 0: pattern=3 (count=11), energy=27
[  30.98s] [DIAG] 500us: agree=254 disagree=289 out_sel4=47 out_sel5=48 in101=0x84 in103=0x86 gpio_in=0x1103a348 cpu_agree=20 loop=0
[  30.98s] [DIAG] gdma: raw=0x1 st=0x0 ena=0x2 conf0=0x0 link=0x27468(park=0) peri=9
[  30.99s] [DIAG] gdma2: fifo=0x61 state=0x2e763c(dscr_st=3 out_st=2) eof_addr=0x40827624
[  30.99s] [DIAG] parlio: cfg=0x1a089b40(tx_start=1 bytelen=9936) st=0x80000000(tx_ready=1) int_raw=0x5(eof=1 rempty=1)
[  32.00s]     window 1: pattern=3 (count=10), energy=30
[  32.01s] [DIAG] 500us: agree=254 disagree=289 out_sel4=47 out_sel5=48 in101=0x84 in103=0x86 gpio_in=0x1103a348 cpu_agree=20 loop=0
[  32.01s] [DIAG] gdma: raw=0x1 st=0x0 ena=0x2 conf0=0x0 link=0x27468(park=0) peri=9
[  32.01s] [DIAG] gdma2: fifo=0x61 state=0x2e763c(dscr_st=3 out_st=2) eof_addr=0x40827624
[  32.01s] [DIAG] parlio: cfg=0x1a089b40(tx_start=1 bytelen=9936) st=0x80000000(tx_ready=1) int_raw=0x5(eof=1 rempty=1)
[  33.03s]     window 2: pattern=3 (count=10), energy=30
[  33.04s] [DIAG] 500us: agree=254 disagree=289 out_sel4=47 out_sel5=48 in101=0x84 in103=0x86 gpio_in=0x1103a348 cpu_agree=20 loop=0
[  33.04s] [DIAG] gdma: raw=0x1 st=0x0 ena=0x2 conf0=0x0 link=0x27468(park=0) peri=9
[  33.04s] [DIAG] gdma2: fifo=0x61 state=0x2e763c(dscr_st=3 out_st=2) eof_addr=0x40827624
[  33.04s] [DIAG] parlio: cfg=0x1a089b40(tx_start=1 bytelen=9936) st=0x80000000(tx_ready=1) int_raw=0x5(eof=1 rempty=1)
[  34.06s]     window 3: pattern=3 (count=9), energy=31
[  34.06s]   Cross-pattern pairs: 0, divergent: 0, max hamming: 0
[  34.06s]   Same-pattern pairs: 6
[  34.06s]   10c: OK
[  34.06s] 
[  34.06s]   10d: Full stack: ESP-NOW -> GIE -> LP core...
[  34.07s] [DIAG] 500us: agree=254 disagree=289 out_sel4=47 out_sel5=48 in101=0x84 in103=0x86 gpio_in=0x11038348 cpu_agree=20 loop=0
[  34.07s] [DIAG] gdma: raw=0x1 st=0x0 ena=0x2 conf0=0x0 link=0x27468(park=0) peri=9
[  34.07s] [DIAG] gdma2: fifo=0x61 state=0x2e763c(dscr_st=3 out_st=2) eof_addr=0x40827624
[  34.07s] [DIAG] parlio: cfg=0x1a089b40(tx_start=1 bytelen=9936) st=0x80000000(tx_ready=1) int_raw=0x5(eof=1 rempty=1)
[  36.11s]   GIE loops: 877, LP feeds: 20, LP steps: 19
[  36.11s]   LP hidden energy: 16 / 16
[  36.11s]   LP final hidden: [+-+++++++++---+-]
[  36.11s]   10d: OK
[  36.11s] 
[  36.11s]   OK
[  36.11s] 
[  36.11s] -- TEST 11: Pattern Classification (Stream CfC) --
[  36.12s] [DIAG] 500us: agree=254 disagree=289 out_sel4=47 out_sel5=48 in101=0x84 in103=0x86 gpio_in=0x11038348 cpu_agree=20 loop=0
[  36.12s] [DIAG] gdma: raw=0x1 st=0x0 ena=0x2 conf0=0x0 link=0x27468(park=0) peri=9
[  36.12s] [DIAG] gdma2: fifo=0x61 state=0x2e763c(dscr_st=3 out_st=2) eof_addr=0x40827624
[  36.12s] [DIAG] parlio: cfg=0x1a089b40(tx_start=1 bytelen=9936) st=0x80000000(tx_ready=1) int_raw=0x5(eof=1 rempty=1)
[  36.12s]   Phase 0a: Observing input signatures (30s)...
[  66.12s]   Observed: 192 packets, 192 encoded, 12885 GIE loops
[  66.12s]   Per-pattern counts: P0=80 P1=48 P2=13 P3=51
[  66.12s]   Phase 0b: Computing TriX signatures...
[  66.12s]   sig[0]: [++++++++--------++--------------...] nz=104/128 (from 80 samples, seq trits masked)
[  66.12s]   sig[1]: [++++++++----------++----++++++++...] nz=104/128 (from 48 samples, seq trits masked)
[  66.12s]   sig[2]: [++++++++------------++--+-+-+-+-...] nz=103/128 (from 13 samples, seq trits masked)
[  66.12s]   sig[3]: [++++++++--------------++-+-+---+...] nz=104/128 (from 51 samples, seq trits masked)
[  66.12s]   Signature pattern-ID trits [16..23]:
[  66.12s]     sig[0][16..23]: ++------
[  66.12s]     sig[1][16..23]: --++----
[  66.12s]     sig[2][16..23]: ----++--
[  66.13s]     sig[3][16..23]: ------++
[  66.13s]   Signature cross-dots:
[  66.13s]     sig[0] vs: s0=104 s1=68 s2=21 s3=46
[  66.13s]     sig[1] vs: s0=68 s1=104 s2=29 s3=30
[  66.13s]     sig[2] vs: s0=21 s1=29 s2=103 s3=11
[  66.13s]     sig[3] vs: s0=46 s1=30 s2=11 s3=104
[  66.13s]   Ring drops: 71
[  66.13s] 
[  66.13s]   Phase 0c: Installing signatures as W_f gate weights...
[  66.13s]   W_f weights set from signatures (8 neurons/pattern)
[  66.13s]   Gate threshold: 2147483647 (Phase 3: blend DISABLED, all neurons HOLD)
[  66.13s]   Neurons 0-7 → pattern 0
[  66.13s]   Neurons 8-15 → pattern 1
[  66.13s]   Neurons 16-23 → pattern 2
[  66.13s]   Neurons 24-31 → pattern 3
[  66.13s]   Gate selectivity: 0 fires / 64 steps = 0%
[  66.13s] 
[  66.13s]   GDMA offset calibration...
[  66.16s]   GDMA offset mapping: G0→P0 G1→P1 G2→P2 G3→P3
[  66.16s]   ISR groups:  [19, 23, 93, 9]
[  66.16s]   CPU patterns: [19, 23, 93, 9]
[  66.16s] 
[  66.16s]   Phase 0d: TriX Cube face observation (15s)...
[  81.16s]   TriX Cube face signatures:
[  81.16s]     +x:recent: 113 samples [P0=51 P1=3 P2=8 P3=51]
[  81.16s]     -x:prior: 105 samples [P0=3 P1=0 P2=51 P3=51]
[  81.16s]     +y:stable: 66 samples [P0=31 P1=0 P2=4 P3=31]
[  81.16s]     -y:transient: 14 samples [P0=5 P1=3 P2=1 P3=5]
[  81.16s]     +z:confident: 50 samples [P0=50 P1=0 P2=0 P3=0]
[  81.16s]     -z:uncertain: 51 samples [P0=0 P1=0 P2=0 P3=51]
[  81.16s]   Face divergence from core (avg Hamming across patterns):
[  81.16s]     +x:recent: 27 avg (4 patterns with data)
[  81.16s]     -x:prior: 42 avg (3 patterns with data)
[  81.16s]     +y:stable: 29 avg (3 patterns with data)
[  81.16s]     -y:transient: 27 avg (4 patterns with data)
[  81.16s]     +z:confident: 13 avg (1 patterns with data)
[  81.17s]     -z:uncertain: 53 avg (1 patterns with data)
[  81.17s]   Ring drops: 71
[  81.17s] 
[  81.17s]   Phase 1: TriX Cube ensemble (up to 32 samples, 60s)...
[  82.17s]     s01: truth=1 core=1 isr=1 | cv=[0,4,0,0] iv=[0,4,0,0] xor=[22,104,104,22,104,104]
[  83.18s]     s02: truth=1 core=1 isr=1 | cv=[0,5,0,0] iv=[0,5,0,0] xor=[22,104,104,22,104,104]
[  84.19s]     s03: truth=1 core=1 isr=1 | cv=[0,5,0,0] iv=[0,5,0,0] xor=[22,104,104,22,104,104]
[  85.19s]     s04: truth=1 core=1 isr=1 | cv=[0,4,0,0] iv=[0,4,0,0] xor=[13,113,113,13,113,113]
[  86.20s]     s05: truth=1 core=1 isr=1 | cv=[0,3,1,0] iv=[0,3,1,0] xor=[13,101,93,11,117,117]
[  87.21s]     s06: truth=2 core=2 isr=2 | cv=[0,0,2,0] iv=[0,0,2,0] xor=[17,49,20,20,118,118]
[  88.22s]     s07: truth=2 core=2 isr=2 | cv=[0,0,2,0] iv=[0,0,2,0] xor=[16,45,18,15,118,118]
[  89.22s]     s08: truth=2 core=2 isr=2 | cv=[0,0,2,0] iv=[0,0,2,0] xor=[16,45,18,15,118,118]
[  90.23s]     s09: truth=2 core=2 isr=2 | cv=[0,0,2,0] iv=[0,0,2,0] xor=[16,45,18,15,118,118]
[  91.24s]     s10: truth=2 core=2 isr=2 | cv=[0,0,2,0] iv=[0,0,2,0] xor=[16,45,18,15,118,118]
[  97.26s]     s11: truth=0 core=0 isr=0 | cv=[7,0,0,1] iv=[7,0,0,3] xor=[20,31,19,19,24,95]
[  98.27s]     s12: truth=0 core=0 isr=0 | cv=[10,0,0,0] iv=[10,0,0,0] xor=[13,27,12,14,11,107]
[  99.27s]     s13: truth=0 core=0 isr=0 | cv=[10,0,0,0] iv=[10,0,0,0] xor=[4,19,4,8,4,119]
[ 100.27s]     s14: truth=0 core=0 isr=0 | cv=[10,0,0,0] iv=[10,0,0,0] xor=[4,6,2,4,4,61]
[ 101.27s]     s15: truth=0 core=0 isr=0 | cv=[10,0,0,0] iv=[10,0,0,0] xor=[4,4,1,4,4,4]
[ 102.28s]     s16: truth=0 core=0 isr=0 | cv=[4,3,0,0] iv=[4,3,0,0] xor=[7,52,51,7,52,51]
[ 103.29s]     s17: truth=1 core=1 isr=1 | cv=[0,6,0,0] iv=[0,6,0,0] xor=[9,117,117,9,117,117]
[ 104.29s]     s18: truth=1 core=1 isr=1 | cv=[0,3,0,0] iv=[0,3,0,0] xor=[3,78,78,3,78,78]
[ 105.30s]     s19: truth=1 core=1 isr=1 | cv=[0,6,0,0] iv=[0,6,0,0] xor=[4,1,1,4,1,1]
[ 106.30s]     s20: truth=1 core=1 isr=1 | cv=[0,4,0,0] iv=[0,4,0,0] xor=[4,1,1,4,1,1]
[ 107.31s]     s21: truth=1 core=1 isr=1 | cv=[0,2,1,0] iv=[0,2,1,0] xor=[8,15,6,7,40,40]
[ 108.32s]     s22: truth=2 core=2 isr=2 | cv=[0,0,2,0] iv=[0,0,2,0] xor=[16,34,18,15,118,118]
[ 109.32s]     s23: truth=2 core=2 isr=2 | cv=[0,0,2,0] iv=[0,0,2,0] xor=[16,24,18,15,118,118]
[ 110.33s]     s24: truth=2 core=2 isr=2 | cv=[0,0,2,0] iv=[0,0,2,0] xor=[16,24,18,15,118,118]
[ 111.34s]     s25: truth=2 core=2 isr=2 | cv=[0,0,2,0] iv=[0,0,2,0] xor=[16,20,15,17,119,119]
[ 112.35s]     s26: truth=2 core=2 isr=2 | cv=[0,0,2,0] iv=[0,0,2,0] xor=[16,20,15,17,119,119]
[ 118.36s]     s27: truth=0 core=0 isr=0 | cv=[9,0,0,0] iv=[10,0,0,0] xor=[4,4,3,3,4,3]
[ 119.36s]     s28: truth=0 core=0 isr=0 | cv=[10,0,0,0] iv=[10,0,0,0] xor=[2,3,2,3,2,1]
[ 120.36s]     s29: truth=0 core=0 isr=0 | cv=[10,0,0,0] iv=[10,0,0,0] xor=[2,3,1,3,1,1]
[ 121.36s]     s30: truth=0 core=0 isr=0 | cv=[10,0,0,0] iv=[10,0,0,0] xor=[1,6,4,6,0,4]
[ 122.36s]     s31: truth=0 core=0 isr=0 | cv=[10,0,0,0] iv=[10,0,0,0] xor=[3,3,3,3,2,3]
[ 123.37s]     s32: truth=1 core=1 isr=1 | cv=[2,5,0,0] iv=[2,5,0,0] xor=[4,2,1,4,2,2]
[ 123.37s] 
[ 123.37s]   ═══ CLASSIFICATION RESULTS (TriX Cube) ═══
[ 123.37s]   Total GIE loops: 41095
[ 123.37s]   TriX ISR classifications: 28190 (at 667 Hz)
[ 123.37s]   Test samples: 32
[ 123.37s]   Ring drops: 71
[ 123.37s]   Core (CPU per-pkt vote):   32/32 = 100%
[ 123.37s]   ISR  (HW 430 Hz TriX):     32/32 = 100% (all samples)
[ 123.37s]   ISR  (windows w/ data):    32/32 = 100% (276 pkts clean, 0 pkts timeout)
[ 123.37s]   TriX channel signals:      28190 (seq=28190)
[ 123.37s]   Baseline (packet-rate):    31/32 = 96%
[ 123.37s] 
[ 123.37s]   ── Novelty Detection ──
[ 123.37s]   Novel packets: 92 / 276 (33%)
[ 123.37s]   Novel windows: 10
[ 123.37s] 
[ 123.37s]   ── Online Maintenance ──
[ 123.37s]   Core re-signs: 11
[ 123.38s]   Core drift (Hamming):
[ 123.38s]     sig[0]: 13/128 trits
[ 123.38s]     sig[1]: 15/128 trits
[ 123.38s]     sig[2]: 16/128 trits
[ 123.38s]     sig[3]: 0/128 trits
[ 123.38s] 
[ 123.38s]   ── XOR Masks (temporal displacement per face) ──
[ 123.38s]     Face              avg  | rssi patid payload timing
[ 123.38s]     +x:recent            8/128 |  0/16  0/8   0/64    8/40
[ 123.38s]     -x:prior            30/128 |  2/16  2/8  15/64    9/40
[ 123.38s]     +y:stable           24/128 |  2/16  1/8  11/64    9/40
[ 123.38s]     -y:transient         9/128 |  0/16  0/8   0/64    8/40
[ 123.38s]     +z:confident        36/128 |  4/16  2/8  19/64   10/40
[ 123.38s]     -z:uncertain        55/128 |  7/16  3/8  30/64   13/40
[ 123.38s]     ── Signal distribution ──
[ 123.38s]     RSSI:    10% of mask weight
[ 123.38s]     PatID:   6% of mask weight
[ 123.38s]     Payload: 46% of mask weight
[ 123.38s]     Timing:  36% of mask weight
[ 123.38s] 
[ 123.38s]   ── TriX Cube Geometry ──
[ 123.38s]     +x:recent: 297 samples, 19 avg hamming from core
[ 123.38s]     -x:prior: 289 samples, 17 avg hamming from core
[ 123.38s]     +y:stable: 250 samples, 18 avg hamming from core
[ 123.38s]     -y:transient: 198 samples, 17 avg hamming from core
[ 123.38s]     +z:confident: 234 samples, 57 avg hamming from core
[ 123.38s]     -z:uncertain: 235 samples, 44 avg hamming from core
[ 123.38s]   Gate firing: 0%
[ 123.38s] 
[ 123.38s]   Architecture:
[ 123.38s]   - TriX ISR: HW classifies at 430 Hz (CfC blend DISABLED — Phase 3)
[ 123.38s]   - 7-voxel TriX Cube: core + 6 temporal faces
[ 123.38s]   - Faces: recent, prior, stable, transient, confident, uncertain
[ 123.38s]   - Core classifies alone. Faces compute XOR masks (intervention sensors)
[ 123.38s]   - XOR mask = trit positions where face sig != core sig
[ 123.38s]   - Online maintenance + novelty detection
[ 123.38s]   - Gate threshold=2147483647, novelty=60
[ 123.38s]   OK
[ 123.38s] 
[ 123.38s] -- TEST 12: Memory-Modulated Adaptive Attention --
[ 123.38s] [DIAG] 500us: agree=1248 disagree=171 out_sel4=47 out_sel5=48 in101=0x84 in103=0x86 gpio_in=0x20039348 cpu_agree=20 loop=0
[ 123.38s] [DIAG] gdma: raw=0x1 st=0x0 ena=0x2 conf0=0x0 link=0x27468(park=0) peri=9
[ 123.39s] [DIAG] gdma2: fifo=0x61 state=0x2e7648(dscr_st=3 out_st=2) eof_addr=0x40827624
[ 123.39s] [DIAG] parlio: cfg=0x1a089b40(tx_start=1 bytelen=9936) st=0x80000000(tx_ready=1) int_raw=0x5(eof=1 rempty=1)
[ 123.39s]   blend re-enabled (threshold=90), VDB cleared, LP reset
[ 123.39s]   running 120s: classify → insert snapshot → LP feedback
