# RX-GIE boot capture 2026-05-16T08:29:34.427814 (DURATION_S=200)
[   0.10s] I (176) esp_image: segment 3: paddr=000d69e8 vaddr=408064a0 sizeESP-ROM:esp32c6-20220919
[   0.10s] Build:Sep 19 2022
[   0.10s] rst:0x15 (USB_UART_HPSYS),boot:0x1e (SPI_FAST_FLASH_BOOT)
[   0.10s] Saved PC:0x40806624
[   0.10s] SPIWP:0xee
[   0.10s] mode:DIO, clock div:2
[   0.10s] load:0x40875730,len:0x180c
[   0.10s] load:0x4086c110,len:0xfac
[   0.10s] load:0x4086e610,len:0x3154
[   0.10s] entry 0x4086c11a
[   0.11s] I (23) boot: ESP-IDF v5.4 2nd stage bootloader
[   0.11s] I (23) boot: compile time May 16 2026 08:28:30
[   0.11s] I (23) boot: chip revision: v0.2
[   0.11s] I (24) boot: efuse block revision: v0.3
[   0.11s] I (24) qio_mode: Enabling default flash chip QIO
[   0.11s] I (24) boot.esp32c6: SPI Speed      : 80MHz
[   0.11s] I (24) boot.esp32c6: SPI Mode       : QIO
[   0.11s] I (25) boot.esp32c6: SPI Flash Size : 2MB
[   0.11s] I (25) boot: Enabling RNG early entropy source...
[   0.11s] I (25) boot: Partition Table:
[   0.11s] I (25) boot: ## Label            Usage          Type ST Offset   Length
[   0.11s] I (26) boot:  0 nvs              WiFi data        01 02 00009000 00006000
[   0.11s] I (26) boot:  1 phy_init         RF data          01 01 0000f000 00001000
[   0.11s] I (27) boot:  2 factory          factory app      00 00 00010000 00100000
[   0.11s] I (27) boot: End of partition table
[   0.11s] I (28) esp_image: segment 0: paddr=00010020 vaddr=420a0020 size=21b50h (138064) map
[   0.11s] I (53) esp_image: segment 1: paddr=00031b78 vaddr=40800000 size=064a0h ( 25760) load
[   0.11s] I (59) esp_image: segment 2: paddr=00038020 vaddr=42000020 size=9e9c0h (649664) map
[   0.18s] I (176) esp_image: segment 3: paddr=000d69e8 vaddr=408064a0 size=1333ch ( 78652) load
[   0.20s] I (193) esp_image: segment 4: paddr=000e9d2c vaddr=408197e0 size=03c24h ( 15396) load
[   0.20s] I (197) esp_image: segment 5: paddr=000ed958 vaddr=50003fc0 size=0000ch (    12) load
[   0.21s] I (203) boot: Loaded app from partition at offset 0x10000
[   0.21s] I (204) boot: Disabling RNG early entropy source...
[   0.22s] W (214) spi_flash: Detected size(4096k) larger than the size in the binary image header(2048k). Using the size in the binary image header.
[   8.22s] 
[   8.22s] ============================================================
[   8.22s]   FREE-RUNNING SUB-CPU NEURAL NETWORK
[   8.22s]   + LP CORE GEOMETRIC PROCESSOR
[   8.22s]   GIE (441 Hz HW) → LP core (100 Hz, 16MHz RISC-V, ~30uA)
[   8.22s]   Three-layer hierarchy: peripheral → geometric → CPU
[   8.22s] ============================================================
[   8.22s] 
[   8.22s] [INIT] GPIO 4-7...
[   8.22s] [INIT] ETM clock...
[   8.22s] [INIT] PARLIO TX (2-bit, 20MHz, loopback)...
[   8.22s] [INIT] PCNT (2 units)...
[   8.22s] [INIT] Timer...
[   8.22s] [INIT] GDMA channel detection...
[   8.22s] [GDMA] PARLIO owns CH0
[   8.22s] [INIT] GDMA ISR (free-running mode)...
[   8.22s] [GDMA ISR] OK — CH0 (source=69), LEVEL3
[   8.22s] [INIT] LP core binary (16320 bytes)...
[   8.23s] [INIT] LP core weights (after binary load)...
[   8.23s] [INIT] LP seed: 0xCAFE1234
[   8.23s] [LP] Geometric processor running (100 Hz, 16 MHz RISC-V)
[   8.23s] [INIT] ESP-NOW receiver...
[   8.33s] W (8385) wifi:ACK_TAB0   :0x   90a0b, QAM16:0x9 (24Mbps), QPSK:0xa (12Mbps), BPSK:0xb (6Mbps)
[   8.33s] W (8386) wifi:CTS_TAB0   :0x   90a0b, QAM16:0x9 (24Mbps), QPSK:0xa (12Mbps), BPSK:0xb (6Mbps)
[   8.33s] W (8386) wifi:(agc)0x600a7128:0xd2134800, min.avgNF:0xce->0xd2(dB), RCalCount:0x134, min.RRssi:0x800(-128.00)
[   8.33s] W (8387) wifi:(TB)WDEV_PWR_TB_MCS0:19
[   8.33s] W (8387) wifi:(TB)WDEV_PWR_TB_MCS1:19
[   8.33s] W (8387) wifi:(TB)WDEV_PWR_TB_MCS2:19
[   8.33s] W (8387) wifi:(TB)WDEV_PWR_TB_MCS3:19
[   8.33s] W (8387) wifi:(TB)WDEV_PWR_TB_MCS4:19
[   8.33s] W (8387) wifi:(TB)WDEV_PWR_TB_MCS5:19
[   8.33s] W (8387) wifi:(TB)WDEV_PWR_TB_MCS6:18
[   8.33s] W (8388) wifi:(TB)WDEV_PWR_TB_MCS7:18
[   8.33s] W (8388) wifi:(TB)WDEV_PWR_TB_MCS8:17
[   8.33s] W (8388) wifi:(TB)WDEV_PWR_TB_MCS9:15
[   8.33s] W (8388) wifi:(TB)WDEV_PWR_TB_MCS10:15
[   8.33s] W (8388) wifi:(TB)WDEV_PWR_TB_MCS11:15
[   8.33s] [ESPNOW] Listening on channel 1 (no AP connection)
[   8.33s] [INIT] Done.
[   8.33s] 
[   8.33s] [PRIME] Warming pipeline...
[   8.33s] [PRIME] Done.
[   8.33s] 
[   8.33s] -- TEST 1: Free-running loop count --
[   8.34s] [DIAG] 500us: agree=256 disagree=291 out_sel4=47 out_sel5=48 in101=0x84 in103=0x86 gpio_in=0x2003a348 cpu_agree=20 loop=0
[   8.34s] [DIAG] gdma: raw=0x1 st=0x0 ena=0x2 conf0=0x0 link=0x27468(park=0) peri=9
[   8.34s] [DIAG] gdma2: fifo=0x61 state=0x2e7648(dscr_st=3 out_st=2) eof_addr=0x40827624
[   8.34s] [DIAG] parlio: cfg=0x1a089b40(tx_start=1 bytelen=9936) st=0x80000000(tx_ready=1) int_raw=0x1(eof=0 rempty=1)
[   9.34s]   Loops completed: 430 in 1.003 s
[   9.34s]   Frequency: 428.6 Hz
[   9.34s]   Period: 2333.1 us per loop
[   9.34s]   OK
[   9.34s] 
[   9.34s] -- TEST 2: Hidden state evolves autonomously --
[   9.35s] [DIAG] 500us: agree=217 disagree=219 out_sel4=47 out_sel5=48 in101=0x84 in103=0x86 gpio_in=0x11039348 cpu_agree=20 loop=0
[   9.35s] [DIAG] gdma: raw=0x1 st=0x0 ena=0x2 conf0=0x0 link=0x27468(park=0) peri=9
[   9.35s] [DIAG] gdma2: fifo=0x61 state=0x2e7648(dscr_st=3 out_st=2) eof_addr=0x40827624
[   9.35s] [DIAG] parlio: cfg=0x1a089b40(tx_start=1 bytelen=9936) st=0x80000000(tx_ready=1) int_raw=0x5(eof=1 rempty=1)
[   9.40s]   snap 0 (loop 22): energy=30
[   9.45s]   snap 1 (loop 43): delta=10 energy=31
[   9.50s]   snap 2 (loop 65): delta=1 energy=31
[   9.55s]   snap 3 (loop 86): delta=0 energy=31
[   9.60s]   snap 4 (loop 108): delta=2 energy=30
[   9.65s]   snap 5 (loop 129): delta=0 energy=30
[   9.70s]   snap 6 (loop 150): delta=0 energy=30
[   9.75s]   snap 7 (loop 172): delta=1 energy=31
[   9.75s]   final h: [-+---+-++-++--+---+0--++---++++-]
[   9.75s]   Total loops: 172
[   9.75s]   OK
[   9.75s] 
[   9.75s] -- TEST 3: Per-neuron dot accuracy (single loop) --
[   9.76s] [DIAG] 500us: agree=254 disagree=289 out_sel4=47 out_sel5=48 in101=0x84 in103=0x86 gpio_in=0x1103a348 cpu_agree=20 loop=0
[   9.76s] [DIAG] gdma: raw=0x1 st=0x0 ena=0x2 conf0=0x0 link=0x27468(park=0) peri=9
[   9.76s] [DIAG] gdma2: fifo=0x61 state=0x2e7648(dscr_st=3 out_st=2) eof_addr=0x40827624
[   9.76s] [DIAG] parlio: cfg=0x1a089b40(tx_start=1 bytelen=9936) st=0x80000000(tx_ready=1) int_raw=0x5(eof=1 rempty=1)
[   9.76s]   After warmup: 3 loops, base=4, cnt=69
[   9.76s]   Snapshot at loop 4 (base=4, cnt=69)
[   9.76s]   Raw captures [0..11]:
[   9.76s]     idx  agree  disagree  d_agree  d_disagree
[   9.76s]     [0]      0      0        +0       +0 (dummy)
[   9.76s]     [1]      0      0        +0       +0 (dummy)
[   9.77s]     [2]      0      0        +0       +0 (dummy)
[   9.77s]     [3]      0      0        +0       +0 (dummy)
[   9.77s]     [4]      0      0        +0       +0 (dummy)
[   9.77s]     [5]     21     32       +21      +32 (neuron 0)
[   9.77s]     [6]     53     61       +32      +29
[   9.77s]     [7]     81     84       +28      +23
[   9.77s]     [8]    107    115       +26      +31
[   9.77s]     [9]    138    142       +31      +27
[   9.77s]     [10]    166    178       +28      +36
[   9.77s]     [11]    199    201       +33      +23
[   9.77s] 
[   9.77s]   Dot errors: 0 / 64
[   9.77s]   Sign errors: 0 / 64
[   9.77s]   GIE dots[0..7]: -11 3 5 -5 4 -8 10 -16
[   9.77s]   CPU dots[0..7]: -11 3 5 -5 4 -8 10 -16
[   9.77s]   Sign match with offset 0: 64 / 64
[   9.77s]   Sign match with offset 1: 26 / 63
[   9.77s]   Sign match with offset 2: 29 / 62
[   9.77s]   Sign match with offset 3: 26 / 61
[   9.77s]   Sign match with offset 4: 20 / 60
[   9.77s]   OK
[   9.77s] 
[   9.77s] -- TEST 4: LP Core Geometric Processor --
[   9.77s] [DIAG] 500us: agree=254 disagree=289 out_sel4=47 out_sel5=48 in101=0x84 in103=0x86 gpio_in=0x11039348 cpu_agree=20 loop=0
[   9.77s] [DIAG] gdma: raw=0x1 st=0x0 ena=0x2 conf0=0x0 link=0x27468(park=0) peri=9
[   9.78s] [DIAG] gdma2: fifo=0x61 state=0x2e7648(dscr_st=3 out_st=2) eof_addr=0x40827624
[   9.78s] [DIAG] parlio: cfg=0x1a089b40(tx_start=1 bytelen=9936) st=0x80000000(tx_ready=1) int_raw=0x5(eof=1 rempty=1)
[   9.78s]   Phase 1: GIE + LP core integration (300ms)...
[  10.07s]   4a: LP running: YES (steps=27)
[  10.07s]   4c: LP hidden energy: 15/16
[  10.08s]   LP hidden: [--++--+-+0+--+-+]
[  10.08s]   LP decision: -1
[  10.08s] 
[  10.08s]   Phase 2: Deterministic single-step verification...
[  10.08s] [DIAG] 500us: agree=254 disagree=289 out_sel4=47 out_sel5=48 in101=0x84 in103=0x86 gpio_in=0x1103a348 cpu_agree=20 loop=0
[  10.08s] [DIAG] gdma: raw=0x1 st=0x0 ena=0x2 conf0=0x0 link=0x27468(park=0) peri=9
[  10.08s] [DIAG] gdma2: fifo=0x61 state=0x2e7648(dscr_st=3 out_st=2) eof_addr=0x40827624
[  10.08s] [DIAG] parlio: cfg=0x1a089b40(tx_start=1 bytelen=9936) st=0x80000000(tx_ready=1) int_raw=0x5(eof=1 rempty=1)
[  10.13s]   Known GIE hidden energy: 30/32
[  10.13s]   Known GIE hidden: [+-+--+-+---+-+--+++---+0-+-+-++0]
[  10.14s]   LP steps: 28 → 29 (delta=1)
[  10.14s]   4b: f-dots exact: 16/16, g-dots exact: 16/16
[  10.14s]   4b: f-dots sign:  14/14, g-dots sign:  11/11
[  10.14s]   LP  f-dots: -5 2 4 4 -2 1 2 2 0 2 -1 1 0 -4 5 -9
[  10.14s]   CPU f-dots: -5 2 4 4 -2 1 2 2 0 2 -1 1 0 -4 5 -9
[  10.14s]   LP  g-dots: 2 0 5 2 0 -3 2 0 2 2 1 0 0 -4 6 -2
[  10.14s]   CPU g-dots: 2 0 5 2 0 -3 2 0 2 2 1 0 0 -4 6 -2
[  10.14s]   OK
[  10.14s] 
[  10.14s] -- TEST 5: Ternary VDB — NSW Graph (M=7), 64 Nodes --
[  10.14s]   5a: Inserting 64 nodes (graph-aware, cmd=3)...
[  10.93s]   5a: Inserted 64 nodes — OK
[  10.93s] 
[  10.93s]   5b: Self-match recall@1 (64 queries)...
[  11.79s]   5b: 64/64 self-match recall@1 — OK
[  11.79s] 
[  11.79s]   5c: Recall measurement (20 random queries)...
[  11.80s]     q0: LP=[35,11,48,37] CPU=[35,11,37,48]
[  11.82s]     q1: LP=[15,63,31,53] CPU=[15,31,63,26]
[  11.83s]     q2: LP=[49,61,36,25] CPU=[49,36,61,25]
[  12.06s]   Recall@1: 19/20 = 95%
[  12.06s]   Recall@4: 72/80 = 90%
[  12.06s]   5c: OK (thresholds: r@1>=95%, r@4>=90%)
[  12.06s] 
[  12.06s]   5d: Visit count (graph vs brute-force)...
[  12.07s]   Graph search visited: 60 / 64 nodes
[  12.07s]   5d: OK (sub-linear: YES)
[  12.07s] 
[  12.07s]   5e: Connectivity (BFS from node 0)...
[  12.07s]   Reachable from node 0: 64 / 64
[  12.07s]   5e: OK
[  12.07s] 
[  12.07s]   5f: Latency benchmark (10 searches, N=64)...
[  12.21s]   Round-trip (includes LP wake jitter up to 10ms):
[  12.21s]     min=9987 us, max=14988 us, avg=13410 us
[  12.21s]   5f: OK
[  12.21s] 
[  12.21s]   OK
[  12.21s] 
[  12.21s] -- TEST 6: CfC -> VDB Pipeline (CMD 4) --
[  12.21s]   Setup: Inserting 32 vectors into VDB...
[  12.58s]   VDB has 32 nodes
[  12.58s] 
[  12.58s]   6a: Pipeline basic operation...
[  12.59s] [DIAG] 500us: agree=254 disagree=289 out_sel4=47 out_sel5=48 in101=0x84 in103=0x86 gpio_in=0x1103a348 cpu_agree=20 loop=0
[  12.59s] [DIAG] gdma: raw=0x1 st=0x0 ena=0x2 conf0=0x0 link=0x27468(park=0) peri=9
[  12.59s] [DIAG] gdma2: fifo=0x61 state=0x2e7648(dscr_st=3 out_st=2) eof_addr=0x40827624
[  12.59s] [DIAG] parlio: cfg=0x1a089b40(tx_start=1 bytelen=9936) st=0x80000000(tx_ready=1) int_raw=0x5(eof=1 rempty=1)
[  12.66s]   step_count: 29 -> 30 (delta=1)
[  12.66s]   search_count: 95 -> 96 (delta=1)
[  12.66s]   Pipeline return: 0
[  12.66s]   Top-4 results: [5,17,30,24] scores=[7,7,6,6]
[  12.66s]   6a: OK
[  12.66s] 
[  12.66s]   6b: CfC determinism (cmd=4 vs cmd=1)...
[  12.68s]   cmd=1 hidden: [-0++0-+00+-00+++]
[  12.68s]   cmd=4 hidden: [-0++0-+00+-00+++]
[  12.68s]   Hidden match: YES
[  12.68s]   f-dots match: YES, g-dots match: YES
[  12.68s]   6b: OK
[  12.68s] 
[  12.68s]   6c: VDB consistency (pipeline vs standalone search)...
[  12.69s]   Pipeline: [5,17,30,24] scores=[7,7,6,6]
[  12.69s]   Standalone: [5,17,30,24] scores=[7,7,6,6]
[  12.69s]   Results match: YES
[  12.69s]   6c: OK
[  12.69s] 
[  12.69s]   6d: Sustained pipeline operation (10 steps)...
[  12.70s] [DIAG] 500us: agree=254 disagree=289 out_sel4=47 out_sel5=48 in101=0x84 in103=0x86 gpio_in=0x1103a348 cpu_agree=20 loop=0
[  12.70s] [DIAG] gdma: raw=0x1 st=0x0 ena=0x2 conf0=0x0 link=0x27468(park=0) peri=9
[  12.70s] [DIAG] gdma2: fifo=0x61 state=0x2e7648(dscr_st=3 out_st=2) eof_addr=0x40827624
[  12.70s] [DIAG] parlio: cfg=0x1a089b40(tx_start=1 bytelen=9936) st=0x80000000(tx_ready=1) int_raw=0x5(eof=1 rempty=1)
[  12.87s]   Pipeline steps completed: 10 / 10
[  12.87s]   step_count delta: 10
[  12.87s]   search_count delta: 10
[  12.87s]   Final LP hidden: [0-++-++--+-++-++]
[  12.87s]   Final LP hidden energy: 15/16
[  12.87s]   6d: OK
[  12.87s] 
[  12.87s]   OK
[  12.87s] 
[  12.87s] -- TEST 7: Reflex Channel Coordination --
[  12.87s]   7a: Channel signals match loop count...
[  12.87s] [DIAG] 500us: agree=254 disagree=289 out_sel4=47 out_sel5=48 in101=0x84 in103=0x86 gpio_in=0x1103a348 cpu_agree=20 loop=0
[  12.87s] [DIAG] gdma: raw=0x1 st=0x0 ena=0x2 conf0=0x0 link=0x27468(park=0) peri=9
[  12.88s] [DIAG] gdma2: fifo=0x61 state=0x2e7648(dscr_st=3 out_st=2) eof_addr=0x40827624
[  12.88s] [DIAG] parlio: cfg=0x1a089b40(tx_start=1 bytelen=9936) st=0x80000000(tx_ready=1) int_raw=0x5(eof=1 rempty=1)
[  12.99s]   Signals received: 50 / 50
[  12.99s]   Value mismatches: 0
[  12.99s]   Final loop_count: 51, channel value: 51, channel seq: 51
[  12.99s]   7a: OK
[  12.99s] 
[  12.99s]   7b: Signal latency (ISR -> main loop)...
[  13.00s] [DIAG] 500us: agree=254 disagree=289 out_sel4=47 out_sel5=48 in101=0x84 in103=0x86 gpio_in=0x1103a348 cpu_agree=20 loop=0
[  13.00s] [DIAG] gdma: raw=0x1 st=0x0 ena=0x2 conf0=0x0 link=0x27468(park=0) peri=9
[  13.00s] [DIAG] gdma2: fifo=0x61 state=0x2e7648(dscr_st=3 out_st=2) eof_addr=0x40827624
[  13.00s] [DIAG] parlio: cfg=0x1a089b40(tx_start=1 bytelen=9936) st=0x80000000(tx_ready=1) int_raw=0x5(eof=1 rempty=1)
[  13.23s]   Samples: 100
[  13.23s]   Latency (cycles): min=1991, max=2822, avg=2287
[  13.23s]   Latency (ns):     min=12443, max=17637, avg=14293
[  13.23s]   7b: OK
[  13.23s] 
[  13.23s]   7c: Hidden state consistency after channel wait...
[  13.24s] [DIAG] 500us: agree=254 disagree=289 out_sel4=47 out_sel5=48 in101=0x84 in103=0x86 gpio_in=0x1103a348 cpu_agree=20 loop=0
[  13.24s] [DIAG] gdma: raw=0x1 st=0x0 ena=0x2 conf0=0x0 link=0x27468(park=0) peri=9
[  13.24s] [DIAG] gdma2: fifo=0x61 state=0x2e7648(dscr_st=3 out_st=2) eof_addr=0x40827624
[  13.24s] [DIAG] parlio: cfg=0x1a089b40(tx_start=1 bytelen=9936) st=0x80000000(tx_ready=1) int_raw=0x5(eof=1 rempty=1)
[  13.26s]   Dot match: 64 / 64
[  13.26s]   Channel signaled: YES (seq 6 -> 7)
[  13.26s]   7c: OK
[  13.26s] 
[  13.26s]   7d: Channel-driven LP feeding (20 cycles)...
[  13.26s] [DIAG] 500us: agree=254 disagree=289 out_sel4=47 out_sel5=48 in101=0x84 in103=0x86 gpio_in=0x11039348 cpu_agree=20 loop=0
[  13.26s] [DIAG] gdma: raw=0x1 st=0x0 ena=0x2 conf0=0x0 link=0x27468(park=0) peri=9
[  13.26s] [DIAG] gdma2: fifo=0x61 state=0x2e7648(dscr_st=3 out_st=2) eof_addr=0x40827624
[  13.26s] [DIAG] parlio: cfg=0x1a089b40(tx_start=1 bytelen=9936) st=0x80000000(tx_ready=1) int_raw=0x5(eof=1 rempty=1)
[  13.52s]   Channel-driven feeds: 20 / 20
[  13.52s]   LP step_count delta: 20
[  13.52s]   7d: OK
[  13.52s] 
[  13.52s]   OK
[  13.52s] 
[  13.52s] -- TEST 8: VDB -> CfC Feedback Loop (CMD 5) --
[  13.52s]   Setup: Inserting 32 vectors into VDB...
[  13.89s]   VDB has 32 nodes
[  13.89s] 
[  13.89s]   8a: Single feedback step (cmd=5)...
[  13.90s] [DIAG] 500us: agree=254 disagree=289 out_sel4=47 out_sel5=48 in101=0x84 in103=0x86 gpio_in=0x1103a348 cpu_agree=20 loop=0
[  13.90s] [DIAG] gdma: raw=0x1 st=0x0 ena=0x2 conf0=0x0 link=0x27468(park=0) peri=9
[  13.90s] [DIAG] gdma2: fifo=0x61 state=0x2e7648(dscr_st=3 out_st=2) eof_addr=0x40827624
[  13.90s] [DIAG] parlio: cfg=0x1a089b40(tx_start=1 bytelen=9936) st=0x80000000(tx_ready=1) int_raw=0x5(eof=1 rempty=1)
[  13.96s]   cmd=5 return: 0
[  13.96s]   step_count: 62 -> 63 (delta=1)
[  13.96s]   search_count: 108 -> 109 (delta=1)
[  13.96s]   fb_total_blends: 0 -> 0
[  13.96s]   fb_applied: 0
[  13.96s]   fb_source_id: 255
[  13.96s]   fb_score: 0
[  13.96s]   fb_blend_count: 0 trits modified
[  13.96s]   Top-4 results: [5,17,30,24] scores=[7,7,6,6]
[  13.96s]   LP hidden after feedback: [-0++0-+00+-00+++]
[  13.96s]   8a: OK
[  13.96s] 
[  13.96s]   8b: Feedback observability...
[  13.96s]   Applied: NO (best score 0 < threshold 8)
[  13.96s]   This is acceptable if no stored memory is similar enough.
[  13.96s]   8b: OK
[  13.96s] 
[  13.96s]   8c: Stability under sustained feedback (50 steps)...
[  13.96s] [DIAG] 500us: agree=254 disagree=289 out_sel4=47 out_sel5=48 in101=0x84 in103=0x86 gpio_in=0x1103a348 cpu_agree=20 loop=0
[  13.96s] [DIAG] gdma: raw=0x1 st=0x0 ena=0x2 conf0=0x0 link=0x27468(park=0) peri=9
[  13.96s] [DIAG] gdma2: fifo=0x61 state=0x2e7648(dscr_st=3 out_st=2) eof_addr=0x40827624
[  13.97s] [DIAG] parlio: cfg=0x1a089b40(tx_start=1 bytelen=9936) st=0x80000000(tx_ready=1) int_raw=0x5(eof=1 rempty=1)
[  14.02s]     step 0: e=10, delta=10, fb=0, score=0, src=255
[  14.15s]     step 10: e=10, delta=7, fb=1, score=14, src=17
[  14.28s]     step 20: e=14, delta=4, fb=1, score=12, src=6
[  14.40s]     step 30: e=9, delta=10, fb=1, score=11, src=3
[  14.53s]     step 40: e=9, delta=11, fb=1, score=11, src=17
[  14.65s]   Steps completed: 50 / 50
[  14.65s]   Feedback applied: 49 / 50 steps
[  14.65s]   Total blend operations: 49
[  14.65s]   Max change per step: 12 / 16 trits
[  14.65s]   Energy range: [7, 14] / 16
[  14.65s]   Unique states visited: 50
[  14.65s]   Final LP hidden: [00++++++++0-00++]
[  14.65s]   8c: OK
[  14.65s] 
[  14.65s]   8d: Feedback vs no-feedback divergence...
[  14.91s]     step 0: hamming distance = 0
[  14.91s]     step 1: hamming distance = 5
[  14.91s]     step 2: hamming distance = 7
[  14.91s]     step 3: hamming distance = 8
[  14.91s]     step 4: hamming distance = 7
[  14.91s]     step 5: hamming distance = 9
[  14.91s]     step 6: hamming distance = 11
[  14.91s]     step 7: hamming distance = 10
[  14.91s]     step 8: hamming distance = 10
[  14.91s]     step 9: hamming distance = 10
[  14.91s]   First divergence at step: 1
[  14.91s]   Steps with different states: 9 / 10
[  14.91s]   No-feedback final: [--+++-+--+-+-+++]
[  14.91s]   Feedback final   : [0+++0-++0+0-+0+0]
[  14.91s]   8d: OK
[  14.91s] 
[  14.91s]   OK
[  14.91s] 
[  14.91s] -- TEST 9: ESP-NOW Receive from Board B --
[  14.91s]   Listening for 10 seconds...
[  24.91s]   Packets received: 100
[  24.91s]   RSSI range: [-51, -51] dBm
[  24.91s]   Last pattern_id: 0, seq: 24434
[  24.91s]   Source MAC: b4:3a:45:8a:c7:d4
[  24.91s]   Unique patterns seen: 2/4
[  24.91s]   OK (100 packets in 10s)
[  24.91s] 
[  24.91s] -- TEST 10: ESP-NOW -> GIE Live Input --
[  24.91s]   10a: Input encoding from live ESP-NOW data...
[  27.91s]   Input updates from ESP-NOW: 12 in 3s
[  27.91s]   First encoded input energy: 96 / 128 trits active
[  27.91s]   Input sample [0..15] RSSI: ++++++++--------
[  27.91s]   Input sample [16..23] pattern: 00000000
[  27.91s]   Input sample [24..31] payload: --------
[  27.91s]   10a: OK
[  27.91s] 
[  27.91s]   10b: GIE hidden state with live ESP-NOW input...
[  27.92s] [DIAG] 500us: agree=254 disagree=289 out_sel4=47 out_sel5=48 in101=0x84 in103=0x86 gpio_in=0x11038348 cpu_agree=20 loop=0
[  27.92s] [DIAG] gdma: raw=0x1 st=0x0 ena=0x2 conf0=0x0 link=0x27468(park=0) peri=9
[  27.92s] [DIAG] gdma2: fifo=0x61 state=0x2e7648(dscr_st=3 out_st=2) eof_addr=0x40827624
[  27.92s] [DIAG] parlio: cfg=0x1a089b40(tx_start=1 bytelen=9936) st=0x80000000(tx_ready=1) int_raw=0x5(eof=1 rempty=1)
[  28.92s] [DIAG] 500us: agree=254 disagree=289 out_sel4=47 out_sel5=48 in101=0x84 in103=0x86 gpio_in=0x11039348 cpu_agree=20 loop=0
[  28.92s] [DIAG] gdma: raw=0x1 st=0x0 ena=0x2 conf0=0x0 link=0x27468(park=0) peri=9
[  28.92s] [DIAG] gdma2: fifo=0x61 state=0x2e7648(dscr_st=3 out_st=2) eof_addr=0x40827624
[  28.92s] [DIAG] parlio: cfg=0x1a089b40(tx_start=1 bytelen=9936) st=0x80000000(tx_ready=1) int_raw=0x5(eof=1 rempty=1)
[  29.93s]   Static input: 430 loops, hidden energy=30
[  29.93s]   Live input: 435 loops, 6 input updates, hidden energy=32
[  29.94s]   Hamming distance (static vs live): 21 / 32
[  29.94s]   Static hidden: [+-+--+-----+-0-+++++-++0-+-+-++-]
[  29.94s]   Live hidden  : [-+--+-+++---++--+----++++--++-++]
[  29.94s]   10b: OK
[  29.94s] 
[  29.94s]   10c: Pattern-dependent hidden state trajectories...
[  29.94s] [DIAG] 500us: agree=254 disagree=289 out_sel4=47 out_sel5=48 in101=0x84 in103=0x86 gpio_in=0x11038348 cpu_agree=20 loop=0
[  29.94s] [DIAG] gdma: raw=0x1 st=0x0 ena=0x2 conf0=0x0 link=0x27468(park=0) peri=9
[  29.94s] [DIAG] gdma2: fifo=0x61 state=0x2e7648(dscr_st=3 out_st=2) eof_addr=0x40827624
[  29.94s] [DIAG] parlio: cfg=0x1a089b40(tx_start=1 bytelen=9936) st=0x80000000(tx_ready=1) int_raw=0x5(eof=1 rempty=1)
[  30.95s]     window 0: pattern=2 (count=2), energy=32
[  30.95s] [DIAG] 500us: agree=254 disagree=289 out_sel4=47 out_sel5=48 in101=0x84 in103=0x86 gpio_in=0x11039348 cpu_agree=20 loop=0
[  30.96s] [DIAG] gdma: raw=0x1 st=0x0 ena=0x2 conf0=0x0 link=0x27468(park=0) peri=9
[  30.96s] [DIAG] gdma2: fifo=0x61 state=0x2e7648(dscr_st=3 out_st=2) eof_addr=0x40827624
[  30.96s] [DIAG] parlio: cfg=0x1a089b40(tx_start=1 bytelen=9936) st=0x80000000(tx_ready=1) int_raw=0x5(eof=1 rempty=1)
[  31.96s]     window 1: pattern=2 (count=2), energy=31
[  31.97s] [DIAG] 500us: agree=254 disagree=289 out_sel4=47 out_sel5=48 in101=0x84 in103=0x86 gpio_in=0x1103a348 cpu_agree=20 loop=0
[  31.97s] [DIAG] gdma: raw=0x1 st=0x0 ena=0x2 conf0=0x0 link=0x27468(park=0) peri=9
[  31.97s] [DIAG] gdma2: fifo=0x61 state=0x2e7648(dscr_st=3 out_st=2) eof_addr=0x40827624
[  31.97s] [DIAG] parlio: cfg=0x1a089b40(tx_start=1 bytelen=9936) st=0x80000000(tx_ready=1) int_raw=0x5(eof=1 rempty=1)
[  32.97s]     window 2: pattern=2 (count=2), energy=32
[  32.98s] [DIAG] 500us: agree=254 disagree=289 out_sel4=47 out_sel5=48 in101=0x84 in103=0x86 gpio_in=0x1103a348 cpu_agree=20 loop=0
[  32.98s] [DIAG] gdma: raw=0x1 st=0x0 ena=0x2 conf0=0x0 link=0x27468(park=0) peri=9
[  32.98s] [DIAG] gdma2: fifo=0x61 state=0x2e7648(dscr_st=3 out_st=2) eof_addr=0x40827624
[  32.98s] [DIAG] parlio: cfg=0x1a089b40(tx_start=1 bytelen=9936) st=0x80000000(tx_ready=1) int_raw=0x5(eof=1 rempty=1)
[  33.98s]     window 3: pattern=2 (count=2), energy=32
[  33.98s]   Cross-pattern pairs: 0, divergent: 0, max hamming: 0
[  33.98s]   Same-pattern pairs: 6
[  33.98s]   10c: OK
[  33.98s] 
[  33.98s]   10d: Full stack: ESP-NOW -> GIE -> LP core...
[  33.99s] [DIAG] 500us: agree=254 disagree=289 out_sel4=47 out_sel5=48 in101=0x84 in103=0x86 gpio_in=0x1103a348 cpu_agree=20 loop=0
[  33.99s] [DIAG] gdma: raw=0x1 st=0x0 ena=0x2 conf0=0x0 link=0x27468(park=0) peri=9
[  33.99s] [DIAG] gdma2: fifo=0x61 state=0x2e7648(dscr_st=3 out_st=2) eof_addr=0x40827624
[  33.99s] [DIAG] parlio: cfg=0x1a089b40(tx_start=1 bytelen=9936) st=0x80000000(tx_ready=1) int_raw=0x5(eof=1 rempty=1)
[  36.00s]   GIE loops: 863, LP feeds: 20, LP steps: 19
[  36.00s]   LP hidden energy: 14 / 16
[  36.00s]   LP final hidden: [+++++--00++-++--]
[  36.00s]   10d: OK
[  36.00s] 
[  36.00s]   OK
[  36.00s] 
[  36.00s] -- TEST 11: Pattern Classification (Stream CfC) --
[  36.01s] [DIAG] 500us: agree=254 disagree=289 out_sel4=47 out_sel5=48 in101=0x84 in103=0x86 gpio_in=0x1103a348 cpu_agree=20 loop=0
[  36.01s] [DIAG] gdma: raw=0x1 st=0x0 ena=0x2 conf0=0x0 link=0x27468(park=0) peri=9
[  36.01s] [DIAG] gdma2: fifo=0x61 state=0x2e7648(dscr_st=3 out_st=2) eof_addr=0x40827624
[  36.01s] [DIAG] parlio: cfg=0x1a089b40(tx_start=1 bytelen=9936) st=0x80000000(tx_ready=1) int_raw=0x5(eof=1 rempty=1)
[  36.01s]   Phase 0a: Observing input signatures (30s)...
[  36.03s] TRAIN p=3 v=++++++++--------00000000-+-++--+++-++--+--+++--++-+++--+-++++--++++++--+-----+-++----+-+----------------+++-+++--+-++--+00000000
[  36.13s] TRAIN p=3 v=++++++++--------00000000++-++--+--+++--++-+++--+-++++--++++++--+-----+-++----+-+-+---+-+-------------+00+++-+++-++-++--+00000000
[  36.22s] TRAIN p=3 v=++++++++--------00000000--+++--++-+++--+-++++--++++++--+-----+-++----+-+-+---+-+++---+-+----------+0-+00+++-+++---+++--+00000000
[  36.33s] TRAIN p=3 v=++++++++--------00000000+-+++--+-++++--++++++--+-----+-++----+-+-+---+-+++---+-+--+--+-+-------+0-+0-+00+++++++-+-+++--+00000000
[  36.43s] TRAIN p=3 v=++++++++--------00000000-++++--++++++--+-----+-++----+-+-+---+-+++---+-+--+--+-++-+--+-+----+0-+0-+0-+-0+++++++--++++--+00000000
[  36.53s] TRAIN p=3 v=++++++++--------00000000+++++--+-----+-++----+-+-+---+-+++---+-+--+--+-++-+--+-+-++--+-+-+0-+0-+0-+--+0-+++++++-+++++--+00000000
[  36.63s] TRAIN p=3 v=++++++++--------00000000-----+-++----+-+-+---+-+++---+-+--+--+-++-+--+-+-++--+-++++--+-+-+0-+0-+--+0-+------+++------+-+00000000
[  36.73s] TRAIN p=3 v=++++++++--------00000000+----+-+-+---+-+++---+-+--+--+-++-+--+-+-++--+-++++--+-+---+-+-+-+0-+--+0-+--+--+---+++-+----+-+00000000
[  36.83s] TRAIN p=3 v=++++++++--------00000000-+---+-+++---+-+--+--+-++-+--+-+-++--+-++++--+-+---+-+-++--+-+-+-+--+0-+--+--+0-+---+++--+---+-+00000000
[  36.93s] TRAIN p=3 v=++++++++--------00000000++---+-+--+--+-++-+--+-+-++--+-++++--+-+---+-+-++--+-+-+-+-+-+-+-+0-+--+--+0-+--+---+++-++---+-+00000000
[  37.03s] TRAIN p=3 v=++++++++--------00000000--+--+-++-+--+-+-++--+-++++--+-+---+-+-++--+-+-+-+-+-+-+++-+-+-+-+--+--+0-+--+0-+---+++---+--+-+00000000
[  37.13s] TRAIN p=3 v=++++++++--------00000000+-+--+-+-++--+-++++--+-+---+-+-++--+-+-+-+-+-+-+++-+-+-+--++-+-+-+--+0-+--+0-+--++--+++-+-+--+-+00000000
[  37.23s] TRAIN p=3 v=++++++++--------00000000-++--+-++++--+-+---+-+-++--+-+-+-+-+-+-+++-+-+-+--++-+-++-++-+-+-+0-+--+0-+--+--++--+++--++--+-+00000000
[  37.33s] TRAIN p=3 v=++++++++--------00000000+++--+-+---+-+-++--+-+-+-+-+-+-+++-+-+-+--++-+-++-++-+-+-+++-+-+-+--+0-+--+--+0-++--+++-+++--+-+00000000
[  37.42s] TRAIN p=3 v=++++++++--------00000000---+-+-++--+-+-+-+-+-+-+++-+-+-+--++-+-++-++-+-+-+++-+-+++++-+-+-+0-+--+--+0-+--++--+++----+-+-+00000000
[  37.53s] TRAIN p=3 v=++++++++--------00000000+--+-+-+-+-+-+-+++-+-+-+--++-+-++-++-+-+-+++-+-+++++-+-+----++-+-+--+--+0-+--+--+++-+++-+--+-+-+00000000
[  37.63s] TRAIN p=3 v=++++++++--------00000000-+-+-+-+++-+-+-+--++-+-++-++-+-+-+++-+-+++++-+-+----++-++---++-+-+--+0-+--+--+0-+++-+++--+-+-+-+00000000
[  37.73s] TRAIN p=3 v=++++++++--------00000000++-+-+-+--++-+-++-++-+-+-+++-+-+++++-+-+----++-++---++-+-+--++-+-+0-+--+--+0-+--+++-+++-++-+-+-+00000000
[  37.82s] TRAIN p=3 v=++++++++--------00000000--++-+-++-++-+-+-+++-+-+++++-+-+----++-++---++-+-+--++-+++--++-+-+--+--+0-+--+0-+++-+++---++-+-+00000000
[  37.93s] TRAIN p=3 v=++++++++--------00000000+-++-+-+-+++-+-+++++-+-+----++-++---++-+-+--++-+++--++-+--+-++-+-+--+0-+--+0-+0-+++++++-+-++-+-+00000000
[  38.03s] TRAIN p=3 v=++++++++--------00000000-+++-+-+++++-+-+----++-++---++-+-+--++-+++--++-+--+-++-++-+-++-+-+0-+--+0-+0-+--+++++++--+++-+-+00000000
[  38.13s] TRAIN p=3 v=++++++++--------00000000++++-+-+----++-++---++-+-+--++-+++--++-+--+-++-++-+-++-+-++-++-+-+--+0-+0-+--+--+++++++-++++-+-+00000000
[  38.23s] TRAIN p=3 v=++++++++--------00000000----++-++---++-+-+--++-+++--++-+--+-++-++-+-++-+-++-++-++++-++-+-+0-+0-+--+--+0-----+++-----++-+00000000
[  38.33s] TRAIN p=3 v=++++++++--------00000000+---++-+-+--++-+++--++-+--+-++-++-+-++-+-++-++-++++-++-+---+++-+-+0-+--+--+0-+--+---+++-+---++-+00000000
[  38.43s] TRAIN p=3 v=++++++++--------00000000-+--++-+++--++-+--+-++-++-+-++-+-++-++-++++-++-+---+++-++--+++-+-+--+--+0-+--+--+---+++--+--++-+00000000
[  38.53s] TRAIN p=3 v=++++++++--------00000000++--++-+--+-++-++-+-++-+-++-++-++++-++-+---+++-++--+++-+-+-+++-+-+--+0-+--+--+0-+---+++-++--++-+00000000
[  38.62s] TRAIN p=3 v=++++++++--------00000000--+-++-++-+-++-+-++-++-++++-++-+---+++-++--+++-+-+-+++-+++-+++-+-+0-+--+--+0-+--+---+++---+-++-+00000000
[  38.73s] TRAIN p=3 v=++++++++--------00000000+-+-++-+-++-++-++++-++-+---+++-++--+++-+-+-+++-+++-+++-+--++++-+-+--+--+0-+--+0-++--+++-+-+-++-+00000000
[  38.83s] TRAIN p=3 v=++++++++--------00000000-++-++-++++-++-+---+++-++--+++-+-+-+++-+++-+++-+--++++-++-++++-+-+--+0-+--+0-+--++--+++--++-++-+00000000
[  38.93s] TRAIN p=3 v=++++++++--------00000000+++-++-+---+++-++--+++-+-+-+++-+++-+++-+--++++-++-++++-+-+++++-+-+0-+--+0-+--+0-++--+++-+++-++-+00000000
[  39.02s] TRAIN p=3 v=++++++++--------00000000---+++-++--+++-+-+-+++-+++-+++-+--++++-++-++++-+-+++++-+++++++-+-+--+0-+--+0-+--++--+++----+++-+00000000
[  39.13s] TRAIN p=3 v=++++++++--------00000000+--+++-+-+-+++-+++-+++-+--++++-++-++++-+-+++++-+++++++-+------++-+0-+--+0-+--+0-+++-+++-+--+++-+00000000
[  39.23s] TRAIN p=3 v=++++++++--------00000000-+-+++-+++-+++-+--++++-++-++++-+-+++++-+++++++-+------+++-----++-+--+0-+--+0-+--+++-+++--+-+++-+00000000
[  39.33s] TRAIN p=3 v=++++++++--------00000000++-+++-+--++++-++-++++-+-+++++-+++++++-+------+++-----++-+----++-+0-+--+0-+--+0-+++-+++-++-+++-+00000000
[  39.43s] TRAIN p=3 v=++++++++--------00000000--++++-++-++++-+-+++++-+++++++-+------+++-----++-+----++++----++-+--+0-+--+0-+0-+++-+++---++++-+00000000
[  39.53s] TRAIN p=3 v=++++++++--------00000000+-++++-+-+++++-+++++++-+------+++-----++-+----++++----++--+---++-+0-+--+0-+0-+0-+++++++-+-++++-+00000000
[  39.63s] TRAIN p=3 v=++++++++--------00000000-+++++-+++++++-+------+++-----++-+----++++----++--+---+++-+---++-+--+0-+0-+0-+0-+++++++--+++++-+00000000
[  39.73s] TRAIN p=3 v=++++++++--------00000000++++++-+------+++-----++-+----++++----++--+---+++-+---++-++---++-+0-+0-+0-+0-+--+++++++-++++++-+00000000
[  39.83s] TRAIN p=3 v=++++++++--------00000000------+++-----++-+----++++----++--+---+++-+---++-++---+++++---++-+0-+0-+0-+--+0-----+++-------++00000000
[  39.93s] TRAIN p=3 v=++++++++--------00000000+-----++-+----++++----++--+---+++-+---++-++---+++++---++---+--++-+0-+0-+--+0-+--+---+++-+-----++00000000
[  40.03s] TRAIN p=3 v=++++++++--------00000000-+----++++----++--+---+++-+---++-++---+++++---++---+--+++--+--++-+0-+--+0-+--+0-+---+++--+----++00000000
[  40.13s] TRAIN p=3 v=++++++++--------00000000++----++--+---+++-+---++-++---+++++---++---+--+++--+--++-+-+--++-+--+0-+--+0-+--+---+++-++----++00000000
[  40.23s] TRAIN p=3 v=++++++++--------00000000--+---+++-+---++-++---+++++---++---+--+++--+--++-+-+--++++-+--++-+0-+--+0-+--+0-+---+++---+---++00000000
[  40.33s] TRAIN p=3 v=++++++++--------00000000+-+---++-++---+++++---++---+--+++--+--++-+-+--++++-+--++--++--++-+--+0-+--+0-+--++--+++-+-+---++00000000
[  40.43s] TRAIN p=3 v=++++++++--------00000000-++---+++++---++---+--+++--+--++-+-+--++++-+--++--++--+++-++--++-+0-+--+0-+--+0-++--+++--++---++00000000
[  40.53s] TRAIN p=3 v=++++++++--------00000000+++---++---+--+++--+--++-+-+--++++-+--++--++--+++-++--++-+++--++-+--+0-+--+0-+0-++--+++-+++---++00000000
[  40.62s] TRAIN p=3 v=++++++++--------00000000---+--+++--+--++-+-+--++++-+--++--++--+++-++--++-+++--++++++--++-+0-+--+0-+0-+0-++--+++----+--++00000000
[  40.73s] TRAIN p=3 v=++++++++--------00000000+--+--++-+-+--++++-+--++--++--+++-++--++-+++--++++++--++----+-++-+--+0-+0-+0-+0-+++-+++-+--+--++00000000
[  40.83s] TRAIN p=3 v=++++++++--------00000000-+-+--++++-+--++--++--+++-++--++-+++--++++++--++----+-+++---+-++-+0-+0-+0-+0-+--+++-+++--+-+--++00000000
[  40.93s] TRAIN p=0 v=++++++++--------00000000-----------------------------------------------------------------+0-+0-+0-+--+0-+++-+++-++-+--++00000000
[  41.03s] TRAIN p=0 v=++++++++--------00000000-----------------------------------------------------------------+0-+0-+--+0-+0-+++-+++---++--++00000000
[  41.13s] TRAIN p=0 v=++++++++--------00000000-----------------------------------------------------------------+0-+--+0-+0-+--+++++++-+-++--++00000000
[  41.23s] TRAIN p=0 v=++++++++--------00000000-----------------------------------------------------------------+--+0-+0-+--+0-+++++++--+++--++00000000
[  41.33s] TRAIN p=0 v=++++++++--------00000000-----------------------------------------------------------------+0-+0-+--+0-+0-+++++++-++++--++00000000
[  41.43s] TRAIN p=0 v=++++++++--------00000000-----------------------------------------------------------------+0-+--+0-+0-+------++++----+-++00000000
[  41.53s] TRAIN p=0 v=++++++++--------00000000-----------------------------------------------------------------+--+0-+0-+--+0-+---+++++---+-++00000000
[  41.63s] TRAIN p=0 v=++++++++--------00000000-----------------------------------------------------------------+0-+0-+--+0-+--+---++++-+--+-++00000000
[  41.73s] TRAIN p=0 v=++++++++--------00000000-----------------------------------------------------------------+0-+--+0-+--+--+---++++++--+-++00000000
[  41.82s] TRAIN p=0 v=++++++++--------00000000-----------------------------------------------------------------+--+0-+--+--+0-+---++++--+-+-++00000000
[  41.93s] TRAIN p=0 v=++++++++--------00000000-----------------------------------------------------------------+0-+--+--+0-+--++--+++++-+-+-++00000000
[  42.03s] TRAIN p=0 v=++++++++--------00000000-----------------------------------------------------------------+--+--+0-+--+--++--++++-++-+-++00000000
[  42.13s] TRAIN p=0 v=++++++++--------00000000-----------------------------------------------------------------+--+0-+--+--+0-++--+++++++-+-++00000000
[  42.22s] TRAIN p=0 v=++++++++--------00000000-----------------------------------------------------------------+0-+--+--+0-+--++--++++---++-++00000000
[  42.33s] TRAIN p=0 v=++++++++--------00000000-----------------------------------------------------------------+--+--+0-+--+--+++-+++++--++-++00000000
[  42.43s] TRAIN p=0 v=++++++++--------00000000-----------------------------------------------------------------+--+0-+--+--+0-+++-++++-+-++-++00000000
[  42.53s] TRAIN p=0 v=++++++++--------00000000-----------------------------------------------------------------+0-+--+--+0-+0-+++-++++++-++-++00000000
[  42.63s] TRAIN p=0 v=++++++++--------00000000-----------------------------------------------------------------+--+--+0-+0-+--+++-++++--+++-++00000000
[  42.73s] TRAIN p=0 v=++++++++--------00000000-----------------------------------------------------------------+--+0-+0-+--+0-+++++++++-+++-++00000000
[  42.83s] TRAIN p=0 v=++++++++--------00000000-----------------------------------------------------------------+0-+0-+--+0-+0-++++++++-++++-++00000000
[  42.93s] TRAIN p=0 v=++++++++--------00000000-----------------------------------------------------------------+0-+--+0-+0-+0-+++++++++++++-++00000000
[  43.03s] TRAIN p=0 v=++++++++--------00000000-----------------------------------------------------------------+--+0-+0-+0-+------++++-----+++00000000
[  43.13s] TRAIN p=0 v=++++++++--------00000000-----------------------------------------------------------------+0-+0-+0-+--+0-+---+++++----+++00000000
[  43.23s] TRAIN p=0 v=++++++++--------00000000-----------------------------------------------------------------+0-+0-+--+0-+--+---++++-+---+++00000000
[  43.33s] TRAIN p=0 v=+++++++---------00000000-----------------------------------------------------------------+0-+--+0-+--+0-+---++++++---+++00000000
[  43.43s] TRAIN p=0 v=++++++++--------00000000-----------------------------------------------------------------+--+0-+--+0-+--+---++++--+--+++00000000
[  43.53s] TRAIN p=0 v=++++++++--------00000000-----------------------------------------------------------------+0-+--+0-+--+0-++--+++++-+--+++00000000
[  43.63s] TRAIN p=0 v=++++++++--------00000000-----------------------------------------------------------------+--+0-+--+0-+--++--++++-++--+++00000000
[  43.72s] TRAIN p=0 v=++++++++--------00000000-----------------------------------------------------------------+0-+--+0-+--+--++--+++++++--+++00000000
[  43.83s] TRAIN p=0 v=++++++++--------00000000-----------------------------------------------------------------+--+0-+--+--+0-++--++++---+-+++00000000
[  43.93s] TRAIN p=0 v=++++++++--------00000000-----------------------------------------------------------------+0-+--+--+0-+0-+++-+++++--+-+++00000000
[  44.03s] TRAIN p=0 v=++++++++--------00000000-----------------------------------------------------------------+--+--+0-+0-+--+++-++++-+-+-+++00000000
[  44.12s] TRAIN p=0 v=++++++++--------00000000-----------------------------------------------------------------+--+0-+0-+--+0-+++-++++++-+-+++00000000
[  44.23s] TRAIN p=0 v=++++++++--------00000000-----------------------------------------------------------------+0-+0-+--+0-+--+++-++++--++-+++00000000
[  44.33s] TRAIN p=0 v=++++++++--------00000000-----------------------------------------------------------------+0-+--+0-+--+0-+++++++++-++-+++00000000
[  44.43s] TRAIN p=0 v=++++++++--------00000000-----------------------------------------------------------------+--+0-+--+0-+0-++++++++-+++-+++00000000
[  44.53s] TRAIN p=0 v=++++++++--------00000000-----------------------------------------------------------------+0-+--+0-+0-+0-++++++++++++-+++00000000
[  44.63s] TRAIN p=0 v=++++++++--------00000000-----------------------------------------------------------------+--+0-+0-+0-+0-----++++----++++00000000
[  44.73s] TRAIN p=0 v=++++++++--------00000000-----------------------------------------------------------------+0-+0-+0-+0-+--+---+++++---++++00000000
[  44.83s] TRAIN p=0 v=++++++++--------00000000-----------------------------------------------------------------+0-+0-+0-+--+0-+---++++-+--++++00000000
[  44.93s] TRAIN p=0 v=++++++++--------00000000-----------------------------------------------------------------+0-+0-+--+0-+--+---++++++--++++00000000
[  45.03s] TRAIN p=0 v=++++++++--------00000000-----------------------------------------------------------------+0-+--+0-+--+--+---++++--+-++++00000000
[  45.13s] TRAIN p=0 v=++++++++--------00000000-----------------------------------------------------------------+--+0-+--+--+0-++--+++++-+-++++00000000
[  45.23s] TRAIN p=0 v=++++++++--------00000000-----------------------------------------------------------------+0-+--+--+0-+--++--++++-++-++++00000000
[  45.33s] TRAIN p=0 v=++++++++--------00000000-----------------------------------------------------------------+--+--+0-+--+0-++--+++++++-++++00000000
[  45.43s] TRAIN p=0 v=++++++++--------00000000-----------------------------------------------------------------+--+0-+--+0-+--++--++++---+++++00000000
[  45.53s] TRAIN p=0 v=++++++++--------00000000-----------------------------------------------------------------+0-+--+0-+--+--+++-+++++--+++++00000000
[  45.63s] TRAIN p=0 v=++++++++--------00000000-----------------------------------------------------------------+--+0-+--+--+--+++-++++-+-+++++00000000
[  45.72s] TRAIN p=0 v=++++++++--------00000000-----------------------------------------------------------------+0-+--+--+--+--+++-++++++-+++++00000000
[  45.83s] TRAIN p=0 v=++++++++--------00000000-----------------------------------------------------------------+--+--+--+--+0-+++-++++--++++++00000000
[  45.93s] TRAIN p=0 v=++++++++--------00000000-----------------------------------------------------------------+--+--+--+0-+--+++++++++-++++++00000000
[  46.03s] TRAIN p=1 v=++++++++--------00000000++++++++---------------------------------------------------------+--+--+0-+--+0-++++++++-+++++++00000000
[  46.08s] TRAIN p=1 v=++++++++--------00000000+++++++++--------------------------------------------------------+--+0-+--+0-00-++++++++++++++++00000000
[  46.13s] TRAIN p=1 v=++++++++--------00000000++++++++-+-------------------------------------------------------+0-+--+0-00-00-----------------00000000
[  46.68s] TRAIN p=1 v=++++++++--------00000000++++++++---------------------------------------------------------+--+0-00-000++++-------+-------00000000
[  46.73s] TRAIN p=1 v=++++++++--------00000000+++++++++--------------------------------------------------------+0-00-000++-00++--------+------00000000
[  46.78s] TRAIN p=1 v=++++++++--------00000000++++++++-+-------------------------------------------------------00-000++-00-00++-------++------00000000
[  47.33s] TRAIN p=1 v=++++++++--------00000000++++++++---------------------------------------------------------000++-00-000++++---------+-----00000000
[  47.38s] TRAIN p=1 v=++++++++--------00000000+++++++++-------------------------------------------------------0++-00-000++-00+++------+-+-----00000000
[  47.43s] TRAIN p=1 v=++++++++--------00000000++++++++-+-------------------------------------------------------00-000++-00-00+++-------++-----00000000
[  47.98s] TRAIN p=1 v=++++++++--------00000000++++++++---------------------------------------------------------000++-00-000+++++------+++-----00000000
[  48.02s] TRAIN p=1 v=++++++++--------00000000+++++++++-------------------------------------------------------0++-00-000++-00+++---------+----00000000
[  48.08s] TRAIN p=1 v=++++++++--------00000000++++++++-+-------------------------------------------------------00-000++-00-00++++-----+--+----00000000
[  48.63s] TRAIN p=1 v=++++++++--------00000000++++++++---------------------------------------------------------000++-00-000++++++------+-+----00000000
[  48.68s] TRAIN p=1 v=++++++++--------00000000+++++++++-------------------------------------------------------0++-00-000++-00++++-----++-+----00000000
[  48.73s] TRAIN p=1 v=++++++++--------00000000++++++++-+-------------------------------------------------------00-000++-00-00++++-------++----00000000
[  49.28s] TRAIN p=1 v=++++++++--------00000000++++++++---------------------------------------------------------000++-00-000+++++++----+-++----00000000
[  49.33s] TRAIN p=1 v=++++++++--------00000000+++++++++-------------------------------------------------------0++-00-000++-00+++++-----+++----00000000
[  49.38s] TRAIN p=1 v=++++++++--------00000000++++++++-+-------------------------------------------------------00-000++-00-00+++++----++++----00000000
[  49.93s] TRAIN p=1 v=++++++++--------00000000++++++++---------------------------------------------------------000++-00-000+++----+-------+---00000000
[  49.97s] TRAIN p=1 v=++++++++--------00000000+++++++++-------------------------------------------------------0++-00-000++-00++---+---+---+---00000000
[  50.03s] TRAIN p=1 v=++++++++--------00000000++++++++-+-------------------------------------------------------00-000++-00-00++---+----+--+---00000000
[  50.58s] TRAIN p=1 v=++++++++--------00000000++++++++---------------------------------------------------------000++-00-000++++---+---++--+---00000000
[  50.63s] TRAIN p=1 v=++++++++--------00000000+++++++++-------------------------------------------------------0++-00-000++-00++---+-----+-+---00000000
[  50.68s] TRAIN p=1 v=++++++++--------00000000++++++++-+-------------------------------------------------------00-000++-00-00+++--+---+-+-+---00000000
[  51.23s] TRAIN p=2 v=++++++++--------00000000+-+-+-+-++--++----++--++-++--++-+--++--+++++--------++++--++++---000++-00-000+++++--+----++-+---00000000
[  51.73s] TRAIN p=2 v=++++++++--------00000000+-+-+-+-++--++----++--++-++--++-+--++--+++++--------++++--++++--0++-00-000++0+0+++--+---+++-+---00000000
[  52.23s] TRAIN p=2 v=++++++++--------00000000+-+-+-+-++--++----++--++-++--++-+--++--+++++--------++++--++++---00-000++0+00+0+++--+------++---00000000
[  52.72s] TRAIN p=2 v=++++++++--------00000000+-+-+-+-++--++----++--++-++--++-+--++--+++++--------++++--++++---000++0+00+00+0++++-+---+--++---00000000
[  53.23s] TRAIN p=2 v=++++++++--------00000000+-+-+-+-++--++----++--++-++--++-+--++--+++++--------++++--++++--0++0+00+00+00+0-+++-+----+-++---00000000
[  53.73s] TRAIN p=2 v=++++++++--------00000000+-+-+-+-++--++----++--++-++--++-+--++--+++++--------++++--++++--0+00+00+00+00+0-+++-+---++-++---00000000
[  54.23s] TRAIN p=2 v=++++++++--------00000000+-+-+-+-++--++----++--++-++--++-+--++--+++++--------++++--++++--0+00+00+00+00+0-+++-+-----+++---00000000
[  54.73s] TRAIN p=2 v=++++++++--------00000000+-+-+-+-++--++----++--++-++--++-+--++--+++++--------++++--++++--0+00+00+00+00+0-+++++---+-+++---00000000
[  55.23s] TRAIN p=2 v=++++++++--------00000000+-+-+-+-++--++----++--++-++--++-+--++--+++++--------++++--++++--0+00+00+00+00+0-+++++----++++---00000000
[  55.73s] TRAIN p=2 v=++++++++--------00000000+-+-+-+-++--++----++--++-++--++-+--++--+++++--------++++--++++--0+00+00+00+00+0-+++++---+++++---00000000
[  56.23s] TRAIN p=2 v=++++++++--------00000000+-+-+-+-++--++----++--++-++--++-+--++--+++++--------++++--++++--0+00+00+00+00+0-----+--------+--00000000
[  56.73s] TRAIN p=3 v=++++++++--------00000000+----+---+---+--++---+----+--+--+-+--+---++--+--+++--+-----+-+--0+00+00+00+00+0-+---+---+----+--00000000
[  56.83s] TRAIN p=3 v=++++++++--------00000000-+---+--++---+----+--+--+-+--+---++--+--+++--+-----+-+--+--+-+--0+00+00+00+0-+-++---+----+---+--00000000
[  56.93s] TRAIN p=3 v=++++++++--------00000000++---+----+--+--+-+--+---++--+--+++--+-----+-+--+--+-+---+-+-+--0+00+00+0-+--+-++---+---++---+--00000000
[  57.04s] TRAIN p=3 v=++++++++--------00000000--+--+--+-+--+---++--+--+++--+-----+-+--+--+-+---+-+-+--++-+-+--0+00+0-+--+--+0++---+-----+--+--00000000
[  57.12s] TRAIN p=3 v=++++++++--------00000000+-+--+---++--+--+++--+-----+-+--+--+-+---+-+-+--++-+-+----++-+--0+0-+--+--+0-+0+++--+---+-+--+--00000000
[  57.23s] TRAIN p=3 v=++++++++--------00000000-++--+--+++--+-----+-+--+--+-+---+-+-+--++-+-+----++-+--+-++-+---+--+--+0-+0-+--++--+----++--+--00000000
[  57.33s] TRAIN p=3 v=++++++++--------00000000+++--+-----+-+--+--+-+---+-+-+--++-+-+----++-+--+-++-+---+++-+---+--+0-+0-+--+--++--+---+++--+--00000000
[  57.43s] TRAIN p=3 v=++++++++--------00000000---+-+--+--+-+---+-+-+--++-+-+----++-+--+-++-+---+++-+--++++-+---+0-+0-+--+--+0-++--+------+-+--00000000
[  57.53s] TRAIN p=3 v=++++++++--------00000000+--+-+---+-+-+--++-+-+----++-+--+-++-+---+++-+--++++-+------++---+0-+--+--+0-+0-+++-+---+--+-+--00000000
[  57.63s] TRAIN p=3 v=++++++++--------00000000-+-+-+--++-+-+----++-+--+-++-+---+++-+--++++-+------++--+---++---+--+--+0-+0-+0-+++-+----+-+-+--00000000
[  57.73s] TRAIN p=3 v=++++++++--------00000000++-+-+----++-+--+-++-+---+++-+--++++-+------++--+---++---+--++---+--+0-+0-+0-+0-+++-+---++-+-+--00000000
[  57.83s] TRAIN p=3 v=++++++++--------00000000--++-+--+-++-+---+++-+--++++-+------++--+---++---+--++--++--++---+0-+0-+0-+0-+0-+++-+-----++-+--00000000
[  57.93s] TRAIN p=3 v=++++++++--------00000000+-++-+---+++-+--++++-+------++--+---++---+--++--++--++----+-++---+0-+0-+0-+0-+--+++++---+-++-+--00000000
[  58.03s] TRAIN p=3 v=++++++++--------00000000-+++-+--++++-+------++--+---++---+--++--++--++----+-++--+-+-++---+0-+0-+0-+--+0-+++++----+++-+--00000000
[  58.13s] TRAIN p=3 v=++++++++--------00000000++++-+------++--+---++---+--++--++--++----+-++--+-+-++---++-++---+0-+0-+--+0-+0-+++++---++++-+--00000000
[  58.23s] TRAIN p=3 v=++++++++--------00000000----++--+---++---+--++--++--++----+-++--+-+-++---++-++--+++-++---+0-+--+0-+0-+------+-------++--00000000
[  58.33s] TRAIN p=3 v=++++++++--------00000000+---++---+--++--++--++----+-++--+-+-++---++-++--+++-++-----+++---+--+0-+0-+--+0-+---+---+---++--00000000
[  58.43s] TRAIN p=3 v=++++++++--------00000000-+--++--++--++----+-++--+-+-++---++-++--+++-++-----+++--+--+++---+0-+0-+--+0-+--+---+----+--++--00000000
[  58.53s] TRAIN p=3 v=++++++++--------00000000++--++----+-++--+-+-++---++-++--+++-++-----+++--+--+++---+-+++---+0-+--+0-+--+0-+---+---++--++--00000000
[  58.62s] TRAIN p=3 v=++++++++--------00000000--+-++--+-+-++---++-++--+++-++-----+++--+--+++---+-+++--++-+++---+--+0-+--+0-+0-+---+-----+-++--00000000
[  58.73s] TRAIN p=3 v=++++++++--------00000000+-+-++---++-++--+++-++-----+++--+--+++---+-+++--++-+++----++++---+0-+--+0-+0-+--++--+---+-+-++--00000000
[  58.83s] TRAIN p=3 v=++++++++--------00000000-++-++--+++-++-----+++--+--+++---+-+++--++-+++----++++--+-++++---+--+0-+0-+--+0-++--+----++-++--00000000
[  58.93s] TRAIN p=3 v=++++++++--------00000000+++-++-----+++--+--+++---+-+++--++-+++----++++--+-++++---+++++---+0-+0-+--+0-+0-++--+---+++-++--00000000
[  59.02s] TRAIN p=3 v=++++++++--------00000000---+++--+--+++---+-+++--++-+++----++++--+-++++---+++++--++++++---+0-+--+0-+0-+--++--+------+++--00000000
[  59.13s] TRAIN p=3 v=++++++++--------00000000+--+++---+-+++--++-+++----++++--+-++++---+++++--++++++--------+--+--+0-+0-+--+0-+++-+---+--+++--00000000
[  59.23s] TRAIN p=3 v=++++++++--------00000000-+-+++--++-+++----++++--+-++++---+++++--++++++--------+-+-----+--+0-+0-+--+0-+0-+++-+----+-+++--00000000
[  59.33s] TRAIN p=3 v=++++++++--------00000000++-+++----++++--+-++++---+++++--++++++--------+-+-----+--+----+--+0-+--+0-+0-+0-+++-+---++-+++--00000000
[  59.43s] TRAIN p=3 v=++++++++--------00000000--++++--+-++++---+++++--++++++--------+-+-----+--+----+-++----+--+--+0-+0-+0-+0-+++-+-----++++--00000000
[  59.53s] TRAIN p=3 v=++++++++--------00000000+-++++---+++++--++++++--------+-+-----+--+----+-++----+---+---+--+0-+0-+0-+0-+0-+++++---+-++++--00000000
[  59.63s] TRAIN p=3 v=++++++++--------00000000-+++++--++++++--------+-+-----+--+----+-++----+---+---+-+-+---+--+0-+0-+0-+0-+--+++++----+++++--00000000
[  59.73s] TRAIN p=3 v=++++++++--------00000000++++++--------+-+-----+--+----+-++----+---+---+-+-+---+--++---+--+0-+0-+0-+--+--+++++---++++++--00000000
[  59.83s] TRAIN p=3 v=++++++++--------00000000------+-+-----+--+----+-++----+---+---+-+-+---+--++---+-+++---+--+0-+0-+--+--+0-----+---------+-00000000
[  59.93s] TRAIN p=3 v=++++++++--------00000000+-----+--+----+-++----+---+---+-+-+---+--++---+-+++---+----+--+--+0-+--+--+0-+--+---+---+-----+-00000000
[  60.03s] TRAIN p=3 v=++++++++--------00000000-+----+-++----+---+---+-+-+---+--++---+-+++---+----+--+-+--+--+--+--+--+0-+--+0-+---+----+----+-00000000
[  60.13s] TRAIN p=3 v=++++++++--------00000000++----+---+---+-+-+---+--++---+-+++---+----+--+-+--+--+--+-+--+--+--+0-+--+0-+--+---+---++----+-00000000
[  60.22s] TRAIN p=3 v=++++++++--------00000000--+---+-+-+---+--++---+-+++---+----+--+-+--+--+--+-+--+-++-+--+--+0-+--+0-+--+0-+---+-----+---+-00000000
[  60.33s] TRAIN p=3 v=++++++++--------00000000+-+---+--++---+-+++---+----+--+-+--+--+--+-+--+-++-+--+---++--+--+--+0-+--+0-+0-++--+---+-+---+-00000000
[  60.43s] TRAIN p=3 v=++++++++--------00000000-++---+-+++---+----+--+-+--+--+--+-+--+-++-+--+---++--+-+-++--+--+0-+--+0-+0-+0-++--+----++---+-00000000
[  60.53s] TRAIN p=3 v=++++++++--------00000000+++---+----+--+-+--+--+--+-+--+-++-+--+---++--+-+-++--+--+++--+--+--+0-+0-+0-+--++--+---+++---+-00000000
[  60.62s] TRAIN p=3 v=++++++++--------00000000---+--+-+--+--+--+-+--+-++-+--+---++--+-+-++--+--+++--+-++++--+--+0-+0-+0-+--+0-++--+------+--+-00000000
[  60.73s] TRAIN p=3 v=++++++++--------00000000+--+--+--+-+--+-++-+--+---++--+-+-++--+--+++--+-++++--+-----+-+--+0-+0-+--+0-+--+++-+---+--+--+-00000000
[  60.83s] TRAIN p=3 v=++++++++--------00000000-+-+--+-++-+--+---++--+-+-++--+--+++--+-++++--+-----+-+-+---+-+--+0-+--+0-+--+0-+++-+----+-+--+-00000000
[  60.93s] TRAIN p=3 v=++++++++--------00000000++-+--+---++--+-+-++--+--+++--+-++++--+-----+-+-+---+-+--+--+-+--+--+0-+--+0-+0-+++-+---++-+--+-00000000
[  61.03s] TRAIN p=3 v=++++++++--------00000000--++--+-+-++--+--+++--+-++++--+-----+-+-+---+-+--+--+-+-++--+-+--+0-+--+0-+0-+0-+++-+-----++--+-00000000
[  61.13s] TRAIN p=3 v=++++++++--------00000000+-++--+--+++--+-++++--+-----+-+-+---+-+--+--+-+-++--+-+---+-+-+--+--+0-+0-+0-+0-+++++---+-++--+-00000000
[  61.23s] TRAIN p=3 v=++++++++--------00000000-+++--+-++++--+-----+-+-+---+-+--+--+-+-++--+-+---+-+-+-+-+-+-+--+0-+0-+0-+0-+--+++++----+++--+-00000000
[  61.33s] TRAIN p=3 v=++++++++--------00000000++++--+-----+-+-+---+-+--+--+-+-++--+-+---+-+-+-+-+-+-+--++-+-+--+0-+0-+0-+--+0-+++++---++++--+-00000000
[  61.43s] TRAIN p=3 v=++++++++--------00000000----+-+-+---+-+--+--+-+-++--+-+---+-+-+-+-+-+-+--++-+-+-+++-+-+--+0-+0-+--+0-+------++------+-+-00000000
[  61.53s] TRAIN p=3 v=++++++++--------00000000+---+-+--+--+-+-++--+-+---+-+-+-+-+-+-+--++-+-+-+++-+-+----++-+--+0-+--+0-+--+0-+---++--+---+-+-00000000
[  61.63s] TRAIN p=3 v=++++++++--------00000000-+--+-+-++--+-+---+-+-+-+-+-+-+--++-+-+-+++-+-+----++-+-+--++-+--+--+0-+--+0-+--+---++---+--+-+-00000000
[  61.73s] TRAIN p=3 v=++++++++--------00000000++--+-+---+-+-+-+-+-+-+--++-+-+-+++-+-+----++-+-+--++-+--+-++-+--+0-+--+0-+--+0-+---++--++--+-+-00000000
[  61.82s] TRAIN p=0 v=++++++++--------00000000-----------------------------------------------------------------+--+0-+--+0-+0-+---++----+-+-+-00000000
[  61.93s] TRAIN p=0 v=++++++++--------00000000-----------------------------------------------------------------+0-+--+0-+0-+--++--++--+-+-+-+-00000000
[  62.03s] TRAIN p=0 v=++++++++--------00000000-----------------------------------------------------------------+--+0-+0-+--+0-++--++---++-+-+-00000000
[  62.13s] TRAIN p=0 v=++++++++--------00000000-----------------------------------------------------------------+0-+0-+--+0-+--++--++--+++-+-+-00000000
[  62.22s] TRAIN p=0 v=++++++++--------00000000-----------------------------------------------------------------+0-+--+0-+--+0-++--++-----++-+-00000000
[  62.33s] TRAIN p=0 v=++++++++--------00000000-----------------------------------------------------------------+--+0-+--+0-+0-+++-++--+--++-+-00000000
[  62.43s] TRAIN p=0 v=++++++++--------00000000-----------------------------------------------------------------+0-+--+0-+0-+--+++-++---+-++-+-00000000
[  62.53s] TRAIN p=0 v=++++++++--------00000000-----------------------------------------------------------------+--+0-+0-+--+0-+++-++--++-++-+-00000000
[  62.63s] TRAIN p=0 v=++++++++--------00000000-----------------------------------------------------------------+0-+0-+--+0-+0-+++-++----+++-+-00000000
[  62.73s] TRAIN p=0 v=++++++++--------00000000-----------------------------------------------------------------+0-+--+0-+0-+--++++++--+-+++-+-00000000
[  62.83s] TRAIN p=0 v=++++++++--------00000000-----------------------------------------------------------------+--+0-+0-+--+0-++++++---++++-+-00000000
[  62.93s] TRAIN p=0 v=++++++++--------00000000-----------------------------------------------------------------+0-+0-+--+0-+--++++++--+++++-+-00000000
[  63.03s] TRAIN p=0 v=++++++++--------00000000-----------------------------------------------------------------+0-+--+0-+--+------++-------++-00000000
[  63.13s] TRAIN p=0 v=++++++++--------00000000-----------------------------------------------------------------+--+0-+--+--+--+---++--+----++-00000000
[  63.23s] TRAIN p=0 v=++++++++--------00000000-----------------------------------------------------------------+0-+--+--+--+0-+---++---+---++-00000000
[  63.33s] TRAIN p=0 v=++++++++--------00000000-----------------------------------------------------------------+--+--+--+0-+--+---++--++---++-00000000
[  63.42s] TRAIN p=0 v=++++++++--------00000000-----------------------------------------------------------------+--+--+0-+--+--+---++----+--++-00000000
[  63.53s] TRAIN p=0 v=++++++++--------00000000-----------------------------------------------------------------+--+0-+--+--+0-++--++--+-+--++-00000000
[  63.63s] TRAIN p=0 v=++++++++--------00000000-----------------------------------------------------------------+0-+--+--+0-+--++--++---++--++-00000000
[  63.73s] TRAIN p=0 v=++++++++--------00000000-----------------------------------------------------------------+--+--+0-+--+0-++--++--+++--++-00000000
[  63.82s] TRAIN p=0 v=++++++++--------00000000-----------------------------------------------------------------+--+0-+--+0-+--++--++-----+-++-00000000
[  63.93s] TRAIN p=0 v=++++++++--------00000000-----------------------------------------------------------------+0-+--+0-+--+0-+++-++--+--+-++-00000000
[  64.03s] TRAIN p=0 v=++++++++--------00000000-----------------------------------------------------------------+--+0-+--+0-+--+++-++---+-+-++-00000000
[  64.13s] TRAIN p=0 v=++++++++--------00000000-----------------------------------------------------------------+0-+--+0-+--+0-+++-++--++-+-++-00000000
[  64.23s] TRAIN p=0 v=++++++++--------00000000-----------------------------------------------------------------+--+0-+--+0-+0-+++-++----++-++-00000000
[  64.33s] TRAIN p=0 v=++++++++--------00000000-----------------------------------------------------------------+0-+--+0-+0-+0-++++++--+-++-++-00000000
[  64.43s] TRAIN p=0 v=++++++++--------00000000-----------------------------------------------------------------+--+0-+0-+0-+--++++++---+++-++-00000000
[  64.53s] TRAIN p=0 v=++++++++--------00000000-----------------------------------------------------------------+0-+0-+0-+--+0-++++++--++++-++-00000000
[  64.63s] TRAIN p=0 v=++++++++--------00000000-----------------------------------------------------------------+0-+0-+--+0-+------++------+++-00000000
[  64.73s] TRAIN p=0 v=++++++++--------00000000-----------------------------------------------------------------+0-+--+0-+--+0-+---++--+---+++-00000000
[  64.83s] TRAIN p=0 v=++++++++--------00000000-----------------------------------------------------------------+--+0-+--+0-+--+---++---+--+++-00000000
[  64.93s] TRAIN p=0 v=++++++++--------00000000-----------------------------------------------------------------+0-+--+0-+--+0-+---++--++--+++-00000000
[  65.03s] TRAIN p=0 v=++++++++--------00000000-----------------------------------------------------------------+--+0-+--+0-+--+---++----+-+++-00000000
[  65.13s] TRAIN p=0 v=++++++++--------00000000-----------------------------------------------------------------+0-+--+0-+--+0-++--++--+-+-+++-00000000
[  65.23s] TRAIN p=0 v=++++++++--------00000000-----------------------------------------------------------------+--+0-+--+0-+--++--++---++-+++-00000000
[  65.33s] TRAIN p=0 v=++++++++--------00000000-----------------------------------------------------------------+0-+--+0-+--+--++--++--+++-+++-00000000
[  65.42s] TRAIN p=0 v=++++++++--------00000000-----------------------------------------------------------------+--+0-+--+--+0-++--++-----++++-00000000
[  65.53s] TRAIN p=0 v=++++++++--------00000000-----------------------------------------------------------------+0-+--+--+0-+--+++-++--+--++++-00000000
[  65.63s] TRAIN p=0 v=++++++++--------00000000-----------------------------------------------------------------+--+--+0-+--+0-+++-++---+-++++-00000000
[  65.73s] TRAIN p=0 v=++++++++--------00000000-----------------------------------------------------------------+--+0-+--+0-+0-+++-++--++-++++-00000000
[  65.83s] TRAIN p=0 v=++++++++--------00000000-----------------------------------------------------------------+0-+--+0-+0-+--+++-++----+++++-00000000
[  65.93s] TRAIN p=0 v=++++++++--------00000000-----------------------------------------------------------------+--+0-+0-+--+--++++++--+-+++++-00000000
[  66.01s]   Observed: 228 packets, 228 encoded, 12883 GIE loops
[  66.01s]   Per-pattern counts: P0=93 P1=24 P2=11 P3=100
[  66.01s]   Phase 0b: Computing TriX signatures...
[  66.01s]   sig[0]: [++++++++--------00000000--------...] nz=96/128 (from 93 samples, seq trits masked)
[  66.01s]   sig[1]: [++++++++--------00000000++++++++...] nz=96/128 (from 24 samples, seq trits masked)
[  66.01s]   sig[2]: [++++++++--------00000000+-+-+-+-...] nz=95/128 (from 11 samples, seq trits masked)
[  66.01s]   sig[3]: [++++++++--------000000000+---+--...] nz=86/128 (from 100 samples, seq trits masked)
[  66.01s]   Signature pattern-ID trits [16..23]:
[  66.01s]     sig[0][16..23]: 00000000
[  66.01s]     sig[1][16..23]: 00000000
[  66.01s]     sig[2][16..23]: 00000000
[  66.01s]     sig[3][16..23]: 00000000
[  66.01s]   Signature cross-dots:
[  66.01s]     sig[0] vs: s0=96 s1=68 s2=21 s3=52
[  66.01s]     sig[1] vs: s0=68 s1=96 s2=29 s3=34
[  66.01s]     sig[2] vs: s0=21 s1=29 s2=95 s3=27
[  66.01s]     sig[3] vs: s0=52 s1=34 s2=27 s3=86
[  66.01s]   Ring drops: 71
[  66.01s] 
[  66.01s]   Phase 0c: Installing signatures as W_f gate weights...
[  66.02s]   W_f weights set from signatures (8 neurons/pattern)
[  66.02s]   Gate threshold: 2147483647 (Phase 3: blend DISABLED, all neurons HOLD)
[  66.02s]   Neurons 0-7 → pattern 0
[  66.02s]   Neurons 8-15 → pattern 1
[  66.02s]   Neurons 16-23 → pattern 2
[  66.02s]   Neurons 24-31 → pattern 3
[  66.02s]   Gate selectivity: 0 fires / 64 steps = 0%
[  66.02s] 
[  66.02s]   GDMA offset calibration...
[  66.03s]   GDMA offset mapping: G0→P0 G1→P1 G2→P2 G3→P3
[  66.03s]   ISR groups:  [93, 71, 24, 49]
[  66.03s]   CPU patterns: [93, 71, 24, 49]
[  66.03s] 
[  66.03s]   Phase 0d: TriX Cube face observation (15s)...
[  81.04s]   TriX Cube face signatures:
[  81.04s]     +x:recent: 78 samples [P0=8 P1=24 P2=11 P3=35]
[  81.04s]     -x:prior: 70 samples [P0=24 P1=11 P2=35 P3=0]
[  81.04s]     +y:stable: 36 samples [P0=0 P1=14 P2=7 P3=15]
[  81.04s]     -y:transient: 14 samples [P0=5 P1=3 P2=1 P3=5]
[  81.04s]     +z:confident: 0 samples [P0=0 P1=0 P2=0 P3=0]
[  81.04s]     -z:uncertain: 35 samples [P0=0 P1=0 P2=0 P3=35]
[  81.04s]   Face divergence from core (avg Hamming across patterns):
[  81.04s]     +x:recent: 24 avg (4 patterns with data)
[  81.04s]     -x:prior: 45 avg (3 patterns with data)
[  81.04s]     +y:stable: 31 avg (3 patterns with data)
[  81.04s]     -y:transient: 28 avg (4 patterns with data)
[  81.04s]     +z:confident: 0 avg (0 patterns with data)
[  81.04s]     -z:uncertain: 55 avg (1 patterns with data)
[  81.04s]   Ring drops: 71
[  81.04s] 
[  81.04s]   Phase 1: TriX Cube ensemble (up to 32 samples, 60s)...
[  82.04s]     s01: truth=3 core=0 isr=0 | cv=[5,0,5,0] iv=[5,0,5,0] xor=[13,40,56,16,-,106]
[  83.04s]     s02: truth=3 core=2 isr=2 | cv=[4,0,6,0] iv=[4,0,6,0] xor=[12,35,55,14,-,110]
[  84.04s]     s03: truth=0 core=0 isr=0 | cv=[10,0,0,0] iv=[10,0,0,0] xor=[9,16,111,8,-,111]
[  85.04s]     s04: truth=0 core=0 isr=0 | cv=[10,0,0,0] iv=[10,0,0,0] xor=[6,18,111,8,-,111]
[  86.05s]     s05: truth=0 core=0 isr=0 | cv=[10,0,0,0] iv=[10,0,0,0] xor=[4,19,36,4,-,36]
[  87.05s]     s06: truth=0 core=0 isr=0 | cv=[10,0,0,0] iv=[10,0,0,0] xor=[5,5,5,5,-,5]
[  88.05s]     s07: truth=0 core=0 isr=0 | cv=[7,3,0,0] iv=[7,3,0,0] xor=[6,17,5,8,-,14]
[  89.05s]     s08: truth=1 core=1 isr=1 | cv=[0,3,0,0] iv=[0,3,0,0] xor=[13,50,12,22,-,96]
[  90.05s]     s09: truth=1 core=1 isr=1 | cv=[0,6,0,0] iv=[0,6,0,0] xor=[6,44,7,15,-,105]
[  91.05s]     s10: truth=1 core=1 isr=1 | cv=[0,3,0,0] iv=[0,3,0,0] xor=[4,43,6,14,-,107]
[  92.06s]     s11: truth=1 core=1 isr=1 | cv=[0,6,0,0] iv=[0,6,0,0] xor=[4,43,5,14,-,107]
[  93.06s]     s12: truth=1 core=1 isr=1 | cv=[0,3,1,0] iv=[0,3,1,0] xor=[6,15,7,14,-,108]
[  94.07s]     s13: truth=2 core=2 isr=2 | cv=[0,0,2,0] iv=[0,0,2,0] xor=[15,46,17,18,-,110]
[  95.08s]     s14: truth=2 core=2 isr=2 | cv=[0,0,2,0] iv=[0,0,2,0] xor=[15,46,17,18,-,110]
[  96.09s]     s15: truth=2 core=2 isr=2 | cv=[0,0,2,0] iv=[0,0,2,0] xor=[15,46,17,18,-,110]
[  97.09s]     s16: truth=2 core=2 isr=2 | cv=[0,0,2,0] iv=[0,0,2,0] xor=[15,46,17,18,-,110]
[  98.10s]     s17: truth=2 core=2 isr=2 | cv=[0,0,2,0] iv=[0,0,2,0] xor=[11,45,19,18,-,112]
[  99.11s]     s18: truth=3 core=2 isr=2 | cv=[0,0,4,2] iv=[0,0,4,2] xor=[23,45,30,28,-,93]
[ 100.11s]     s19: truth=3 core=1 isr=1 | cv=[2,5,0,3] iv=[2,5,0,3] xor=[18,29,19,22,-,71]
[ 101.11s]     s20: truth=3 core=0 isr=0 | cv=[7,0,3,0] iv=[7,0,3,0] xor=[4,16,5,8,-,36]
[ 102.11s]     s21: truth=3 core=0 isr=0 | cv=[5,0,5,0] iv=[5,0,5,0] xor=[7,10,6,10,-,38]
[ 103.11s]     s22: truth=3 core=2 isr=2 | cv=[1,0,8,1] iv=[1,0,8,1] xor=[22,26,21,18,-,12]
[ 105.12s]     s23: truth=0 core=0 isr=0 | cv=[10,0,0,0] iv=[10,0,0,0] xor=[6,2,5,7,-,5]
[ 106.12s]     s24: truth=0 core=0 isr=0 | cv=[10,0,0,0] iv=[10,0,0,0] xor=[2,3,7,4,-,7]
[ 107.12s]     s25: truth=0 core=0 isr=0 | cv=[10,0,0,0] iv=[10,0,0,0] xor=[3,4,2,3,-,2]
[ 108.12s]     s26: truth=0 core=0 isr=0 | cv=[10,0,0,0] iv=[10,0,0,0] xor=[4,3,3,4,-,3]
[ 109.13s]     s27: truth=0 core=0 isr=0 | cv=[6,3,0,0] iv=[6,3,0,0] xor=[5,5,5,6,-,40]
[ 110.13s]     s28: truth=1 core=1 isr=1 | cv=[0,6,0,0] iv=[0,6,0,0] xor=[3,5,3,5,-,6]
[ 111.13s]     s29: truth=1 core=1 isr=1 | cv=[0,3,0,0] iv=[0,3,0,0] xor=[3,6,4,5,-,4]
[ 112.14s]     s30: truth=1 core=1 isr=1 | cv=[0,6,0,0] iv=[0,6,0,0] xor=[0,7,5,6,-,4]
[ 113.14s]     s31: truth=1 core=1 isr=1 | cv=[0,3,0,0] iv=[0,3,0,0] xor=[0,7,5,6,-,4]
[ 114.14s]     s32: truth=1 core=1 isr=1 | cv=[0,3,1,0] iv=[0,3,1,0] xor=[6,11,10,8,-,4]
[ 114.14s] 
[ 114.14s]   ═══ CLASSIFICATION RESULTS (TriX Cube) ═══
[ 114.14s]   Total GIE loops: 36604
[ 114.14s]   TriX ISR classifications: 23702 (at 716 Hz)
[ 114.14s]   Test samples: 32
[ 114.14s]   Ring drops: 71
[ 114.14s]   Core (CPU per-pkt vote):   25/32 = 78%
[ 114.14s]   ISR  (HW 430 Hz TriX):     25/32 = 78% (all samples)
[ 114.14s]   ISR  (windows w/ data):    25/32 = 78% (229 pkts clean, 0 pkts timeout)
[ 114.14s]   TriX channel signals:      23702 (seq=23702)
[ 114.14s]   Baseline (packet-rate):    21/32 = 65%
[ 114.14s] 
[ 114.14s]   ── Novelty Detection ──
[ 114.15s]   Novel packets: 0 / 229 (0%)
[ 114.15s]   Novel windows: 0
[ 114.15s] 
[ 114.15s]   ── Online Maintenance ──
[ 114.15s]   Core re-signs: 14
[ 114.15s]   Core drift (Hamming):
[ 114.15s]     sig[0]: 12/128 trits
[ 114.15s]     sig[1]: 15/128 trits
[ 114.15s]     sig[2]: 37/128 trits
[ 114.15s]     sig[3]: 0/128 trits
[ 114.15s] 
[ 114.15s]   ── XOR Masks (temporal displacement per face) ──
[ 114.15s]     Face              avg  | rssi patid payload timing
[ 114.15s]     +x:recent            8/128 |  0/16  0/8   1/64    6/40
[ 114.15s]     -x:prior            19/128 |  0/16  0/8  11/64    7/40
[ 114.15s]     +y:stable           23/128 |  2/16  0/8  10/64   10/40
[ 114.15s]     -y:transient        10/128 |  0/16  0/8   1/64    9/40
[ 114.15s]     +z:confident         -     | (no data)
[ 114.15s]     -z:uncertain        50/128 |  6/16  0/8  28/64   15/40
[ 114.15s]     ── Signal distribution ──
[ 114.15s]     RSSI:    8% of mask weight
[ 114.15s]     PatID:   0% of mask weight
[ 114.15s]     Payload: 48% of mask weight
[ 114.15s]     Timing:  43% of mask weight
[ 114.15s] 
[ 114.15s]   ── TriX Cube Geometry ──
[ 114.15s]     +x:recent: 307 samples, 20 avg hamming from core
[ 114.15s]     -x:prior: 299 samples, 30 avg hamming from core
[ 114.15s]     +y:stable: 265 samples, 23 avg hamming from core
[ 114.15s]     -y:transient: 243 samples, 20 avg hamming from core
[ 114.15s]     +z:confident: 0 samples, 0 avg hamming from core
[ 114.15s]     -z:uncertain: 264 samples, 18 avg hamming from core
[ 114.15s]   Gate firing: 0%
[ 114.15s] 
[ 114.15s]   Architecture:
[ 114.15s]   - TriX ISR: HW classifies at 430 Hz (CfC blend DISABLED — Phase 3)
[ 114.15s]   - 7-voxel TriX Cube: core + 6 temporal faces
[ 114.15s]   - Faces: recent, prior, stable, transient, confident, uncertain
[ 114.15s]   - Core classifies alone. Faces compute XOR masks (intervention sensors)
[ 114.15s]   - XOR mask = trit positions where face sig != core sig
[ 114.15s]   - Online maintenance + novelty detection
[ 114.15s]   - Gate threshold=2147483647, novelty=60
[ 114.16s]   OK
[ 114.16s] 
[ 114.16s] -- TEST 12: Memory-Modulated Adaptive Attention --
[ 114.16s] [DIAG] 500us: agree=799 disagree=508 out_sel4=47 out_sel5=48 in101=0x84 in103=0x86 gpio_in=0x20039348 cpu_agree=20 loop=0
[ 114.16s] [DIAG] gdma: raw=0x1 st=0x0 ena=0x2 conf0=0x0 link=0x27468(park=0) peri=9
[ 114.16s] [DIAG] gdma2: fifo=0x61 state=0x2e7648(dscr_st=3 out_st=2) eof_addr=0x40827624
[ 114.16s] [DIAG] parlio: cfg=0x1a089b40(tx_start=1 bytelen=9936) st=0x80000000(tx_ready=1) int_raw=0x5(eof=1 rempty=1)
[ 114.16s]   blend re-enabled (threshold=90), VDB cleared, LP reset
[ 114.16s]   running 120s: classify → insert snapshot → LP feedback
