# RX-GIE boot capture 2026-05-16T08:35:04.078366 (DURATION_S=200)
[   0.10s] I (176) esp_image: segment 3: paddr=000d6a88 vaddr=408061f0 sizeESP-ROM:esp32c6-20220919
[   0.10s] Build:Sep 19 2022
[   0.10s] rst:0x15 (USB_UART_HPSYS),boot:0x1e (SPI_FAST_FLASH_BOOT)
[   0.10s] Saved PC:0x40806624
[   0.10s] SPIWP:0xee
[   0.10s] mode:DIO, clock div:2
[   0.10s] load:0x40875730,len:0x180c
[   0.10s] load:0x4086c110,len:0xfac
[   0.10s] load:0x4086e610,len:0x3154
[   0.10s] entry 0x4086c11a
[   0.11s] I (23) boot: ESP-IDF v5.4 2nd stage bootloader
[   0.11s] I (23) boot: compile time May 16 2026 08:33:56
[   0.11s] I (23) boot: chip revision: v0.2
[   0.11s] I (24) boot: efuse block revision: v0.3
[   0.11s] I (24) qio_mode: Enabling default flash chip QIO
[   0.11s] I (24) boot.esp32c6: SPI Speed      : 80MHz
[   0.11s] I (24) boot.esp32c6: SPI Mode       : QIO
[   0.11s] I (25) boot.esp32c6: SPI Flash Size : 2MB
[   0.11s] I (25) boot: Enabling RNG early entropy source...
[   0.11s] I (25) boot: Partition Table:
[   0.11s] I (25) boot: ## Label            Usage          Type ST Offset   Length
[   0.11s] I (26) boot:  0 nvs              WiFi data        01 02 00009000 00006000
[   0.11s] I (26) boot:  1 phy_init         RF data          01 01 0000f000 00001000
[   0.11s] I (27) boot:  2 factory          factory app      00 00 00010000 00100000
[   0.11s] I (28) boot: End of partition table
[   0.11s] I (28) esp_image: segment 0: paddr=00010020 vaddr=420a0020 size=21e00h (138752) map
[   0.11s] I (54) esp_image: segment 1: paddr=00031e28 vaddr=40800000 size=061f0h ( 25072) load
[   0.11s] I (59) esp_image: segment 2: paddr=00038020 vaddr=42000020 size=9ea60h (649824) map
[   0.18s] I (176) esp_image: segment 3: paddr=000d6a88 vaddr=408061f0 size=135ech ( 79340) load
[   0.20s] I (193) esp_image: segment 4: paddr=000ea07c vaddr=408197e0 size=03c24h ( 15396) load
[   0.20s] I (197) esp_image: segment 5: paddr=000edca8 vaddr=50003fc0 size=0000ch (    12) load
[   0.21s] I (204) boot: Loaded app from partition at offset 0x10000
[   0.21s] I (204) boot: Disabling RNG early entropy source...
[   0.22s] W (214) spi_flash: Detected size(4096k) larger than the size in the binary image header(2048k). Using the size in the binary image header.
[   8.22s] 
[   8.22s] ============================================================
[   8.22s]   FREE-RUNNING SUB-CPU NEURAL NETWORK
[   8.22s]   + LP CORE GEOMETRIC PROCESSOR
[   8.22s]   GIE (441 Hz HW) → LP core (100 Hz, 16MHz RISC-V, ~30uA)
[   8.22s]   Three-layer hierarchy: peripheral → geometric → CPU
[   8.22s] ============================================================
[   8.22s] 
[   8.22s] [INIT] GPIO 4-7...
[   8.22s] [INIT] ETM clock...
[   8.22s] [INIT] PARLIO TX (2-bit, 20MHz, loopback)...
[   8.22s] [INIT] PCNT (2 units)...
[   8.22s] [INIT] Timer...
[   8.22s] [INIT] GDMA channel detection...
[   8.22s] [GDMA] PARLIO owns CH0
[   8.22s] [INIT] GDMA ISR (free-running mode)...
[   8.22s] [GDMA ISR] OK — CH0 (source=69), LEVEL3
[   8.22s] [INIT] LP core binary (16320 bytes)...
[   8.23s] [INIT] LP core weights (after binary load)...
[   8.23s] [INIT] LP seed: 0xCAFE1234
[   8.23s] [LP] Geometric processor running (100 Hz, 16 MHz RISC-V)
[   8.23s] [INIT] ESP-NOW receiver...
[   8.33s] W (8385) wifi:ACK_TAB0   :0x   90a0b, QAM16:0x9 (24Mbps), QPSK:0xa (12Mbps), BPSK:0xb (6Mbps)
[   8.33s] W (8386) wifi:CTS_TAB0   :0x   90a0b, QAM16:0x9 (24Mbps), QPSK:0xa (12Mbps), BPSK:0xb (6Mbps)
[   8.33s] W (8386) wifi:(agc)0x600a7128:0xd206f800, min.avgNF:0xce->0xd2(dB), RCalCount:0x6f, min.RRssi:0x800(-128.00)
[   8.33s] W (8386) wifi:(TB)WDEV_PWR_TB_MCS0:19
[   8.33s] W (8387) wifi:(TB)WDEV_PWR_TB_MCS1:19
[   8.33s] W (8387) wifi:(TB)WDEV_PWR_TB_MCS2:19
[   8.33s] W (8387) wifi:(TB)WDEV_PWR_TB_MCS3:19
[   8.33s] W (8387) wifi:(TB)WDEV_PWR_TB_MCS4:19
[   8.33s] W (8387) wifi:(TB)WDEV_PWR_TB_MCS5:19
[   8.33s] W (8387) wifi:(TB)WDEV_PWR_TB_MCS6:18
[   8.33s] W (8387) wifi:(TB)WDEV_PWR_TB_MCS7:18
[   8.33s] W (8387) wifi:(TB)WDEV_PWR_TB_MCS8:17
[   8.33s] W (8388) wifi:(TB)WDEV_PWR_TB_MCS9:15
[   8.33s] W (8388) wifi:(TB)WDEV_PWR_TB_MCS10:15
[   8.33s] W (8388) wifi:(TB)WDEV_PWR_TB_MCS11:15
[   8.33s] [ESPNOW] Listening on channel 1 (no AP connection)
[   8.33s] [INIT] Done.
[   8.33s] 
[   8.33s] [PRIME] Warming pipeline...
[   8.33s] [PRIME] Done.
[   8.33s] 
[   8.33s] -- TEST 1: Free-running loop count --
[   8.34s] [DIAG] 500us: agree=256 disagree=291 out_sel4=47 out_sel5=48 in101=0x84 in103=0x86 gpio_in=0x2003a348 cpu_agree=20 loop=0
[   8.34s] [DIAG] gdma: raw=0x1 st=0x0 ena=0x2 conf0=0x0 link=0x27468(park=0) peri=9
[   8.34s] [DIAG] gdma2: fifo=0x61 state=0x2e7648(dscr_st=3 out_st=2) eof_addr=0x40827624
[   8.34s] [DIAG] parlio: cfg=0x1a089b40(tx_start=1 bytelen=9936) st=0x80000000(tx_ready=1) int_raw=0x1(eof=0 rempty=1)
[   9.34s]   Loops completed: 430 in 1.002 s
[   9.34s]   Frequency: 428.9 Hz
[   9.34s]   Period: 2331.4 us per loop
[   9.34s]   OK
[   9.34s] 
[   9.34s] -- TEST 2: Hidden state evolves autonomously --
[   9.35s] [DIAG] 500us: agree=217 disagree=219 out_sel4=47 out_sel5=48 in101=0x84 in103=0x86 gpio_in=0x11039348 cpu_agree=20 loop=0
[   9.35s] [DIAG] gdma: raw=0x1 st=0x0 ena=0x2 conf0=0x0 link=0x27468(park=0) peri=9
[   9.35s] [DIAG] gdma2: fifo=0x61 state=0x2e7648(dscr_st=3 out_st=2) eof_addr=0x40827624
[   9.35s] [DIAG] parlio: cfg=0x1a089b40(tx_start=1 bytelen=9936) st=0x80000000(tx_ready=1) int_raw=0x5(eof=1 rempty=1)
[   9.40s]   snap 0 (loop 22): energy=30
[   9.45s]   snap 1 (loop 43): delta=10 energy=31
[   9.50s]   snap 2 (loop 65): delta=1 energy=31
[   9.55s]   snap 3 (loop 86): delta=0 energy=31
[   9.60s]   snap 4 (loop 108): delta=2 energy=30
[   9.65s]   snap 5 (loop 129): delta=0 energy=30
[   9.70s]   snap 6 (loop 150): delta=0 energy=30
[   9.75s]   snap 7 (loop 172): delta=1 energy=31
[   9.75s]   final h: [-+---+-++-++--+---+0--++---++++-]
[   9.75s]   Total loops: 172
[   9.75s]   OK
[   9.75s] 
[   9.75s] -- TEST 3: Per-neuron dot accuracy (single loop) --
[   9.75s] [DIAG] 500us: agree=254 disagree=289 out_sel4=47 out_sel5=48 in101=0x84 in103=0x86 gpio_in=0x1103a348 cpu_agree=20 loop=0
[   9.76s] [DIAG] gdma: raw=0x1 st=0x0 ena=0x2 conf0=0x0 link=0x27468(park=0) peri=9
[   9.76s] [DIAG] gdma2: fifo=0x61 state=0x2e7648(dscr_st=3 out_st=2) eof_addr=0x40827624
[   9.76s] [DIAG] parlio: cfg=0x1a089b40(tx_start=1 bytelen=9936) st=0x80000000(tx_ready=1) int_raw=0x5(eof=1 rempty=1)
[   9.76s]   After warmup: 3 loops, base=4, cnt=69
[   9.76s]   Snapshot at loop 4 (base=4, cnt=69)
[   9.76s]   Raw captures [0..11]:
[   9.76s]     idx  agree  disagree  d_agree  d_disagree
[   9.76s]     [0]      0      0        +0       +0 (dummy)
[   9.76s]     [1]      0      0        +0       +0 (dummy)
[   9.76s]     [2]      0      0        +0       +0 (dummy)
[   9.77s]     [3]      0      0        +0       +0 (dummy)
[   9.77s]     [4]      0      0        +0       +0 (dummy)
[   9.77s]     [5]     21     32       +21      +32 (neuron 0)
[   9.77s]     [6]     53     61       +32      +29
[   9.77s]     [7]     81     84       +28      +23
[   9.77s]     [8]    107    115       +26      +31
[   9.77s]     [9]    138    142       +31      +27
[   9.77s]     [10]    166    178       +28      +36
[   9.77s]     [11]    199    201       +33      +23
[   9.77s] 
[   9.77s]   Dot errors: 0 / 64
[   9.77s]   Sign errors: 0 / 64
[   9.77s]   GIE dots[0..7]: -11 3 5 -5 4 -8 10 -16
[   9.77s]   CPU dots[0..7]: -11 3 5 -5 4 -8 10 -16
[   9.77s]   Sign match with offset 0: 64 / 64
[   9.77s]   Sign match with offset 1: 26 / 63
[   9.77s]   Sign match with offset 2: 29 / 62
[   9.77s]   Sign match with offset 3: 26 / 61
[   9.77s]   Sign match with offset 4: 20 / 60
[   9.77s]   OK
[   9.77s] 
[   9.77s] -- TEST 4: LP Core Geometric Processor --
[   9.77s] [DIAG] 500us: agree=254 disagree=289 out_sel4=47 out_sel5=48 in101=0x84 in103=0x86 gpio_in=0x1103a348 cpu_agree=20 loop=0
[   9.77s] [DIAG] gdma: raw=0x1 st=0x0 ena=0x2 conf0=0x0 link=0x27468(park=0) peri=9
[   9.77s] [DIAG] gdma2: fifo=0x61 state=0x2e7648(dscr_st=3 out_st=2) eof_addr=0x40827624
[   9.78s] [DIAG] parlio: cfg=0x1a089b40(tx_start=1 bytelen=9936) st=0x80000000(tx_ready=1) int_raw=0x5(eof=1 rempty=1)
[   9.78s]   Phase 1: GIE + LP core integration (300ms)...
[  10.07s]   4a: LP running: YES (steps=27)
[  10.07s]   4c: LP hidden energy: 13/16
[  10.07s]   LP hidden: [--++0-+++-+00-++]
[  10.07s]   LP decision: 1
[  10.07s] 
[  10.08s]   Phase 2: Deterministic single-step verification...
[  10.08s] [DIAG] 500us: agree=254 disagree=289 out_sel4=47 out_sel5=48 in101=0x84 in103=0x86 gpio_in=0x1103a348 cpu_agree=20 loop=0
[  10.08s] [DIAG] gdma: raw=0x1 st=0x0 ena=0x2 conf0=0x0 link=0x27468(park=0) peri=9
[  10.08s] [DIAG] gdma2: fifo=0x61 state=0x2e7648(dscr_st=3 out_st=2) eof_addr=0x40827624
[  10.08s] [DIAG] parlio: cfg=0x1a089b40(tx_start=1 bytelen=9936) st=0x80000000(tx_ready=1) int_raw=0x5(eof=1 rempty=1)
[  10.13s]   Known GIE hidden energy: 30/32
[  10.13s]   Known GIE hidden: [+-+--+-+---+-+--+++---+0-+-+-++0]
[  10.14s]   LP steps: 28 → 29 (delta=1)
[  10.14s]   4b: f-dots exact: 16/16, g-dots exact: 16/16
[  10.14s]   4b: f-dots sign:  14/14, g-dots sign:  11/11
[  10.14s]   LP  f-dots: -5 2 4 4 -2 1 2 2 0 2 -1 1 0 -4 5 -9
[  10.14s]   CPU f-dots: -5 2 4 4 -2 1 2 2 0 2 -1 1 0 -4 5 -9
[  10.14s]   LP  g-dots: 2 0 5 2 0 -3 2 0 2 2 1 0 0 -4 6 -2
[  10.14s]   CPU g-dots: 2 0 5 2 0 -3 2 0 2 2 1 0 0 -4 6 -2
[  10.14s]   OK
[  10.14s] 
[  10.14s] -- TEST 5: Ternary VDB — NSW Graph (M=7), 64 Nodes --
[  10.14s]   5a: Inserting 64 nodes (graph-aware, cmd=3)...
[  10.93s]   5a: Inserted 64 nodes — OK
[  10.93s] 
[  10.93s]   5b: Self-match recall@1 (64 queries)...
[  11.79s]   5b: 64/64 self-match recall@1 — OK
[  11.79s] 
[  11.79s]   5c: Recall measurement (20 random queries)...
[  11.80s]     q0: LP=[35,11,48,37] CPU=[35,11,37,48]
[  11.81s]     q1: LP=[15,63,31,53] CPU=[15,31,63,26]
[  11.83s]     q2: LP=[49,61,36,25] CPU=[49,36,61,25]
[  12.06s]   Recall@1: 19/20 = 95%
[  12.06s]   Recall@4: 72/80 = 90%
[  12.06s]   5c: OK (thresholds: r@1>=95%, r@4>=90%)
[  12.06s] 
[  12.06s]   5d: Visit count (graph vs brute-force)...
[  12.07s]   Graph search visited: 60 / 64 nodes
[  12.07s]   5d: OK (sub-linear: YES)
[  12.07s] 
[  12.07s]   5e: Connectivity (BFS from node 0)...
[  12.07s]   Reachable from node 0: 64 / 64
[  12.07s]   5e: OK
[  12.07s] 
[  12.07s]   5f: Latency benchmark (10 searches, N=64)...
[  12.21s]   Round-trip (includes LP wake jitter up to 10ms):
[  12.21s]     min=9985 us, max=14988 us, avg=13413 us
[  12.21s]   5f: OK
[  12.21s] 
[  12.21s]   OK
[  12.21s] 
[  12.21s] -- TEST 6: CfC -> VDB Pipeline (CMD 4) --
[  12.21s]   Setup: Inserting 32 vectors into VDB...
[  12.58s]   VDB has 32 nodes
[  12.58s] 
[  12.58s]   6a: Pipeline basic operation...
[  12.59s] [DIAG] 500us: agree=254 disagree=289 out_sel4=47 out_sel5=48 in101=0x84 in103=0x86 gpio_in=0x1103a348 cpu_agree=20 loop=0
[  12.59s] [DIAG] gdma: raw=0x1 st=0x0 ena=0x2 conf0=0x0 link=0x27468(park=0) peri=9
[  12.59s] [DIAG] gdma2: fifo=0x61 state=0x2e7648(dscr_st=3 out_st=2) eof_addr=0x40827624
[  12.59s] [DIAG] parlio: cfg=0x1a089b40(tx_start=1 bytelen=9936) st=0x80000000(tx_ready=1) int_raw=0x5(eof=1 rempty=1)
[  12.65s]   step_count: 29 -> 30 (delta=1)
[  12.66s]   search_count: 95 -> 96 (delta=1)
[  12.66s]   Pipeline return: 0
[  12.66s]   Top-4 results: [5,17,30,24] scores=[7,7,6,6]
[  12.66s]   6a: OK
[  12.66s] 
[  12.66s]   6b: CfC determinism (cmd=4 vs cmd=1)...
[  12.68s]   cmd=1 hidden: [-0++0-+00+-00+++]
[  12.68s]   cmd=4 hidden: [-0++0-+00+-00+++]
[  12.68s]   Hidden match: YES
[  12.68s]   f-dots match: YES, g-dots match: YES
[  12.68s]   6b: OK
[  12.68s] 
[  12.68s]   6c: VDB consistency (pipeline vs standalone search)...
[  12.69s]   Pipeline: [5,17,30,24] scores=[7,7,6,6]
[  12.69s]   Standalone: [5,17,30,24] scores=[7,7,6,6]
[  12.69s]   Results match: YES
[  12.69s]   6c: OK
[  12.69s] 
[  12.69s]   6d: Sustained pipeline operation (10 steps)...
[  12.70s] [DIAG] 500us: agree=254 disagree=289 out_sel4=47 out_sel5=48 in101=0x84 in103=0x86 gpio_in=0x1103a348 cpu_agree=20 loop=0
[  12.70s] [DIAG] gdma: raw=0x1 st=0x0 ena=0x2 conf0=0x0 link=0x27468(park=0) peri=9
[  12.70s] [DIAG] gdma2: fifo=0x61 state=0x2e7648(dscr_st=3 out_st=2) eof_addr=0x40827624
[  12.70s] [DIAG] parlio: cfg=0x1a089b40(tx_start=1 bytelen=9936) st=0x80000000(tx_ready=1) int_raw=0x5(eof=1 rempty=1)
[  12.88s]   Pipeline steps completed: 10 / 10
[  12.88s]   step_count delta: 10
[  12.88s]   search_count delta: 10
[  12.88s]   Final LP hidden: [--+++-+++-++0+++]
[  12.88s]   Final LP hidden energy: 15/16
[  12.88s]   6d: OK
[  12.88s] 
[  12.88s]   OK
[  12.88s] 
[  12.88s] -- TEST 7: Reflex Channel Coordination --
[  12.88s]   7a: Channel signals match loop count...
[  12.88s] [DIAG] 500us: agree=254 disagree=289 out_sel4=47 out_sel5=48 in101=0x84 in103=0x86 gpio_in=0x1103a348 cpu_agree=20 loop=0
[  12.88s] [DIAG] gdma: raw=0x1 st=0x0 ena=0x2 conf0=0x0 link=0x27468(park=0) peri=9
[  12.88s] [DIAG] gdma2: fifo=0x61 state=0x2e7648(dscr_st=3 out_st=2) eof_addr=0x40827624
[  12.89s] [DIAG] parlio: cfg=0x1a089b40(tx_start=1 bytelen=9936) st=0x80000000(tx_ready=1) int_raw=0x5(eof=1 rempty=1)
[  13.00s]   Signals received: 50 / 50
[  13.00s]   Value mismatches: 0
[  13.00s]   Final loop_count: 51, channel value: 51, channel seq: 51
[  13.00s]   7a: OK
[  13.00s] 
[  13.00s]   7b: Signal latency (ISR -> main loop)...
[  13.01s] [DIAG] 500us: agree=254 disagree=289 out_sel4=47 out_sel5=48 in101=0x84 in103=0x86 gpio_in=0x1103a348 cpu_agree=20 loop=0
[  13.01s] [DIAG] gdma: raw=0x1 st=0x0 ena=0x2 conf0=0x0 link=0x27468(park=0) peri=9
[  13.01s] [DIAG] gdma2: fifo=0x61 state=0x2e7648(dscr_st=3 out_st=2) eof_addr=0x40827624
[  13.01s] [DIAG] parlio: cfg=0x1a089b40(tx_start=1 bytelen=9936) st=0x80000000(tx_ready=1) int_raw=0x5(eof=1 rempty=1)
[  13.24s]   Samples: 100
[  13.24s]   Latency (cycles): min=1991, max=2838, avg=2288
[  13.24s]   Latency (ns):     min=12443, max=17737, avg=14300
[  13.24s]   7b: OK
[  13.24s] 
[  13.24s]   7c: Hidden state consistency after channel wait...
[  13.25s] [DIAG] 500us: agree=254 disagree=289 out_sel4=47 out_sel5=48 in101=0x84 in103=0x86 gpio_in=0x11039348 cpu_agree=20 loop=0
[  13.25s] [DIAG] gdma: raw=0x1 st=0x0 ena=0x2 conf0=0x0 link=0x27468(park=0) peri=9
[  13.25s] [DIAG] gdma2: fifo=0x61 state=0x2e7648(dscr_st=3 out_st=2) eof_addr=0x40827624
[  13.25s] [DIAG] parlio: cfg=0x1a089b40(tx_start=1 bytelen=9936) st=0x80000000(tx_ready=1) int_raw=0x5(eof=1 rempty=1)
[  13.27s]   Dot match: 64 / 64
[  13.27s]   Channel signaled: YES (seq 6 -> 7)
[  13.27s]   7c: OK
[  13.27s] 
[  13.27s]   7d: Channel-driven LP feeding (20 cycles)...
[  13.27s] [DIAG] 500us: agree=254 disagree=289 out_sel4=47 out_sel5=48 in101=0x84 in103=0x86 gpio_in=0x1103a348 cpu_agree=20 loop=0
[  13.27s] [DIAG] gdma: raw=0x1 st=0x0 ena=0x2 conf0=0x0 link=0x27468(park=0) peri=9
[  13.27s] [DIAG] gdma2: fifo=0x61 state=0x2e7648(dscr_st=3 out_st=2) eof_addr=0x40827624
[  13.27s] [DIAG] parlio: cfg=0x1a089b40(tx_start=1 bytelen=9936) st=0x80000000(tx_ready=1) int_raw=0x5(eof=1 rempty=1)
[  13.53s]   Channel-driven feeds: 20 / 20
[  13.53s]   LP step_count delta: 20
[  13.53s]   7d: OK
[  13.53s] 
[  13.53s]   OK
[  13.53s] 
[  13.53s] -- TEST 8: VDB -> CfC Feedback Loop (CMD 5) --
[  13.53s]   Setup: Inserting 32 vectors into VDB...
[  13.90s]   VDB has 32 nodes
[  13.90s] 
[  13.90s]   8a: Single feedback step (cmd=5)...
[  13.91s] [DIAG] 500us: agree=254 disagree=289 out_sel4=47 out_sel5=48 in101=0x84 in103=0x86 gpio_in=0x1103a348 cpu_agree=20 loop=0
[  13.91s] [DIAG] gdma: raw=0x1 st=0x0 ena=0x2 conf0=0x0 link=0x27468(park=0) peri=9
[  13.91s] [DIAG] gdma2: fifo=0x61 state=0x2e7648(dscr_st=3 out_st=2) eof_addr=0x40827624
[  13.91s] [DIAG] parlio: cfg=0x1a089b40(tx_start=1 bytelen=9936) st=0x80000000(tx_ready=1) int_raw=0x5(eof=1 rempty=1)
[  13.98s]   cmd=5 return: 0
[  13.98s]   step_count: 62 -> 63 (delta=1)
[  13.98s]   search_count: 108 -> 109 (delta=1)
[  13.98s]   fb_total_blends: 0 -> 0
[  13.98s]   fb_applied: 0
[  13.98s]   fb_source_id: 255
[  13.98s]   fb_score: 0
[  13.98s]   fb_blend_count: 0 trits modified
[  13.98s]   Top-4 results: [5,17,30,24] scores=[7,7,6,6]
[  13.98s]   LP hidden after feedback: [-0++0-+00+-00+++]
[  13.98s]   8a: OK
[  13.98s] 
[  13.98s]   8b: Feedback observability...
[  13.98s]   Applied: NO (best score 0 < threshold 8)
[  13.98s]   This is acceptable if no stored memory is similar enough.
[  13.98s]   8b: OK
[  13.98s] 
[  13.98s]   8c: Stability under sustained feedback (50 steps)...
[  13.98s] [DIAG] 500us: agree=254 disagree=289 out_sel4=47 out_sel5=48 in101=0x84 in103=0x86 gpio_in=0x1103a348 cpu_agree=20 loop=0
[  13.98s] [DIAG] gdma: raw=0x1 st=0x0 ena=0x2 conf0=0x0 link=0x27468(park=0) peri=9
[  13.98s] [DIAG] gdma2: fifo=0x61 state=0x2e7648(dscr_st=3 out_st=2) eof_addr=0x40827624
[  13.99s] [DIAG] parlio: cfg=0x1a089b40(tx_start=1 bytelen=9936) st=0x80000000(tx_ready=1) int_raw=0x5(eof=1 rempty=1)
[  14.05s]     step 0: e=10, delta=10, fb=0, score=0, src=255
[  14.18s]     step 10: e=11, delta=3, fb=1, score=15, src=12
[  14.30s]     step 20: e=11, delta=9, fb=1, score=13, src=3
[  14.43s]     step 30: e=14, delta=5, fb=1, score=14, src=5
[  14.56s]     step 40: e=13, delta=8, fb=1, score=17, src=17
[  14.67s]   Steps completed: 50 / 50
[  14.67s]   Feedback applied: 46 / 50 steps
[  14.67s]   Total blend operations: 46
[  14.67s]   Max change per step: 12 / 16 trits
[  14.68s]   Energy range: [6, 15] / 16
[  14.68s]   Unique states visited: 50
[  14.68s]   Final LP hidden: [--+++++-0--0++++]
[  14.68s]   8c: OK
[  14.68s] 
[  14.68s]   8d: Feedback vs no-feedback divergence...
[  14.93s]     step 0: hamming distance = 0
[  14.93s]     step 1: hamming distance = 5
[  14.93s]     step 2: hamming distance = 7
[  14.93s]     step 3: hamming distance = 8
[  14.93s]     step 4: hamming distance = 7
[  14.93s]     step 5: hamming distance = 9
[  14.93s]     step 6: hamming distance = 11
[  14.93s]     step 7: hamming distance = 10
[  14.93s]     step 8: hamming distance = 10
[  14.93s]     step 9: hamming distance = 10
[  14.93s]   First divergence at step: 1
[  14.93s]   Steps with different states: 9 / 10
[  14.93s]   No-feedback final: [--+++-+--+-+-+++]
[  14.93s]   Feedback final   : [0+++0-++0+0-+0+0]
[  14.93s]   8d: OK
[  14.93s] 
[  14.93s]   OK
[  14.93s] 
[  14.93s] -- TEST 9: ESP-NOW Receive from Board B --
[  14.93s]   Listening for 10 seconds...
[  24.93s]   Packets received: 62
[  24.93s]   RSSI range: [-51, -51] dBm
[  24.93s]   Last pattern_id: 0, seq: 26579
[  24.93s]   Source MAC: b4:3a:45:8a:c7:d4
[  24.93s]   Unique patterns seen: 3/4
[  24.93s]   OK (62 packets in 10s)
[  24.93s] 
[  24.93s] -- TEST 10: ESP-NOW -> GIE Live Input --
[  24.93s]   10a: Input encoding from live ESP-NOW data...
[  27.93s]   Input updates from ESP-NOW: 7 in 3s
[  27.93s]   First encoded input energy: 96 / 128 trits active
[  27.93s]   Input sample [0..15] RSSI: ++++++++--------
[  27.93s]   Input sample [16..23] pattern: 00000000
[  27.93s]   Input sample [24..31] payload: --------
[  27.93s]   10a: OK
[  27.93s] 
[  27.93s]   10b: GIE hidden state with live ESP-NOW input...
[  27.94s] [DIAG] 500us: agree=254 disagree=289 out_sel4=47 out_sel5=48 in101=0x84 in103=0x86 gpio_in=0x1103a348 cpu_agree=20 loop=0
[  27.94s] [DIAG] gdma: raw=0x1 st=0x0 ena=0x2 conf0=0x0 link=0x27468(park=0) peri=9
[  27.94s] [DIAG] gdma2: fifo=0x61 state=0x2e7648(dscr_st=3 out_st=2) eof_addr=0x40827624
[  27.94s] [DIAG] parlio: cfg=0x1a089b40(tx_start=1 bytelen=9936) st=0x80000000(tx_ready=1) int_raw=0x5(eof=1 rempty=1)
[  28.95s] [DIAG] 500us: agree=254 disagree=289 out_sel4=47 out_sel5=48 in101=0x84 in103=0x86 gpio_in=0x1103a348 cpu_agree=20 loop=0
[  28.95s] [DIAG] gdma: raw=0x1 st=0x0 ena=0x2 conf0=0x0 link=0x27468(park=0) peri=9
[  28.95s] [DIAG] gdma2: fifo=0x61 state=0x2e7648(dscr_st=3 out_st=2) eof_addr=0x40827624
[  28.95s] [DIAG] parlio: cfg=0x1a089b40(tx_start=1 bytelen=9936) st=0x80000000(tx_ready=1) int_raw=0x5(eof=1 rempty=1)
[  29.97s]   Static input: 430 loops, hidden energy=30
[  29.97s]   Live input: 440 loops, 11 input updates, hidden energy=31
[  29.97s]   Hamming distance (static vs live): 21 / 32
[  29.97s]   Static hidden: [+-+--+-----+-0-+++++-++0-+-+-++-]
[  29.97s]   Live hidden  : [-+----+++-+--+-++----+-++--+0--+]
[  29.97s]   10b: OK
[  29.97s] 
[  29.97s]   10c: Pattern-dependent hidden state trajectories...
[  29.98s] [DIAG] 500us: agree=254 disagree=289 out_sel4=47 out_sel5=48 in101=0x84 in103=0x86 gpio_in=0x1103a348 cpu_agree=20 loop=0
[  29.98s] [DIAG] gdma: raw=0x1 st=0x0 ena=0x2 conf0=0x0 link=0x27468(park=0) peri=9
[  29.98s] [DIAG] gdma2: fifo=0x61 state=0x2e7648(dscr_st=3 out_st=2) eof_addr=0x40827624
[  29.98s] [DIAG] parlio: cfg=0x1a089b40(tx_start=1 bytelen=9936) st=0x80000000(tx_ready=1) int_raw=0x5(eof=1 rempty=1)
[  30.99s]     window 0: pattern=1 (count=4), energy=30
[  30.99s] [DIAG] 500us: agree=254 disagree=289 out_sel4=47 out_sel5=48 in101=0x84 in103=0x86 gpio_in=0x1103a348 cpu_agree=20 loop=0
[  30.99s] [DIAG] gdma: raw=0x1 st=0x0 ena=0x2 conf0=0x0 link=0x27468(park=0) peri=9
[  30.99s] [DIAG] gdma2: fifo=0x61 state=0x2e7648(dscr_st=3 out_st=2) eof_addr=0x40827624
[  30.99s] [DIAG] parlio: cfg=0x1a089b40(tx_start=1 bytelen=9936) st=0x80000000(tx_ready=1) int_raw=0x5(eof=1 rempty=1)
[  32.00s]     window 1: pattern=1 (count=6), energy=31
[  32.01s] [DIAG] 500us: agree=254 disagree=289 out_sel4=47 out_sel5=48 in101=0x84 in103=0x86 gpio_in=0x11039348 cpu_agree=20 loop=0
[  32.01s] [DIAG] gdma: raw=0x1 st=0x0 ena=0x2 conf0=0x0 link=0x27468(park=0) peri=9
[  32.01s] [DIAG] gdma2: fifo=0x61 state=0x2e7648(dscr_st=3 out_st=2) eof_addr=0x40827624
[  32.01s] [DIAG] parlio: cfg=0x1a089b40(tx_start=1 bytelen=9936) st=0x80000000(tx_ready=1) int_raw=0x5(eof=1 rempty=1)
[  33.02s]     window 2: pattern=1 (count=3), energy=32
[  33.02s] [DIAG] 500us: agree=254 disagree=289 out_sel4=47 out_sel5=48 in101=0x84 in103=0x86 gpio_in=0x1103a348 cpu_agree=20 loop=0
[  33.02s] [DIAG] gdma: raw=0x1 st=0x0 ena=0x2 conf0=0x0 link=0x27468(park=0) peri=9
[  33.02s] [DIAG] gdma2: fifo=0x61 state=0x2e7648(dscr_st=3 out_st=2) eof_addr=0x40827624
[  33.02s] [DIAG] parlio: cfg=0x1a089b40(tx_start=1 bytelen=9936) st=0x80000000(tx_ready=1) int_raw=0x5(eof=1 rempty=1)
[  34.04s]     window 3: pattern=1 (count=6), energy=31
[  34.04s]   Cross-pattern pairs: 0, divergent: 0, max hamming: 0
[  34.04s]   Same-pattern pairs: 6
[  34.04s]   10c: OK
[  34.04s] 
[  34.04s]   10d: Full stack: ESP-NOW -> GIE -> LP core...
[  34.04s] [DIAG] 500us: agree=254 disagree=289 out_sel4=47 out_sel5=48 in101=0x84 in103=0x86 gpio_in=0x1103a348 cpu_agree=20 loop=0
[  34.04s] [DIAG] gdma: raw=0x1 st=0x0 ena=0x2 conf0=0x0 link=0x27468(park=0) peri=9
[  34.04s] [DIAG] gdma2: fifo=0x61 state=0x2e7648(dscr_st=3 out_st=2) eof_addr=0x40827624
[  34.04s] [DIAG] parlio: cfg=0x1a089b40(tx_start=1 bytelen=9936) st=0x80000000(tx_ready=1) int_raw=0x5(eof=1 rempty=1)
[  36.05s]   GIE loops: 863, LP feeds: 20, LP steps: 19
[  36.05s]   LP hidden energy: 15 / 16
[  36.05s]   LP final hidden: [+--+-0-+-++---++]
[  36.05s]   10d: OK
[  36.05s] 
[  36.05s]   OK
[  36.05s] 
[  36.05s] -- TEST 11: Pattern Classification (Stream CfC) --
[  36.06s] [DIAG] 500us: agree=254 disagree=289 out_sel4=47 out_sel5=48 in101=0x84 in103=0x86 gpio_in=0x1103a348 cpu_agree=20 loop=0
[  36.06s] [DIAG] gdma: raw=0x1 st=0x0 ena=0x2 conf0=0x0 link=0x27468(park=0) peri=9
[  36.06s] [DIAG] gdma2: fifo=0x61 state=0x2e7648(dscr_st=3 out_st=2) eof_addr=0x40827624
[  36.06s] [DIAG] parlio: cfg=0x1a089b40(tx_start=1 bytelen=9936) st=0x80000000(tx_ready=1) int_raw=0x5(eof=1 rempty=1)
[  36.06s]   Phase 0a: Observing input signatures (30s)...
[  66.06s]   Observed: 192 packets, 192 encoded, 12884 GIE loops
[  66.06s]   Per-pattern counts: P0=51 P1=24 P2=20 P3=97
[  66.07s]   Phase 0b: Computing TriX signatures...
[  66.07s]   sig[0]: [++++++++--------00000000--------...] nz=96/128 (from 51 samples, seq trits masked)
[  66.07s]   sig[1]: [++++++++--------00000000++++++++...] nz=96/128 (from 24 samples, seq trits masked)
[  66.07s]   sig[2]: [++++++++--------00000000+-+-+-+-...] nz=95/128 (from 20 samples, seq trits masked)
[  66.07s]   sig[3]: [++++++++--------00000000---++-+-...] nz=96/128 (from 97 samples, seq trits masked)
[  66.07s]   Signature pattern-ID trits [16..23]:
[  66.07s]     sig[0][16..23]: 00000000
[  66.07s]     sig[1][16..23]: 00000000
[  66.07s]     sig[2][16..23]: 00000000
[  66.07s]     sig[3][16..23]: 00000000
[  66.07s]   Signature cross-dots:
[  66.07s]     sig[0] vs: s0=96 s1=68 s2=31 s3=24
[  66.07s]     sig[1] vs: s0=68 s1=96 s2=21 s3=8
[  66.07s]     sig[2] vs: s0=31 s1=21 s2=95 s3=39
[  66.07s]     sig[3] vs: s0=24 s1=8 s2=39 s3=96
[  66.07s]   Ring drops: 71
[  66.07s] 
[  66.07s]   [TRIX] Overriding sig[] with TriX-trained signatures
[  66.07s]   [TRIX] sha256: 5695e5462979e848d1f5d7d5918ecf6eb2119385558c20d568f70de7bd55dde2
[  66.07s]   [TRIX] sig[0] density after masking: 78/128 trits
[  66.07s]   [TRIX] sig[1] density after masking: 95/128 trits
[  66.07s]   [TRIX] sig[2] density after masking: 45/128 trits
[  66.07s]   [TRIX] sig[3] density after masking: 60/128 trits
[  66.07s] 
[  66.07s]   Phase 0c: Installing signatures as W_f gate weights...
[  66.08s]   W_f weights set from signatures (8 neurons/pattern)
[  66.08s]   Gate threshold: 2147483647 (Phase 3: blend DISABLED, all neurons HOLD)
[  66.08s]   Neurons 0-7 → pattern 0
[  66.08s]   Neurons 8-15 → pattern 1
[  66.08s]   Neurons 16-23 → pattern 2
[  66.08s]   Neurons 24-31 → pattern 3
[  66.08s]   Gate selectivity: 0 fires / 32 steps = 0%
[  66.08s] 
[  66.08s]   GDMA offset calibration...
[  66.10s]   GDMA offset mapping: G0→P0 G1→P1 G2→P2 G3→P3
[  66.10s]   ISR groups:  [1, 22, 2, 37]
[  66.10s]   CPU patterns: [1, 22, 2, 37]
[  66.10s] 
[  66.10s]   Phase 0d: TriX Cube face observation (15s)...
[  81.11s]   TriX Cube face signatures:
[  81.11s]     +x:recent: 88 samples [P0=51 P1=24 P2=9 P3=4]
[  81.11s]     -x:prior: 84 samples [P0=24 P1=9 P2=0 P3=51]
[  81.11s]     +y:stable: 50 samples [P0=31 P1=14 P2=5 P3=0]
[  81.11s]     -y:transient: 13 samples [P0=5 P1=3 P2=1 P3=4]
[  81.11s]     +z:confident: 0 samples [P0=0 P1=0 P2=0 P3=0]
[  81.11s]     -z:uncertain: 64 samples [P0=51 P1=0 P2=9 P3=4]
[  81.11s]   Face divergence from core (avg Hamming across patterns):
[  81.11s]     +x:recent: 42 avg (4 patterns with data)
[  81.11s]     -x:prior: 48 avg (3 patterns with data)
[  81.11s]     +y:stable: 39 avg (3 patterns with data)
[  81.11s]     -y:transient: 44 avg (4 patterns with data)
[  81.11s]     +z:confident: 0 avg (0 patterns with data)
[  81.11s]     -z:uncertain: 51 avg (3 patterns with data)
[  81.11s]   Ring drops: 71
[  81.11s] 
[  81.11s]   Phase 1: TriX Cube ensemble (up to 32 samples, 60s)...
[  82.12s]     s01: truth=2 core=2 isr=2 | cv=[0,0,2,0] iv=[0,0,2,0] xor=[70,-,70,69,-,70]
[  83.12s]     s02: truth=3 core=3 isr=3 | cv=[0,0,0,8] iv=[0,0,0,8] xor=[51,53,60,51,-,51]
[  84.13s]     s03: truth=3 core=3 isr=3 | cv=[0,0,0,10] iv=[0,0,0,10] xor=[52,49,77,52,-,52]
[  85.13s]     s04: truth=3 core=3 isr=3 | cv=[0,0,0,10] iv=[0,0,0,10] xor=[55,44,104,55,-,55]
[  86.13s]     s05: truth=3 core=3 isr=3 | cv=[0,1,0,9] iv=[0,1,0,9] xor=[30,44,62,31,-,32]
[  87.14s]     s06: truth=3 core=3 isr=3 | cv=[0,0,0,10] iv=[0,0,0,10] xor=[31,42,37,31,-,31]
[  88.15s]     s07: truth=0 core=0 isr=0 | cv=[7,0,0,3] iv=[7,0,0,3] xor=[31,39,30,31,-,31]
[  89.15s]     s08: truth=0 core=0 isr=0 | cv=[10,0,0,0] iv=[10,0,0,0] xor=[18,31,19,19,-,18]
[  90.15s]     s09: truth=0 core=0 isr=0 | cv=[10,0,0,0] iv=[10,0,0,0] xor=[3,21,7,5,-,3]
[  91.15s]     s10: truth=0 core=0 isr=0 | cv=[10,0,0,0] iv=[10,0,0,0] xor=[3,21,6,4,-,3]
[  92.16s]     s11: truth=0 core=0 isr=0 | cv=[10,0,0,0] iv=[10,0,0,0] xor=[3,9,4,4,-,3]
[  93.17s]     s12: truth=0 core=0 isr=0 | cv=[4,3,0,0] iv=[4,3,0,0] xor=[8,23,8,13,-,33]
[  94.17s]     s13: truth=1 core=1 isr=1 | cv=[0,6,0,0] iv=[0,6,0,0] xor=[10,46,10,18,-,102]
[  95.17s]     s14: truth=1 core=1 isr=1 | cv=[0,3,0,0] iv=[0,3,0,0] xor=[6,42,6,13,-,109]
[  96.17s]     s15: truth=1 core=1 isr=1 | cv=[0,6,0,0] iv=[0,6,0,0] xor=[6,42,5,13,-,109]
[  97.18s]     s16: truth=1 core=1 isr=1 | cv=[0,4,0,0] iv=[0,4,0,0] xor=[6,42,3,13,-,109]
[  98.18s]     s17: truth=1 core=1 isr=1 | cv=[0,2,1,0] iv=[0,2,1,0] xor=[26,17,24,33,-,96]
[  99.19s]     s18: truth=2 core=2 isr=2 | cv=[0,0,2,0] iv=[0,0,2,0] xor=[70,45,70,69,-,70]
[ 100.20s]     s19: truth=2 core=2 isr=2 | cv=[0,0,2,0] iv=[0,0,2,0] xor=[70,45,70,69,-,70]
[ 101.21s]     s20: truth=2 core=2 isr=2 | cv=[0,0,2,0] iv=[0,0,2,0] xor=[70,45,70,69,-,70]
[ 102.21s]     s21: truth=2 core=2 isr=2 | cv=[0,0,2,0] iv=[0,0,2,0] xor=[70,45,70,69,-,70]
[ 103.22s]     s22: truth=2 core=2 isr=2 | cv=[0,0,2,0] iv=[0,0,2,0] xor=[15,108,17,17,-,15]
[ 104.22s]     s23: truth=3 core=3 isr=3 | cv=[0,0,0,10] iv=[0,0,0,10] xor=[24,34,27,24,-,24]
[ 105.23s]     s24: truth=3 core=2 isr=2 | cv=[0,0,6,4] iv=[0,0,6,4] xor=[16,76,24,17,-,16]
[ 106.23s]     s25: truth=3 core=3 isr=3 | cv=[0,1,4,5] iv=[0,1,4,5] xor=[11,54,9,13,-,21]
[ 107.23s]     s26: truth=3 core=2 isr=2 | cv=[0,0,7,3] iv=[0,0,7,3] xor=[8,83,8,15,-,8]
[ 108.23s]     s27: truth=3 core=2 isr=2 | cv=[0,0,8,2] iv=[0,0,8,2] xor=[6,34,2,13,-,6]
[ 109.23s]     s28: truth=0 core=0 isr=0 | cv=[9,0,1,0] iv=[9,0,1,0] xor=[3,4,3,6,-,3]
[ 110.23s]     s29: truth=0 core=0 isr=0 | cv=[10,0,0,0] iv=[10,0,0,0] xor=[5,7,5,3,-,5]
[ 111.23s]     s30: truth=0 core=0 isr=0 | cv=[10,0,0,0] iv=[10,0,0,0] xor=[4,3,4,3,-,4]
[ 112.23s]     s31: truth=0 core=0 isr=0 | cv=[10,0,0,0] iv=[10,0,0,0] xor=[2,3,5,5,-,2]
[ 113.23s]     s32: truth=0 core=0 isr=0 | cv=[10,0,0,0] iv=[10,0,0,0] xor=[3,2,3,1,-,3]
[ 113.23s] 
[ 113.24s]   ═══ CLASSIFICATION RESULTS (TriX Cube) ═══
[ 113.24s]   Total GIE loops: 36122
[ 113.24s]   TriX ISR classifications: 23222 (at 722 Hz)
[ 113.24s]   Test samples: 32
[ 113.24s]   Ring drops: 71
[ 113.24s]   Core (CPU per-pkt vote):   29/32 = 90%
[ 113.24s]   ISR  (HW 430 Hz TriX):     29/32 = 90% (all samples)
[ 113.24s]   ISR  (windows w/ data):    29/32 = 90% (239 pkts clean, 0 pkts timeout)
[ 113.24s]   TriX channel signals:      23222 (seq=23222)
[ 113.24s]   Baseline (packet-rate):    20/32 = 62%
[ 113.24s] 
[ 113.24s]   ── Novelty Detection ──
[ 113.24s]   Novel packets: 0 / 239 (0%)
[ 113.24s]   Novel windows: 0
[ 113.24s] 
[ 113.24s]   ── Online Maintenance ──
[ 113.24s]   Core re-signs: 14
[ 113.24s]   Core drift (Hamming):
[ 113.24s]     sig[0]: 33/128 trits
[ 113.24s]     sig[1]: 15/128 trits
[ 113.24s]     sig[2]: 75/128 trits
[ 113.24s]     sig[3]: 64/128 trits
[ 113.24s] 
[ 113.24s]   ── XOR Masks (temporal displacement per face) ──
[ 113.24s]     Face              avg  | rssi patid payload timing
[ 113.24s]     +x:recent           18/128 |  1/16  0/8  10/64    7/40
[ 113.24s]     -x:prior            34/128 |  2/16  0/8  22/64    9/40
[ 113.24s]     +y:stable           24/128 |  3/16  0/8  11/64    9/40
[ 113.24s]     -y:transient        20/128 |  1/16  0/8  10/64    9/40
[ 113.24s]     +z:confident         -     | (no data)
[ 113.24s]     -z:uncertain        28/128 |  2/16  0/8  16/64    9/40
[ 113.24s]     ── Signal distribution ──
[ 113.24s]     RSSI:    8% of mask weight
[ 113.24s]     PatID:   0% of mask weight
[ 113.24s]     Payload: 55% of mask weight
[ 113.24s]     Timing:  36% of mask weight
[ 113.24s] 
[ 113.24s]   ── TriX Cube Geometry ──
[ 113.24s]     +x:recent: 327 samples, 5 avg hamming from core
[ 113.24s]     -x:prior: 323 samples, 10 avg hamming from core
[ 113.24s]     +y:stable: 289 samples, 2 avg hamming from core
[ 113.24s]     -y:transient: 252 samples, 9 avg hamming from core
[ 113.24s]     +z:confident: 0 samples, 0 avg hamming from core
[ 113.25s]     -z:uncertain: 303 samples, 32 avg hamming from core
[ 113.25s]   Gate firing: 0%
[ 113.25s] 
[ 113.25s]   Architecture:
[ 113.25s]   - TriX ISR: HW classifies at 430 Hz (CfC blend DISABLED — Phase 3)
[ 113.25s]   - 7-voxel TriX Cube: core + 6 temporal faces
[ 113.25s]   - Faces: recent, prior, stable, transient, confident, uncertain
[ 113.25s]   - Core classifies alone. Faces compute XOR masks (intervention sensors)
[ 113.25s]   - XOR mask = trit positions where face sig != core sig
[ 113.25s]   - Online maintenance + novelty detection
[ 113.25s]   - Gate threshold=2147483647, novelty=60
[ 113.25s]   OK
[ 113.25s] 
[ 113.25s] -- TEST 12: Memory-Modulated Adaptive Attention --
[ 113.25s] [DIAG] 500us: agree=1287 disagree=88 out_sel4=47 out_sel5=48 in101=0x84 in103=0x86 gpio_in=0x2003a348 cpu_agree=20 loop=0
[ 113.25s] [DIAG] gdma: raw=0x1 st=0x0 ena=0x2 conf0=0x0 link=0x27468(park=0) peri=9
[ 113.25s] [DIAG] gdma2: fifo=0x61 state=0x2e7648(dscr_st=3 out_st=2) eof_addr=0x40827624
[ 113.25s] [DIAG] parlio: cfg=0x1a089b40(tx_start=1 bytelen=9936) st=0x80000000(tx_ready=1) int_raw=0x5(eof=1 rempty=1)
[ 113.25s]   blend re-enabled (threshold=90), VDB cleared, LP reset
[ 113.25s]   running 120s: classify → insert snapshot → LP feedback
