# RX-GIE boot capture 2026-05-16T08:17:57.266206 (DURATION_S=200)
[   0.10s] I (176) esp_image: segment 3: paddr=000d6a88 vaddr=408061f0 sizeESP-ROM:esp32c6-20220919
[   0.10s] Build:Sep 19 2022
[   0.10s] rst:0x15 (USB_UART_HPSYS),boot:0x1e (SPI_FAST_FLASH_BOOT)
[   0.10s] Saved PC:0x40806624
[   0.10s] SPIWP:0xee
[   0.10s] mode:DIO, clock div:2
[   0.10s] load:0x40875730,len:0x180c
[   0.10s] load:0x4086c110,len:0xfac
[   0.10s] load:0x4086e610,len:0x3154
[   0.10s] entry 0x4086c11a
[   0.10s] I (23) boot: ESP-IDF v5.4 2nd stage bootloader
[   0.11s] I (23) boot: compile time May 16 2026 08:17:01
[   0.11s] I (23) boot: chip revision: v0.2
[   0.11s] I (24) boot: efuse block revision: v0.3
[   0.11s] I (24) qio_mode: Enabling default flash chip QIO
[   0.11s] I (24) boot.esp32c6: SPI Speed      : 80MHz
[   0.11s] I (24) boot.esp32c6: SPI Mode       : QIO
[   0.11s] I (25) boot.esp32c6: SPI Flash Size : 2MB
[   0.11s] I (25) boot: Enabling RNG early entropy source...
[   0.11s] I (25) boot: Partition Table:
[   0.11s] I (25) boot: ## Label            Usage          Type ST Offset   Length
[   0.11s] I (26) boot:  0 nvs              WiFi data        01 02 00009000 00006000
[   0.11s] I (26) boot:  1 phy_init         RF data          01 01 0000f000 00001000
[   0.11s] I (27) boot:  2 factory          factory app      00 00 00010000 00100000
[   0.11s] I (27) boot: End of partition table
[   0.11s] I (28) esp_image: segment 0: paddr=00010020 vaddr=420a0020 size=21e00h (138752) map
[   0.11s] I (53) esp_image: segment 1: paddr=00031e28 vaddr=40800000 size=061f0h ( 25072) load
[   0.11s] I (59) esp_image: segment 2: paddr=00038020 vaddr=42000020 size=9ea60h (649824) map
[   0.18s] I (176) esp_image: segment 3: paddr=000d6a88 vaddr=408061f0 size=135ech ( 79340) load
[   0.20s] I (193) esp_image: segment 4: paddr=000ea07c vaddr=408197e0 size=03c24h ( 15396) load
[   0.20s] I (197) esp_image: segment 5: paddr=000edca8 vaddr=50003fc0 size=0000ch (    12) load
[   0.21s] I (204) boot: Loaded app from partition at offset 0x10000
[   0.21s] I (204) boot: Disabling RNG early entropy source...
[   0.22s] W (214) spi_flash: Detected size(4096k) larger than the size in the binary image header(2048k). Using the size in the binary image header.
[   8.22s] 
[   8.22s] ============================================================
[   8.22s]   FREE-RUNNING SUB-CPU NEURAL NETWORK
[   8.22s]   + LP CORE GEOMETRIC PROCESSOR
[   8.22s]   GIE (441 Hz HW) → LP core (100 Hz, 16MHz RISC-V, ~30uA)
[   8.22s]   Three-layer hierarchy: peripheral → geometric → CPU
[   8.22s] ============================================================
[   8.22s] 
[   8.22s] [INIT] GPIO 4-7...
[   8.22s] [INIT] ETM clock...
[   8.22s] [INIT] PARLIO TX (2-bit, 20MHz, loopback)...
[   8.22s] [INIT] PCNT (2 units)...
[   8.22s] [INIT] Timer...
[   8.22s] [INIT] GDMA channel detection...
[   8.22s] [GDMA] PARLIO owns CH0
[   8.22s] [INIT] GDMA ISR (free-running mode)...
[   8.22s] [GDMA ISR] OK — CH0 (source=69), LEVEL3
[   8.22s] [INIT] LP core binary (16320 bytes)...
[   8.23s] [INIT] LP core weights (after binary load)...
[   8.23s] [INIT] LP seed: 0xCAFE1234
[   8.23s] [LP] Geometric processor running (100 Hz, 16 MHz RISC-V)
[   8.23s] [INIT] ESP-NOW receiver...
[   8.33s] W (8385) wifi:ACK_TAB0   :0x   90a0b, QAM16:0x9 (24Mbps), QPSK:0xa (12Mbps), BPSK:0xb (6Mbps)
[   8.33s] W (8385) wifi:CTS_TAB0   :0x   90a0b, QAM16:0x9 (24Mbps), QPSK:0xa (12Mbps), BPSK:0xb (6Mbps)
[   8.33s] W (8386) wifi:(agc)0x600a7128:0xd200d800, min.avgNF:0xce->0xd2(dB), RCalCount:0xd, min.RRssi:0x800(-128.00)
[   8.33s] W (8386) wifi:(TB)WDEV_PWR_TB_MCS0:19
[   8.33s] W (8386) wifi:(TB)WDEV_PWR_TB_MCS1:19
[   8.33s] W (8387) wifi:(TB)WDEV_PWR_TB_MCS2:19
[   8.33s] W (8387) wifi:(TB)WDEV_PWR_TB_MCS3:19
[   8.33s] W (8387) wifi:(TB)WDEV_PWR_TB_MCS4:19
[   8.33s] W (8387) wifi:(TB)WDEV_PWR_TB_MCS5:19
[   8.33s] W (8387) wifi:(TB)WDEV_PWR_TB_MCS6:18
[   8.33s] W (8387) wifi:(TB)WDEV_PWR_TB_MCS7:18
[   8.33s] W (8387) wifi:(TB)WDEV_PWR_TB_MCS8:17
[   8.33s] W (8387) wifi:(TB)WDEV_PWR_TB_MCS9:15
[   8.33s] W (8388) wifi:(TB)WDEV_PWR_TB_MCS10:15
[   8.33s] W (8388) wifi:(TB)WDEV_PWR_TB_MCS11:15
[   8.33s] [ESPNOW] Listening on channel 1 (no AP connection)
[   8.33s] [INIT] Done.
[   8.33s] 
[   8.33s] [PRIME] Warming pipeline...
[   8.33s] [PRIME] Done.
[   8.33s] 
[   8.33s] -- TEST 1: Free-running loop count --
[   8.34s] [DIAG] 500us: agree=256 disagree=291 out_sel4=47 out_sel5=48 in101=0x84 in103=0x86 gpio_in=0x2003a348 cpu_agree=20 loop=0
[   8.34s] [DIAG] gdma: raw=0x1 st=0x0 ena=0x2 conf0=0x0 link=0x27468(park=0) peri=9
[   8.34s] [DIAG] gdma2: fifo=0x61 state=0x2e7648(dscr_st=3 out_st=2) eof_addr=0x40827624
[   8.34s] [DIAG] parlio: cfg=0x1a089b40(tx_start=1 bytelen=9936) st=0x80000000(tx_ready=1) int_raw=0x1(eof=0 rempty=1)
[   9.34s]   Loops completed: 430 in 1.003 s
[   9.34s]   Frequency: 428.9 Hz
[   9.34s]   Period: 2331.6 us per loop
[   9.34s]   OK
[   9.34s] 
[   9.34s] -- TEST 2: Hidden state evolves autonomously --
[   9.35s] [DIAG] 500us: agree=217 disagree=219 out_sel4=47 out_sel5=48 in101=0x84 in103=0x86 gpio_in=0x1103a348 cpu_agree=20 loop=0
[   9.35s] [DIAG] gdma: raw=0x1 st=0x0 ena=0x2 conf0=0x0 link=0x27468(park=0) peri=9
[   9.35s] [DIAG] gdma2: fifo=0x61 state=0x2e7648(dscr_st=3 out_st=2) eof_addr=0x40827624
[   9.35s] [DIAG] parlio: cfg=0x1a089b40(tx_start=1 bytelen=9936) st=0x80000000(tx_ready=1) int_raw=0x5(eof=1 rempty=1)
[   9.40s]   snap 0 (loop 22): energy=30
[   9.45s]   snap 1 (loop 43): delta=10 energy=31
[   9.50s]   snap 2 (loop 65): delta=1 energy=31
[   9.55s]   snap 3 (loop 86): delta=0 energy=31
[   9.60s]   snap 4 (loop 108): delta=2 energy=30
[   9.65s]   snap 5 (loop 129): delta=0 energy=30
[   9.70s]   snap 6 (loop 150): delta=0 energy=30
[   9.75s]   snap 7 (loop 172): delta=1 energy=31
[   9.75s]   final h: [-+---+-++-++--+---+0--++---++++-]
[   9.75s]   Total loops: 172
[   9.75s]   OK
[   9.75s] 
[   9.75s] -- TEST 3: Per-neuron dot accuracy (single loop) --
[   9.75s] [DIAG] 500us: agree=254 disagree=289 out_sel4=47 out_sel5=48 in101=0x84 in103=0x86 gpio_in=0x1103a348 cpu_agree=20 loop=0
[   9.75s] [DIAG] gdma: raw=0x1 st=0x0 ena=0x2 conf0=0x0 link=0x27468(park=0) peri=9
[   9.76s] [DIAG] gdma2: fifo=0x61 state=0x2e7648(dscr_st=3 out_st=2) eof_addr=0x40827624
[   9.76s] [DIAG] parlio: cfg=0x1a089b40(tx_start=1 bytelen=9936) st=0x80000000(tx_ready=1) int_raw=0x5(eof=1 rempty=1)
[   9.76s]   After warmup: 3 loops, base=4, cnt=69
[   9.76s]   Snapshot at loop 4 (base=4, cnt=69)
[   9.76s]   Raw captures [0..11]:
[   9.76s]     idx  agree  disagree  d_agree  d_disagree
[   9.76s]     [0]      0      0        +0       +0 (dummy)
[   9.76s]     [1]      0      0        +0       +0 (dummy)
[   9.76s]     [2]      0      0        +0       +0 (dummy)
[   9.76s]     [3]      0      0        +0       +0 (dummy)
[   9.76s]     [4]      0      0        +0       +0 (dummy)
[   9.76s]     [5]     21     32       +21      +32 (neuron 0)
[   9.77s]     [6]     53     61       +32      +29
[   9.77s]     [7]     81     84       +28      +23
[   9.77s]     [8]    107    115       +26      +31
[   9.77s]     [9]    138    142       +31      +27
[   9.77s]     [10]    166    178       +28      +36
[   9.77s]     [11]    199    201       +33      +23
[   9.77s] 
[   9.77s]   Dot errors: 0 / 64
[   9.77s]   Sign errors: 0 / 64
[   9.77s]   GIE dots[0..7]: -11 3 5 -5 4 -8 10 -16
[   9.77s]   CPU dots[0..7]: -11 3 5 -5 4 -8 10 -16
[   9.77s]   Sign match with offset 0: 64 / 64
[   9.77s]   Sign match with offset 1: 26 / 63
[   9.77s]   Sign match with offset 2: 29 / 62
[   9.77s]   Sign match with offset 3: 26 / 61
[   9.77s]   Sign match with offset 4: 20 / 60
[   9.77s]   OK
[   9.77s] 
[   9.77s] -- TEST 4: LP Core Geometric Processor --
[   9.77s] [DIAG] 500us: agree=254 disagree=289 out_sel4=47 out_sel5=48 in101=0x84 in103=0x86 gpio_in=0x1103a348 cpu_agree=20 loop=0
[   9.77s] [DIAG] gdma: raw=0x1 st=0x0 ena=0x2 conf0=0x0 link=0x27468(park=0) peri=9
[   9.77s] [DIAG] gdma2: fifo=0x61 state=0x2e7648(dscr_st=3 out_st=2) eof_addr=0x40827624
[   9.77s] [DIAG] parlio: cfg=0x1a089b40(tx_start=1 bytelen=9936) st=0x80000000(tx_ready=1) int_raw=0x5(eof=1 rempty=1)
[   9.78s]   Phase 1: GIE + LP core integration (300ms)...
[  10.07s]   4a: LP running: YES (steps=27)
[  10.07s]   4c: LP hidden energy: 13/16
[  10.07s]   LP hidden: [--+0--++00+----+]
[  10.07s]   LP decision: -1
[  10.07s] 
[  10.08s]   Phase 2: Deterministic single-step verification...
[  10.08s] [DIAG] 500us: agree=254 disagree=289 out_sel4=47 out_sel5=48 in101=0x84 in103=0x86 gpio_in=0x1103a348 cpu_agree=20 loop=0
[  10.08s] [DIAG] gdma: raw=0x1 st=0x0 ena=0x2 conf0=0x0 link=0x27468(park=0) peri=9
[  10.08s] [DIAG] gdma2: fifo=0x61 state=0x2e7648(dscr_st=3 out_st=2) eof_addr=0x40827624
[  10.08s] [DIAG] parlio: cfg=0x1a089b40(tx_start=1 bytelen=9936) st=0x80000000(tx_ready=1) int_raw=0x5(eof=1 rempty=1)
[  10.13s]   Known GIE hidden energy: 30/32
[  10.13s]   Known GIE hidden: [+-+--+-+---+-+--+++---+0-+-+-++0]
[  10.14s]   LP steps: 28 → 29 (delta=1)
[  10.14s]   4b: f-dots exact: 16/16, g-dots exact: 16/16
[  10.14s]   4b: f-dots sign:  14/14, g-dots sign:  11/11
[  10.14s]   LP  f-dots: -5 2 4 4 -2 1 2 2 0 2 -1 1 0 -4 5 -9
[  10.14s]   CPU f-dots: -5 2 4 4 -2 1 2 2 0 2 -1 1 0 -4 5 -9
[  10.14s]   LP  g-dots: 2 0 5 2 0 -3 2 0 2 2 1 0 0 -4 6 -2
[  10.14s]   CPU g-dots: 2 0 5 2 0 -3 2 0 2 2 1 0 0 -4 6 -2
[  10.14s]   OK
[  10.14s] 
[  10.14s] -- TEST 5: Ternary VDB — NSW Graph (M=7), 64 Nodes --
[  10.14s]   5a: Inserting 64 nodes (graph-aware, cmd=3)...
[  10.93s]   5a: Inserted 64 nodes — OK
[  10.93s] 
[  10.93s]   5b: Self-match recall@1 (64 queries)...
[  11.79s]   5b: 64/64 self-match recall@1 — OK
[  11.79s] 
[  11.79s]   5c: Recall measurement (20 random queries)...
[  11.80s]     q0: LP=[35,11,48,37] CPU=[35,11,37,48]
[  11.82s]     q1: LP=[15,63,31,53] CPU=[15,31,63,26]
[  11.83s]     q2: LP=[49,61,36,25] CPU=[49,36,61,25]
[  12.06s]   Recall@1: 19/20 = 95%
[  12.06s]   Recall@4: 72/80 = 90%
[  12.06s]   5c: OK (thresholds: r@1>=95%, r@4>=90%)
[  12.06s] 
[  12.06s]   5d: Visit count (graph vs brute-force)...
[  12.07s]   Graph search visited: 60 / 64 nodes
[  12.07s]   5d: OK (sub-linear: YES)
[  12.07s] 
[  12.07s]   5e: Connectivity (BFS from node 0)...
[  12.07s]   Reachable from node 0: 64 / 64
[  12.07s]   5e: OK
[  12.07s] 
[  12.07s]   5f: Latency benchmark (10 searches, N=64)...
[  12.21s]   Round-trip (includes LP wake jitter up to 10ms):
[  12.21s]     min=9988 us, max=14989 us, avg=13414 us
[  12.21s]   5f: OK
[  12.21s] 
[  12.21s]   OK
[  12.21s] 
[  12.21s] -- TEST 6: CfC -> VDB Pipeline (CMD 4) --
[  12.21s]   Setup: Inserting 32 vectors into VDB...
[  12.58s]   VDB has 32 nodes
[  12.58s] 
[  12.58s]   6a: Pipeline basic operation...
[  12.59s] [DIAG] 500us: agree=254 disagree=289 out_sel4=47 out_sel5=48 in101=0x84 in103=0x86 gpio_in=0x11039348 cpu_agree=20 loop=0
[  12.59s] [DIAG] gdma: raw=0x1 st=0x0 ena=0x2 conf0=0x0 link=0x27468(park=0) peri=9
[  12.59s] [DIAG] gdma2: fifo=0x61 state=0x2e7648(dscr_st=3 out_st=2) eof_addr=0x40827624
[  12.60s] [DIAG] parlio: cfg=0x1a089b40(tx_start=1 bytelen=9936) st=0x80000000(tx_ready=1) int_raw=0x5(eof=1 rempty=1)
[  12.64s]   step_count: 29 -> 30 (delta=1)
[  12.65s]   search_count: 95 -> 96 (delta=1)
[  12.65s]   Pipeline return: 0
[  12.65s]   Top-4 results: [5,17,30,24] scores=[7,7,6,6]
[  12.65s]   6a: OK
[  12.65s] 
[  12.65s]   6b: CfC determinism (cmd=4 vs cmd=1)...
[  12.67s]   cmd=1 hidden: [-0++0-+00+-00+++]
[  12.67s]   cmd=4 hidden: [-0++0-+00+-00+++]
[  12.67s]   Hidden match: YES
[  12.67s]   f-dots match: YES, g-dots match: YES
[  12.67s]   6b: OK
[  12.67s] 
[  12.67s]   6c: VDB consistency (pipeline vs standalone search)...
[  12.68s]   Pipeline: [5,17,30,24] scores=[7,7,6,6]
[  12.68s]   Standalone: [5,17,30,24] scores=[7,7,6,6]
[  12.68s]   Results match: YES
[  12.68s]   6c: OK
[  12.68s] 
[  12.68s]   6d: Sustained pipeline operation (10 steps)...
[  12.69s] [DIAG] 500us: agree=254 disagree=289 out_sel4=47 out_sel5=48 in101=0x84 in103=0x86 gpio_in=0x1103a348 cpu_agree=20 loop=0
[  12.69s] [DIAG] gdma: raw=0x1 st=0x0 ena=0x2 conf0=0x0 link=0x27468(park=0) peri=9
[  12.69s] [DIAG] gdma2: fifo=0x61 state=0x2e7648(dscr_st=3 out_st=2) eof_addr=0x40827624
[  12.69s] [DIAG] parlio: cfg=0x1a089b40(tx_start=1 bytelen=9936) st=0x80000000(tx_ready=1) int_raw=0x5(eof=1 rempty=1)
[  12.86s]   Pipeline steps completed: 10 / 10
[  12.86s]   step_count delta: 10
[  12.86s]   search_count delta: 10
[  12.86s]   Final LP hidden: [--+++---+++--+-0]
[  12.86s]   Final LP hidden energy: 15/16
[  12.86s]   6d: OK
[  12.86s] 
[  12.86s]   OK
[  12.86s] 
[  12.86s] -- TEST 7: Reflex Channel Coordination --
[  12.86s]   7a: Channel signals match loop count...
[  12.86s] [DIAG] 500us: agree=254 disagree=289 out_sel4=47 out_sel5=48 in101=0x84 in103=0x86 gpio_in=0x11038348 cpu_agree=20 loop=0
[  12.87s] [DIAG] gdma: raw=0x1 st=0x0 ena=0x2 conf0=0x0 link=0x27468(park=0) peri=9
[  12.87s] [DIAG] gdma2: fifo=0x61 state=0x2e7648(dscr_st=3 out_st=2) eof_addr=0x40827624
[  12.87s] [DIAG] parlio: cfg=0x1a089b40(tx_start=1 bytelen=9936) st=0x80000000(tx_ready=1) int_raw=0x5(eof=1 rempty=1)
[  12.98s]   Signals received: 50 / 50
[  12.98s]   Value mismatches: 0
[  12.98s]   Final loop_count: 51, channel value: 51, channel seq: 51
[  12.98s]   7a: OK
[  12.98s] 
[  12.98s]   7b: Signal latency (ISR -> main loop)...
[  12.99s] [DIAG] 500us: agree=254 disagree=289 out_sel4=47 out_sel5=48 in101=0x84 in103=0x86 gpio_in=0x1103a348 cpu_agree=20 loop=0
[  12.99s] [DIAG] gdma: raw=0x1 st=0x0 ena=0x2 conf0=0x0 link=0x27468(park=0) peri=9
[  12.99s] [DIAG] gdma2: fifo=0x61 state=0x2e7648(dscr_st=3 out_st=2) eof_addr=0x40827624
[  12.99s] [DIAG] parlio: cfg=0x1a089b40(tx_start=1 bytelen=9936) st=0x80000000(tx_ready=1) int_raw=0x5(eof=1 rempty=1)
[  13.22s]   Samples: 100
[  13.22s]   Latency (cycles): min=1991, max=2822, avg=2281
[  13.22s]   Latency (ns):     min=12443, max=17637, avg=14256
[  13.22s]   7b: OK
[  13.22s] 
[  13.22s]   7c: Hidden state consistency after channel wait...
[  13.23s] [DIAG] 500us: agree=254 disagree=289 out_sel4=47 out_sel5=48 in101=0x84 in103=0x86 gpio_in=0x1103a348 cpu_agree=20 loop=0
[  13.23s] [DIAG] gdma: raw=0x1 st=0x0 ena=0x2 conf0=0x0 link=0x27468(park=0) peri=9
[  13.23s] [DIAG] gdma2: fifo=0x61 state=0x2e7648(dscr_st=3 out_st=2) eof_addr=0x40827624
[  13.23s] [DIAG] parlio: cfg=0x1a089b40(tx_start=1 bytelen=9936) st=0x80000000(tx_ready=1) int_raw=0x5(eof=1 rempty=1)
[  13.25s]   Dot match: 64 / 64
[  13.25s]   Channel signaled: YES (seq 6 -> 7)
[  13.25s]   7c: OK
[  13.25s] 
[  13.25s]   7d: Channel-driven LP feeding (20 cycles)...
[  13.25s] [DIAG] 500us: agree=254 disagree=289 out_sel4=47 out_sel5=48 in101=0x84 in103=0x86 gpio_in=0x1103a348 cpu_agree=20 loop=0
[  13.25s] [DIAG] gdma: raw=0x1 st=0x0 ena=0x2 conf0=0x0 link=0x27468(park=0) peri=9
[  13.25s] [DIAG] gdma2: fifo=0x61 state=0x2e7648(dscr_st=3 out_st=2) eof_addr=0x40827624
[  13.25s] [DIAG] parlio: cfg=0x1a089b40(tx_start=1 bytelen=9936) st=0x80000000(tx_ready=1) int_raw=0x5(eof=1 rempty=1)
[  13.51s]   Channel-driven feeds: 20 / 20
[  13.51s]   LP step_count delta: 20
[  13.51s]   7d: OK
[  13.51s] 
[  13.51s]   OK
[  13.51s] 
[  13.52s] -- TEST 8: VDB -> CfC Feedback Loop (CMD 5) --
[  13.52s]   Setup: Inserting 32 vectors into VDB...
[  13.89s]   VDB has 32 nodes
[  13.89s] 
[  13.89s]   8a: Single feedback step (cmd=5)...
[  13.89s] [DIAG] 500us: agree=254 disagree=289 out_sel4=47 out_sel5=48 in101=0x84 in103=0x86 gpio_in=0x1103a348 cpu_agree=20 loop=0
[  13.89s] [DIAG] gdma: raw=0x1 st=0x0 ena=0x2 conf0=0x0 link=0x27468(park=0) peri=9
[  13.89s] [DIAG] gdma2: fifo=0x61 state=0x2e7648(dscr_st=3 out_st=2) eof_addr=0x40827624
[  13.90s] [DIAG] parlio: cfg=0x1a089b40(tx_start=1 bytelen=9936) st=0x80000000(tx_ready=1) int_raw=0x5(eof=1 rempty=1)
[  13.96s]   cmd=5 return: 0
[  13.96s]   step_count: 62 -> 63 (delta=1)
[  13.96s]   search_count: 108 -> 109 (delta=1)
[  13.96s]   fb_total_blends: 0 -> 0
[  13.96s]   fb_applied: 0
[  13.96s]   fb_source_id: 255
[  13.96s]   fb_score: 0
[  13.96s]   fb_blend_count: 0 trits modified
[  13.96s]   Top-4 results: [5,17,30,24] scores=[7,7,6,6]
[  13.96s]   LP hidden after feedback: [-0++0-+00+-00+++]
[  13.96s]   8a: OK
[  13.96s] 
[  13.96s]   8b: Feedback observability...
[  13.96s]   Applied: NO (best score 0 < threshold 8)
[  13.96s]   This is acceptable if no stored memory is similar enough.
[  13.96s]   8b: OK
[  13.96s] 
[  13.96s]   8c: Stability under sustained feedback (50 steps)...
[  13.97s] [DIAG] 500us: agree=254 disagree=289 out_sel4=47 out_sel5=48 in101=0x84 in103=0x86 gpio_in=0x1103a348 cpu_agree=20 loop=0
[  13.97s] [DIAG] gdma: raw=0x1 st=0x0 ena=0x2 conf0=0x0 link=0x27468(park=0) peri=9
[  13.97s] [DIAG] gdma2: fifo=0x61 state=0x2e7648(dscr_st=3 out_st=2) eof_addr=0x40827624
[  13.97s] [DIAG] parlio: cfg=0x1a089b40(tx_start=1 bytelen=9936) st=0x80000000(tx_ready=1) int_raw=0x5(eof=1 rempty=1)
[  14.03s]     step 0: e=10, delta=10, fb=0, score=0, src=255
[  14.16s]     step 10: e=10, delta=8, fb=1, score=10, src=17
[  14.29s]     step 20: e=8, delta=4, fb=1, score=8, src=12
[  14.41s]     step 30: e=9, delta=10, fb=1, score=16, src=17
[  14.54s]     step 40: e=13, delta=9, fb=1, score=17, src=17
[  14.66s]   Steps completed: 50 / 50
[  14.66s]   Feedback applied: 49 / 50 steps
[  14.66s]   Total blend operations: 49
[  14.66s]   Max change per step: 12 / 16 trits
[  14.66s]   Energy range: [8, 15] / 16
[  14.66s]   Unique states visited: 50
[  14.66s]   Final LP hidden: [00++++00++-0+0++]
[  14.66s]   8c: OK
[  14.66s] 
[  14.66s]   8d: Feedback vs no-feedback divergence...
[  14.91s]     step 0: hamming distance = 0
[  14.91s]     step 1: hamming distance = 5
[  14.91s]     step 2: hamming distance = 7
[  14.91s]     step 3: hamming distance = 8
[  14.91s]     step 4: hamming distance = 7
[  14.91s]     step 5: hamming distance = 9
[  14.91s]     step 6: hamming distance = 11
[  14.91s]     step 7: hamming distance = 10
[  14.91s]     step 8: hamming distance = 10
[  14.91s]     step 9: hamming distance = 10
[  14.91s]   First divergence at step: 1
[  14.92s]   Steps with different states: 9 / 10
[  14.92s]   No-feedback final: [--+++-+--+-+-+++]
[  14.92s]   Feedback final   : [0+++0-++0+0-+0+0]
[  14.92s]   8d: OK
[  14.92s] 
[  14.92s]   OK
[  14.92s] 
[  14.92s] -- TEST 9: ESP-NOW Receive from Board B --
[  14.92s]   Listening for 10 seconds...
[  24.91s]   Packets received: 46
[  24.91s]   RSSI range: [-54, -51] dBm
[  24.91s]   Last pattern_id: 3, seq: 19839
[  24.91s]   Source MAC: b4:3a:45:8a:c7:d4
[  24.91s]   Unique patterns seen: 3/4
[  24.91s]   OK (46 packets in 10s)
[  24.91s] 
[  24.91s] -- TEST 10: ESP-NOW -> GIE Live Input --
[  24.92s]   10a: Input encoding from live ESP-NOW data...
[  27.92s]   Input updates from ESP-NOW: 26 in 3s
[  27.92s]   First encoded input energy: 96 / 128 trits active
[  27.92s]   Input sample [0..15] RSSI: ++++++++--------
[  27.92s]   Input sample [16..23] pattern: 00000000
[  27.92s]   Input sample [24..31] payload: -------+
[  27.92s]   10a: OK
[  27.92s] 
[  27.92s]   10b: GIE hidden state with live ESP-NOW input...
[  27.92s] [DIAG] 500us: agree=254 disagree=289 out_sel4=47 out_sel5=48 in101=0x84 in103=0x86 gpio_in=0x1103a348 cpu_agree=20 loop=0
[  27.92s] [DIAG] gdma: raw=0x1 st=0x0 ena=0x2 conf0=0x0 link=0x27468(park=0) peri=9
[  27.92s] [DIAG] gdma2: fifo=0x61 state=0x2e7648(dscr_st=3 out_st=2) eof_addr=0x40827624
[  27.92s] [DIAG] parlio: cfg=0x1a089b40(tx_start=1 bytelen=9936) st=0x80000000(tx_ready=1) int_raw=0x5(eof=1 rempty=1)
[  28.93s] [DIAG] 500us: agree=254 disagree=289 out_sel4=47 out_sel5=48 in101=0x84 in103=0x86 gpio_in=0x1103a348 cpu_agree=20 loop=0
[  28.93s] [DIAG] gdma: raw=0x1 st=0x0 ena=0x2 conf0=0x0 link=0x27468(park=0) peri=9
[  28.93s] [DIAG] gdma2: fifo=0x61 state=0x2e7648(dscr_st=3 out_st=2) eof_addr=0x40827624
[  28.93s] [DIAG] parlio: cfg=0x1a089b40(tx_start=1 bytelen=9936) st=0x80000000(tx_ready=1) int_raw=0x5(eof=1 rempty=1)
[  29.95s]   Static input: 430 loops, hidden energy=30
[  29.95s]   Live input: 439 loops, 10 input updates, hidden energy=31
[  29.95s]   Hamming distance (static vs live): 17 / 32
[  29.95s]   Static hidden: [+-+--+-----+-0-+++++-++0-+-+-++-]
[  29.95s]   Live hidden  : [+++--++++-+---+---+--+0-------+-]
[  29.95s]   10b: OK
[  29.95s] 
[  29.95s]   10c: Pattern-dependent hidden state trajectories...
[  29.96s] [DIAG] 500us: agree=254 disagree=289 out_sel4=47 out_sel5=48 in101=0x84 in103=0x86 gpio_in=0x1103a348 cpu_agree=20 loop=0
[  29.96s] [DIAG] gdma: raw=0x1 st=0x0 ena=0x2 conf0=0x0 link=0x27468(park=0) peri=9
[  29.96s] [DIAG] gdma2: fifo=0x61 state=0x2e7648(dscr_st=3 out_st=2) eof_addr=0x40827624
[  29.96s] [DIAG] parlio: cfg=0x1a089b40(tx_start=1 bytelen=9936) st=0x80000000(tx_ready=1) int_raw=0x5(eof=1 rempty=1)
[  30.98s]     window 0: pattern=0 (count=10), energy=30
[  30.98s] [DIAG] 500us: agree=254 disagree=289 out_sel4=47 out_sel5=48 in101=0x84 in103=0x86 gpio_in=0x1103a348 cpu_agree=20 loop=0
[  30.99s] [DIAG] gdma: raw=0x1 st=0x0 ena=0x2 conf0=0x0 link=0x27468(park=0) peri=9
[  30.99s] [DIAG] gdma2: fifo=0x61 state=0x2e7648(dscr_st=3 out_st=2) eof_addr=0x40827624
[  30.99s] [DIAG] parlio: cfg=0x1a089b40(tx_start=1 bytelen=9936) st=0x80000000(tx_ready=1) int_raw=0x5(eof=1 rempty=1)
[  32.01s]     window 1: pattern=0 (count=11), energy=29
[  32.01s] [DIAG] 500us: agree=254 disagree=289 out_sel4=47 out_sel5=48 in101=0x84 in103=0x86 gpio_in=0x1103a348 cpu_agree=20 loop=0
[  32.01s] [DIAG] gdma: raw=0x1 st=0x0 ena=0x2 conf0=0x0 link=0x27468(park=0) peri=9
[  32.01s] [DIAG] gdma2: fifo=0x61 state=0x2e7648(dscr_st=3 out_st=2) eof_addr=0x40827624
[  32.01s] [DIAG] parlio: cfg=0x1a089b40(tx_start=1 bytelen=9936) st=0x80000000(tx_ready=1) int_raw=0x5(eof=1 rempty=1)
[  33.03s]     window 2: pattern=0 (count=5), energy=31
[  33.04s] [DIAG] 500us: agree=254 disagree=289 out_sel4=47 out_sel5=48 in101=0x84 in103=0x86 gpio_in=0x1103a348 cpu_agree=20 loop=0
[  33.04s] [DIAG] gdma: raw=0x1 st=0x0 ena=0x2 conf0=0x0 link=0x27468(park=0) peri=9
[  33.04s] [DIAG] gdma2: fifo=0x61 state=0x2e7648(dscr_st=3 out_st=2) eof_addr=0x40827624
[  33.04s] [DIAG] parlio: cfg=0x1a089b40(tx_start=1 bytelen=9936) st=0x80000000(tx_ready=1) int_raw=0x5(eof=1 rempty=1)
[  34.05s]     window 3: pattern=1 (count=6), energy=31
[  34.05s]   Cross-pattern pairs: 3, divergent: 3, max hamming: 12
[  34.05s]   Same-pattern pairs: 3
[  34.05s]   10c: OK
[  34.05s] 
[  34.05s]   10d: Full stack: ESP-NOW -> GIE -> LP core...
[  34.06s] [DIAG] 500us: agree=254 disagree=289 out_sel4=47 out_sel5=48 in101=0x84 in103=0x86 gpio_in=0x1103a348 cpu_agree=20 loop=0
[  34.06s] [DIAG] gdma: raw=0x1 st=0x0 ena=0x2 conf0=0x0 link=0x27468(park=0) peri=9
[  34.06s] [DIAG] gdma2: fifo=0x61 state=0x2e7648(dscr_st=3 out_st=2) eof_addr=0x40827624
[  34.06s] [DIAG] parlio: cfg=0x1a089b40(tx_start=1 bytelen=9936) st=0x80000000(tx_ready=1) int_raw=0x5(eof=1 rempty=1)
[  36.07s]   GIE loops: 864, LP feeds: 20, LP steps: 19
[  36.07s]   LP hidden energy: 16 / 16
[  36.07s]   LP final hidden: [-++-+-+++-+--+--]
[  36.07s]   10d: OK
[  36.07s] 
[  36.07s]   OK
[  36.07s] 
[  36.07s] -- TEST 11: Pattern Classification (Stream CfC) --
[  36.07s] [DIAG] 500us: agree=254 disagree=289 out_sel4=47 out_sel5=48 in101=0x84 in103=0x86 gpio_in=0x1103a348 cpu_agree=20 loop=0
[  36.07s] [DIAG] gdma: raw=0x1 st=0x0 ena=0x2 conf0=0x0 link=0x27468(park=0) peri=9
[  36.07s] [DIAG] gdma2: fifo=0x61 state=0x2e7648(dscr_st=3 out_st=2) eof_addr=0x40827624
[  36.08s] [DIAG] parlio: cfg=0x1a089b40(tx_start=1 bytelen=9936) st=0x80000000(tx_ready=1) int_raw=0x5(eof=1 rempty=1)
[  36.08s]   Phase 0a: Observing input signatures (30s)...
[  66.08s]   Observed: 173 packets, 173 encoded, 12885 GIE loops
[  66.08s]   Per-pattern counts: P0=51 P1=30 P2=22 P3=70
[  66.08s]   Phase 0b: Computing TriX signatures...
[  66.08s]   sig[0]: [++++++++--------00000000--------...] nz=96/128 (from 51 samples, seq trits masked)
[  66.08s]   sig[1]: [++++++++--------00000000++++++++...] nz=96/128 (from 30 samples, seq trits masked)
[  66.08s]   sig[2]: [++++++++--------00000000+-+-+-+-...] nz=95/128 (from 22 samples, seq trits masked)
[  66.08s]   sig[3]: [++++++++--------000000000--++---...] nz=76/128 (from 70 samples, seq trits masked)
[  66.08s]   Signature pattern-ID trits [16..23]:
[  66.08s]     sig[0][16..23]: 00000000
[  66.08s]     sig[1][16..23]: 00000000
[  66.08s]     sig[2][16..23]: 00000000
[  66.08s]     sig[3][16..23]: 00000000
[  66.08s]   Signature cross-dots:
[  66.08s]     sig[0] vs: s0=96 s1=70 s2=21 s3=58
[  66.09s]     sig[1] vs: s0=70 s1=96 s2=27 s3=42
[  66.09s]     sig[2] vs: s0=21 s1=27 s2=95 s3=19
[  66.09s]     sig[3] vs: s0=58 s1=42 s2=19 s3=76
[  66.09s]   Ring drops: 71
[  66.09s] 
[  66.09s]   [TRIX] Overriding sig[] with TriX-trained signatures
[  66.09s]   [TRIX] sha256: 6d992ac2d57251c3d8c91676983588618ffca2e6035ef3325344dda7f81e8b04
[  66.09s]   [TRIX] sig[0] density after masking: 96/128 trits
[  66.09s]   [TRIX] sig[1] density after masking: 96/128 trits
[  66.09s]   [TRIX] sig[2] density after masking: 94/128 trits
[  66.09s]   [TRIX] sig[3] density after masking: 96/128 trits
[  66.09s] 
[  66.09s]   Phase 0c: Installing signatures as W_f gate weights...
[  66.09s]   W_f weights set from signatures (8 neurons/pattern)
[  66.09s]   Gate threshold: 2147483647 (Phase 3: blend DISABLED, all neurons HOLD)
[  66.09s]   Neurons 0-7 → pattern 0
[  66.09s]   Neurons 8-15 → pattern 1
[  66.09s]   Neurons 16-23 → pattern 2
[  66.09s]   Neurons 24-31 → pattern 3
[  66.09s]   Gate selectivity: 0 fires / 32 steps = 0%
[  66.09s] 
[  66.09s]   GDMA offset calibration...
[  66.11s]   GDMA offset mapping: G0→P0 G1→P1 G2→P2 G3→P3
[  66.11s]   ISR groups:  [36, 32, 19, 14]
[  66.11s]   CPU patterns: [36, 32, 19, 14]
[  66.11s] 
[  66.11s]   Phase 0d: TriX Cube face observation (15s)...
[  81.12s]   TriX Cube face signatures:
[  81.12s]     +x:recent: 110 samples [P0=51 P1=24 P2=4 P3=31]
[  81.12s]     -x:prior: 79 samples [P0=24 P1=4 P2=0 P3=51]
[  81.12s]     +y:stable: 56 samples [P0=31 P1=14 P2=0 P3=11]
[  81.12s]     -y:transient: 14 samples [P0=5 P1=3 P2=1 P3=5]
[  81.12s]     +z:confident: 0 samples [P0=0 P1=0 P2=0 P3=0]
[  81.12s]     -z:uncertain: 31 samples [P0=0 P1=0 P2=0 P3=31]
[  81.12s]   Face divergence from core (avg Hamming across patterns):
[  81.12s]     +x:recent: 27 avg (4 patterns with data)
[  81.12s]     -x:prior: 40 avg (3 patterns with data)
[  81.12s]     +y:stable: 25 avg (3 patterns with data)
[  81.12s]     -y:transient: 32 avg (4 patterns with data)
[  81.12s]     +z:confident: 0 avg (0 patterns with data)
[  81.12s]     -z:uncertain: 62 avg (1 patterns with data)
[  81.12s]   Ring drops: 71
[  81.12s] 
[  81.12s]   Phase 1: TriX Cube ensemble (up to 32 samples, 60s)...
[  82.13s]     s01: truth=2 core=2 isr=2 | cv=[0,0,2,0] iv=[0,0,2,0] xor=[17,-,-,23,-,-]
[  83.14s]     s02: truth=2 core=2 isr=2 | cv=[0,0,2,0] iv=[0,0,2,0] xor=[17,94,94,23,-,94]
[  84.14s]     s03: truth=2 core=2 isr=2 | cv=[0,0,2,0] iv=[0,0,2,0] xor=[17,94,94,23,-,94]
[  86.15s]     s04: truth=3 core=0 isr=0 | cv=[10,0,0,0] iv=[10,0,0,0] xor=[16,27,16,16,-,96]
[  87.15s]     s05: truth=3 core=0 isr=0 | cv=[10,0,0,0] iv=[10,0,0,0] xor=[8,21,7,10,-,108]
[  88.16s]     s06: truth=3 core=0 isr=0 | cv=[10,0,0,0] iv=[10,0,0,0] xor=[7,21,6,11,-,110]
[  89.16s]     s07: truth=3 core=0 isr=0 | cv=[5,0,0,5] iv=[5,0,0,5] xor=[35,35,25,41,-,60]
[  90.16s]     s08: truth=3 core=0 isr=0 | cv=[8,0,0,2] iv=[8,0,0,2] xor=[19,23,11,24,-,47]
[  91.16s]     s09: truth=0 core=0 isr=0 | cv=[10,0,0,0] iv=[10,0,0,0] xor=[3,9,4,13,-,45]
[  92.16s]     s10: truth=0 core=0 isr=0 | cv=[10,0,0,0] iv=[10,0,0,0] xor=[2,9,4,7,-,45]
[  93.16s]     s11: truth=0 core=0 isr=0 | cv=[10,0,0,0] iv=[10,0,0,0] xor=[2,8,2,2,-,1]
[  94.16s]     s12: truth=0 core=0 isr=0 | cv=[10,0,0,0] iv=[10,0,0,0] xor=[3,3,2,5,-,3]
[  95.16s]     s13: truth=0 core=0 isr=0 | cv=[10,0,0,0] iv=[10,0,0,0] xor=[3,3,3,5,-,4]
[  96.17s]     s14: truth=1 core=1 isr=1 | cv=[1,6,0,0] iv=[1,6,0,0] xor=[8,36,8,14,-,88]
[  97.17s]     s15: truth=1 core=1 isr=1 | cv=[0,3,0,0] iv=[0,3,0,0] xor=[8,41,8,15,-,109]
[  98.18s]     s16: truth=1 core=1 isr=1 | cv=[0,6,0,0] iv=[0,6,0,0] xor=[8,41,8,15,-,109]
[  99.18s]     s17: truth=1 core=1 isr=1 | cv=[0,3,0,0] iv=[0,3,0,0] xor=[7,40,7,15,-,109]
[ 100.18s]     s18: truth=1 core=1 isr=1 | cv=[0,6,0,0] iv=[0,6,0,0] xor=[6,39,2,16,-,110]
[ 101.19s]     s19: truth=2 core=2 isr=2 | cv=[0,0,2,0] iv=[0,0,2,0] xor=[17,94,94,23,-,94]
[ 102.20s]     s20: truth=2 core=2 isr=2 | cv=[0,0,2,0] iv=[0,0,2,0] xor=[5,108,108,13,-,108]
[ 103.21s]     s21: truth=2 core=2 isr=2 | cv=[0,0,2,0] iv=[0,0,2,0] xor=[5,108,108,13,-,108]
[ 104.22s]     s22: truth=2 core=2 isr=2 | cv=[0,0,2,0] iv=[0,0,2,0] xor=[5,108,108,13,-,108]
[ 105.22s]     s23: truth=2 core=2 isr=2 | cv=[0,0,2,0] iv=[0,0,2,0] xor=[5,108,108,13,-,108]
[ 106.23s]     s24: truth=3 core=0 isr=0 | cv=[2,1,1,0] iv=[2,1,1,0] xor=[4,39,30,9,-,57]
[ 107.23s]     s25: truth=3 core=0 isr=0 | cv=[10,0,0,0] iv=[10,0,0,0] xor=[4,5,4,4,-,4]
[ 108.23s]     s26: truth=3 core=0 isr=0 | cv=[10,0,0,0] iv=[10,0,0,0] xor=[1,2,4,3,-,4]
[ 109.23s]     s27: truth=3 core=3 isr=3 | cv=[2,0,1,7] iv=[2,0,1,7] xor=[38,33,39,38,-,48]
[ 110.24s]     s28: truth=3 core=2 isr=2 | cv=[1,1,6,2] iv=[1,1,6,2] xor=[13,73,72,18,-,86]
[ 111.24s]     s29: truth=3 core=2 isr=2 | cv=[3,0,5,2] iv=[3,0,5,2] xor=[14,60,64,16,-,66]
[ 112.24s]     s30: truth=0 core=0 isr=0 | cv=[9,1,0,0] iv=[9,1,0,0] xor=[11,15,11,11,-,22]
[ 113.24s]     s31: truth=0 core=0 isr=0 | cv=[10,0,0,0] iv=[10,0,0,0] xor=[11,10,10,10,-,10]
[ 114.24s]     s32: truth=0 core=0 isr=0 | cv=[10,0,0,0] iv=[10,0,0,0] xor=[1,3,4,6,-,4]
[ 114.24s] 
[ 114.24s]   ═══ CLASSIFICATION RESULTS (TriX Cube) ═══
[ 114.24s]   Total GIE loops: 36621
[ 114.24s]   TriX ISR classifications: 23712 (at 715 Hz)
[ 114.24s]   Test samples: 32
[ 114.24s]   Ring drops: 71
[ 114.24s]   Core (CPU per-pkt vote):   22/32 = 68%
[ 114.24s]   ISR  (HW 430 Hz TriX):     22/32 = 68% (all samples)
[ 114.24s]   ISR  (windows w/ data):    22/32 = 68% (227 pkts clean, 0 pkts timeout)
[ 114.24s]   TriX channel signals:      23712 (seq=23712)
[ 114.24s]   Baseline (packet-rate):    19/32 = 59%
[ 114.24s] 
[ 114.24s]   ── Novelty Detection ──
[ 114.24s]   Novel packets: 0 / 227 (0%)
[ 114.24s]   Novel windows: 0
[ 114.24s] 
[ 114.24s]   ── Online Maintenance ──
[ 114.24s]   Core re-signs: 14
[ 114.24s]   Core drift (Hamming):
[ 114.24s]     sig[0]: 16/128 trits
[ 114.24s]     sig[1]: 14/128 trits
[ 114.24s]     sig[2]: 18/128 trits
[ 114.24s]     sig[3]: 37/128 trits
[ 114.24s] 
[ 114.24s]   ── XOR Masks (temporal displacement per face) ──
[ 114.25s]     Face              avg  | rssi patid payload timing
[ 114.25s]     +x:recent           10/128 |  0/16  0/8   4/64    6/40
[ 114.25s]     -x:prior            27/128 |  1/16  0/8  16/64    9/40
[ 114.25s]     +y:stable           20/128 |  1/16  0/8  10/64    8/40
[ 114.25s]     -y:transient        13/128 |  0/16  0/8   5/64    8/40
[ 114.25s]     +z:confident         -     | (no data)
[ 114.25s]     -z:uncertain        52/128 |  5/16  0/8  34/64   12/40
[ 114.25s]     ── Signal distribution ──
[ 114.25s]     RSSI:    7% of mask weight
[ 114.25s]     PatID:   0% of mask weight
[ 114.25s]     Payload: 56% of mask weight
[ 114.25s]     Timing:  35% of mask weight
[ 114.25s] 
[ 114.25s]   ── TriX Cube Geometry ──
[ 114.25s]     +x:recent: 337 samples, 15 avg hamming from core
[ 114.25s]     -x:prior: 306 samples, 44 avg hamming from core
[ 114.25s]     +y:stable: 283 samples, 38 avg hamming from core
[ 114.25s]     -y:transient: 241 samples, 20 avg hamming from core
[ 114.25s]     +z:confident: 0 samples, 0 avg hamming from core
[ 114.25s]     -z:uncertain: 258 samples, 68 avg hamming from core
[ 114.25s]   Gate firing: 0%
[ 114.25s] 
[ 114.25s]   Architecture:
[ 114.25s]   - TriX ISR: HW classifies at 430 Hz (CfC blend DISABLED — Phase 3)
[ 114.25s]   - 7-voxel TriX Cube: core + 6 temporal faces
[ 114.25s]   - Faces: recent, prior, stable, transient, confident, uncertain
[ 114.25s]   - Core classifies alone. Faces compute XOR masks (intervention sensors)
[ 114.25s]   - XOR mask = trit positions where face sig != core sig
[ 114.25s]   - Online maintenance + novelty detection
[ 114.25s]   - Gate threshold=2147483647, novelty=60
[ 114.25s]   OK
[ 114.25s] 
[ 114.25s] -- TEST 12: Memory-Modulated Adaptive Attention --
[ 114.25s] [DIAG] 500us: agree=1271 disagree=103 out_sel4=47 out_sel5=48 in101=0x84 in103=0x86 gpio_in=0x2003a348 cpu_agree=20 loop=0
[ 114.25s] [DIAG] gdma: raw=0x1 st=0x0 ena=0x2 conf0=0x0 link=0x27468(park=0) peri=9
[ 114.26s] [DIAG] gdma2: fifo=0x61 state=0x2e7648(dscr_st=3 out_st=2) eof_addr=0x40827624
[ 114.26s] [DIAG] parlio: cfg=0x1a089b40(tx_start=1 bytelen=9936) st=0x80000000(tx_ready=1) int_raw=0x5(eof=1 rempty=1)
[ 114.26s]   blend re-enabled (threshold=90), VDB cleared, LP reset
[ 114.26s]   running 120s: classify → insert snapshot → LP feedback
