I (175) esp_image: segment 3: paddr=000d50f8 vaddr=408069a0 sizeW (8378) wifi:ACK_TAB0   :0x   90a0b, QAM16:0x9 (24Mbps), QPSK:0xa (12Mbps), BPSK:0xb (6Mbps)
W (8379) wifi:CTS_TAB0   :0x   90a0b, QAM16:0x9 (24Mbps), QPSK:0xa (12Mbps), BPSK:0xb (6Mbps)
W (8379) wifi:(agc)0x600a7128:0xd21bc9e2, min.avgNF:0xce->0xd2(dB), RCalCount:0x1bb, min.RRssi:0x9e2(-97.88)
W (8380) wifi:(TB)WDEV_PWR_TB_MCS0:19
W (8380) wifi:(TB)WDEV_PWR_TB_MCS1:19
W (8380) wifi:(TB)WDEV_PWR_TB_MCS2:19
W (8380) wifi:(TB)WDEV_PWR_TB_MCS3:19
W (8380) wifi:(TB)WDEV_PWR_TB_MCS4:19
W (8380) wifi:(TB)WDEV_PWR_TB_MCS5:19
W (8381) wifi:(TB)WDEV_PWR_TB_MCS6:18
W (8381) wifi:(TB)WDEV_PWR_TB_MCS7:18
W (8381) wifi:(TB)WDEV_PWR_TB_MCS8:17
W (8381) wifi:(TB)WDEV_PWR_TB_MCS9:15
W (8381) wifi:(TB)WDEV_PWR_TB_MCS10:15
W (8381) wifi:(TB)WDEV_PWR_TB_MCS11:15
[ESPNOW] Listening on channel 1 (no AP connection)
[INIT] Done.

[PRIME] Warming pipeline...
[PRIME] Done.

-- TEST 1: Free-running loop count --
[DIAG] 500us: agree=256 disagree=291 out_sel4=47 out_sel5=48 in101=0x84 in103=0x86 gpio_in=0x66038348 cpu_agree=20 loop=0
[DIAG] gdma: raw=0x1 st=0x0 ena=0x2 conf0=0x0 link=0x273e8(park=0) peri=9
[DIAG] gdma2: fifo=0x61 state=0x2e75c8(dscr_st=3 out_st=2) eof_addr=0x408275a4
[DIAG] parlio: cfg=0x1a089b40(tx_start=1 bytelen=9936) st=0x80000000(tx_ready=1) int_raw=0x1(eof=0 rempty=1)
  Loops completed: 430 in 1.003 s
  Frequency: 428.6 Hz
  Period: 2333.0 us per loop
  OK

-- TEST 2: Hidden state evolves autonomously --
[DIAG] 500us: agree=217 disagree=219 out_sel4=47 out_sel5=48 in101=0x84 in103=0x86 gpio_in=0x1103a348 cpu_agree=20 loop=0
[DIAG] gdma: raw=0x1 st=0x0 ena=0x2 conf0=0x0 link=0x273e8(park=0) peri=9
[DIAG] gdma2: fifo=0x61 state=0x2e75c8(dscr_st=3 out_st=2) eof_addr=0x408275a4
[DIAG] parlio: cfg=0x1a089b40(tx_start=1 bytelen=9936) st=0x80000000(tx_ready=1) int_raw=0x5(eof=1 rempty=1)
  snap 0 (loop 22): energy=30
  snap 1 (loop 43): delta=10 energy=31
  snap 2 (loop 65): delta=1 energy=31
  snap 3 (loop 86): delta=0 energy=31
  snap 4 (loop 108): delta=2 energy=30
  snap 5 (loop 129): delta=0 energy=30
  snap 6 (loop 150): delta=0 energy=30
  snap 7 (loop 172): delta=1 energy=31
  final h: [-+---+-++-++--+---+0--++---++++-]
  Total loops: 172
  OK

-- TEST 3: Per-neuron dot accuracy (single loop) --
[DIAG] 500us: agree=254 disagree=289 out_sel4=47 out_sel5=48 in101=0x84 in103=0x86 gpio_in=0x1103a348 cpu_agree=20 loop=0
[DIAG] gdma: raw=0x1 st=0x0 ena=0x2 conf0=0x0 link=0x273e8(park=0) peri=9
[DIAG] gdma2: fifo=0x61 state=0x2e75c8(dscr_st=3 out_st=2) eof_addr=0x408275a4
[DIAG] parlio: cfg=0x1a089b40(tx_start=1 bytelen=9936) st=0x80000000(tx_ready=1) int_raw=0x5(eof=1 rempty=1)
  After warmup: 3 loops, base=4, cnt=69
  Snapshot at loop 4 (base=4, cnt=69)
  Raw captures [0..11]:
    idx  agree  disagree  d_agree  d_disagree
    [0]      0      0        +0       +0 (dummy)
    [1]      0      0        +0       +0 (dummy)
    [2]      0      0        +0       +0 (dummy)
    [3]      0      0        +0       +0 (dummy)
    [4]      0      0        +0       +0 (dummy)
    [5]     21     32       +21      +32 (neuron 0)
    [6]     53     61       +32      +29
    [7]     81     84       +28      +23
    [8]    107    115       +26      +31
    [9]    138    142       +31      +27
    [10]    166    178       +28      +36
    [11]    199    201       +33      +23

  Dot errors: 0 / 64
  Sign errors: 0 / 64
  GIE dots[0..7]: -11 3 5 -5 4 -8 10 -16
  CPU dots[0..7]: -11 3 5 -5 4 -8 10 -16
  Sign match with offset 0: 64 / 64
  Sign match with offset 1: 26 / 63
  Sign match with offset 2: 29 / 62
  Sign match with offset 3: 26 / 61
  Sign match with offset 4: 20 / 60
  OK

-- TEST 4: LP Core Geometric Processor --
[DIAG] 500us: agree=254 disagree=289 out_sel4=47 out_sel5=48 in101=0x84 in103=0x86 gpio_in=0x11039348 cpu_agree=20 loop=0
[DIAG] gdma: raw=0x1 st=0x0 ena=0x2 conf0=0x0 link=0x273e8(park=0) peri=9
[DIAG] gdma2: fifo=0x61 state=0x2e75c8(dscr_st=3 out_st=2) eof_addr=0x408275a4
[DIAG] parlio: cfg=0x1a089b40(tx_start=1 bytelen=9936) st=0x80000000(tx_ready=1) int_raw=0x5(eof=1 rempty=1)
  Phase 1: GIE + LP core integration (300ms)...
  4a: LP running: YES (steps=27)
  4c: LP hidden energy: 14/16
  LP hidden: [--+++-+----0+0++]
  LP decision: 0

  Phase 2: Deterministic single-step verification...
[DIAG] 500us: agree=256 disagree=291 out_sel4=47 out_sel5=48 in101=0x84 in103=0x86 gpio_in=0x11038348 cpu_agree=20 loop=0
[DIAG] gdma: raw=0x1 st=0x0 ena=0x2 conf0=0x0 link=0x273e8(park=0) peri=9
[DIAG] gdma2: fifo=0x61 state=0x2e75c8(dscr_st=3 out_st=2) eof_addr=0x408275a4
[DIAG] parlio: cfg=0x1a089b40(tx_start=1 bytelen=9936) st=0x80000000(tx_ready=1) int_raw=0x5(eof=1 rempty=1)
  Known GIE hidden energy: 30/32
  Known GIE hidden: [+-+--+-+---+-+--+++---+0-+-+-++0]
  LP steps: 28 → 29 (delta=1)
  4b: f-dots exact: 16/16, g-dots exact: 16/16
  4b: f-dots sign:  14/14, g-dots sign:  11/11
  LP  f-dots: -5 2 4 4 -2 1 2 2 0 2 -1 1 0 -4 5 -9
  CPU f-dots: -5 2 4 4 -2 1 2 2 0 2 -1 1 0 -4 5 -9
  LP  g-dots: 2 0 5 2 0 -3 2 0 2 2 1 0 0 -4 6 -2
  CPU g-dots: 2 0 5 2 0 -3 2 0 2 2 1 0 0 -4 6 -2
  OK

-- TEST 5: Ternary VDB — NSW Graph (M=7), 64 Nodes --
  5a: Inserting 64 nodes (graph-aware, cmd=3)...
  5a: Inserted 64 nodes — OK

  5b: Self-match recall@1 (64 queries)...
  5b: 64/64 self-match recall@1 — OK

  5c: Recall measurement (20 random queries)...
    q0: LP=[35,11,48,37] CPU=[35,11,37,48]
    q1: LP=[15,63,31,53] CPU=[15,31,63,26]
    q2: LP=[49,61,36,25] CPU=[49,36,61,25]
  Recall@1: 19/20 = 95%
  Recall@4: 72/80 = 90%
  5c: OK (thresholds: r@1>=95%, r@4>=90%)

  5d: Visit count (graph vs brute-force)...
  Graph search visited: 60 / 64 nodes
  5d: OK (sub-linear: YES)

  5e: Connectivity (BFS from node 0)...
  Reachable from node 0: 64 / 64
  5e: OK

  5f: Latency benchmark (10 searches, N=64)...
  Round-trip (includes LP wake jitter up to 10ms):
    min=9988 us, max=14988 us, avg=13914 us
  5f: OK

  OK

-- TEST 6: CfC -> VDB Pipeline (CMD 4) --
  Setup: Inserting 32 vectors into VDB...
  VDB has 32 nodes

  6a: Pipeline basic operation...
[DIAG] 500us: agree=254 disagree=289 out_sel4=47 out_sel5=48 in101=0x84 in103=0x86 gpio_in=0x1103a348 cpu_agree=20 loop=0
[DIAG] gdma: raw=0x1 st=0x0 ena=0x2 conf0=0x0 link=0x273e8(park=0) peri=9
[DIAG] gdma2: fifo=0x61 state=0x2e75c8(dscr_st=3 out_st=2) eof_addr=0x408275a4
[DIAG] parlio: cfg=0x1a089b40(tx_start=1 bytelen=9936) st=0x80000000(tx_ready=1) int_raw=0x5(eof=1 rempty=1)
  step_count: 29 -> 30 (delta=1)
  search_count: 95 -> 96 (delta=1)
  Pipeline return: 0
  Top-4 results: [5,17,30,24] scores=[7,7,6,6]
  6a: OK

  6b: CfC determinism (cmd=4 vs cmd=1)...
  cmd=1 hidden: [-0++0-+00+-00+++]
  cmd=4 hidden: [-0++0-+00+-00+++]
  Hidden match: YES
  f-dots match: YES, g-dots match: YES
  6b: OK

  6c: VDB consistency (pipeline vs standalone search)...
  Pipeline: [5,17,30,24] scores=[7,7,6,6]
  Standalone: [5,17,30,24] scores=[7,7,6,6]
  Results match: YES
  6c: OK

  6d: Sustained pipeline operation (10 steps)...
[DIAG] 500us: agree=254 disagree=289 out_sel4=47 out_sel5=48 in101=0x84 in103=0x86 gpio_in=0x11039348 cpu_agree=20 loop=0
[DIAG] gdma: raw=0x1 st=0x0 ena=0x2 conf0=0x0 link=0x273e8(park=0) peri=9
[DIAG] gdma2: fifo=0x61 state=0x2e75c8(dscr_st=3 out_st=2) eof_addr=0x408275a4
[DIAG] parlio: cfg=0x1a089b40(tx_start=1 bytelen=9936) st=0x80000000(tx_ready=1) int_raw=0x5(eof=1 rempty=1)
  Pipeline steps completed: 10 / 10
  step_count delta: 10
  search_count delta: 10
  Final LP hidden: [--++--0-++-++-++]
  Final LP hidden energy: 15/16
  6d: OK

  OK

-- TEST 7: Reflex Channel Coordination --
  7a: Channel signals match loop count...
[DIAG] 500us: agree=256 disagree=291 out_sel4=47 out_sel5=48 in101=0x84 in103=0x86 gpio_in=0x1103a348 cpu_agree=20 loop=0
[DIAG] gdma: raw=0x1 st=0x0 ena=0x2 conf0=0x0 link=0x273e8(park=0) peri=9
[DIAG] gdma2: fifo=0x61 state=0x2e75c8(dscr_st=3 out_st=2) eof_addr=0x408275a4
[DIAG] parlio: cfg=0x1a089b40(tx_start=1 bytelen=9936) st=0x80000000(tx_ready=1) int_raw=0x5(eof=1 rempty=1)
  Signals received: 50 / 50
  Value mismatches: 0
  Final loop_count: 51, channel value: 51, channel seq: 51
  7a: OK

  7b: Signal latency (ISR -> main loop)...
[DIAG] 500us: agree=254 disagree=289 out_sel4=47 out_sel5=48 in101=0x84 in103=0x86 gpio_in=0x11039348 cpu_agree=20 loop=0
[DIAG] gdma: raw=0x1 st=0x0 ena=0x2 conf0=0x0 link=0x273e8(park=0) peri=9
[DIAG] gdma2: fifo=0x61 state=0x2e75c8(dscr_st=3 out_st=2) eof_addr=0x408275a4
[DIAG] parlio: cfg=0x1a089b40(tx_start=1 bytelen=9936) st=0x80000000(tx_ready=1) int_raw=0x5(eof=1 rempty=1)
  Samples: 100
  Latency (cycles): min=1991, max=7928, avg=2348
  Latency (ns):     min=12443, max=49550, avg=14675
  7b: OK

  7c: Hidden state consistency after channel wait...
[DIAG] 500us: agree=254 disagree=289 out_sel4=47 out_sel5=48 in101=0x84 in103=0x86 gpio_in=0x11039348 cpu_agree=20 loop=0
[DIAG] gdma: raw=0x1 st=0x0 ena=0x2 conf0=0x0 link=0x273e8(park=0) peri=9
[DIAG] gdma2: fifo=0x61 state=0x2e75c8(dscr_st=3 out_st=2) eof_addr=0x408275a4
[DIAG] parlio: cfg=0x1a089b40(tx_start=1 bytelen=9936) st=0x80000000(tx_ready=1) int_raw=0x5(eof=1 rempty=1)
  Dot match: 64 / 64
  Channel signaled: YES (seq 6 -> 7)
  7c: OK

  7d: Channel-driven LP feeding (20 cycles)...
[DIAG] 500us: agree=254 disagree=289 out_sel4=47 out_sel5=48 in101=0x84 in103=0x86 gpio_in=0x1103a348 cpu_agree=20 loop=0
[DIAG] gdma: raw=0x1 st=0x0 ena=0x2 conf0=0x0 link=0x273e8(park=0) peri=9
[DIAG] gdma2: fifo=0x61 state=0x2e75c8(dscr_st=3 out_st=2) eof_addr=0x408275a4
[DIAG] parlio: cfg=0x1a089b40(tx_start=1 bytelen=9936) st=0x80000000(tx_ready=1) int_raw=0x5(eof=1 rempty=1)
  Channel-driven feeds: 20 / 20
  LP step_count delta: 20
  7d: OK

  OK

-- TEST 8: VDB -> CfC Feedback Loop (CMD 5) --
  Setup: Inserting 32 vectors into VDB...
  VDB has 32 nodes

  8a: Single feedback step (cmd=5)...
[DIAG] 500us: agree=254 disagree=289 out_sel4=47 out_sel5=48 in101=0x84 in103=0x86 gpio_in=0x1103a348 cpu_agree=20 loop=0
[DIAG] gdma: raw=0x1 st=0x0 ena=0x2 conf0=0x0 link=0x273e8(park=0) peri=9
[DIAG] gdma2: fifo=0x61 state=0x2e75c8(dscr_st=3 out_st=2) eof_addr=0x408275a4
[DIAG] parlio: cfg=0x1a089b40(tx_start=1 bytelen=9936) st=0x80000000(tx_ready=1) int_raw=0x5(eof=1 rempty=1)
  cmd=5 return: 0
  step_count: 62 -> 63 (delta=1)
  search_count: 108 -> 109 (delta=1)
  fb_total_blends: 0 -> 0
  fb_applied: 0
  fb_source_id: 255
  fb_score: 0
  fb_blend_count: 0 trits modified
  Top-4 results: [5,17,30,24] scores=[7,7,6,6]
  LP hidden after feedback: [-0++0-+00+-00+++]
  8a: OK

  8b: Feedback observability...
  Applied: NO (best score 0 < threshold 8)
  This is acceptable if no stored memory is similar enough.
  8b: OK

  8c: Stability under sustained feedback (50 steps)...
[DIAG] 500us: agree=254 disagree=289 out_sel4=47 out_sel5=48 in101=0x84 in103=0x86 gpio_in=0x1103a348 cpu_agree=20 loop=0
[DIAG] gdma: raw=0x1 st=0x0 ena=0x2 conf0=0x0 link=0x273e8(park=0) peri=9
[DIAG] gdma2: fifo=0x61 state=0x2e75c8(dscr_st=3 out_st=2) eof_addr=0x408275a4
[DIAG] parlio: cfg=0x1a089b40(tx_start=1 bytelen=9936) st=0x80000000(tx_ready=1) int_raw=0x5(eof=1 rempty=1)
    step 0: e=10, delta=10, fb=0, score=0, src=255
    step 10: e=10, delta=4, fb=1, score=14, src=17
    step 20: e=12, delta=7, fb=1, score=12, src=6
    step 30: e=12, delta=6, fb=1, score=15, src=5
    step 40: e=8, delta=10, fb=1, score=9, src=17
  Steps completed: 50 / 50
  Feedback applied: 49 / 50 steps
  Total blend operations: 49
  Max change per step: 12 / 16 trits
  Energy range: [7, 14] / 16
  Unique states visited: 50
  Final LP hidden: [-0+-0+0++00-0-++]
  8c: OK

  8d: Feedback vs no-feedback divergence...
    step 0: hamming distance = 0
    step 1: hamming distance = 5
    step 2: hamming distance = 7
    step 3: hamming distance = 8
    step 4: hamming distance = 7
    step 5: hamming distance = 9
    step 6: hamming distance = 11
    step 7: hamming distance = 10
    step 8: hamming distance = 10
    step 9: hamming distance = 10
  First divergence at step: 1
  Steps with different states: 9 / 10
  No-feedback final: [--+++-+--+-+-+++]
  Feedback final   : [0+++0-++0+0-+0+0]
  8d: OK

  OK

-- TEST 9: ESP-NOW Receive from Board B --
  Listening for 10 seconds...
  Packets received: 39
  RSSI range: [-53, -52] dBm
  Last pattern_id: 3, seq: 78463
  Source MAC: b4:3a:45:8a:c8:24
  Unique patterns seen: 3/4
  OK (39 packets in 10s)

-- TEST 10: ESP-NOW -> GIE Live Input --
  10a: Input encoding from live ESP-NOW data...
  Input updates from ESP-NOW: 29 in 3s
  First encoded input energy: 103 / 128 trits active
  Input sample [0..15] RSSI: +++++++0--------
  Input sample [16..23] pattern: ------++
  Input sample [24..31] payload: -------+
  10a: OK

  10b: GIE hidden state with live ESP-NOW input...
[DIAG] 500us: agree=256 disagree=291 out_sel4=47 out_sel5=48 in101=0x84 in103=0x86 gpio_in=0x6603a348 cpu_agree=20 loop=0
[DIAG] gdma: raw=0x1 st=0x0 ena=0x2 conf0=0x0 link=0x273e8(park=0) peri=9
[DIAG] gdma2: fifo=0x61 state=0x2e75c8(dscr_st=3 out_st=2) eof_addr=0x408275a4
[DIAG] parlio: cfg=0x1a089b40(tx_start=1 bytelen=9936) st=0x80000000(tx_ready=1) int_raw=0x5(eof=1 rempty=1)
[DIAG] 500us: agree=254 disagree=289 out_sel4=47 out_sel5=48 in101=0x84 in103=0x86 gpio_in=0x1103a348 cpu_agree=20 loop=0
[DIAG] gdma: raw=0x1 st=0x0 ena=0x2 conf0=0x0 link=0x273e8(park=0) peri=9
[DIAG] gdma2: fifo=0x61 state=0x2e75c8(dscr_st=3 out_st=2) eof_addr=0x408275a4
[DIAG] parlio: cfg=0x1a089b40(tx_start=1 bytelen=9936) st=0x80000000(tx_ready=1) int_raw=0x5(eof=1 rempty=1)
  Static input: 430 loops, hidden energy=30
  Live input: 439 loops, 10 input updates, hidden energy=32
  Hamming distance (static vs live): 15 / 32
  Static hidden: [+-+--+-----+-0-+++++-++0-+-+-++-]
  Live hidden  : [+++-+-+-+-++-+--+----+++-----+--]
  10b: OK

  10c: Pattern-dependent hidden state trajectories...
[DIAG] 500us: agree=254 disagree=289 out_sel4=47 out_sel5=48 in101=0x84 in103=0x86 gpio_in=0x1103a348 cpu_agree=20 loop=0
[DIAG] gdma: raw=0x1 st=0x0 ena=0x2 conf0=0x0 link=0x273e8(park=0) peri=9
[DIAG] gdma2: fifo=0x61 state=0x2e75c8(dscr_st=3 out_st=2) eof_addr=0x408275a4
[DIAG] parlio: cfg=0x1a089b40(tx_start=1 bytelen=9936) st=0x80000000(tx_ready=1) int_raw=0x5(eof=1 rempty=1)
    window 0: pattern=0 (count=11), energy=31
[DIAG] 500us: agree=254 disagree=289 out_sel4=47 out_sel5=48 in101=0x84 in103=0x86 gpio_in=0x1103a348 cpu_agree=20 loop=0
[DIAG] gdma: raw=0x1 st=0x0 ena=0x2 conf0=0x0 link=0x273e8(park=0) peri=9
[DIAG] gdma2: fifo=0x61 state=0x2e75c8(dscr_st=3 out_st=2) eof_addr=0x408275a4
[DIAG] parlio: cfg=0x1a089b40(tx_start=1 bytelen=9936) st=0x80000000(tx_ready=1) int_raw=0x5(eof=1 rempty=1)
    window 1: pattern=0 (count=10), energy=31
[DIAG] 500us: agree=254 disagree=289 out_sel4=47 out_sel5=48 in101=0x84 in103=0x86 gpio_in=0x1103a348 cpu_agree=20 loop=0
[DIAG] gdma: raw=0x1 st=0x0 ena=0x2 conf0=0x0 link=0x273e8(park=0) peri=9
[DIAG] gdma2: fifo=0x61 state=0x2e75c8(dscr_st=3 out_st=2) eof_addr=0x408275a4
[DIAG] parlio: cfg=0x1a089b40(tx_start=1 bytelen=9936) st=0x80000000(tx_ready=1) int_raw=0x5(eof=1 rempty=1)
    window 2: pattern=0 (count=11), energy=30
[DIAG] 500us: agree=254 disagree=289 out_sel4=47 out_sel5=48 in101=0x84 in103=0x86 gpio_in=0x11039348 cpu_agree=20 loop=0
[DIAG] gdma: raw=0x1 st=0x0 ena=0x2 conf0=0x0 link=0x273e8(park=0) peri=9
[DIAG] gdma2: fifo=0x61 state=0x2e75c8(dscr_st=3 out_st=2) eof_addr=0x408275a4
[DIAG] parlio: cfg=0x1a089b40(tx_start=1 bytelen=9936) st=0x80000000(tx_ready=1) int_raw=0x5(eof=1 rempty=1)
    window 3: pattern=0 (count=7), energy=30
  Cross-pattern pairs: 0, divergent: 0, max hamming: 0
  Same-pattern pairs: 6
  10c: OK

  10d: Full stack: ESP-NOW -> GIE -> LP core...
[DIAG] 500us: agree=254 disagree=289 out_sel4=47 out_sel5=48 in101=0x84 in103=0x86 gpio_in=0x1103a348 cpu_agree=20 loop=0
[DIAG] gdma: raw=0x1 st=0x0 ena=0x2 conf0=0x0 link=0x273e8(park=0) peri=9
[DIAG] gdma2: fifo=0x61 state=0x2e75c8(dscr_st=3 out_st=2) eof_addr=0x408275a4
[DIAG] parlio: cfg=0x1a089b40(tx_start=1 bytelen=9936) st=0x80000000(tx_ready=1) int_raw=0x5(eof=1 rempty=1)
  GIE loops: 864, LP feeds: 20, LP steps: 19
  LP hidden energy: 16 / 16
  LP final hidden: [-++---++---+---+]
  10d: OK

  OK

-- TEST 11: Pattern Classification (Stream CfC) --
[DIAG] 500us: agree=254 disagree=289 out_sel4=47 out_sel5=48 in101=0x84 in103=0x86 gpio_in=0x1103a348 cpu_agree=20 loop=0
[DIAG] gdma: raw=0x1 st=0x0 ena=0x2 conf0=0x0 link=0x273e8(park=0) peri=9
[DIAG] gdma2: fifo=0x61 state=0x2e75c8(dscr_st=3 out_st=2) eof_addr=0x408275a4
[DIAG] parlio: cfg=0x1a089b40(tx_start=1 bytelen=9936) st=0x80000000(tx_ready=1) int_raw=0x5(eof=1 rempty=1)
  Phase 0a: Observing input signatures (30s)...
  Observed: 167 packets, 167 encoded, 12884 GIE loops
  Per-pattern counts: P0=51 P1=36 P2=22 P3=58
  Phase 0b: Computing TriX signatures...
  sig[0]: [+++++++---------++--------------...] nz=104/128 (from 51 samples, seq trits masked)
  sig[1]: [+++++++-----------++----++++++++...] nz=103/128 (from 36 samples, seq trits masked)
  sig[2]: [+++++++0------------++---+-+-+-+...] nz=95/128 (from 22 samples, seq trits masked)
  sig[3]: [+++++++0--------------++0-++----...] nz=88/128 (from 58 samples, seq trits masked)
  Signature pattern-ID trits [16..23]:
    sig[0][16..23]: ++------
    sig[1][16..23]: --++----
    sig[2][16..23]: ----++--
    sig[3][16..23]: ------++
  Signature cross-dots:
    sig[0] vs: s0=104 s1=69 s2=69 s3=56
    sig[1] vs: s0=69 s1=103 s2=76 s3=39
    sig[2] vs: s0=69 s1=76 s2=95 s3=41
    sig[3] vs: s0=56 s1=39 s2=41 s3=88
  Ring drops: 71

  Phase 0c: Installing signatures as W_f gate weights...
  W_f weights set from signatures (8 neurons/pattern)
  Gate threshold: 2147483647 (Phase 3: blend DISABLED, all neurons HOLD)
  Neurons 0-7 → pattern 0
  Neurons 8-15 → pattern 1
  Neurons 16-23 → pattern 2
  Neurons 24-31 → pattern 3
  Gate selectivity: 0 fires / 32 steps = 0%

  GDMA offset calibration...
  GDMA offset mapping: G0→P0 G1→P1 G2→P2 G3→P3
  ISR groups:  [34, 32, 36, 45]
  CPU patterns: [34, 32, 36, 45]

  Phase 0d: TriX Cube face observation (15s)...
  TriX Cube face signatures:
    +x:recent: 119 samples [P0=51 P1=24 P2=1 P3=43]
    -x:prior: 76 samples [P0=24 P1=1 P2=0 P3=51]
    +y:stable: 68 samples [P0=31 P1=14 P2=0 P3=23]
    -y:transient: 14 samples [P0=5 P1=3 P2=1 P3=5]
    +z:confident: 26 samples [P0=26 P1=0 P2=0 P3=0]
    -z:uncertain: 43 samples [P0=0 P1=0 P2=0 P3=43]
  Face divergence from core (avg Hamming across patterns):
    +x:recent: 31 avg (4 patterns with data)
    -x:prior: 37 avg (3 patterns with data)
    +y:stable: 30 avg (3 patterns with data)
    -y:transient: 31 avg (4 patterns with data)
    +z:confident: 14 avg (1 patterns with data)
    -z:uncertain: 63 avg (1 patterns with data)
  Ring drops: 71

  Phase 1: TriX Cube ensemble (up to 32 samples, 60s)...
    s01: truth=2 core=2 isr=2 | cv=[0,0,2,0] iv=[0,0,2,0] xor=[31,-,-,31,-,-]
    s02: truth=2 core=2 isr=2 | cv=[0,0,2,0] iv=[0,0,2,0] xor=[31,95,95,31,95,95]
    s03: truth=2 core=2 isr=2 | cv=[0,0,2,0] iv=[0,0,2,0] xor=[31,95,95,31,95,95]
    s04: truth=2 core=2 isr=2 | cv=[0,0,2,0] iv=[0,0,2,0] xor=[31,95,95,31,95,95]
    s05: truth=2 core=2 isr=2 | cv=[0,0,2,0] iv=[0,0,2,0] xor=[27,102,102,27,102,102]
    s06: truth=3 core=3 isr=3 | cv=[0,0,0,6] iv=[3,0,0,7] xor=[53,38,43,41,104,53]
    s07: truth=0 core=0 isr=0 | cv=[8,0,0,0] iv=[8,1,0,1] xor=[16,32,13,17,13,104]
    s08: truth=0 core=0 isr=0 | cv=[10,0,0,0] iv=[10,0,0,0] xor=[10,28,9,13,10,112]
    s09: truth=0 core=0 isr=0 | cv=[10,0,0,0] iv=[10,0,0,0] xor=[6,26,7,10,8,118]
    s10: truth=0 core=0 isr=0 | cv=[10,0,0,0] iv=[10,0,0,0] xor=[6,27,7,4,8,51]
    s11: truth=0 core=0 isr=0 | cv=[10,0,0,0] iv=[10,0,0,0] xor=[5,8,4,4,4,4]
    s12: truth=1 core=1 isr=1 | cv=[3,4,0,0] iv=[3,4,0,0] xor=[9,17,10,14,41,42]
    s13: truth=1 core=1 isr=1 | cv=[0,5,0,0] iv=[0,5,0,0] xor=[14,32,16,23,103,103]
    s14: truth=1 core=1 isr=1 | cv=[0,6,0,0] iv=[0,6,0,0] xor=[10,28,11,17,112,112]
    s15: truth=1 core=1 isr=1 | cv=[0,3,0,0] iv=[0,3,0,0] xor=[8,26,9,14,117,117]
    s16: truth=1 core=1 isr=1 | cv=[0,6,0,0] iv=[0,6,0,0] xor=[8,26,4,14,117,117]
    s17: truth=2 core=2 isr=2 | cv=[0,0,2,0] iv=[0,0,2,0] xor=[23,109,109,23,109,109]
    s18: truth=2 core=2 isr=2 | cv=[0,0,2,0] iv=[0,0,2,0] xor=[23,109,109,23,109,109]
    s19: truth=2 core=2 isr=2 | cv=[0,0,2,0] iv=[0,0,2,0] xor=[23,109,109,23,109,109]
    s20: truth=2 core=2 isr=2 | cv=[0,0,2,0] iv=[0,0,2,0] xor=[23,109,109,23,109,109]
    s21: truth=2 core=2 isr=2 | cv=[0,0,2,0] iv=[0,0,2,0] xor=[23,109,109,23,109,109]
    s22: truth=0 core=0 isr=0 | cv=[10,0,0,0] iv=[10,0,0,0] xor=[3,2,3,3,1,2]
    s23: truth=0 core=0 isr=0 | cv=[10,0,0,0] iv=[10,0,0,0] xor=[4,5,3,0,4,3]
    s24: truth=0 core=0 isr=0 | cv=[10,0,0,0] iv=[10,0,0,0] xor=[3,4,4,3,4,5]
    s25: truth=0 core=0 isr=0 | cv=[10,0,0,0] iv=[10,0,0,0] xor=[2,6,6,6,6,7]
    s26: truth=0 core=0 isr=0 | cv=[10,0,0,0] iv=[10,0,0,0] xor=[3,7,4,2,6,5]
    s27: truth=1 core=1 isr=1 | cv=[1,6,0,0] iv=[1,6,0,0] xor=[7,23,2,11,101,100]
    s28: truth=1 core=1 isr=1 | cv=[0,3,0,0] iv=[0,3,0,0] xor=[7,12,2,6,79,79]
    s29: truth=1 core=1 isr=1 | cv=[0,6,0,0] iv=[0,6,0,0] xor=[7,5,2,6,4,4]
    s30: truth=1 core=1 isr=1 | cv=[0,3,0,0] iv=[0,3,0,0] xor=[5,5,2,6,4,4]
    s31: truth=1 core=1 isr=1 | cv=[0,6,0,0] iv=[0,6,0,0] xor=[4,5,4,8,4,4]
    s32: truth=2 core=2 isr=2 | cv=[0,0,2,0] iv=[0,0,2,0] xor=[23,109,109,23,109,109]

  ═══ CLASSIFICATION RESULTS (TriX Cube) ═══
  Total GIE loops: 41082
  TriX ISR classifications: 28173 (at 667 Hz)
  Test samples: 32
  Ring drops: 71
  Core (CPU per-pkt vote):   32/32 = 100%
  ISR  (HW 430 Hz TriX):     32/32 = 100% (all samples)
  ISR  (windows w/ data):    32/32 = 100% (275 pkts clean, 0 pkts timeout)
  TriX channel signals:      28173 (seq=28173)
  Baseline (packet-rate):    28/32 = 87%

  ── Novelty Detection ──
  Novel packets: 87 / 275 (31%)
  Novel windows: 9

  ── Online Maintenance ──
  Core re-signs: 11
  Core drift (Hamming):
    sig[0]: 13/128 trits
    sig[1]: 14/128 trits
    sig[2]: 14/128 trits
    sig[3]: 16/128 trits

  ── XOR Masks (temporal displacement per face) ──
    Face              avg  | rssi patid payload timing
    +x:recent           10/128 |  0/16  0/8   2/64    7/40
    -x:prior            26/128 |  2/16  2/8   9/64   11/40
    +y:stable           18/128 |  1/16  0/8   7/64    8/40
    -y:transient        11/128 |  0/16  0/8   2/64    8/40
    +z:confident        39/128 |  5/16  2/8  19/64   12/40
    -z:uncertain        55/128 |  7/16  3/8  30/64   13/40
    ── Signal distribution ──
    RSSI:    11% of mask weight
    PatID:   6% of mask weight
    Payload: 44% of mask weight
    Timing:  38% of mask weight

  ── TriX Cube Geometry ──
    +x:recent: 307 samples, 21 avg hamming from core
    -x:prior: 264 samples, 39 avg hamming from core
    +y:stable: 256 samples, 37 avg hamming from core
    -y:transient: 202 samples, 18 avg hamming from core
    +z:confident: 214 samples, 54 avg hamming from core
    -z:uncertain: 231 samples, 42 avg hamming from core
  Gate firing: 0%

  Architecture:
  - TriX ISR: HW classifies at 430 Hz (CfC blend DISABLED — Phase 3)
  - 7-voxel TriX Cube: core + 6 temporal faces
  - Faces: recent, prior, stable, transient, confident, uncertain
  - Core classifies alone. Faces compute XOR masks (intervention sensors)
  - XOR mask = trit positions where face sig != core sig
  - Online maintenance + novelty detection
  - Gate threshold=2147483647, novelty=60
  OK

-- TEST 12: Memory-Modulated Adaptive Attention --
[DIAG] 500us: agree=1105 disagree=292 out_sel4=47 out_sel5=48 in101=0x84 in103=0x86 gpio_in=0x1103a348 cpu_agree=20 loop=0
[DIAG] gdma: raw=0x1 st=0x0 ena=0x2 conf0=0x0 link=0x273e8(park=0) peri=9
[DIAG] gdma2: fifo=0x61 state=0x2e75c8(dscr_st=3 out_st=2) eof_addr=0x408275a4
[DIAG] parlio: cfg=0x1a089b40(tx_start=1 bytelen=9936) st=0x80000000(tx_ready=1) int_raw=0x5(eof=1 rempty=1)
  blend re-enabled (threshold=90), VDB cleared, LP reset
  running 120s: classify → insert snapshot → LP feedback

  ── LP Hidden State by Pattern ──
    P0: 306 samples, sign=16/16, mtfp=80/80 [-+++-+-++---+---]
    P1: 123 samples, sign=16/16, mtfp=80/80 [-+++-+-++---+---]
    P2: 64 samples, sign=16/16, mtfp=80/80 [-+++-+-++---+---]
    P3: 31 samples, sign=16/16, mtfp=79/80 [--++-+-++---+---]

  ── LP Divergence Matrix — sign-space (Hamming, /16) ──
       P0  P1  P2  P3
  P0:   0   0   0   1
  P1:   0   0   0   1
  P2:   0   0   0   1
  P3:   1   1   1   0

  ── LP Divergence Matrix — MTFP-space (Hamming, /80) ──
       P0  P1  P2  P3
  P0:   0   4   1   6
  P1:   4   0   3   6
  P2:   1   3   0   7
  P3:   6   6   7   0
  P1 vs P3: sign=1/16, mtfp=6/80
  P1 vs P2: sign=0/16, mtfp=3/80

  ── Summary ──
  Confirmed: P0=306 P1=123 P2=64 P3=31 (total=524)
  VDB inserts: 64 (VDB count: 64/64)
  LP feedback steps: 524, feedback applied: 516
  Gate firing: 14%
  P1 vs P3 Hamming: DIVERGED (memory modulated)
  Cross-pattern LP divergence: YES — sub-conscious state reflects pattern history

  Architecture note:
  - TriX classification unchanged (W_f hidden=0, ISR step 3b
    runs before blend step 4 — scores are always input-driven)
  - LP hidden = episodic memory of pattern exposure
  - VDB retrieval shapes LP trajectory via ternary blend
  - This closes the loop: perceive → classify → remember
    → retrieve → modulate — without CPU or multiplication

  ── Split-Half Null Test (P0, n=306) ──
  Analytical null bound: ~1/80 MTFP trits (at n=306)
  Cross-pattern P1-P2 MTFP: 3/80
  SIGNAL > NULL: MTFP separation exceeds noise floor
  WARNING: P0 vs P1 Hamming=0 (need >=1)
  Sufficient patterns: 4/4 (need >=3 with >=15 samples each)
  FAIL

-- TEST 13: CMD 4 Ablation (CfC only, no VDB blend) --
[DIAG] 500us: agree=1219 disagree=200 out_sel4=47 out_sel5=48 in101=0x84 in103=0x86 gpio_in=0x1103a348 cpu_agree=20 loop=0
[DIAG] gdma: raw=0x1 st=0x0 ena=0x2 conf0=0x0 link=0x273e8(park=0) peri=9
[DIAG] gdma2: fifo=0x61 state=0x2e75c8(dscr_st=3 out_st=2) eof_addr=0x408275a4
[DIAG] parlio: cfg=0x1a089b40(tx_start=1 bytelen=9936) st=0x80000000(tx_ready=1) int_raw=0x5(eof=1 rempty=1)
  CMD 4 (no VDB blend), VDB cleared, LP reset
  running 120s: classify → feed LP → CfC step only

  ── LP Hidden State by Pattern (CMD 4, no blend) ──
    P0: 264 samples, energy=16/16 [---+----+---+---]
    P1: 142 samples, energy=16/16 [-+-+-+-++---+-+-]
    P2: 60 samples, energy=16/16 [-+++-+-++---+-+-]
    P3: 78 samples, energy=16/16 [-+++-+-+----+-+-]

  ── LP Divergence Matrix (CMD 4 — ablation) ──
       P0  P1  P2  P3
  P0:   0   4   5   6
  P1:   4   0   1   2
  P2:   5   1   0   1
  P3:   6   2   1   0

  ── Attribution Analysis (P1 vs P2 primary pair) ──
  CMD 5 (TEST 12) P1 vs P2 Hamming: 0
  CMD 4 (TEST 13) P1 vs P2 Hamming: 1
  CMD 5 (TEST 12) P1 vs P3 Hamming: 1
  CMD 4 (TEST 13) P1 vs P3 Hamming: 2
  VDB feedback contribution (P1 vs P2): -1 trits
  Sufficient patterns: 4/4 (need >=3)
  OK

-- TEST 14: Kinetic Attention (Agreement-Weighted Gate Bias) --

  ── Condition: 14A (no bias) ──
[DIAG] 500us: agree=1314 disagree=143 out_sel4=47 out_sel5=48 in101=0x84 in103=0x86 gpio_in=0x1103a348 cpu_agree=20 loop=0
[DIAG] gdma: raw=0x1 st=0x0 ena=0x2 conf0=0x0 link=0x273e8(park=0) peri=9
[DIAG] gdma2: fifo=0x61 state=0x2e75c8(dscr_st=3 out_st=2) eof_addr=0x408275a4
[DIAG] parlio: cfg=0x1a089b40(tx_start=1 bytelen=9936) st=0x80000000(tx_ready=1) int_raw=0x5(eof=1 rempty=1)
    step 100 (22s): bias=[0 0 0 0] p=0 vdb=12
    step 200 (43s): bias=[0 0 0 0] p=0 vdb=25
    step 300 (65s): bias=[0 0 0 0] p=0 vdb=37
    step 400 (86s): bias=[0 0 0 0] p=0 vdb=50
    step 500 (108s): bias=[0 0 0 0] p=0 vdb=62

  LP Hidden State (14A (no bias)):
    P0: 306 samples, energy=16/16 [-+++-+-++---+---]
    P1: 145 samples, energy=16/16 [-+++-+-++---+---]
    P2: 60 samples, energy=16/16 [-+++-+-++---+---]
    P3: 34 samples, energy=16/16 [+-++---+++-++++-]
  Confirms: 545, max_bias: 0, gate_firing: 14%, bias_duty: 0% (0/545 confirms)
  Per-group fires: [103680 100929 29120 0]

  ── Condition: 14C (full bias) ──
[DIAG] 500us: agree=1103 disagree=269 out_sel4=47 out_sel5=48 in101=0x84 in103=0x86 gpio_in=0x1103a348 cpu_agree=20 loop=0
[DIAG] gdma: raw=0x1 st=0x0 ena=0x2 conf0=0x0 link=0x273e8(park=0) peri=9
[DIAG] gdma2: fifo=0x61 state=0x2e75c8(dscr_st=3 out_st=2) eof_addr=0x408275a4
[DIAG] parlio: cfg=0x1a089b40(tx_start=1 bytelen=9936) st=0x80000000(tx_ready=1) int_raw=0x5(eof=1 rempty=1)
    step 100 (26s): bias=[5 1 0 0] p=0 vdb=12
    step 200 (49s): bias=[7 0 1 0] p=0 vdb=25
    step 300 (70s): bias=[9 0 0 0] p=0 vdb=37
    step 400 (92s): bias=[0 0 0 0] p=0 vdb=50
