I (176) esp_image: segment 3: paddr=000d6a4c vaddr=408064b8 sizeESP-ROM:esp32c6-20220919
Build:Sep 19 2022
rst:0x15 (USB_UART_HPSYS),boot:0x1e (SPI_FAST_FLASH_BOOT)
Saved PC:0x40806624
SPIWP:0xee
mode:DIO, clock div:2
load:0x40875730,len:0x180c
load:0x4086c110,len:0xfac
load:0x4086e610,len:0x3154
entry 0x4086c11a
I (23) boot: ESP-IDF v5.4 2nd stage bootloader
I (23) boot: compile time May 15 2026 18:55:23
I (23) boot: chip revision: v0.2
I (24) boot: efuse block revision: v0.3
I (24) qio_mode: Enabling default flash chip QIO
I (24) boot.esp32c6: SPI Speed      : 80MHz
I (24) boot.esp32c6: SPI Mode       : QIO
I (25) boot.esp32c6: SPI Flash Size : 2MB
I (25) boot: Enabling RNG early entropy source...
I (25) boot: Partition Table:
I (25) boot: ## Label            Usage          Type ST Offset   Length
I (26) boot:  0 nvs              WiFi data        01 02 00009000 00006000
I (26) boot:  1 phy_init         RF data          01 01 0000f000 00001000
I (27) boot:  2 factory          factory app      00 00 00010000 00100000
I (27) boot: End of partition table
I (28) esp_image: segment 0: paddr=00010020 vaddr=420a0020 size=21b38h (138040) map
I (53) esp_image: segment 1: paddr=00031b60 vaddr=40800000 size=064b8h ( 25784) load
I (59) esp_image: segment 2: paddr=00038020 vaddr=42000020 size=9ea24h (649764) map
I (176) esp_image: segment 3: paddr=000d6a4c vaddr=408064b8 size=13324h ( 78628) load
I (193) esp_image: segment 4: paddr=000e9d78 vaddr=408197e0 size=03c24h ( 15396) load
I (197) esp_image: segment 5: paddr=000ed9a4 vaddr=50003fc0 size=0000ch (    12) load
I (203) boot: Loaded app from partition at offset 0x10000
I (204) boot: Disabling RNG early entropy source...
W (214) spi_flash: Detected size(4096k) larger than the size in the binary image header(2048k). Using the size in the binary image header.

============================================================
  FREE-RUNNING SUB-CPU NEURAL NETWORK
  + LP CORE GEOMETRIC PROCESSOR
  GIE (441 Hz HW) → LP core (100 Hz, 16MHz RISC-V, ~30uA)
  Three-layer hierarchy: peripheral → geometric → CPU
============================================================

[INIT] GPIO 4-7...
[INIT] ETM clock...
[INIT] PARLIO TX (2-bit, 20MHz, loopback)...
[INIT] PCNT (2 units)...
[INIT] Timer...
[INIT] GDMA channel detection...
[GDMA] PARLIO owns CH0
[INIT] GDMA ISR (free-running mode)...
[GDMA ISR] OK — CH0 (source=69), LEVEL3
[INIT] LP core binary (16320 bytes)...
[INIT] LP core weights (after binary load)...
[INIT] LP seed: 0xCAFE1234
[LP] Geometric processor running (100 Hz, 16 MHz RISC-V)
[INIT] ESP-NOW receiver...
W (8297) phy_init: failed to load RF calibration data (0xffffffff), falling back to full calibration
W (8384) phy_init: saving new calibration data because of checksum failure, mode(2)
W (8407) wifi:ACK_TAB0   :0x   90a0b, QAM16:0x9 (24Mbps), QPSK:0xa (12Mbps), BPSK:0xb (6Mbps)
W (8408) wifi:CTS_TAB0   :0x   90a0b, QAM16:0x9 (24Mbps), QPSK:0xa (12Mbps), BPSK:0xb (6Mbps)
W (8408) wifi:(agc)0x600a7128:0xd2035800, min.avgNF:0xce->0xd2(dB), RCalCount:0x35, min.RRssi:0x800(-128.00)
W (8409) wifi:(TB)WDEV_PWR_TB_MCS0:19
W (8409) wifi:(TB)WDEV_PWR_TB_MCS1:19
W (8409) wifi:(TB)WDEV_PWR_TB_MCS2:19
W (8409) wifi:(TB)WDEV_PWR_TB_MCS3:19
W (8409) wifi:(TB)WDEV_PWR_TB_MCS4:19
W (8409) wifi:(TB)WDEV_PWR_TB_MCS5:19
W (8409) wifi:(TB)WDEV_PWR_TB_MCS6:18
W (8410) wifi:(TB)WDEV_PWR_TB_MCS7:18
W (8410) wifi:(TB)WDEV_PWR_TB_MCS8:17
W (8410) wifi:(TB)WDEV_PWR_TB_MCS9:15
W (8410) wifi:(TB)WDEV_PWR_TB_MCS10:15
W (8410) wifi:(TB)WDEV_PWR_TB_MCS11:15
[ESPNOW] Listening on channel 1 (no AP connection)
[INIT] Done.

[PRIME] Warming pipeline...
[PRIME] Done.

-- TEST 1: Free-running loop count --
[DIAG] 500us: agree=256 disagree=291 out_sel4=47 out_sel5=48 in101=0x84 in103=0x86 gpio_in=0x20039348 cpu_agree=20 loop=0
[DIAG] gdma: raw=0x1 st=0x0 ena=0x2 conf0=0x0 link=0x27468(park=0) peri=9
[DIAG] gdma2: fifo=0x61 state=0x2e7648(dscr_st=3 out_st=2) eof_addr=0x40827624
[DIAG] parlio: cfg=0x1a089b40(tx_start=1 bytelen=9936) st=0x80000000(tx_ready=1) int_raw=0x1(eof=0 rempty=1)
  Loops completed: 430 in 1.003 s
  Frequency: 428.6 Hz
  Period: 2333.2 us per loop
  OK

-- TEST 2: Hidden state evolves autonomously --
[DIAG] 500us: agree=217 disagree=219 out_sel4=47 out_sel5=48 in101=0x84 in103=0x86 gpio_in=0x11039348 cpu_agree=20 loop=0
[DIAG] gdma: raw=0x1 st=0x0 ena=0x2 conf0=0x0 link=0x27468(park=0) peri=9
[DIAG] gdma2: fifo=0x61 state=0x2e763c(dscr_st=3 out_st=2) eof_addr=0x40827624
[DIAG] parlio: cfg=0x1a089b40(tx_start=1 bytelen=9936) st=0x80000000(tx_ready=1) int_raw=0x5(eof=1 rempty=1)
  snap 0 (loop 22): energy=30
  snap 1 (loop 43): delta=10 energy=31
  snap 2 (loop 65): delta=1 energy=31
  snap 3 (loop 86): delta=0 energy=31
  snap 4 (loop 108): delta=2 energy=30
  snap 5 (loop 129): delta=0 energy=30
  snap 6 (loop 150): delta=0 energy=30
  snap 7 (loop 172): delta=1 energy=31
  final h: [-+---+-++-++--+---+0--++---++++-]
  Total loops: 172
  OK

-- TEST 3: Per-neuron dot accuracy (single loop) --
[DIAG] 500us: agree=254 disagree=289 out_sel4=47 out_sel5=48 in101=0x84 in103=0x86 gpio_in=0x1103a348 cpu_agree=20 loop=0
[DIAG] gdma: raw=0x1 st=0x0 ena=0x2 conf0=0x0 link=0x27468(park=0) peri=9
[DIAG] gdma2: fifo=0x61 state=0x2e763c(dscr_st=3 out_st=2) eof_addr=0x40827624
[DIAG] parlio: cfg=0x1a089b40(tx_start=1 bytelen=9936) st=0x80000000(tx_ready=1) int_raw=0x5(eof=1 rempty=1)
  After warmup: 3 loops, base=4, cnt=69
  Snapshot at loop 4 (base=4, cnt=69)
  Raw captures [0..11]:
    idx  agree  disagree  d_agree  d_disagree
    [0]      0      0        +0       +0 (dummy)
    [1]      0      0        +0       +0 (dummy)
    [2]      0      0        +0       +0 (dummy)
    [3]      0      0        +0       +0 (dummy)
    [4]      0      0        +0       +0 (dummy)
    [5]     21     32       +21      +32 (neuron 0)
    [6]     53     61       +32      +29
    [7]     81     84       +28      +23
    [8]    107    115       +26      +31
    [9]    138    142       +31      +27
    [10]    166    178       +28      +36
    [11]    199    201       +33      +23

  Dot errors: 0 / 64
  Sign errors: 0 / 64
  GIE dots[0..7]: -11 3 5 -5 4 -8 10 -16
  CPU dots[0..7]: -11 3 5 -5 4 -8 10 -16
  Sign match with offset 0: 64 / 64
  Sign match with offset 1: 26 / 63
  Sign match with offset 2: 29 / 62
  Sign match with offset 3: 26 / 61
  Sign match with offset 4: 20 / 60
  OK

-- TEST 4: LP Core Geometric Processor --
[DIAG] 500us: agree=254 disagree=289 out_sel4=47 out_sel5=48 in101=0x84 in103=0x86 gpio_in=0x11039348 cpu_agree=20 loop=0
[DIAG] gdma: raw=0x1 st=0x0 ena=0x2 conf0=0x0 link=0x27468(park=0) peri=9
[DIAG] gdma2: fifo=0x61 state=0x2e763c(dscr_st=3 out_st=2) eof_addr=0x40827624
[DIAG] parlio: cfg=0x1a089b40(tx_start=1 bytelen=9936) st=0x80000000(tx_ready=1) int_raw=0x5(eof=1 rempty=1)
  Phase 1: GIE + LP core integration (300ms)...
  4a: LP running: YES (steps=27)
  4c: LP hidden energy: 15/16
  LP hidden: [--++--++--+-0--+]
  LP decision: -1

  Phase 2: Deterministic single-step verification...
[DIAG] 500us: agree=254 disagree=289 out_sel4=47 out_sel5=48 in101=0x84 in103=0x86 gpio_in=0x11038348 cpu_agree=20 loop=0
[DIAG] gdma: raw=0x1 st=0x0 ena=0x2 conf0=0x0 link=0x27468(park=0) peri=9
[DIAG] gdma2: fifo=0x61 state=0x2e763c(dscr_st=3 out_st=2) eof_addr=0x40827624
[DIAG] parlio: cfg=0x1a089b40(tx_start=1 bytelen=9936) st=0x80000000(tx_ready=1) int_raw=0x5(eof=1 rempty=1)
  Known GIE hidden energy: 30/32
  Known GIE hidden: [+-+--+-+---+-+--+++---+0-+-+-++0]
  LP steps: 28 → 29 (delta=1)
  4b: f-dots exact: 16/16, g-dots exact: 16/16
  4b: f-dots sign:  14/14, g-dots sign:  11/11
  LP  f-dots: -5 2 4 4 -2 1 2 2 0 2 -1 1 0 -4 5 -9 
  CPU f-dots: -5 2 4 4 -2 1 2 2 0 2 -1 1 0 -4 5 -9 
  LP  g-dots: 2 0 5 2 0 -3 2 0 2 2 1 0 0 -4 6 -2 
  CPU g-dots: 2 0 5 2 0 -3 2 0 2 2 1 0 0 -4 6 -2 
  OK

-- TEST 5: Ternary VDB — NSW Graph (M=7), 64 Nodes --
  5a: Inserting 64 nodes (graph-aware, cmd=3)...
  5a: Inserted 64 nodes — OK

  5b: Self-match recall@1 (64 queries)...
  5b: 64/64 self-match recall@1 — OK

  5c: Recall measurement (20 random queries)...
    q0: LP=[35,11,48,37] CPU=[35,11,37,48]
    q1: LP=[15,63,31,53] CPU=[15,31,63,26]
    q2: LP=[49,61,36,25] CPU=[49,36,61,25]
  Recall@1: 19/20 = 95%
  Recall@4: 72/80 = 90%
  5c: OK (thresholds: r@1>=95%, r@4>=90%)

  5d: Visit count (graph vs brute-force)...
  Graph search visited: 60 / 64 nodes
  5d: OK (sub-linear: YES)

  5e: Connectivity (BFS from node 0)...
  Reachable from node 0: 64 / 64
  5e: OK

  5f: Latency benchmark (10 searches, N=64)...
  Round-trip (includes LP wake jitter up to 10ms):
    min=9988 us, max=14988 us, avg=13916 us
  5f: OK

  OK

-- TEST 6: CfC -> VDB Pipeline (CMD 4) --
  Setup: Inserting 32 vectors into VDB...
  VDB has 32 nodes

  6a: Pipeline basic operation...
[DIAG] 500us: agree=254 disagree=289 out_sel4=47 out_sel5=48 in101=0x84 in103=0x86 gpio_in=0x1103a348 cpu_agree=20 loop=0
[DIAG] gdma: raw=0x1 st=0x0 ena=0x2 conf0=0x0 link=0x27468(park=0) peri=9
[DIAG] gdma2: fifo=0x61 state=0x2e763c(dscr_st=3 out_st=2) eof_addr=0x40827624
[DIAG] parlio: cfg=0x1a089b40(tx_start=1 bytelen=9936) st=0x80000000(tx_ready=1) int_raw=0x5(eof=1 rempty=1)
  step_count: 29 -> 30 (delta=1)
  search_count: 95 -> 96 (delta=1)
  Pipeline return: 0
  Top-4 results: [5,17,30,24] scores=[7,7,6,6]
  6a: OK

  6b: CfC determinism (cmd=4 vs cmd=1)...
  cmd=1 hidden: [-0++0-+00+-00+++]
  cmd=4 hidden: [-0++0-+00+-00+++]
  Hidden match: YES
  f-dots match: YES, g-dots match: YES
  6b: OK

  6c: VDB consistency (pipeline vs standalone search)...
  Pipeline: [5,17,30,24] scores=[7,7,6,6]
  Standalone: [5,17,30,24] scores=[7,7,6,6]
  Results match: YES
  6c: OK

  6d: Sustained pipeline operation (10 steps)...
[DIAG] 500us: agree=254 disagree=289 out_sel4=47 out_sel5=48 in101=0x84 in103=0x86 gpio_in=0x1103a348 cpu_agree=20 loop=0
[DIAG] gdma: raw=0x1 st=0x0 ena=0x2 conf0=0x0 link=0x27468(park=0) peri=9
[DIAG] gdma2: fifo=0x61 state=0x2e763c(dscr_st=3 out_st=2) eof_addr=0x40827624
[DIAG] parlio: cfg=0x1a089b40(tx_start=1 bytelen=9936) st=0x80000000(tx_ready=1) int_raw=0x5(eof=1 rempty=1)
  Pipeline steps completed: 10 / 10
  step_count delta: 10
  search_count delta: 10
  Final LP hidden: [--+++0+-0+-+--++]
  Final LP hidden energy: 14/16
  6d: OK

  OK

-- TEST 7: Reflex Channel Coordination --
  7a: Channel signals match loop count...
[DIAG] 500us: agree=254 disagree=289 out_sel4=47 out_sel5=48 in101=0x84 in103=0x86 gpio_in=0x1103a348 cpu_agree=20 loop=0
[DIAG] gdma: raw=0x1 st=0x0 ena=0x2 conf0=0x0 link=0x27468(park=0) peri=9
[DIAG] gdma2: fifo=0x61 state=0x2e763c(dscr_st=3 out_st=2) eof_addr=0x40827624
[DIAG] parlio: cfg=0x1a089b40(tx_start=1 bytelen=9936) st=0x80000000(tx_ready=1) int_raw=0x5(eof=1 rempty=1)
  Signals received: 50 / 50
  Value mismatches: 0
  Final loop_count: 51, channel value: 51, channel seq: 51
  7a: OK

  7b: Signal latency (ISR -> main loop)...
[DIAG] 500us: agree=254 disagree=289 out_sel4=47 out_sel5=48 in101=0x84 in103=0x86 gpio_in=0x1103a348 cpu_agree=20 loop=0
[DIAG] gdma: raw=0x1 st=0x0 ena=0x2 conf0=0x0 link=0x27468(park=0) peri=9
[DIAG] gdma2: fifo=0x61 state=0x2e763c(dscr_st=3 out_st=2) eof_addr=0x40827624
[DIAG] parlio: cfg=0x1a089b40(tx_start=1 bytelen=9936) st=0x80000000(tx_ready=1) int_raw=0x5(eof=1 rempty=1)
  Samples: 100
  Latency (cycles): min=1990, max=2822, avg=2298
  Latency (ns):     min=12437, max=17637, avg=14362
  7b: OK

  7c: Hidden state consistency after channel wait...
[DIAG] 500us: agree=254 disagree=289 out_sel4=47 out_sel5=48 in101=0x84 in103=0x86 gpio_in=0x11039348 cpu_agree=20 loop=0
[DIAG] gdma: raw=0x1 st=0x0 ena=0x2 conf0=0x0 link=0x27468(park=0) peri=9
[DIAG] gdma2: fifo=0x61 state=0x2e763c(dscr_st=3 out_st=2) eof_addr=0x40827624
[DIAG] parlio: cfg=0x1a089b40(tx_start=1 bytelen=9936) st=0x80000000(tx_ready=1) int_raw=0x5(eof=1 rempty=1)
  Dot match: 64 / 64
  Channel signaled: YES (seq 6 -> 7)
  7c: OK

  7d: Channel-driven LP feeding (20 cycles)...
[DIAG] 500us: agree=254 disagree=289 out_sel4=47 out_sel5=48 in101=0x84 in103=0x86 gpio_in=0x11039348 cpu_agree=20 loop=0
[DIAG] gdma: raw=0x1 st=0x0 ena=0x2 conf0=0x0 link=0x27468(park=0) peri=9
[DIAG] gdma2: fifo=0x61 state=0x2e763c(dscr_st=3 out_st=2) eof_addr=0x40827624
[DIAG] parlio: cfg=0x1a089b40(tx_start=1 bytelen=9936) st=0x80000000(tx_ready=1) int_raw=0x5(eof=1 rempty=1)
  Channel-driven feeds: 20 / 20
  LP step_count delta: 20
  7d: OK

  OK

-- TEST 8: VDB -> CfC Feedback Loop (CMD 5) --
  Setup: Inserting 32 vectors into VDB...
  VDB has 32 nodes

  8a: Single feedback step (cmd=5)...
[DIAG] 500us: agree=254 disagree=289 out_sel4=47 out_sel5=48 in101=0x84 in103=0x86 gpio_in=0x1103a348 cpu_agree=20 loop=0
[DIAG] gdma: raw=0x1 st=0x0 ena=0x2 conf0=0x0 link=0x27468(park=0) peri=9
[DIAG] gdma2: fifo=0x61 state=0x2e763c(dscr_st=3 out_st=2) eof_addr=0x40827624
[DIAG] parlio: cfg=0x1a089b40(tx_start=1 bytelen=9936) st=0x80000000(tx_ready=1) int_raw=0x5(eof=1 rempty=1)
  cmd=5 return: 0
  step_count: 62 -> 63 (delta=1)
  search_count: 108 -> 109 (delta=1)
  fb_total_blends: 0 -> 0
  fb_applied: 0
  fb_source_id: 255
  fb_score: 0
  fb_blend_count: 0 trits modified
  Top-4 results: [5,17,30,24] scores=[7,7,6,6]
  LP hidden after feedback: [-0++0-+00+-00+++]
  8a: OK

  8b: Feedback observability...
  Applied: NO (best score 0 < threshold 8)
  This is acceptable if no stored memory is similar enough.
  8b: OK

  8c: Stability under sustained feedback (50 steps)...
[DIAG] 500us: agree=254 disagree=289 out_sel4=47 out_sel5=48 in101=0x84 in103=0x86 gpio_in=0x1103a348 cpu_agree=20 loop=0
[DIAG] gdma: raw=0x1 st=0x0 ena=0x2 conf0=0x0 link=0x27468(park=0) peri=9
[DIAG] gdma2: fifo=0x61 state=0x2e763c(dscr_st=3 out_st=2) eof_addr=0x40827624
[DIAG] parlio: cfg=0x1a089b40(tx_start=1 bytelen=9936) st=0x80000000(tx_ready=1) int_raw=0x5(eof=1 rempty=1)
    step 0: e=10, delta=10, fb=0, score=0, src=255
    step 10: e=10, delta=6, fb=1, score=14, src=17
    step 20: e=12, delta=3, fb=1, score=11, src=17
    step 30: e=10, delta=8, fb=1, score=14, src=5
    step 40: e=10, delta=10, fb=1, score=12, src=17
  Steps completed: 50 / 50
  Feedback applied: 49 / 50 steps
  Total blend operations: 49
  Max change per step: 12 / 16 trits
  Energy range: [7, 14] / 16
  Unique states visited: 50
  Final LP hidden: [00++0+++++--00++]
  8c: OK

  8d: Feedback vs no-feedback divergence...
    step 0: hamming distance = 0
    step 1: hamming distance = 5
    step 2: hamming distance = 7
    step 3: hamming distance = 8
    step 4: hamming distance = 7
    step 5: hamming distance = 9
    step 6: hamming distance = 11
    step 7: hamming distance = 10
    step 8: hamming distance = 10
    step 9: hamming distance = 10
  First divergence at step: 1
  Steps with different states: 9 / 10
  No-feedback final: [--+++-+--+-+-+++]
  Feedback final   : [0+++0-++0+0-+0+0]
  8d: OK

  OK

-- TEST 9: ESP-NOW Receive from Board B --
  Listening for 10 seconds...
  Packets received: 0
  FAIL (0 packets in 10s)

-- TEST 10: ESP-NOW -> GIE Live Input --
  10a: Input encoding from live ESP-NOW data...
