# Seed C = 0xBEEF9ABC, captured 2026-04-09 11:49:50
# Sender: ENROLL cycle (90s) -> P1/P2 transition
I (164) esp_image: segment 3: paddr=000c6768 vaddr=40800d20 sizeESP-ROM:esp32c6-20220919
Build:Sep 19 2022
rst:0x15 (USB_UART_HPSYS),boot:0x1e (SPI_FAST_FLASH_BOOT)
Saved PC:0x40802058
SPIWP:0xee
mode:DIO, clock div:2
load:0x40875730,len:0x180c
load:0x4086c110,len:0xfac
load:0x4086e610,len:0x3154
entry 0x4086c11a
I (23) boot: ESP-IDF v5.4 2nd stage bootloader
I (23) boot: compile time Apr  9 2026 11:48:51
I (23) boot: chip revision: v0.2
I (24) boot: efuse block revision: v0.3
I (24) qio_mode: Enabling default flash chip QIO
I (24) boot.esp32c6: SPI Speed      : 80MHz
I (24) boot.esp32c6: SPI Mode       : QIO
I (25) boot.esp32c6: SPI Flash Size : 2MB
I (25) boot: Enabling RNG early entropy source...
I (25) boot: Partition Table:
I (25) boot: ## Label            Usage          Type ST Offset   Length
I (26) boot:  0 nvs              WiFi data        01 02 00009000 00006000
I (26) boot:  1 phy_init         RF data          01 01 0000f000 00001000
I (27) boot:  2 factory          factory app      00 00 00010000 00100000
I (28) boot: End of partition table
I (28) esp_image: segment 0: paddr=00010020 vaddr=42098020 size=1f2d0h (127696) map
I (51) esp_image: segment 1: paddr=0002f2f8 vaddr=40800000 size=00d20h (  3360) load
I (53) esp_image: segment 2: paddr=00030020 vaddr=42000020 size=96740h (616256) map
I (164) esp_image: segment 3: paddr=000c6768 vaddr=40800d20 size=18abch (101052) load
I (185) esp_image: segment 4: paddr=000df22c vaddr=408197e0 size=03c1ch ( 15388) load
I (189) esp_image: segment 5: paddr=000e2e50 vaddr=50003fc0 size=0000ch (    12) load
I (196) boot: Loaded app from partition at offset 0x10000
I (196) boot: Disabling RNG early entropy source...
W (206) spi_flash: Detected size(4096k) larger than the size in the binary image header(2048k). Using the size in the binary image header.

============================================================
  FREE-RUNNING SUB-CPU NEURAL NETWORK
  + LP CORE GEOMETRIC PROCESSOR
  GIE (441 Hz HW) → LP core (100 Hz, 16MHz RISC-V, ~30uA)
  Three-layer hierarchy: peripheral → geometric → CPU
============================================================

[INIT] GPIO 4-7...
[INIT] ETM clock...
[INIT] PARLIO TX (2-bit, 20MHz, loopback)...
[INIT] PCNT (2 units)...
[INIT] Timer...
[INIT] GDMA channel detection...
[GDMA] PARLIO owns CH0
[INIT] GDMA ISR (free-running mode)...
[GDMA ISR] OK — CH0 (source=69), LEVEL3
[INIT] LP core binary (16320 bytes)...
[INIT] LP core weights (after binary load)...
[INIT] LP seed: 0xBEEF9ABC
[LP] Geometric processor running (100 Hz, 16 MHz RISC-V)
[INIT] ESP-NOW receiver...
W (8367) phy_init: saving new calibration data because of checksum failure, mode(0)
W (8374) wifi:ACK_TAB0   :0x   90a0b, QAM16:0x9 (24Mbps), QPSK:0xa (12Mbps), BPSK:0xb (6Mbps)
W (8375) wifi:CTS_TAB0   :0x   90a0b, QAM16:0x9 (24Mbps), QPSK:0xa (12Mbps), BPSK:0xb (6Mbps)
W (8375) wifi:(agc)0x600a7128:0xd2119800, min.avgNF:0xce->0xd2(dB), RCalCount:0x119, min.RRssi:0x800(-128.00)
W (8375) wifi:(TB)WDEV_PWR_TB_MCS0:19
W (8376) wifi:(TB)WDEV_PWR_TB_MCS1:19
W (8376) wifi:(TB)WDEV_PWR_TB_MCS2:19
W (8376) wifi:(TB)WDEV_PWR_TB_MCS3:19
W (8376) wifi:(TB)WDEV_PWR_TB_MCS4:19
W (8376) wifi:(TB)WDEV_PWR_TB_MCS5:19
W (8376) wifi:(TB)WDEV_PWR_TB_MCS6:18
W (8376) wifi:(TB)WDEV_PWR_TB_MCS7:18
W (8376) wifi:(TB)WDEV_PWR_TB_MCS8:17
W (8377) wifi:(TB)WDEV_PWR_TB_MCS9:15
W (8377) wifi:(TB)WDEV_PWR_TB_MCS10:15
W (8377) wifi:(TB)WDEV_PWR_TB_MCS11:15
[ESPNOW] Listening on channel 1 (no AP connection)
[INIT] Done.

[PRIME] Warming pipeline...
[PRIME] Done.

[SWEEP] SKIP_TO_14C: running Test 11 (enrollment) + Test 14C only

-- TEST 11: Pattern Classification (Stream CfC) --
[DIAG] 500us: agree=256 disagree=294 out_sel4=47 out_sel5=48 in101=0x84 in103=0x86 gpio_in=0x5003a348 cpu_agree=21 loop=0
[DIAG] gdma: raw=0x1 st=0x0 ena=0x2 conf0=0x0 link=0x273c8(park=0) peri=9
[DIAG] gdma2: fifo=0x61 state=0x2e75a8(dscr_st=3 out_st=2) eof_addr=0x40827584
[DIAG] parlio: cfg=0x1a089b40(tx_start=1 bytelen=9936) st=0x80000000(tx_ready=1) int_raw=0x1(eof=0 rempty=1)
  Phase 0a: Observing input signatures (30s)...
  Observed: 172 packets, 172 encoded, 12884 GIE loops
  Per-pattern counts: P0=55 P1=48 P2=18 P3=51
  Phase 0b: Computing TriX signatures...
  sig[0]: [++++++++--------++--------------...] nz=104/128 (from 55 samples, seq trits masked)
  sig[1]: [++++++++----------++----++++++++...] nz=104/128 (from 48 samples, seq trits masked)
  sig[2]: [++++++++------------++---+-+-+-+...] nz=96/128 (from 18 samples, seq trits masked)
  sig[3]: [++++++++--------------+++++-+++-...] nz=104/128 (from 51 samples, seq trits masked)
  Signature pattern-ID trits [16..23]:
    sig[0][16..23]: ++------
    sig[1][16..23]: --++----
    sig[2][16..23]: ----++--
    sig[3][16..23]: ------++
  Signature cross-dots:
    sig[0] vs: s0=104 s1=68 s2=70 s3=24
    sig[1] vs: s0=68 s1=104 s2=78 s3=20
    sig[2] vs: s0=70 s1=78 s2=96 s3=12
    sig[3] vs: s0=24 s1=20 s2=12 s3=104
  Ring drops: 0

  Phase 0c: Installing signatures as W_f gate weights...
  W_f weights set from signatures (8 neurons/pattern)
  Gate threshold: 2147483647 (Phase 3: blend DISABLED, all neurons HOLD)
  Neurons 0-7 → pattern 0
  Neurons 8-15 → pattern 1
  Neurons 16-23 → pattern 2
  Neurons 24-31 → pattern 3
  Gate selectivity: 0 fires / 64 steps = 0%

  GDMA offset calibration...
  GDMA offset mapping: G0→P0 G1→P1 G2→P2 G3→P3
  ISR groups:  [78, 76, 87, 14]
  CPU patterns: [78, 76, 87, 14]

  Phase 0d: TriX Cube face observation (15s)...
  TriX Cube face signatures:
    +x:recent: 120 samples [P0=51 P1=15 P2=3 P3=51]
    -x:prior: 117 samples [P0=15 P1=0 P2=51 P3=51]
    +y:stable: 67 samples [P0=31 P1=5 P2=0 P3=31]
    -y:transient: 14 samples [P0=5 P1=3 P2=1 P3=5]
    +z:confident: 44 samples [P0=44 P1=0 P2=0 P3=0]
    -z:uncertain: 51 samples [P0=0 P1=0 P2=0 P3=51]
  Face divergence from core (avg Hamming across patterns):
    +x:recent: 28 avg (4 patterns with data)
    -x:prior: 50 avg (3 patterns with data)
    +y:stable: 27 avg (3 patterns with data)
    -y:transient: 29 avg (4 patterns with data)
    +z:confident: 15 avg (1 patterns with data)
    -z:uncertain: 47 avg (1 patterns with data)
  Ring drops: 0

  Phase 1: TriX Cube ensemble (up to 32 samples, 60s)...
    s01: truth=1 core=1 isr=1 | cv=[0,3,0,0] iv=[0,3,0,0] xor=[18,104,16,22,104,104]
    s02: truth=1 core=1 isr=1 | cv=[0,6,0,0] iv=[0,6,0,0] xor=[18,104,16,22,104,104]
    s03: truth=2 core=2 isr=2 | cv=[0,0,2,0] iv=[0,0,2,0] xor=[32,62,-,32,-,-]
    s04: truth=2 core=2 isr=2 | cv=[0,0,2,0] iv=[0,0,2,0] xor=[32,62,96,32,96,96]
    s05: truth=2 core=2 isr=2 | cv=[0,0,2,0] iv=[0,0,2,0] xor=[32,62,96,32,96,96]
    s06: truth=2 core=2 isr=2 | cv=[0,0,2,0] iv=[0,0,2,0] xor=[32,62,96,32,96,96]
    s07: truth=2 core=2 isr=2 | cv=[0,0,2,0] iv=[0,0,2,0] xor=[32,62,96,32,96,96]
    s08: truth=3 core=2 isr=3 | cv=[0,0,1,1] iv=[0,0,1,2] xor=[39,59,73,39,96,71]
    s09: truth=3 core=3 isr=3 | cv=[0,0,0,5] iv=[1,0,0,9] xor=[47,56,50,47,104,47]
    s10: truth=0 core=0 isr=0 | cv=[10,0,0,0] iv=[10,0,0,0] xor=[13,29,12,13,12,109]
    s11: truth=0 core=0 isr=0 | cv=[10,0,0,0] iv=[10,0,0,0] xor=[6,15,5,8,6,119]
    s12: truth=0 core=0 isr=0 | cv=[10,0,0,0] iv=[10,0,0,0] xor=[6,2,5,6,6,119]
    s13: truth=0 core=0 isr=0 | cv=[10,0,0,0] iv=[10,0,0,0] xor=[6,2,3,2,5,15]
    s14: truth=0 core=0 isr=0 | cv=[10,0,0,0] iv=[10,0,0,0] xor=[3,3,1,2,5,3]
    s15: truth=1 core=1 isr=1 | cv=[0,6,0,0] iv=[0,6,0,0] xor=[18,104,16,22,104,104]
    s16: truth=1 core=1 isr=1 | cv=[0,5,0,0] iv=[0,5,0,0] xor=[5,120,2,11,120,120]
    s17: truth=1 core=1 isr=1 | cv=[0,4,0,0] iv=[0,4,0,0] xor=[4,120,2,11,120,120]
    s18: truth=1 core=1 isr=1 | cv=[0,6,0,0] iv=[0,6,0,0] xor=[4,120,3,10,120,120]
    s19: truth=1 core=1 isr=1 | cv=[0,3,0,0] iv=[0,3,0,0] xor=[5,80,3,4,80,80]
    s20: truth=2 core=2 isr=2 | cv=[0,0,2,0] iv=[0,0,2,0] xor=[32,62,96,32,96,96]
    s21: truth=2 core=2 isr=2 | cv=[0,0,2,0] iv=[0,0,2,0] xor=[24,26,109,25,109,109]
    s22: truth=2 core=2 isr=2 | cv=[0,0,2,0] iv=[0,0,2,0] xor=[24,26,109,25,109,109]
    s23: truth=2 core=2 isr=2 | cv=[0,0,2,0] iv=[0,0,2,0] xor=[24,26,109,25,109,109]
    s24: truth=2 core=2 isr=2 | cv=[0,0,2,0] iv=[0,0,2,0] xor=[24,26,109,25,109,109]
    s25: truth=3 core=0 isr=0 | cv=[4,1,0,0] iv=[8,2,0,0] xor=[2,2,1,2,3,2]
    s26: truth=0 core=0 isr=0 | cv=[10,0,0,0] iv=[10,0,0,0] xor=[3,4,3,1,4,3]
    s27: truth=0 core=0 isr=0 | cv=[10,0,0,0] iv=[10,0,0,0] xor=[3,5,2,2,5,3]
    s28: truth=0 core=0 isr=0 | cv=[10,0,0,0] iv=[10,0,0,0] xor=[0,1,3,3,5,4]
    s29: truth=0 core=0 isr=0 | cv=[10,0,0,0] iv=[10,0,0,0] xor=[1,1,3,1,3,4]
    s30: truth=0 core=0 isr=0 | cv=[8,3,0,0] iv=[8,3,0,0] xor=[2,1,2,2,3,2]
    s31: truth=1 core=1 isr=1 | cv=[0,3,0,0] iv=[0,3,0,0] xor=[6,1,3,4,1,1]
    s32: truth=1 core=1 isr=1 | cv=[0,6,0,0] iv=[0,6,0,0] xor=[6,1,3,4,1,1]

  ═══ CLASSIFICATION RESULTS (TriX Cube) ═══
  Total GIE loops: 40575
  TriX ISR classifications: 27668 (at 672 Hz)
  Test samples: 32
  Ring drops: 0
  Core (CPU per-pkt vote):   30/32 = 93%
  ISR  (HW 430 Hz TriX):     31/32 = 96% (all samples)
  ISR  (windows w/ data):    31/32 = 96% (271 pkts clean, 0 pkts timeout)
  TriX channel signals:      27668 (seq=27667)
  Baseline (packet-rate):    26/32 = 81%

  ── Novelty Detection ──
  Novel packets: 87 / 271 (32%)
  Novel windows: 9

  ── Online Maintenance ──
  Core re-signs: 10
  Core drift (Hamming):
    sig[0]: 12/128 trits
    sig[1]: 16/128 trits
    sig[2]: 13/128 trits
    sig[3]: 0/128 trits

  ── XOR Masks (temporal displacement per face) ──
    Face              avg  | rssi patid payload timing
    +x:recent           10/128 |  0/16  0/8   1/64    8/40
    -x:prior            31/128 |  2/16  2/8  16/64   10/40
    +y:stable           17/128 |  1/16  0/8   7/64    6/40
    -y:transient        10/128 |  0/16  0/8   1/64    8/40
    +z:confident        37/128 |  5/16  2/8  19/64   10/40
    -z:uncertain        54/128 |  7/16  3/8  30/64   13/40
    ── Signal distribution ──
    RSSI:    10% of mask weight
    PatID:   5% of mask weight
    Payload: 47% of mask weight
    Timing:  36% of mask weight

  ── TriX Cube Geometry ──
    +x:recent: 304 samples, 20 avg hamming from core
    -x:prior: 301 samples, 21 avg hamming from core
    +y:stable: 251 samples, 41 avg hamming from core
    -y:transient: 198 samples, 20 avg hamming from core
    +z:confident: 228 samples, 55 avg hamming from core
    -z:uncertain: 235 samples, 40 avg hamming from core
  Gate firing: 0%

  Architecture:
  - TriX ISR: HW classifies at 430 Hz (CfC blend DISABLED — Phase 3)
  - 7-voxel TriX Cube: core + 6 temporal faces
  - Faces: recent, prior, stable, transient, confident, uncertain
  - Core classifies alone. Faces compute XOR masks (intervention sensors)
  - XOR mask = trit positions where face sig != core sig
  - Online maintenance + novelty detection
  - Gate threshold=2147483647, novelty=60
  OK

-- TEST 14C: CLS Transition Experiment --

  ── Condition: Full (CMD5+bias) ──
[DIAG] 500us: agree=1223 disagree=174 out_sel4=47 out_sel5=48 in101=0x84 in103=0x86 gpio_in=0x1103a348 cpu_agree=20 loop=0
[DIAG] gdma: raw=0x1 st=0x0 ena=0x2 conf0=0x0 link=0x273c8(park=0) peri=9
[DIAG] gdma2: fifo=0x61 state=0x2e75a8(dscr_st=3 out_st=2) eof_addr=0x40827584
[DIAG] parlio: cfg=0x1a089b40(tx_start=1 bytelen=9936) st=0x80000000(tx_ready=1) int_raw=0x5(eof=1 rempty=1)
  Sync: waiting for ≥60s continuous P1...
    P1 step 100: vdb=12 p1_n=100 bias=[0 14 0 0]
    P1 step 200: vdb=25 p1_n=200 bias=[0 14 0 0]
  Synced: 60s continuous P1. Building prior...
    P1 step 300: vdb=37 p1_n=300 bias=[0 15 0 0]
    P1 step 400: vdb=50 p1_n=400 bias=[0 14 0 0]
  Phase 2: P2 detected at 90s (after 414 P1 samples), measuring transition...
    step  +0: align_P1=+38 align_P2=+64 bias=[13,0] pred=1 gt=2
    step  +1: align_P1=+40 align_P2=+49 bias=[12,0] pred=2 gt=2
    step  +2: align_P1=+48 align_P2=+54 bias=[10,0] pred=2 gt=2
    step  +3: align_P1=+42 align_P2=+55 bias=[9,0] pred=2 gt=2
    step  +4: align_P1=+42 align_P2=+61 bias=[8,0] pred=2 gt=2
    step  +5: align_P1=+39 align_P2=+45 bias=[7,0] pred=2 gt=2
    step  +6: align_P1=+41 align_P2=+38 bias=[7,0] pred=2 gt=2
    step  +7: align_P1=+39 align_P2=+45 bias=[6,0] pred=2 gt=2
    step  +8: align_P1=+38 align_P2=+38 bias=[5,0] pred=2 gt=2
    step  +9: align_P1=+38 align_P2=+40 bias=[5,0] pred=2 gt=2
    step +10: align_P1=+46 align_P2=+48 bias=[4,0] pred=2 gt=2
    step +20: align_P1=+37 align_P2=+51 bias=[1,13] pred=2 gt=2
    step +30: align_P1=+43 align_P2=+51 bias=[0,12] pred=2 gt=2
    step +40: align_P1=+39 align_P2=+47 bias=[0,11] pred=2 gt=2
    step +50: align_P1=+35 align_P2=+44 bias=[0,12] pred=2 gt=2

  Results (Full (CMD5+bias)):
  P1 samples: 553, P2 samples: 61
  Phase 2 steps: 200
  TriX accuracy (first 15): 15/15
  Crossover step: 0

  ── Condition: No bias (CMD5) ──
[DIAG] 500us: agree=1257 disagree=152 out_sel4=47 out_sel5=48 in101=0x84 in103=0x86 gpio_in=0x11039348 cpu_agree=20 loop=0
[DIAG] gdma: raw=0x1 st=0x0 ena=0x2 conf0=0x0 link=0x273c8(park=0) peri=9
[DIAG] gdma2: fifo=0x61 state=0x2e75a8(dscr_st=3 out_st=2) eof_addr=0x40827584
[DIAG] parlio: cfg=0x1a089b40(tx_start=1 bytelen=9936) st=0x80000000(tx_ready=1) int_raw=0x5(eof=1 rempty=1)
  Sync: waiting for P1 packets (sender confirmed)...
  Synced: 10s continuous P1. Building prior...
    P1 step 100: vdb=12 p1_n=100 bias=[0 0 0 0]
    P1 step 200: vdb=25 p1_n=200 bias=[0 0 0 0]
  Phase 2: P2 detected at 60s (after 278 P1 samples), measuring transition...
    step  +0: align_P1=+50 align_P2=+58 bias=[0,0] pred=1 gt=2
    step  +1: align_P1=+54 align_P2=+56 bias=[0,0] pred=2 gt=2
    step  +2: align_P1=+50 align_P2=+53 bias=[0,0] pred=2 gt=2
    step  +3: align_P1=+38 align_P2=+50 bias=[0,0] pred=2 gt=2
    step  +4: align_P1=+38 align_P2=+55 bias=[0,0] pred=2 gt=2
    step  +5: align_P1=+38 align_P2=+57 bias=[0,0] pred=2 gt=2
    step  +6: align_P1=+38 align_P2=+58 bias=[0,0] pred=2 gt=2
    step  +7: align_P1=+38 align_P2=+58 bias=[0,0] pred=2 gt=2
    step  +8: align_P1=+47 align_P2=+53 bias=[0,0] pred=2 gt=2
    step  +9: align_P1=+36 align_P2=+48 bias=[0,0] pred=2 gt=2
    step +10: align_P1=+34 align_P2=+43 bias=[0,0] pred=2 gt=2
    step +20: align_P1=+41 align_P2=+59 bias=[0,0] pred=2 gt=2
    step +30: align_P1=+45 align_P2=+55 bias=[0,0] pred=2 gt=2
    step +40: align_P1=+30 align_P2=+36 bias=[0,0] pred=2 gt=2
    step +50: align_P1=+33 align_P2=+43 bias=[0,0] pred=2 gt=2

  Results (No bias (CMD5)):
  P1 samples: 417, P2 samples: 61
  Phase 2 steps: 200
  TriX accuracy (first 15): 15/15
  Crossover step: 0

  ── Condition: Ablation (CMD4) ──
[DIAG] 500us: agree=1229 disagree=180 out_sel4=47 out_sel5=48 in101=0x84 in103=0x86 gpio_in=0x1103a348 cpu_agree=20 loop=0
[DIAG] gdma: raw=0x1 st=0x0 ena=0x2 conf0=0x0 link=0x273c8(park=0) peri=9
[DIAG] gdma2: fifo=0x61 state=0x2e75a8(dscr_st=3 out_st=2) eof_addr=0x40827584
[DIAG] parlio: cfg=0x1a089b40(tx_start=1 bytelen=9936) st=0x80000000(tx_ready=1) int_raw=0x5(eof=1 rempty=1)
  Sync: waiting for P1 packets (sender confirmed)...
  Synced: 10s continuous P1. Building prior...
    P1 step 100: vdb=12 p1_n=100 bias=[0 0 0 0]
    P1 step 200: vdb=25 p1_n=200 bias=[0 0 0 0]
  Phase 2: P2 detected at 60s (after 278 P1 samples), measuring transition...
    step  +0: align_P1=+36 align_P2=+60 bias=[0,0] pred=1 gt=2
    step  +1: align_P1=+51 align_P2=+57 bias=[0,0] pred=2 gt=2
    step  +2: align_P1=+42 align_P2=+54 bias=[0,0] pred=2 gt=2
    step  +3: align_P1=+55 align_P2=+57 bias=[0,0] pred=2 gt=2
    step  +4: align_P1=+43 align_P2=+48 bias=[0,0] pred=2 gt=2
    step  +5: align_P1=+46 align_P2=+45 bias=[0,0] pred=2 gt=2
    step  +6: align_P1=+31 align_P2=+36 bias=[0,0] pred=2 gt=2
    step  +7: align_P1=+41 align_P2=+46 bias=[0,0] pred=2 gt=2
    step  +8: align_P1=+39 align_P2=+44 bias=[0,0] pred=2 gt=2
    step  +9: align_P1=+40 align_P2=+48 bias=[0,0] pred=2 gt=2
    step +10: align_P1=+44 align_P2=+51 bias=[0,0] pred=2 gt=2
    step +20: align_P1=+40 align_P2=+56 bias=[0,0] pred=2 gt=2
    step +30: align_P1=+38 align_P2=+38 bias=[0,0] pred=2 gt=2
    step +40: align_P1=+40 align_P2=+54 bias=[0,0] pred=2 gt=2
    step +50: align_P1=+42 align_P2=+42 bias=[0,0] pred=2 gt=2

  Results (Ablation (CMD4)):
  P1 samples: 417, P2 samples: 61
  Phase 2 steps: 200
  TriX accuracy (first 15): 15/15
  Crossover step: 0

  ══ TEST 14C COMPARISON ══
  Condition              | TriX@15 | Crossover | P2 steps
  ----------------------|---------|-----------|----------
  Full (CMD5+bias)       |  15/ 15 |       0   |    200
  No bias (CMD5)         |  15/ 15 |       0   |    200
  Ablation (CMD4)        |  15/ 15 |       0   |    200

  Alignment Traces (align_P1, align_P2) at steps 0,5,10,15,20,30:
  Step                   |    +0       +5      +10      +15      +20      +30
  Full (CMD5+bias)       | +38/+64 +39/+45 +46/+48 +39/+47 +37/+51 +43/+51
  No bias (CMD5)         | +50/+58 +38/+57 +34/+43 +41/+52 +41/+59 +45/+55
  Ablation (CMD4)        | +36/+60 +46/+45 +44/+51 +52/+50 +40/+56 +38/+38

  ── Verdict ──
  TriX accuracy post-switch:     PASS
  Full system crossover ≤ 30:    PASS (step 0)
  Bias helps (full ≤ no-bias):   PASS (0 vs 0)
  Ablation slower:               PASS (0 vs 0)
  Sufficient P2 data:            PASS (200 steps)
  OK

============================================================
  RESULTS: 2 / 2 PASSED
============================================================

  *** FULL SYSTEM VERIFIED ***
  Layer 1: GIE (GDMA+PARLIO+PCNT) — 428 Hz, ~0 CPU
  Layer 2: LP core geometric processor — 100 Hz, ~30uA
  Layer 2b: LP core ternary VDB — NSW graph search (M=7)
  Layer 2c: CfC -> VDB pipeline — perceive+think+remember
  Layer 2d: VDB -> CfC feedback — memory shapes inference
  Layer 3: HP core — reflex channel coordination
  Layer 4: ESP-NOW -> GIE live input + pattern classification
  Layer 5: TriX -> VDB -> LP feedback — memory-modulated attention
  Layer 6: CMD 4 ablation — VDB contribution isolated from CfC baseline
  All ternary. No floating point. No multiplication.
  Perceive → classify → remember → retrieve → modulate.
  Attribution: CMD 5 vs CMD 4 Hamming delta quantifies VDB contribution.

-- LP CHAR: LP Dynamics Characterization --
   (diagnostic — not counted in pass/fail)
  Rep 1/3:
    P1 step   0: fires=12 blend= 0 score=  0 vdb=1
    P1 step 100: fires=14 blend= 3 score= 28 vdb=5
    P1 step 200: fires=14 blend= 4 score= 32 vdb=9
    P1 step 300: fires=14 blend= 3 score= 31 vdb=13
    P1 step 400: fires=14 blend= 3 score= 31 vdb=17
    P1 done: vdb_nodes=20
    P2 step  0: fires=16 blend= 9 score= 15 applied=1
    P2 step  1: fires=15 blend= 8 score=  9 applied=1
    P2 step  2: fires=15 blend= 6 score= 10 applied=1
    P2 step  3: fires=16 blend= 8 score= 10 applied=1
    P2 step  4: fires=15 blend= 7 score=  9 applied=1
    P2 step  5: fires=15 blend= 7 score=  9 applied=1
    P2 step  6: fires=15 blend= 7 score=  9 applied=1
    P2 step  7: fires=15 blend= 7 score=  9 applied=1
    P2 step  8: fires=15 blend= 7 score=  9 applied=1
    P2 step  9: fires=15 blend= 7 score=  9 applied=1
    P2 step 10: fires=15 blend= 7 score=  9 applied=1
    P2 step 11: fires=15 blend= 7 score=  9 applied=1
    P2 step 12: fires=15 blend= 7 score=  9 applied=1
    P2 step 13: fires=15 blend= 7 score=  9 applied=1
    P2 step 14: fires=15 blend= 7 score=  9 applied=1
    P2 step 15: fires=15 blend= 7 score=  9 applied=1
    P2 step 16: fires=15 blend= 7 score=  9 applied=1
    P2 step 17: fires=15 blend= 7 score=  9 applied=1
    P2 step 18: fires=15 blend= 7 score=  9 applied=1
    P2 step 19: fires=15 blend= 7 score=  9 applied=1
    P2 step 20: fires=15 blend= 7 score=  9 applied=1
    P2 step 21: fires=15 blend= 7 score=  9 applied=1
    P2 step 22: fires=15 blend= 7 score=  9 applied=1
    P2 step 23: fires=15 blend= 7 score=  9 applied=1
    P2 step 24: fires=15 blend= 7 score=  9 applied=1
    P2 step 25: fires=15 blend= 7 score=  9 applied=1
    P2 step 26: fires=15 blend= 7 score=  9 applied=1
    P2 step 27: fires=15 blend= 7 score=  9 applied=1
    P2 step 28: fires=15 blend= 7 score=  9 applied=1
    P2 step 29: fires=15 blend= 7 score=  9 applied=1
    P2 step 30: fires=15 blend= 7 score=  9 applied=1
    P2 step 31: fires=15 blend= 7 score=  9 applied=1
    P2 step 32: fires=15 blend= 7 score=  9 applied=1
    P2 step 33: fires=15 blend= 7 score=  9 applied=1
    P2 step 34: fires=15 blend= 7 score=  9 applied=1
    P2 step 35: fires=15 blend= 7 score=  9 applied=1
    P2 step 36: fires=15 blend= 7 score=  9 applied=1
    P2 step 37: fires=15 blend= 7 score=  9 applied=1
    P2 step 38: fires=15 blend= 7 score=  9 applied=1
    P2 step 39: fires=15 blend= 7 score=  9 applied=1
    P2 step 40: fires=15 blend= 7 score=  9 applied=1
    P2 step 41: fires=15 blend= 7 score=  9 applied=1
    P2 step 42: fires=15 blend= 7 score=  9 applied=1
    P2 step 43: fires=15 blend= 7 score=  9 applied=1
    P2 step 44: fires=15 blend= 7 score=  9 applied=1
    P2 step 45: fires=15 blend= 7 score=  9 applied=1
    P2 step 46: fires=15 blend= 7 score=  9 applied=1
    P2 step 47: fires=15 blend= 7 score=  9 applied=1
    P2 step 48: fires=15 blend= 7 score=  9 applied=1
    P2 step 49: fires=15 blend= 7 score=  9 applied=1
    P2 step 50: fires=15 blend= 7 score=  9 applied=1
    P2 step 51: fires=15 blend= 7 score=  9 applied=1
    P2 step 52: fires=15 blend= 7 score=  9 applied=1
    P2 step 53: fires=15 blend= 7 score=  9 applied=1
    P2 step 54: fires=15 blend= 7 score=  9 applied=1
    P2 step 55: fires=15 blend= 7 score=  9 applied=1
    P2 step 56: fires=15 blend= 7 score=  9 applied=1
    P2 step 57: fires=15 blend= 7 score=  9 applied=1
    P2 step 58: fires=15 blend= 7 score=  9 applied=1
    P2 step 59: fires=15 blend= 7 score=  9 applied=1
    P2 step 60: fires=15 blend= 7 score=  9 applied=1
    P2 step 61: fires=15 blend= 7 score=  9 applied=1
    P2 step 62: fires=15 blend= 7 score=  9 applied=1
    P2 step 63: fires=15 blend= 7 score=  9 applied=1
    P2 step 64: fires=15 blend= 7 score=  9 applied=1
    P2 step 65: fires=15 blend= 7 score=  9 applied=1
    P2 step 66: fires=15 blend= 7 score=  9 applied=1
    P2 step 67: fires=15 blend= 7 score=  9 applied=1
    P2 step 68: fires=15 blend= 7 score=  9 applied=1
    P2 step 69: fires=15 blend= 7 score=  9 applied=1
    P2 step 70: fires=15 blend= 7 score=  9 applied=1
    P2 step 71: fires=15 blend= 7 score=  9 applied=1
    P2 step 72: fires=15 blend= 7 score=  9 applied=1
    P2 step 73: fires=15 blend= 7 score=  9 applied=1
    P2 step 74: fires=15 blend= 7 score=  9 applied=1
    P2 step 75: fires=15 blend= 7 score=  9 applied=1
    P2 step 76: fires=15 blend= 7 score=  9 applied=1
    P2 step 77: fires=15 blend= 7 score=  9 applied=1
    P2 step 78: fires=15 blend= 7 score=  9 applied=1
    P2 step 79: fires=15 blend= 7 score=  9 applied=1
    P2 step 80: fires=15 blend= 7 score=  9 applied=1
    P2 step 81: fires=15 blend= 7 score=  9 applied=1
    P2 step 82: fires=15 blend= 7 score=  9 applied=1
    P2 step 83: fires=15 blend= 7 score=  9 applied=1
    P2 step 84: fires=15 blend= 7 score=  9 applied=1
    P2 step 85: fires=15 blend= 7 score=  9 applied=1
    P2 step 86: fires=15 blend= 7 score=  9 applied=1
    P2 step 87: fires=15 blend= 7 score=  9 applied=1
    P2 step 88: fires=15 blend= 7 score=  9 applied=1
    P2 step 89: fires=15 blend= 7 score=  9 applied=1
    P2 step 90: fires=15 blend= 7 score=  9 applied=1
    P2 step 91: fires=15 blend= 7 score=  9 applied=1
    P2 step 92: fires=15 blend= 7 score=  9 applied=1
    P2 step 93: fires=15 blend= 7 score=  9 applied=1
    P2 step 94: fires=15 blend= 7 score=  9 applied=1
    P2 step 95: fires=15 blend= 7 score=  9 applied=1
    P2 step 96: fires=15 blend= 7 score=  9 applied=1
    P2 step 97: fires=15 blend= 7 score=  9 applied=1
    P2 step 98: fires=15 blend= 7 score=  9 applied=1
    P2 step 99: fires=15 blend= 7 score=  9 applied=1
    P1 mean: fires/step=14.2  blend/step=3.2  implied_alpha=0.201
    P2 mean: fires/step=15.0  blend/step=7.0  implied_alpha=0.439

  Rep 2/3:
    P1 step   0: fires=12 blend= 0 score=  0 vdb=1
    P1 step 100: fires=14 blend= 3 score= 28 vdb=5
    P1 step 200: fires=14 blend= 4 score= 32 vdb=9
    P1 step 300: fires=14 blend= 3 score= 31 vdb=13
    P1 step 400: fires=14 blend= 3 score= 31 vdb=17
    P1 done: vdb_nodes=20
    P2 step  0: fires=16 blend= 9 score= 15 applied=1
    P2 step  1: fires=15 blend= 8 score=  9 applied=1
    P2 step  2: fires=15 blend= 6 score= 10 applied=1
    P2 step  3: fires=16 blend= 8 score= 10 applied=1
    P2 step  4: fires=15 blend= 7 score=  9 applied=1
    P2 step  5: fires=15 blend= 7 score=  9 applied=1
    P2 step  6: fires=15 blend= 7 score=  9 applied=1
    P2 step  7: fires=15 blend= 7 score=  9 applied=1
    P2 step  8: fires=15 blend= 7 score=  9 applied=1
    P2 step  9: fires=15 blend= 7 score=  9 applied=1
    P2 step 10: fires=15 blend= 7 score=  9 applied=1
    P2 step 11: fires=15 blend= 7 score=  9 applied=1
    P2 step 12: fires=15 blend= 7 score=  9 applied=1
    P2 step 13: fires=15 blend= 7 score=  9 applied=1
    P2 step 14: fires=15 blend= 7 score=  9 applied=1
    P2 step 15: fires=15 blend= 7 score=  9 applied=1
    P2 step 16: fires=15 blend= 7 score=  9 applied=1
    P2 step 17: fires=15 blend= 7 score=  9 applied=1
    P2 step 18: fires=15 blend= 7 score=  9 applied=1
    P2 step 19: fires=15 blend= 7 score=  9 applied=1
    P2 step 20: fires=15 blend= 7 score=  9 applied=1
    P2 step 21: fires=15 blend= 7 score=  9 applied=1
    P2 step 22: fires=15 blend= 7 score=  9 applied=1
    P2 step 23: fires=15 blend= 7 score=  9 applied=1
    P2 step 24: fires=15 blend= 7 score=  9 applied=1
    P2 step 25: fires=15 blend= 7 score=  9 applied=1
    P2 step 26: fires=15 blend= 7 score=  9 applied=1
    P2 step 27: fires=15 blend= 7 score=  9 applied=1
    P2 step 28: fires=15 blend= 7 score=  9 applied=1
    P2 step 29: fires=15 blend= 7 score=  9 applied=1
    P2 step 30: fires=15 blend= 7 score=  9 applied=1
    P2 step 31: fires=15 blend= 7 score=  9 applied=1
    P2 step 32: fires=15 blend= 7 score=  9 applied=1
    P2 step 33: fires=15 blend= 7 score=  9 applied=1
    P2 step 34: fires=15 blend= 7 score=  9 applied=1
    P2 step 35: fires=15 blend= 7 score=  9 applied=1
    P2 step 36: fires=15 blend= 7 score=  9 applied=1
    P2 step 37: fires=15 blend= 7 score=  9 applied=1
    P2 step 38: fires=15 blend= 7 score=  9 applied=1
    P2 step 39: fires=15 blend= 7 score=  9 applied=1
    P2 step 40: fires=15 blend= 7 score=  9 applied=1
    P2 step 41: fires=15 blend= 7 score=  9 applied=1
    P2 step 42: fires=15 blend= 7 score=  9 applied=1
    P2 step 43: fires=15 blend= 7 score=  9 applied=1
    P2 step 44: fires=15 blend= 7 score=  9 applied=1
    P2 step 45: fires=15 blend= 7 score=  9 applied=1
    P2 step 46: fires=15 blend= 7 score=  9 applied=1
    P2 step 47: fires=15 blend= 7 score=  9 applied=1
    P2 step 48: fires=15 blend= 7 score=  9 applied=1
    P2 step 49: fires=15 blend= 7 score=  9 applied=1
    P2 step 50: fires=15 blend= 7 score=  9 applied=1
    P2 step 51: fires=15 blend= 7 score=  9 applied=1
    P2 step 52: fires=15 blend= 7 score=  9 applied=1
    P2 step 53: fires=15 blend= 7 score=  9 applied=1
    P2 step 54: fires=15 blend= 7 score=  9 applied=1
    P2 step 55: fires=15 blend= 7 score=  9 applied=1
    P2 step 56: fires=15 blend= 7 score=  9 applied=1
    P2 step 57: fires=15 blend= 7 score=  9 applied=1
    P2 step 58: fires=15 blend= 7 score=  9 applied=1
    P2 step 59: fires=15 blend= 7 score=  9 applied=1
    P2 step 60: fires=15 blend= 7 score=  9 applied=1
    P2 step 61: fires=15 blend= 7 score=  9 applied=1
    P2 step 62: fires=15 blend= 7 score=  9 applied=1
    P2 step 63: fires=15 blend= 7 score=  9 applied=1
    P2 step 64: fires=15 blend= 7 score=  9 applied=1
    P2 step 65: fires=15 blend= 7 score=  9 applied=1
    P2 step 66: fires=15 blend= 7 score=  9 applied=1
    P2 step 67: fires=15 blend= 7 score=  9 applied=1
    P2 step 68: fires=15 blend= 7 score=  9 applied=1
    P2 step 69: fires=15 blend= 7 score=  9 applied=1
    P2 step 70: fires=15 blend= 7 score=  9 applied=1
    P2 step 71: fires=15 blend= 7 score=  9 applied=1
    P2 step 72: fires=15 blend= 7 score=  9 applied=1
    P2 step 73: fires=15 blend= 7 score=  9 applied=1
    P2 step 74: fires=15 blend= 7 score=  9 applied=1
    P2 step 75: fires=15 blend= 7 score=  9 applied=1
    P2 step 76: fires=15 blend= 7 score=  9 applied=1
    P2 step 77: fires=15 blend= 7 score=  9 applied=1
    P2 step 78: fires=15 blend= 7 score=  9 applied=1
    P2 step 79: fires=15 blend= 7 score=  9 applied=1
    P2 step 80: fires=15 blend= 7 score=  9 applied=1
    P2 step 81: fires=15 blend= 7 score=  9 applied=1
    P2 step 82: fires=15 blend= 7 score=  9 applied=1
    P2 step 83: fires=15 blend= 7 score=  9 applied=1
    P2 step 84: fires=15 blend= 7 score=  9 applied=1
    P2 step 85: fires=15 blend= 7 score=  9 applied=1
    P2 step 86: fires=15 blend= 7 score=  9 applied=1
    P2 step 87: fires=15 blend= 7 score=  9 applied=1
    P2 step 88: fires=15 blend= 7 score=  9 applied=1
    P2 step 89: fires=15 blend= 7 score=  9 applied=1
    P2 step 90: fires=15 blend= 7 score=  9 applied=1
    P2 step 91: fires=15 blend= 7 score=  9 applied=1
    P2 step 92: fires=15 blend= 7 score=  9 applied=1
    P2 step 93: fires=15 blend= 7 score=  9 applied=1
    P2 step 94: fires=15 blend= 7 score=  9 applied=1
    P2 step 95: fires=15 blend= 7 score=  9 applied=1
    P2 step 96: fires=15 blend= 7 score=  9 applied=1
    P2 step 97: fires=15 blend= 7 score=  9 applied=1
    P2 step 98: fires=15 blend= 7 score=  9 applied=1
    P2 step 99: fires=15 blend= 7 score=  9 applied=1
    P1 mean: fires/step=14.2  blend/step=3.2  implied_alpha=0.201
    P2 mean: fires/step=15.0  blend/step=7.0  implied_alpha=0.439

  Rep 3/3:
    P1 step   0: fires=12 blend= 0 score=  0 vdb=1
    P1 step 100: fires=14 blend= 3 score= 28 vdb=5
    P1 step 200: fires=14 blend= 4 score= 32 vdb=9
    P1 step 300: fires=14 blend= 3 score= 31 vdb=13
    P1 step 400: fires=14 blend= 3 score= 31 vdb=17
    P1 done: vdb_nodes=20
    P2 step  0: fires=16 blend= 9 score= 15 applied=1
    P2 step  1: fires=15 blend= 8 score=  9 applied=1
    P2 step  2: fires=15 blend= 6 score= 10 applied=1
    P2 step  3: fires=16 blend= 8 score= 10 applied=1
    P2 step  4: fires=15 blend= 7 score=  9 applied=1
    P2 step  5: fires=15 blend= 7 score=  9 applied=1
    P2 step  6: fires=15 blend= 7 score=  9 applied=1
    P2 step  7: fires=15 blend= 7 score=  9 applied=1
    P2 step  8: fires=15 blend= 7 score=  9 applied=1
    P2 step  9: fires=15 blend= 7 score=  9 applied=1
    P2 step 10: fires=15 blend= 7 score=  9 applied=1
    P2 step 11: fires=15 blend= 7 score=  9 applied=1
    P2 step 12: fires=15 blend= 7 score=  9 applied=1
    P2 step 13: fires=15 blend= 7 score=  9 applied=1
    P2 step 14: fires=15 blend= 7 score=  9 applied=1
    P2 step 15: fires=15 blend= 7 score=  9 applied=1
    P2 step 16: fires=15 blend= 7 score=  9 applied=1
    P2 step 17: fires=15 blend= 7 score=  9 applied=1
    P2 step 18: fires=15 blend= 7 score=  9 applied=1
    P2 step 19: fires=15 blend= 7 score=  9 applied=1
    P2 step 20: fires=15 blend= 7 score=  9 applied=1
    P2 step 21: fires=15 blend= 7 score=  9 applied=1
    P2 step 22: fires=15 blend= 7 score=  9 applied=1
    P2 step 23: fires=15 blend= 7 score=  9 applied=1
    P2 step 24: fires=15 blend= 7 score=  9 applied=1
    P2 step 25: fires=15 blend= 7 score=  9 applied=1
    P2 step 26: fires=15 blend= 7 score=  9 applied=1
    P2 step 27: fires=15 blend= 7 score=  9 applied=1
    P2 step 28: fires=15 blend= 7 score=  9 applied=1
    P2 step 29: fires=15 blend= 7 score=  9 applied=1
    P2 step 30: fires=15 blend= 7 score=  9 applied=1
    P2 step 31: fires=15 blend= 7 score=  9 applied=1
    P2 step 32: fires=15 blend= 7 score=  9 applied=1
    P2 step 33: fires=15 blend= 7 score=  9 applied=1
    P2 step 34: fires=15 blend= 7 score=  9 applied=1
    P2 step 35: fires=15 blend= 7 score=  9 applied=1
    P2 step 36: fires=15 blend= 7 score=  9 applied=1
    P2 step 37: fires=15 blend= 7 score=  9 applied=1
    P2 step 38: fires=15 blend= 7 score=  9 applied=1
    P2 step 39: fires=15 blend= 7 score=  9 applied=1
    P2 step 40: fires=15 blend= 7 score=  9 applied=1
    P2 step 41: fires=15 blend= 7 score=  9 applied=1
    P2 step 42: fires=15 blend= 7 score=  9 applied=1
    P2 step 43: fires=15 blend= 7 score=  9 applied=1
    P2 step 44: fires=15 blend= 7 score=  9 applied=1
    P2 step 45: fires=15 blend= 7 score=  9 applied=1
    P2 step 46: fires=15 blend= 7 score=  9 applied=1
    P2 step 47: fires=15 blend= 7 score=  9 applied=1
    P2 step 48: fires=15 blend= 7 score=  9 applied=1
    P2 step 49: fires=15 blend= 7 score=  9 applied=1
    P2 step 50: fires=15 blend= 7 score=  9 applied=1
    P2 step 51: fires=15 blend= 7 score=  9 applied=1
    P2 step 52: fires=15 blend= 7 score=  9 applied=1
    P2 step 53: fires=15 blend= 7 score=  9 applied=1
    P2 step 54: fires=15 blend= 7 score=  9 applied=1
    P2 step 55: fires=15 blend= 7 score=  9 applied=1
    P2 step 56: fires=15 blend= 7 score=  9 applied=1
    P2 step 57: fires=15 blend= 7 score=  9 applied=1
    P2 step 58: fires=15 blend= 7 score=  9 applied=1
    P2 step 59: fires=15 blend= 7 score=  9 applied=1
    P2 step 60: fires=15 blend= 7 score=  9 applied=1
    P2 step 61: fires=15 blend= 7 score=  9 applied=1
    P2 step 62: fires=15 blend= 7 score=  9 applied=1
    P2 step 63: fires=15 blend= 7 score=  9 applied=1
    P2 step 64: fires=15 blend= 7 score=  9 applied=1
    P2 step 65: fires=15 blend= 7 score=  9 applied=1
    P2 step 66: fires=15 blend= 7 score=  9 applied=1
    P2 step 67: fires=15 blend= 7 score=  9 applied=1
    P2 step 68: fires=15 blend= 7 score=  9 applied=1
    P2 step 69: fires=15 blend= 7 score=  9 applied=1
    P2 step 70: fires=15 blend= 7 score=  9 applied=1
    P2 step 71: fires=15 blend= 7 score=  9 applied=1
    P2 step 72: fires=15 blend= 7 score=  9 applied=1
    P2 step 73: fires=15 blend= 7 score=  9 applied=1
    P2 step 74: fires=15 blend= 7 score=  9 applied=1
    P2 step 75: fires=15 blend= 7 score=  9 applied=1
    P2 step 76: fires=15 blend= 7 score=  9 applied=1
    P2 step 77: fires=15 blend= 7 score=  9 applied=1
    P2 step 78: fires=15 blend= 7 score=  9 applied=1
    P2 step 79: fires=15 blend= 7 score=  9 applied=1
    P2 step 80: fires=15 blend= 7 score=  9 applied=1
    P2 step 81: fires=15 blend= 7 score=  9 applied=1
    P2 step 82: fires=15 blend= 7 score=  9 applied=1
    P2 step 83: fires=15 blend= 7 score=  9 applied=1
    P2 step 84: fires=15 blend= 7 score=  9 applied=1
    P2 step 85: fires=15 blend= 7 score=  9 applied=1
    P2 step 86: fires=15 blend= 7 score=  9 applied=1
    P2 step 87: fires=15 blend= 7 score=  9 applied=1
    P2 step 88: fires=15 blend= 7 score=  9 applied=1
    P2 step 89: fires=15 blend= 7 score=  9 applied=1
    P2 step 90: fires=15 blend= 7 score=  9 applied=1
    P2 step 91: fires=15 blend= 7 score=  9 applied=1
    P2 step 92: fires=15 blend= 7 score=  9 applied=1
    P2 step 93: fires=15 blend= 7 score=  9 applied=1
    P2 step 94: fires=15 blend= 7 score=  9 applied=1
    P2 step 95: fires=15 blend= 7 score=  9 applied=1
    P2 step 96: fires=15 blend= 7 score=  9 applied=1
    P2 step 97: fires=15 blend= 7 score=  9 applied=1
    P2 step 98: fires=15 blend= 7 score=  9 applied=1
    P2 step 99: fires=15 blend= 7 score=  9 applied=1
    P1 mean: fires/step=14.2  blend/step=3.2  implied_alpha=0.201
    P2 mean: fires/step=15.0  blend/step=7.0  implied_alpha=0.439

  Switch window (rep 3, last 20 P1 → first 30 P2):
  step | fires | blend | score | appl | lp_hidden
  -----|-------|-------|-------|------|----------
   -20 |    14 |     3 |    31 |    1 | +-+--+-++-----+0
   -19 |    14 |     3 |    31 |    1 | +-+--+-++-----+0
   -18 |    14 |     3 |    31 |    1 | +-+--+-++-----+0
   -17 |    14 |     3 |    31 |    1 | +-+--+-++-----+0
   -16 |    14 |     3 |    31 |    1 | +-+--+-++-----+0
   -15 |    14 |     3 |    31 |    1 | +-+--0-++0----+0
   -14 |    14 |     3 |    31 |    1 | +-+--+-++-----+0
   -13 |    14 |     3 |    31 |    1 | +-+--+-++-----+0
   -12 |    14 |     3 |    31 |    1 | +-+--+-++-----+0
   -11 |    14 |     3 |    31 |    1 | +-+--+-++-----+0
   -10 |    14 |     3 |    31 |    1 | +-+--+-++-----+0
    -9 |    14 |     3 |    31 |    1 | +-+--+-++-----+0
    -8 |    14 |     3 |    31 |    1 | +-+--+-++-----+0
    -7 |    14 |     3 |    31 |    1 | +-+--+-++-----+0
    -6 |    14 |     3 |    31 |    1 | +-+--+-++-----+0
    -5 |    14 |     3 |    31 |    1 | +-+--+-++-----+0
    -4 |    14 |     3 |    31 |    1 | +-+--+-++-----+0
    -3 |    14 |     3 |    31 |    1 | +-+--+-++-----+0
    -2 |    14 |     3 |    31 |    1 | +-+--+-++-----+0
    -1 |    14 |     3 |    31 |    1 | +-+--+-++-----+0
    +0 |    16 |     9 |    15 |    1 | +-0-0+-0+-00-00+
    +1 |    15 |     8 |     9 |    1 | 0-0--0-0+----00+
    +2 |    15 |     6 |    10 |    1 | 0-0-0+-0+--0--0+
    +3 |    16 |     8 |    10 |    1 | 0-0-0+-0+--0-00+
    +4 |    15 |     7 |     9 |    1 | 0-0-0+-0+--0-00+
    +5 |    15 |     7 |     9 |    1 | 0-0-0+-0+--0-00+
    +6 |    15 |     7 |     9 |    1 | 0-0-0+-0+--0-00+
    +7 |    15 |     7 |     9 |    1 | 0-0-0+-0+--0-00+
    +8 |    15 |     7 |     9 |    1 | 0-0-0+-0+--0-00+
    +9 |    15 |     7 |     9 |    1 | 0-0-0+-0+--0-00+
   +10 |    15 |     7 |     9 |    1 | 0-0-0+-0+--0-00+
   +11 |    15 |     7 |     9 |    1 | 0-0-0+-0+--0-00+
   +12 |    15 |     7 |     9 |    1 | 0-0-0+-0+--0-00+
   +13 |    15 |     7 |     9 |    1 | 0-0-0+-0+--0-00+
   +14 |    15 |     7 |     9 |    1 | 0-0-0+-0+--0-00+
   +15 |    15 |     7 |     9 |    1 | 0-0-0+-0+--0-00+
   +16 |    15 |     7 |     9 |    1 | 0-0-0+-0+--0-00+
   +17 |    15 |     7 |     9 |    1 | 0-0-0+-0+--0-00+
   +18 |    15 |     7 |     9 |    1 | 0-0-0+-0+--0-00+
   +19 |    15 |     7 |     9 |    1 | 0-0-0+-0+--0-00+
   +20 |    15 |     7 |     9 |    1 | 0-0-0+-0+--0-00+
   +21 |    15 |     7 |     9 |    1 | 0-0-0+-0+--0-00+
   +22 |    15 |     7 |     9 |    1 | 0-0-0+-0+--0-00+
   +23 |    15 |     7 |     9 |    1 | 0-0-0+-0+--0-00+
   +24 |    15 |     7 |     9 |    1 | 0-0-0+-0+--0-00+
   +25 |    15 |     7 |     9 |    1 | 0-0-0+-0+--0-00+
   +26 |    15 |     7 |     9 |    1 | 0-0-0+-0+--0-00+
   +27 |    15 |     7 |     9 |    1 | 0-0-0+-0+--0-00+
   +28 |    15 |     7 |     9 |    1 | 0-0-0+-0+--0-00+
   +29 |    15 |     7 |     9 |    1 | 0-0-0+-0+--0-00+

  SUMMARY (3 reps, P1=500 steps, P2=100 steps):
  P1 steady: fires/step=14.2  blend/step=3.2  implied_alpha=0.201
  P2 phase:  fires/step=15.0  blend/step=7.0  implied_alpha=0.439
  REGIME: Path A dominant (CfC fires > 2/step)
  Sim calibration: LP_SIM_THRESHOLD should match Path A threshold; BLEND_ALPHA = 0.201


── LP DOT MAGNITUDE DIAGNOSTIC ──
  (CPU reference, not LP core)

  LP f-pathway dots (per neuron, 4 patterns):
        n00 n01 n02 n03 n04 n05 n06 n07 n08 n09 n10 n11 n12 n13 n14 n15
  P0:   +2  +6  -6  +3  -4  +4  +0  -1  +2  +4  +6  +2  -1  +2  +4  +1
  P1:   +0  +8  -4  -1  +0  -4  -4  +3 -10  +0  +6  -2  -1  -2  -4  +7
  P2:   +8  +4  -2  +1  +6  -6  -2  -1  +0  +6  +4  +2  -5  -2  -4  -1
  P3:   +0  +0  -6  +5  -4  +0  -2  -7  -2  -2  +4  +4  +7  +2  -2  +5

  LP f-pathway SIGNS:
         n00  n01  n02  n03  n04  n05  n06  n07  n08  n09  n10  n11  n12  n13  n14  n15
  P0:    +    +    -    +    -    +    0    -    +    +    +    +    -    +    +    +
  P1:    0    +    -    -    0    -    -    +    -    0    +    -    -    -    -    +
  P2:    +    +    -    +    +    -    -    -    0    +    +    +    -    -    -    -
  P3:    0    0    -    +    -    0    -    -    -    -    +    +    +    +    -    +

  P1 vs P2 comparison (f-pathway):
    n00: P1= +0 P2= +8  sign=DIFF  |mag_diff|=8
    n01: P1= +8 P2= +4  sign=SAME  |mag_diff|=4
    n02: P1= -4 P2= -2  sign=SAME  |mag_diff|=2
    n03: P1= -1 P2= +1  sign=DIFF  |mag_diff|=0
    n04: P1= +0 P2= +6  sign=DIFF  |mag_diff|=6
    n05: P1= -4 P2= -6  sign=SAME  |mag_diff|=2
    n06: P1= -4 P2= -2  sign=SAME  |mag_diff|=2
    n07: P1= +3 P2= -1  sign=DIFF  |mag_diff|=2
    n08: P1=-10 P2= +0  sign=DIFF  |mag_diff|=10
    n09: P1= +0 P2= +6  sign=DIFF  |mag_diff|=6
    n10: P1= +6 P2= +4  sign=SAME  |mag_diff|=2
    n11: P1= -2 P2= +2  sign=DIFF  |mag_diff|=0
    n12: P1= -1 P2= -5  sign=SAME  |mag_diff|=4
    n13: P1= -2 P2= -2  sign=SAME  |mag_diff|=0
    n14: P1= -4 P2= -4  sign=SAME  |mag_diff|=0
    n15: P1= +7 P2= -1  sign=DIFF  |mag_diff|=6
  Signs: 8 same, 8 different
  Mean |magnitude difference|: 3.4
  If signs are mostly SAME but magnitudes differ:
    → 5-trit MTFP per neuron would resolve the degeneracy
  If signs AND magnitudes are similar:
    → need more projection directions (wider LP)

