# Seed A = 0xCAFE1234, captured 2026-04-09 11:27:01
# Sender: ENROLL cycle (90s) -> P1/P2 transition
ESP-ROM:esp32c6-20220919
Build:Sep 19 2022
rst:0x15 (USB_UART_HPSYS),boot:0x1e (SPI_FAST_FLASH_BOOT)
Saved PC:0x40806624
SPIWP:0xee
mode:DIO, clock div:2
load:0x40875730,len:0x180c
load:0x4086c110,len:0xfac
load:0x4086e610,len:0x3154
entry 0x4086c11a
I (23) boot: ESP-IDF v5.4 2nd stage bootloader
I (23) boot: compile time Apr  9 2026 09:48:19
I (23) boot: chip revision: v0.2
I (24) boot: efuse block revision: v0.3
I (24) qio_mode: Enabling default flash chip QIO
I (24) boot.esp32c6: SPI Speed      : 80MHz
I (24) boot.esp32c6: SPI Mode       : QIO
I (25) boot.esp32c6: SPI Flash Size : 2MB
I (25) boot: Enabling RNG early entropy source...
I (25) boot: Partition Table:
I (25) boot: ## Label            Usage          Type ST Offset   Length
I (26) boot:  0 nvs              WiFi data        01 02 00009000 00006000
I (26) boot:  1 phy_init         RF data          01 01 0000f000 00001000
I (27) boot:  2 factory          factory app      00 00 00010000 00100000
I (28) boot: End of partition table
I (28) esp_image: segment 0: paddr=00010020 vaddr=42098020 size=1f2d0h (127696) map
I (51) esp_image: segment 1: paddr=0002f2f8 vaddr=40800000 size=00d20h (  3360) load
I (53) esp_image: segment 2: paddr=00030020 vaddr=42000020 size=96740h (616256) map
I (164) esp_image: segment 3: paddr=000c6768 vaddr=40800d20 size=18abch (101052) load
I (185) esp_image: segment 4: paddr=000df22c vaddr=408197e0 size=03c1ch ( 15388) load
I (189) esp_image: segment 5: paddr=000e2e50 vaddr=50003fc0 size=0000ch (    12) load
I (196) boot: Loaded app from partition at offset 0x10000
I (196) boot: Disabling RNG early entropy source...
W (206) spi_flash: Detected size(4096k) larger than the size in the binary image header(2048k). Using the size in the binary image header.

============================================================
  FREE-RUNNING SUB-CPU NEURAL NETWORK
  + LP CORE GEOMETRIC PROCESSOR
  GIE (441 Hz HW) → LP core (100 Hz, 16MHz RISC-V, ~30uA)
  Three-layer hierarchy: peripheral → geometric → CPU
============================================================

[INIT] GPIO 4-7...
[INIT] ETM clock...
[INIT] PARLIO TX (2-bit, 20MHz, loopback)...
[INIT] PCNT (2 units)...
[INIT] Timer...
[INIT] GDMA channel detection...
[GDMA] PARLIO owns CH0
[INIT] GDMA ISR (free-running mode)...
[GDMA ISR] OK — CH0 (source=69), LEVEL3
[INIT] LP core binary (16320 bytes)...
[INIT] LP core weights (after binary load)...
[INIT] LP seed: 0xCAFE1234
[LP] Geometric processor running (100 Hz, 16 MHz RISC-V)
[INIT] ESP-NOW receiver...
W (8367) wifi:ACK_TAB0   :0x   90a0b, QAM16:0x9 (24Mbps), QPSK:0xa (12Mbps), BPSK:0xb (6Mbps)
W (8368) wifi:CTS_TAB0   :0x   90a0b, QAM16:0x9 (24Mbps), QPSK:0xa (12Mbps), BPSK:0xb (6Mbps)
W (8368) wifi:(agc)0x600a7128:0xd20c9800, min.avgNF:0xce->0xd2(dB), RCalCount:0xc9, min.RRssi:0x800(-128.00)
W (8369) wifi:(TB)WDEV_PWR_TB_MCS0:19
W (8369) wifi:(TB)WDEV_PWR_TB_MCS1:19
W (8369) wifi:(TB)WDEV_PWR_TB_MCS2:19
W (8369) wifi:(TB)WDEV_PWR_TB_MCS3:19
W (8369) wifi:(TB)WDEV_PWR_TB_MCS4:19
W (8369) wifi:(TB)WDEV_PWR_TB_MCS5:19
W (8369) wifi:(TB)WDEV_PWR_TB_MCS6:18
W (8370) wifi:(TB)WDEV_PWR_TB_MCS7:18
W (8370) wifi:(TB)WDEV_PWR_TB_MCS8:17
W (8370) wifi:(TB)WDEV_PWR_TB_MCS9:15
W (8370) wifi:(TB)WDEV_PWR_TB_MCS10:15
W (8370) wifi:(TB)WDEV_PWR_TB_MCS11:15
[ESPNOW] Listening on channel 1 (no AP connection)
[INIT] Done.

[PRIME] Warming pipeline...
[PRIME] Done.

[SWEEP] SKIP_TO_14C: running Test 11 (enrollment) + Test 14C only

-- TEST 11: Pattern Classification (Stream CfC) --
[DIAG] 500us: agree=256 disagree=294 out_sel4=47 out_sel5=48 in101=0x84 in103=0x86 gpio_in=0x5003a348 cpu_agree=21 loop=0
[DIAG] gdma: raw=0x1 st=0x0 ena=0x2 conf0=0x0 link=0x273c8(park=0) peri=9
[DIAG] gdma2: fifo=0x61 state=0x2e75a8(dscr_st=3 out_st=2) eof_addr=0x40827584
[DIAG] parlio: cfg=0x1a089b40(tx_start=1 bytelen=9936) st=0x80000000(tx_ready=1) int_raw=0x1(eof=0 rempty=1)
  Phase 0a: Observing input signatures (30s)...
  Observed: 165 packets, 165 encoded, 12886 GIE loops
  Per-pattern counts: P0=51 P1=39 P2=22 P3=53
  Phase 0b: Computing TriX signatures...
  sig[0]: [+++++++---------++--------------...] nz=104/128 (from 51 samples, seq trits masked)
  sig[1]: [+++++++-----------++----++++++++...] nz=104/128 (from 39 samples, seq trits masked)
  sig[2]: [+++++++-------------++---+-+-+-+...] nz=96/128 (from 22 samples, seq trits masked)
  sig[3]: [+++++++---------------+++++-+++-...] nz=104/128 (from 53 samples, seq trits masked)
  Signature pattern-ID trits [16..23]:
    sig[0][16..23]: ++------
    sig[1][16..23]: --++----
    sig[2][16..23]: ----++--
    sig[3][16..23]: ------++
  Signature cross-dots:
    sig[0] vs: s0=104 s1=68 s2=70 s3=26
    sig[1] vs: s0=68 s1=104 s2=78 s3=22
    sig[2] vs: s0=70 s1=78 s2=96 s3=14
    sig[3] vs: s0=26 s1=22 s2=14 s3=104
  Ring drops: 0

  Phase 0c: Installing signatures as W_f gate weights...
  W_f weights set from signatures (8 neurons/pattern)
  Gate threshold: 2147483647 (Phase 3: blend DISABLED, all neurons HOLD)
  Neurons 0-7 → pattern 0
  Neurons 8-15 → pattern 1
  Neurons 16-23 → pattern 2
  Neurons 24-31 → pattern 3
  Gate selectivity: 0 fires / 64 steps = 0%

  GDMA offset calibration...
  GDMA offset mapping: G0→P0 G1→P1 G2→P2 G3→P3
  ISR groups:  [14, 12, 14, 24]
  CPU patterns: [14, 12, 14, 24]

  Phase 0d: TriX Cube face observation (15s)...
  TriX Cube face signatures:
    +x:recent: 123 samples [P0=51 P1=24 P2=0 P3=48]
    -x:prior: 75 samples [P0=24 P1=0 P2=0 P3=51]
    +y:stable: 73 samples [P0=31 P1=14 P2=0 P3=28]
    -y:transient: 13 samples [P0=5 P1=3 P2=0 P3=5]
    +z:confident: 27 samples [P0=27 P1=0 P2=0 P3=0]
    -z:uncertain: 48 samples [P0=0 P1=0 P2=0 P3=48]
  Face divergence from core (avg Hamming across patterns):
    +x:recent: 27 avg (3 patterns with data)
    -x:prior: 41 avg (2 patterns with data)
    +y:stable: 28 avg (3 patterns with data)
    -y:transient: 26 avg (3 patterns with data)
    +z:confident: 16 avg (1 patterns with data)
    -z:uncertain: 57 avg (1 patterns with data)
  Ring drops: 0

  Phase 1: TriX Cube ensemble (up to 32 samples, 60s)...
    s01: truth=2 core=2 isr=2 | cv=[0,0,2,0] iv=[0,0,2,0] xor=[-,-,-,-,-,-]
    s02: truth=2 core=2 isr=2 | cv=[0,0,2,0] iv=[0,0,2,0] xor=[96,96,96,96,96,96]
    s03: truth=2 core=2 isr=2 | cv=[0,0,2,0] iv=[0,0,2,0] xor=[96,96,96,96,96,96]
    s04: truth=2 core=2 isr=2 | cv=[0,0,2,0] iv=[0,0,2,0] xor=[96,96,96,96,96,96]
    s05: truth=2 core=2 isr=2 | cv=[0,0,2,0] iv=[0,0,2,0] xor=[103,103,103,103,103,103]
    s06: truth=3 core=3 isr=3 | cv=[0,0,1,2] iv=[0,0,1,4] xor=[74,73,73,62,110,74]
    s07: truth=0 core=0 isr=0 | cv=[10,0,0,0] iv=[10,0,0,0] xor=[15,28,14,17,14,105]
    s08: truth=0 core=0 isr=0 | cv=[10,0,0,0] iv=[10,0,0,0] xor=[6,24,5,10,6,119]
    s09: truth=0 core=0 isr=0 | cv=[10,0,0,0] iv=[10,0,0,0] xor=[6,24,5,5,6,107]
    s10: truth=0 core=0 isr=0 | cv=[10,0,0,0] iv=[10,0,0,0] xor=[7,18,3,3,4,4]
    s11: truth=0 core=0 isr=0 | cv=[8,3,0,0] iv=[8,3,0,0] xor=[5,12,6,8,14,12]
    s12: truth=1 core=1 isr=1 | cv=[0,3,0,0] iv=[0,3,0,0] xor=[10,104,15,22,104,104]
    s13: truth=1 core=1 isr=1 | cv=[0,6,0,0] iv=[0,6,0,0] xor=[7,114,9,14,114,114]
    s14: truth=1 core=1 isr=1 | cv=[0,3,0,0] iv=[0,3,0,0] xor=[6,120,6,10,120,120]
    s15: truth=1 core=1 isr=1 | cv=[0,6,0,0] iv=[0,6,0,0] xor=[6,120,5,10,120,120]
    s16: truth=1 core=1 isr=1 | cv=[0,3,0,0] iv=[0,3,0,0] xor=[6,120,5,10,120,120]
    s17: truth=2 core=2 isr=2 | cv=[0,0,2,0] iv=[0,0,2,0] xor=[110,110,110,110,110,110]
    s18: truth=2 core=2 isr=2 | cv=[0,0,3,0] iv=[0,0,3,0] xor=[110,110,110,110,110,110]
    s19: truth=2 core=2 isr=2 | cv=[0,0,2,0] iv=[0,0,2,0] xor=[110,110,110,110,110,110]
    s20: truth=2 core=2 isr=2 | cv=[0,0,2,0] iv=[0,0,2,0] xor=[110,110,110,110,110,110]
    s21: truth=2 core=2 isr=2 | cv=[0,0,2,0] iv=[0,0,2,0] xor=[110,110,110,110,110,110]
    s22: truth=0 core=0 isr=0 | cv=[10,0,0,0] iv=[10,0,0,0] xor=[2,3,1,0,4,1]
    s23: truth=0 core=0 isr=0 | cv=[10,0,0,0] iv=[10,0,0,0] xor=[1,2,1,1,2,2]
    s24: truth=0 core=0 isr=0 | cv=[10,0,0,0] iv=[10,0,0,0] xor=[0,4,3,3,4,4]
    s25: truth=0 core=0 isr=0 | cv=[10,0,0,0] iv=[10,0,0,0] xor=[0,4,2,0,4,2]
    s26: truth=0 core=0 isr=0 | cv=[6,3,0,0] iv=[6,3,0,0] xor=[2,42,1,4,40,40]
    s27: truth=1 core=1 isr=1 | cv=[0,5,0,0] iv=[0,5,0,0] xor=[7,96,4,5,96,96]
    s28: truth=1 core=1 isr=1 | cv=[0,4,0,0] iv=[0,4,0,0] xor=[7,2,4,3,2,2]
    s29: truth=1 core=1 isr=1 | cv=[0,6,0,0] iv=[0,6,0,0] xor=[4,3,3,4,3,3]
    s30: truth=1 core=1 isr=1 | cv=[0,3,0,0] iv=[0,3,0,0] xor=[2,5,3,5,5,5]
    s31: truth=1 core=1 isr=1 | cv=[0,6,0,0] iv=[0,6,0,0] xor=[2,5,2,5,5,5]
    s32: truth=1 core=1 isr=1 | cv=[0,3,0,0] iv=[0,3,0,0] xor=[2,5,2,5,5,5]

  ═══ CLASSIFICATION RESULTS (TriX Cube) ═══
  Total GIE loops: 41572
  TriX ISR classifications: 28660 (at 664 Hz)
  Test samples: 32
  Ring drops: 0
  Core (CPU per-pkt vote):   32/32 = 100%
  ISR  (HW 430 Hz TriX):     32/32 = 100% (all samples)
  ISR  (windows w/ data):    32/32 = 100% (280 pkts clean, 0 pkts timeout)
  TriX channel signals:      28660 (seq=28660)
  Baseline (packet-rate):    26/32 = 81%

  ── Novelty Detection ──
  Novel packets: 88 / 280 (31%)
  Novel windows: 10

  ── Online Maintenance ──
  Core re-signs: 10
  Core drift (Hamming):
    sig[0]: 14/128 trits
    sig[1]: 12/128 trits
    sig[2]: 14/128 trits
    sig[3]: 0/128 trits

  ── XOR Masks (temporal displacement per face) ──
    Face              avg  | rssi patid payload timing
    +x:recent           17/128 |  1/16  0/8   7/64    7/40
    -x:prior            40/128 |  4/16  3/8  20/64   12/40
    +y:stable           17/128 |  1/16  0/8   7/64    7/40
    -y:transient        18/128 |  1/16  0/8   6/64    8/40
    +z:confident        36/128 |  4/16  2/8  18/64   11/40
    -z:uncertain        54/128 |  7/16  3/8  29/64   14/40
    ── Signal distribution ──
    RSSI:    12% of mask weight
    PatID:   6% of mask weight
    Payload: 48% of mask weight
    Timing:  33% of mask weight

  ── TriX Cube Geometry ──
    +x:recent: 315 samples, 42 avg hamming from core
    -x:prior: 267 samples, 43 avg hamming from core
    +y:stable: 265 samples, 39 avg hamming from core
    -y:transient: 205 samples, 38 avg hamming from core
    +z:confident: 219 samples, 54 avg hamming from core
    -z:uncertain: 240 samples, 43 avg hamming from core
  Gate firing: 0%

  Architecture:
  - TriX ISR: HW classifies at 430 Hz (CfC blend DISABLED — Phase 3)
  - 7-voxel TriX Cube: core + 6 temporal faces
  - Faces: recent, prior, stable, transient, confident, uncertain
  - Core classifies alone. Faces compute XOR masks (intervention sensors)
  - XOR mask = trit positions where face sig != core sig
  - Online maintenance + novelty detection
  - Gate threshold=2147483647, novelty=60
  OK

-- TEST 14C: CLS Transition Experiment --

  ── Condition: Full (CMD5+bias) ──
[DIAG] 500us: agree=1231 disagree=166 out_sel4=47 out_sel5=48 in101=0x84 in103=0x86 gpio_in=0x1103a348 cpu_agree=20 loop=0
[DIAG] gdma: raw=0x1 st=0x0 ena=0x2 conf0=0x0 link=0x273c8(park=0) peri=9
[DIAG] gdma2: fifo=0x61 state=0x2e75a8(dscr_st=3 out_st=2) eof_addr=0x40827584
[DIAG] parlio: cfg=0x1a089b40(tx_start=1 bytelen=9936) st=0x80000000(tx_ready=1) int_raw=0x5(eof=1 rempty=1)
  Sync: waiting for ≥60s continuous P1...
    P1 step 100: vdb=12 p1_n=100 bias=[0 12 0 0]
    P1 step 200: vdb=25 p1_n=200 bias=[0 8 0 0]
  Synced: 60s continuous P1. Building prior...
    P1 step 300: vdb=37 p1_n=300 bias=[0 7 0 0]
  Phase 2: P2 detected at 85s (after 396 P1 samples), measuring transition...
    step  +0: align_P1=+47 align_P2=+53 bias=[13,0] pred=1 gt=2
    step  +1: align_P1=+36 align_P2=+49 bias=[11,0] pred=2 gt=2
    step  +2: align_P1=+40 align_P2=+54 bias=[10,0] pred=2 gt=2
    step  +3: align_P1=+36 align_P2=+42 bias=[9,0] pred=2 gt=2
    step  +4: align_P1=+50 align_P2=+43 bias=[8,0] pred=2 gt=2
    step  +5: align_P1=+47 align_P2=+51 bias=[7,0] pred=2 gt=2
    step  +6: align_P1=+40 align_P2=+45 bias=[6,0] pred=2 gt=2
    step  +7: align_P1=+35 align_P2=+43 bias=[6,0] pred=2 gt=2
    step  +8: align_P1=+40 align_P2=+45 bias=[5,0] pred=2 gt=2
    step  +9: align_P1=+41 align_P2=+43 bias=[4,0] pred=2 gt=2
    step +10: align_P1=+47 align_P2=+52 bias=[4,0] pred=2 gt=2
    step +20: align_P1=+35 align_P2=+43 bias=[1,12] pred=2 gt=2
    step +30: align_P1=+47 align_P2=+53 bias=[0,12] pred=2 gt=2
    step +40: align_P1=+38 align_P2=+46 bias=[0,11] pred=2 gt=2
    step +50: align_P1=+50 align_P2=+60 bias=[0,13] pred=2 gt=2

  Results (Full (CMD5+bias)):
  P1 samples: 535, P2 samples: 61
  Phase 2 steps: 200
  TriX accuracy (first 15): 15/15
  Crossover step: 0

  ── Condition: No bias (CMD5) ──
[DIAG] 500us: agree=1216 disagree=193 out_sel4=47 out_sel5=48 in101=0x84 in103=0x86 gpio_in=0x1103a348 cpu_agree=20 loop=0
[DIAG] gdma: raw=0x1 st=0x0 ena=0x2 conf0=0x0 link=0x273c8(park=0) peri=9
[DIAG] gdma2: fifo=0x61 state=0x2e75a8(dscr_st=3 out_st=2) eof_addr=0x40827584
[DIAG] parlio: cfg=0x1a089b40(tx_start=1 bytelen=9936) st=0x80000000(tx_ready=1) int_raw=0x5(eof=1 rempty=1)
  Sync: waiting for P1 packets (sender confirmed)...
  Synced: 10s continuous P1. Building prior...
    P1 step 100: vdb=12 p1_n=100 bias=[0 0 0 0]
    P1 step 200: vdb=25 p1_n=200 bias=[0 0 0 0]
  Phase 2: P2 detected at 60s (after 278 P1 samples), measuring transition...
    step  +0: align_P1=+42 align_P2=+52 bias=[0,0] pred=1 gt=2
    step  +1: align_P1=+50 align_P2=+53 bias=[0,0] pred=2 gt=2
    step  +2: align_P1=+46 align_P2=+57 bias=[0,0] pred=2 gt=2
    step  +3: align_P1=+46 align_P2=+60 bias=[0,0] pred=2 gt=2
    step  +4: align_P1=+46 align_P2=+60 bias=[0,0] pred=2 gt=2
    step  +5: align_P1=+46 align_P2=+60 bias=[0,0] pred=2 gt=2
    step  +6: align_P1=+46 align_P2=+60 bias=[0,0] pred=2 gt=2
    step  +7: align_P1=+46 align_P2=+60 bias=[0,0] pred=2 gt=2
    step  +8: align_P1=+42 align_P2=+44 bias=[0,0] pred=2 gt=2
    step  +9: align_P1=+44 align_P2=+52 bias=[0,0] pred=2 gt=2
    step +10: align_P1=+44 align_P2=+52 bias=[0,0] pred=2 gt=2
    step +20: align_P1=+44 align_P2=+60 bias=[0,0] pred=2 gt=2
    step +30: align_P1=+47 align_P2=+45 bias=[0,0] pred=2 gt=2
    step +40: align_P1=+43 align_P2=+55 bias=[0,0] pred=2 gt=2
    step +50: align_P1=+43 align_P2=+55 bias=[0,0] pred=2 gt=2

  Results (No bias (CMD5)):
  P1 samples: 417, P2 samples: 61
  Phase 2 steps: 200
  TriX accuracy (first 15): 15/15
  Crossover step: 0

  ── Condition: Ablation (CMD4) ──
[DIAG] 500us: agree=1237 disagree=172 out_sel4=47 out_sel5=48 in101=0x84 in103=0x86 gpio_in=0x1103a348 cpu_agree=20 loop=0
[DIAG] gdma: raw=0x1 st=0x0 ena=0x2 conf0=0x0 link=0x273c8(park=0) peri=9
[DIAG] gdma2: fifo=0x61 state=0x2e75a8(dscr_st=3 out_st=2) eof_addr=0x40827584
[DIAG] parlio: cfg=0x1a089b40(tx_start=1 bytelen=9936) st=0x80000000(tx_ready=1) int_raw=0x5(eof=1 rempty=1)
  Sync: waiting for P1 packets (sender confirmed)...
  Synced: 10s continuous P1. Building prior...
    P1 step 100: vdb=12 p1_n=100 bias=[0 0 0 0]
    P1 step 200: vdb=25 p1_n=200 bias=[0 0 0 0]
  Phase 2: P2 detected at 60s (after 278 P1 samples), measuring transition...
    step  +0: align_P1=+40 align_P2=+62 bias=[0,0] pred=1 gt=2
    step  +1: align_P1=+41 align_P2=+55 bias=[0,0] pred=2 gt=2
    step  +2: align_P1=+37 align_P2=+47 bias=[0,0] pred=2 gt=2
    step  +3: align_P1=+43 align_P2=+43 bias=[0,0] pred=2 gt=2
    step  +4: align_P1=+41 align_P2=+48 bias=[0,0] pred=2 gt=2
    step  +5: align_P1=+52 align_P2=+54 bias=[0,0] pred=2 gt=2
    step  +6: align_P1=+43 align_P2=+52 bias=[0,0] pred=2 gt=2
    step  +7: align_P1=+41 align_P2=+45 bias=[0,0] pred=2 gt=2
    step  +8: align_P1=+34 align_P2=+36 bias=[0,0] pred=2 gt=2
    step  +9: align_P1=+41 align_P2=+42 bias=[0,0] pred=2 gt=2
    step +10: align_P1=+45 align_P2=+45 bias=[0,0] pred=2 gt=2
    step +20: align_P1=+45 align_P2=+45 bias=[0,0] pred=2 gt=2
    step +30: align_P1=+56 align_P2=+55 bias=[0,0] pred=2 gt=2
    step +40: align_P1=+45 align_P2=+48 bias=[0,0] pred=2 gt=2
    step +50: align_P1=+43 align_P2=+47 bias=[0,0] pred=2 gt=2

  Results (Ablation (CMD4)):
  P1 samples: 417, P2 samples: 61
  Phase 2 steps: 200
  TriX accuracy (first 15): 15/15
  Crossover step: 0

  ══ TEST 14C COMPARISON ══
  Condition              | TriX@15 | Crossover | P2 steps
  ----------------------|---------|-----------|----------
  Full (CMD5+bias)       |  15/ 15 |       0   |    200
  No bias (CMD5)         |  15/ 15 |       0   |    200
  Ablation (CMD4)        |  15/ 15 |       0   |    200

  Alignment Traces (align_P1, align_P2) at steps 0,5,10,15,20,30:
  Step                   |    +0       +5      +10      +15      +20      +30
  Full (CMD5+bias)       | +47/+53 +47/+51 +47/+52 +44/+53 +35/+43 +47/+53
  No bias (CMD5)         | +42/+52 +46/+60 +44/+52 +44/+59 +44/+60 +47/+45
  Ablation (CMD4)        | +40/+62 +52/+54 +45/+45 +47/+54 +45/+45 +56/+55

  ── Verdict ──
  TriX accuracy post-switch:     PASS
  Full system crossover ≤ 30:    PASS (step 0)
  Bias helps (full ≤ no-bias):   PASS (0 vs 0)
  Ablation slower:               PASS (0 vs 0)
  Sufficient P2 data:            PASS (200 steps)
  OK

============================================================
  RESULTS: 2 / 2 PASSED
============================================================

  *** FULL SYSTEM VERIFIED ***
  Layer 1: GIE (GDMA+PARLIO+PCNT) — 428 Hz, ~0 CPU
  Layer 2: LP core geometric processor — 100 Hz, ~30uA
  Layer 2b: LP core ternary VDB — NSW graph search (M=7)
  Layer 2c: CfC -> VDB pipeline — perceive+think+remember
  Layer 2d: VDB -> CfC feedback — memory shapes inference
  Layer 3: HP core — reflex channel coordination
  Layer 4: ESP-NOW -> GIE live input + pattern classification
  Layer 5: TriX -> VDB -> LP feedback — memory-modulated attention
  Layer 6: CMD 4 ablation — VDB contribution isolated from CfC baseline
  All ternary. No floating point. No multiplication.
  Perceive → classify → remember → retrieve → modulate.
  Attribution: CMD 5 vs CMD 4 Hamming delta quantifies VDB contribution.

-- LP CHAR: LP Dynamics Characterization --
   (diagnostic — not counted in pass/fail)
  Rep 1/3:
    P1 step   0: fires=13 blend= 0 score=  0 vdb=1
    P1 step 100: fires=15 blend= 1 score= 31 vdb=5
    P1 step 200: fires=15 blend= 1 score= 31 vdb=9
    P1 step 300: fires=15 blend= 1 score= 31 vdb=13
    P1 step 400: fires=15 blend= 1 score= 31 vdb=17
    P1 done: vdb_nodes=20
    P2 step  0: fires=15 blend=10 score= 15 applied=1
    P2 step  1: fires=15 blend=10 score=  7 applied=1
    P2 step  2: fires=12 blend=11 score=  7 applied=1
    P2 step  3: fires=14 blend=10 score=  6 applied=1
    P2 step  4: fires=15 blend=10 score=  7 applied=1
    P2 step  5: fires=15 blend= 9 score=  5 applied=1
    P2 step  6: fires=16 blend=10 score=  6 applied=1
    P2 step  7: fires=16 blend=10 score=  6 applied=1
    P2 step  8: fires=16 blend=10 score=  6 applied=1
    P2 step  9: fires=16 blend=10 score=  6 applied=1
    P2 step 10: fires=16 blend=10 score=  6 applied=1
    P2 step 11: fires=16 blend=10 score=  6 applied=1
    P2 step 12: fires=16 blend=10 score=  6 applied=1
    P2 step 13: fires=16 blend=10 score=  6 applied=1
    P2 step 14: fires=16 blend=10 score=  6 applied=1
    P2 step 15: fires=16 blend=10 score=  6 applied=1
    P2 step 16: fires=16 blend=10 score=  6 applied=1
    P2 step 17: fires=16 blend=10 score=  6 applied=1
    P2 step 18: fires=16 blend=10 score=  6 applied=1
    P2 step 19: fires=16 blend=10 score=  6 applied=1
    P2 step 20: fires=16 blend=10 score=  6 applied=1
    P2 step 21: fires=16 blend=10 score=  6 applied=1
    P2 step 22: fires=16 blend=10 score=  6 applied=1
    P2 step 23: fires=16 blend=10 score=  6 applied=1
    P2 step 24: fires=16 blend=10 score=  6 applied=1
    P2 step 25: fires=16 blend=10 score=  6 applied=1
    P2 step 26: fires=16 blend=10 score=  6 applied=1
    P2 step 27: fires=16 blend=10 score=  6 applied=1
    P2 step 28: fires=16 blend=10 score=  6 applied=1
    P2 step 29: fires=16 blend=10 score=  6 applied=1
    P2 step 30: fires=16 blend=10 score=  6 applied=1
    P2 step 31: fires=16 blend=10 score=  6 applied=1
    P2 step 32: fires=16 blend=10 score=  6 applied=1
    P2 step 33: fires=16 blend=10 score=  6 applied=1
    P2 step 34: fires=16 blend=10 score=  6 applied=1
    P2 step 35: fires=16 blend=10 score=  6 applied=1
    P2 step 36: fires=16 blend=10 score=  6 applied=1
    P2 step 37: fires=16 blend=10 score=  6 applied=1
    P2 step 38: fires=16 blend=10 score=  6 applied=1
    P2 step 39: fires=16 blend=10 score=  6 applied=1
    P2 step 40: fires=16 blend=10 score=  6 applied=1
    P2 step 41: fires=16 blend=10 score=  6 applied=1
    P2 step 42: fires=16 blend=10 score=  6 applied=1
    P2 step 43: fires=16 blend=10 score=  6 applied=1
    P2 step 44: fires=16 blend=10 score=  6 applied=1
    P2 step 45: fires=16 blend=10 score=  6 applied=1
    P2 step 46: fires=16 blend=10 score=  6 applied=1
    P2 step 47: fires=16 blend=10 score=  6 applied=1
    P2 step 48: fires=16 blend=10 score=  6 applied=1
    P2 step 49: fires=16 blend=10 score=  6 applied=1
    P2 step 50: fires=16 blend=10 score=  6 applied=1
    P2 step 51: fires=16 blend=10 score=  6 applied=1
    P2 step 52: fires=16 blend=10 score=  6 applied=1
    P2 step 53: fires=16 blend=10 score=  6 applied=1
    P2 step 54: fires=16 blend=10 score=  6 applied=1
    P2 step 55: fires=16 blend=10 score=  6 applied=1
    P2 step 56: fires=16 blend=10 score=  6 applied=1
    P2 step 57: fires=16 blend=10 score=  6 applied=1
    P2 step 58: fires=16 blend=10 score=  6 applied=1
    P2 step 59: fires=16 blend=10 score=  6 applied=1
    P2 step 60: fires=16 blend=10 score=  6 applied=1
    P2 step 61: fires=16 blend=10 score=  6 applied=1
    P2 step 62: fires=16 blend=10 score=  6 applied=1
    P2 step 63: fires=16 blend=10 score=  6 applied=1
    P2 step 64: fires=16 blend=10 score=  6 applied=1
    P2 step 65: fires=16 blend=10 score=  6 applied=1
    P2 step 66: fires=16 blend=10 score=  6 applied=1
    P2 step 67: fires=16 blend=10 score=  6 applied=1
    P2 step 68: fires=16 blend=10 score=  6 applied=1
    P2 step 69: fires=16 blend=10 score=  6 applied=1
    P2 step 70: fires=16 blend=10 score=  6 applied=1
    P2 step 71: fires=16 blend=10 score=  6 applied=1
    P2 step 72: fires=16 blend=10 score=  6 applied=1
    P2 step 73: fires=16 blend=10 score=  6 applied=1
    P2 step 74: fires=16 blend=10 score=  6 applied=1
    P2 step 75: fires=16 blend=10 score=  6 applied=1
    P2 step 76: fires=16 blend=10 score=  6 applied=1
    P2 step 77: fires=16 blend=10 score=  6 applied=1
    P2 step 78: fires=16 blend=10 score=  6 applied=1
    P2 step 79: fires=16 blend=10 score=  6 applied=1
    P2 step 80: fires=16 blend=10 score=  6 applied=1
    P2 step 81: fires=16 blend=10 score=  6 applied=1
    P2 step 82: fires=16 blend=10 score=  6 applied=1
    P2 step 83: fires=16 blend=10 score=  6 applied=1
    P2 step 84: fires=16 blend=10 score=  6 applied=1
    P2 step 85: fires=16 blend=10 score=  6 applied=1
    P2 step 86: fires=16 blend=10 score=  6 applied=1
    P2 step 87: fires=16 blend=10 score=  6 applied=1
    P2 step 88: fires=16 blend=10 score=  6 applied=1
    P2 step 89: fires=16 blend=10 score=  6 applied=1
    P2 step 90: fires=16 blend=10 score=  6 applied=1
    P2 step 91: fires=16 blend=10 score=  6 applied=1
    P2 step 92: fires=16 blend=10 score=  6 applied=1
    P2 step 93: fires=16 blend=10 score=  6 applied=1
    P2 step 94: fires=16 blend=10 score=  6 applied=1
    P2 step 95: fires=16 blend=10 score=  6 applied=1
    P2 step 96: fires=16 blend=10 score=  6 applied=1
    P2 step 97: fires=16 blend=10 score=  6 applied=1
    P2 step 98: fires=16 blend=10 score=  6 applied=1
    P2 step 99: fires=16 blend=10 score=  6 applied=1
    P1 mean: fires/step=14.9  blend/step=1.3  implied_alpha=0.082
    P2 mean: fires/step=15.9  blend/step=10.0  implied_alpha=0.625

  Rep 2/3:
    P1 step   0: fires=13 blend= 0 score=  0 vdb=1
    P1 step 100: fires=15 blend= 1 score= 31 vdb=5
    P1 step 200: fires=15 blend= 1 score= 31 vdb=9
    P1 step 300: fires=15 blend= 1 score= 31 vdb=13
    P1 step 400: fires=15 blend= 1 score= 31 vdb=17
    P1 done: vdb_nodes=20
    P2 step  0: fires=15 blend=10 score= 15 applied=1
    P2 step  1: fires=15 blend=10 score=  7 applied=1
    P2 step  2: fires=12 blend=11 score=  7 applied=1
    P2 step  3: fires=14 blend=10 score=  6 applied=1
    P2 step  4: fires=15 blend=10 score=  7 applied=1
    P2 step  5: fires=15 blend= 9 score=  5 applied=1
    P2 step  6: fires=16 blend=10 score=  6 applied=1
    P2 step  7: fires=16 blend=10 score=  6 applied=1
    P2 step  8: fires=16 blend=10 score=  6 applied=1
    P2 step  9: fires=16 blend=10 score=  6 applied=1
    P2 step 10: fires=16 blend=10 score=  6 applied=1
    P2 step 11: fires=16 blend=10 score=  6 applied=1
    P2 step 12: fires=16 blend=10 score=  6 applied=1
    P2 step 13: fires=16 blend=10 score=  6 applied=1
    P2 step 14: fires=16 blend=10 score=  6 applied=1
    P2 step 15: fires=16 blend=10 score=  6 applied=1
    P2 step 16: fires=16 blend=10 score=  6 applied=1
    P2 step 17: fires=16 blend=10 score=  6 applied=1
    P2 step 18: fires=16 blend=10 score=  6 applied=1
    P2 step 19: fires=16 blend=10 score=  6 applied=1
    P2 step 20: fires=16 blend=10 score=  6 applied=1
    P2 step 21: fires=16 blend=10 score=  6 applied=1
    P2 step 22: fires=16 blend=10 score=  6 applied=1
    P2 step 23: fires=16 blend=10 score=  6 applied=1
    P2 step 24: fires=16 blend=10 score=  6 applied=1
    P2 step 25: fires=16 blend=10 score=  6 applied=1
    P2 step 26: fires=16 blend=10 score=  6 applied=1
    P2 step 27: fires=16 blend=10 score=  6 applied=1
    P2 step 28: fires=16 blend=10 score=  6 applied=1
    P2 step 29: fires=16 blend=10 score=  6 applied=1
    P2 step 30: fires=16 blend=10 score=  6 applied=1
    P2 step 31: fires=16 blend=10 score=  6 applied=1
    P2 step 32: fires=16 blend=10 score=  6 applied=1
    P2 step 33: fires=16 blend=10 score=  6 applied=1
    P2 step 34: fires=16 blend=10 score=  6 applied=1
    P2 step 35: fires=16 blend=10 score=  6 applied=1
    P2 step 36: fires=16 blend=10 score=  6 applied=1
    P2 step 37: fires=16 blend=10 score=  6 applied=1
    P2 step 38: fires=16 blend=10 score=  6 applied=1
    P2 step 39: fires=16 blend=10 score=  6 applied=1
    P2 step 40: fires=16 blend=10 score=  6 applied=1
    P2 step 41: fires=16 blend=10 score=  6 applied=1
    P2 step 42: fires=16 blend=10 score=  6 applied=1
    P2 step 43: fires=16 blend=10 score=  6 applied=1
    P2 step 44: fires=16 blend=10 score=  6 applied=1
    P2 step 45: fires=16 blend=10 score=  6 applied=1
    P2 step 46: fires=16 blend=10 score=  6 applied=1
    P2 step 47: fires=16 blend=10 score=  6 applied=1
    P2 step 48: fires=16 blend=10 score=  6 applied=1
    P2 step 49: fires=16 blend=10 score=  6 applied=1
    P2 step 50: fires=16 blend=10 score=  6 applied=1
    P2 step 51: fires=16 blend=10 score=  6 applied=1
    P2 step 52: fires=16 blend=10 score=  6 applied=1
    P2 step 53: fires=16 blend=10 score=  6 applied=1
    P2 step 54: fires=16 blend=10 score=  6 applied=1
    P2 step 55: fires=16 blend=10 score=  6 applied=1
    P2 step 56: fires=16 blend=10 score=  6 applied=1
    P2 step 57: fires=16 blend=10 score=  6 applied=1
    P2 step 58: fires=16 blend=10 score=  6 applied=1
    P2 step 59: fires=16 blend=10 score=  6 applied=1
    P2 step 60: fires=16 blend=10 score=  6 applied=1
    P2 step 61: fires=16 blend=10 score=  6 applied=1
    P2 step 62: fires=16 blend=10 score=  6 applied=1
    P2 step 63: fires=16 blend=10 score=  6 applied=1
    P2 step 64: fires=16 blend=10 score=  6 applied=1
    P2 step 65: fires=16 blend=10 score=  6 applied=1
    P2 step 66: fires=16 blend=10 score=  6 applied=1
    P2 step 67: fires=16 blend=10 score=  6 applied=1
    P2 step 68: fires=16 blend=10 score=  6 applied=1
    P2 step 69: fires=16 blend=10 score=  6 applied=1
    P2 step 70: fires=16 blend=10 score=  6 applied=1
    P2 step 71: fires=16 blend=10 score=  6 applied=1
    P2 step 72: fires=16 blend=10 score=  6 applied=1
    P2 step 73: fires=16 blend=10 score=  6 applied=1
    P2 step 74: fires=16 blend=10 score=  6 applied=1
    P2 step 75: fires=16 blend=10 score=  6 applied=1
    P2 step 76: fires=16 blend=10 score=  6 applied=1
    P2 step 77: fires=16 blend=10 score=  6 applied=1
    P2 step 78: fires=16 blend=10 score=  6 applied=1
    P2 step 79: fires=16 blend=10 score=  6 applied=1
    P2 step 80: fires=16 blend=10 score=  6 applied=1
    P2 step 81: fires=16 blend=10 score=  6 applied=1
    P2 step 82: fires=16 blend=10 score=  6 applied=1
    P2 step 83: fires=16 blend=10 score=  6 applied=1
    P2 step 84: fires=16 blend=10 score=  6 applied=1
    P2 step 85: fires=16 blend=10 score=  6 applied=1
    P2 step 86: fires=16 blend=10 score=  6 applied=1
    P2 step 87: fires=16 blend=10 score=  6 applied=1
    P2 step 88: fires=16 blend=10 score=  6 applied=1
    P2 step 89: fires=16 blend=10 score=  6 applied=1
    P2 step 90: fires=16 blend=10 score=  6 applied=1
    P2 step 91: fires=16 blend=10 score=  6 applied=1
    P2 step 92: fires=16 blend=10 score=  6 applied=1
    P2 step 93: fires=16 blend=10 score=  6 applied=1
    P2 step 94: fires=16 blend=10 score=  6 applied=1
    P2 step 95: fires=16 blend=10 score=  6 applied=1
    P2 step 96: fires=16 blend=10 score=  6 applied=1
    P2 step 97: fires=16 blend=10 score=  6 applied=1
    P2 step 98: fires=16 blend=10 score=  6 applied=1
    P2 step 99: fires=16 blend=10 score=  6 applied=1
    P1 mean: fires/step=14.9  blend/step=1.3  implied_alpha=0.082
    P2 mean: fires/step=15.9  blend/step=10.0  implied_alpha=0.625

  Rep 3/3:
    P1 step   0: fires=13 blend= 0 score=  0 vdb=1
    P1 step 100: fires=15 blend= 1 score= 31 vdb=5
    P1 step 200: fires=15 blend= 1 score= 31 vdb=9
    P1 step 300: fires=15 blend= 1 score= 31 vdb=13
    P1 step 400: fires=15 blend= 1 score= 31 vdb=17
    P1 done: vdb_nodes=20
    P2 step  0: fires=15 blend=10 score= 15 applied=1
    P2 step  1: fires=15 blend=10 score=  7 applied=1
    P2 step  2: fires=12 blend=11 score=  7 applied=1
    P2 step  3: fires=14 blend=10 score=  6 applied=1
    P2 step  4: fires=15 blend=10 score=  7 applied=1
    P2 step  5: fires=15 blend= 9 score=  5 applied=1
    P2 step  6: fires=16 blend=10 score=  6 applied=1
    P2 step  7: fires=16 blend=10 score=  6 applied=1
    P2 step  8: fires=16 blend=10 score=  6 applied=1
    P2 step  9: fires=16 blend=10 score=  6 applied=1
    P2 step 10: fires=16 blend=10 score=  6 applied=1
    P2 step 11: fires=16 blend=10 score=  6 applied=1
    P2 step 12: fires=16 blend=10 score=  6 applied=1
    P2 step 13: fires=16 blend=10 score=  6 applied=1
    P2 step 14: fires=16 blend=10 score=  6 applied=1
    P2 step 15: fires=16 blend=10 score=  6 applied=1
    P2 step 16: fires=16 blend=10 score=  6 applied=1
    P2 step 17: fires=16 blend=10 score=  6 applied=1
    P2 step 18: fires=16 blend=10 score=  6 applied=1
    P2 step 19: fires=16 blend=10 score=  6 applied=1
    P2 step 20: fires=16 blend=10 score=  6 applied=1
    P2 step 21: fires=16 blend=10 score=  6 applied=1
    P2 step 22: fires=16 blend=10 score=  6 applied=1
    P2 step 23: fires=16 blend=10 score=  6 applied=1
    P2 step 24: fires=16 blend=10 score=  6 applied=1
    P2 step 25: fires=16 blend=10 score=  6 applied=1
    P2 step 26: fires=16 blend=10 score=  6 applied=1
    P2 step 27: fires=16 blend=10 score=  6 applied=1
    P2 step 28: fires=16 blend=10 score=  6 applied=1
    P2 step 29: fires=16 blend=10 score=  6 applied=1
    P2 step 30: fires=16 blend=10 score=  6 applied=1
    P2 step 31: fires=16 blend=10 score=  6 applied=1
    P2 step 32: fires=16 blend=10 score=  6 applied=1
    P2 step 33: fires=16 blend=10 score=  6 applied=1
    P2 step 34: fires=16 blend=10 score=  6 applied=1
    P2 step 35: fires=16 blend=10 score=  6 applied=1
    P2 step 36: fires=16 blend=10 score=  6 applied=1
    P2 step 37: fires=16 blend=10 score=  6 applied=1
    P2 step 38: fires=16 blend=10 score=  6 applied=1
    P2 step 39: fires=16 blend=10 score=  6 applied=1
    P2 step 40: fires=16 blend=10 score=  6 applied=1
    P2 step 41: fires=16 blend=10 score=  6 applied=1
    P2 step 42: fires=16 blend=10 score=  6 applied=1
    P2 step 43: fires=16 blend=10 score=  6 applied=1
    P2 step 44: fires=16 blend=10 score=  6 applied=1
    P2 step 45: fires=16 blend=10 score=  6 applied=1
    P2 step 46: fires=16 blend=10 score=  6 applied=1
    P2 step 47: fires=16 blend=10 score=  6 applied=1
    P2 step 48: fires=16 blend=10 score=  6 applied=1
    P2 step 49: fires=16 blend=10 score=  6 applied=1
    P2 step 50: fires=16 blend=10 score=  6 applied=1
    P2 step 51: fires=16 blend=10 score=  6 applied=1
    P2 step 52: fires=16 blend=10 score=  6 applied=1
    P2 step 53: fires=16 blend=10 score=  6 applied=1
    P2 step 54: fires=16 blend=10 score=  6 applied=1
    P2 step 55: fires=16 blend=10 score=  6 applied=1
    P2 step 56: fires=16 blend=10 score=  6 applied=1
    P2 step 57: fires=16 blend=10 score=  6 applied=1
    P2 step 58: fires=16 blend=10 score=  6 applied=1
    P2 step 59: fires=16 blend=10 score=  6 applied=1
    P2 step 60: fires=16 blend=10 score=  6 applied=1
    P2 step 61: fires=16 blend=10 score=  6 applied=1
    P2 step 62: fires=16 blend=10 score=  6 applied=1
    P2 step 63: fires=16 blend=10 score=  6 applied=1
    P2 step 64: fires=16 blend=10 score=  6 applied=1
    P2 step 65: fires=16 blend=10 score=  6 applied=1
    P2 step 66: fires=16 blend=10 score=  6 applied=1
    P2 step 67: fires=16 blend=10 score=  6 applied=1
    P2 step 68: fires=16 blend=10 score=  6 applied=1
    P2 step 69: fires=16 blend=10 score=  6 applied=1
    P2 step 70: fires=16 blend=10 score=  6 applied=1
    P2 step 71: fires=16 blend=10 score=  6 applied=1
    P2 step 72: fires=16 blend=10 score=  6 applied=1
    P2 step 73: fires=16 blend=10 score=  6 applied=1
    P2 step 74: fires=16 blend=10 score=  6 applied=1
    P2 step 75: fires=16 blend=10 score=  6 applied=1
    P2 step 76: fires=16 blend=10 score=  6 applied=1
    P2 step 77: fires=16 blend=10 score=  6 applied=1
    P2 step 78: fires=16 blend=10 score=  6 applied=1
    P2 step 79: fires=16 blend=10 score=  6 applied=1
    P2 step 80: fires=16 blend=10 score=  6 applied=1
    P2 step 81: fires=16 blend=10 score=  6 applied=1
    P2 step 82: fires=16 blend=10 score=  6 applied=1
    P2 step 83: fires=16 blend=10 score=  6 applied=1
    P2 step 84: fires=16 blend=10 score=  6 applied=1
    P2 step 85: fires=16 blend=10 score=  6 applied=1
    P2 step 86: fires=16 blend=10 score=  6 applied=1
    P2 step 87: fires=16 blend=10 score=  6 applied=1
    P2 step 88: fires=16 blend=10 score=  6 applied=1
    P2 step 89: fires=16 blend=10 score=  6 applied=1
    P2 step 90: fires=16 blend=10 score=  6 applied=1
    P2 step 91: fires=16 blend=10 score=  6 applied=1
    P2 step 92: fires=16 blend=10 score=  6 applied=1
    P2 step 93: fires=16 blend=10 score=  6 applied=1
    P2 step 94: fires=16 blend=10 score=  6 applied=1
    P2 step 95: fires=16 blend=10 score=  6 applied=1
    P2 step 96: fires=16 blend=10 score=  6 applied=1
    P2 step 97: fires=16 blend=10 score=  6 applied=1
    P2 step 98: fires=16 blend=10 score=  6 applied=1
    P2 step 99: fires=16 blend=10 score=  6 applied=1
    P1 mean: fires/step=14.9  blend/step=1.3  implied_alpha=0.082
    P2 mean: fires/step=15.9  blend/step=10.0  implied_alpha=0.625

  Switch window (rep 3, last 20 P1 → first 30 P2):
  step | fires | blend | score | appl | lp_hidden
  -----|-------|-------|-------|------|----------
   -20 |    15 |     1 |    31 |    1 | --++------0--++-
   -19 |    15 |     1 |    31 |    1 | --++------0--++-
   -18 |    15 |     1 |    31 |    1 | --++------0--++-
   -17 |    15 |     1 |    31 |    1 | --++------0--++-
   -16 |    15 |     1 |    31 |    1 | --++------0--++-
   -15 |    15 |     1 |    31 |    1 | --++------0--++-
   -14 |    15 |     1 |    31 |    1 | --++------0--++-
   -13 |    15 |     1 |    31 |    1 | --++------0--++-
   -12 |    15 |     1 |    31 |    1 | --++------0--++-
   -11 |    15 |     1 |    31 |    1 | --++------0--++-
   -10 |    15 |     1 |    31 |    1 | --++------0--++-
    -9 |    15 |     1 |    31 |    1 | --++------0--++-
    -8 |    15 |     1 |    31 |    1 | --++------0--++-
    -7 |    15 |     1 |    31 |    1 | --++------0--++-
    -6 |    15 |     1 |    31 |    1 | --++------0--++-
    -5 |    15 |     1 |    31 |    1 | --++------0--++-
    -4 |    15 |     1 |    31 |    1 | --++------0--++-
    -3 |    15 |     1 |    31 |    1 | --++------0--++-
    -2 |    15 |     1 |    31 |    1 | --++------0--++-
    -1 |    15 |     1 |    31 |    1 | --++------0--++-
    +0 |    15 |    10 |    15 |    1 | 00+0000---+--+00
    +1 |    15 |    10 |     7 |    1 | 000+000--0---++0
    +2 |    12 |    11 |     7 |    1 | 0-0000-0-0---+00
    +3 |    14 |    10 |     6 |    1 | 0-+00000-0---++0
    +4 |    15 |    10 |     7 |    1 | 0-000000-0---+00
    +5 |    15 |     9 |     5 |    1 | 0-000000-0---++0
    +6 |    16 |    10 |     6 |    1 | 0-000000-0---++0
    +7 |    16 |    10 |     6 |    1 | 0-000000-0---++0
    +8 |    16 |    10 |     6 |    1 | 0-000000-0---++0
    +9 |    16 |    10 |     6 |    1 | 0-000000-0---++0
   +10 |    16 |    10 |     6 |    1 | 0-000000-0---++0
   +11 |    16 |    10 |     6 |    1 | 0-000000-0---++0
   +12 |    16 |    10 |     6 |    1 | 0-000000-0---++0
   +13 |    16 |    10 |     6 |    1 | 0-000000-0---++0
   +14 |    16 |    10 |     6 |    1 | 0-000000-0---++0
   +15 |    16 |    10 |     6 |    1 | 0-000000-0---++0
   +16 |    16 |    10 |     6 |    1 | 0-000000-0---++0
   +17 |    16 |    10 |     6 |    1 | 0-000000-0---++0
   +18 |    16 |    10 |     6 |    1 | 0-000000-0---++0
   +19 |    16 |    10 |     6 |    1 | 0-000000-0---++0
   +20 |    16 |    10 |     6 |    1 | 0-000000-0---++0
   +21 |    16 |    10 |     6 |    1 | 0-000000-0---++0
   +22 |    16 |    10 |     6 |    1 | 0-000000-0---++0
   +23 |    16 |    10 |     6 |    1 | 0-000000-0---++0
   +24 |    16 |    10 |     6 |    1 | 0-000000-0---++0
   +25 |    16 |    10 |     6 |    1 | 0-000000-0---++0
   +26 |    16 |    10 |     6 |    1 | 0-000000-0---++0
   +27 |    16 |    10 |     6 |    1 | 0-000000-0---++0
   +28 |    16 |    10 |     6 |    1 | 0-000000-0---++0
   +29 |    16 |    10 |     6 |    1 | 0-000000-0---++0

  SUMMARY (3 reps, P1=500 steps, P2=100 steps):
  P1 steady: fires/step=14.9  blend/step=1.3  implied_alpha=0.082
  P2 phase:  fires/step=15.9  blend/step=10.0  implied_alpha=0.625
  REGIME: Path A dominant (CfC fires > 2/step)
  Sim calibration: LP_SIM_THRESHOLD should match Path A threshold; BLEND_ALPHA = 0.082


── LP DOT MAGNITUDE DIAGNOSTIC ──
  (CPU reference, not LP core)

  LP f-pathway dots (per neuron, 4 patterns):
        n00 n01 n02 n03 n04 n05 n06 n07 n08 n09 n10 n11 n12 n13 n14 n15
  P0:   -5  -3  -5  +7  +2 +11  +0  +4  -6  +1  -4  -3  +3  -1  +4  +1
  P1:   +5  -7  -1  +7  +4  +5  +8  +0 -12  +5  +0  -3  +3 -13  +6  +1
  P2:   +5  -7  -5  +7  +6 +13  +4  -2  -6  -5  -6  -1  +3  -3  -2  +1
  P3:   -1  -9  -9  +7  +0  +3  +4  -2  -8  -1  -4  +1  +1 -15  +4  -1

  LP f-pathway SIGNS:
         n00  n01  n02  n03  n04  n05  n06  n07  n08  n09  n10  n11  n12  n13  n14  n15
  P0:    -    -    -    +    +    +    0    +    -    +    -    -    +    -    +    +
  P1:    +    -    -    +    +    +    +    0    -    +    0    -    +    -    +    +
  P2:    +    -    -    +    +    +    +    -    -    -    -    -    +    -    -    +
  P3:    -    -    -    +    0    +    +    -    -    -    -    +    +    -    +    -

  P1 vs P2 comparison (f-pathway):
    n00: P1= +5 P2= +5  sign=SAME  |mag_diff|=0
    n01: P1= -7 P2= -7  sign=SAME  |mag_diff|=0
    n02: P1= -1 P2= -5  sign=SAME  |mag_diff|=4
    n03: P1= +7 P2= +7  sign=SAME  |mag_diff|=0
    n04: P1= +4 P2= +6  sign=SAME  |mag_diff|=2
    n05: P1= +5 P2=+13  sign=SAME  |mag_diff|=8
    n06: P1= +8 P2= +4  sign=SAME  |mag_diff|=4
    n07: P1= +0 P2= -2  sign=DIFF  |mag_diff|=2
    n08: P1=-12 P2= -6  sign=SAME  |mag_diff|=6
    n09: P1= +5 P2= -5  sign=DIFF  |mag_diff|=0
    n10: P1= +0 P2= -6  sign=DIFF  |mag_diff|=6
    n11: P1= -3 P2= -1  sign=SAME  |mag_diff|=2
    n12: P1= +3 P2= +3  sign=SAME  |mag_diff|=0
    n13: P1=-13 P2= -3  sign=SAME  |mag_diff|=10
    n14: P1= +6 P2= -2  sign=DIFF  |mag_diff|=4
    n15: P1= +1 P2= +1  sign=SAME  |mag_diff|=0
  Signs: 12 same, 4 different
  Mean |magnitude difference|: 3.0
  If signs are mostly SAME but magnitudes differ:
    → 5-trit MTFP per neuron would resolve the degeneracy
  If signs AND magnitudes are similar:
    → need more projection directions (wider LP)

